# A3-04B firmware IRAM check: <repo>\native\targets\tdeck\build-a3-04b-post\openu5_tdeck.elf

functions reached from render_block(): 24
    403832b4 IRAM    19 insns  openu5::apply_gain_q15(short, unsigned short)
    403832ec IRAM   117 insns  openu5::AudioRingPump::render_block(unsigned short, unsigned short)
    40383424 IRAM    84 insns  openu5::AudioPerfCounters::on_render(unsigned long, unsigned long, unsigned long, unsigned
    40383504 IRAM    71 insns  openu5::OplEmulator::refresh_vibrato()
    403835cc IRAM    59 insns  openu5::OplEmulator::Operator::envelope_step(unsigned long, unsigned char)
    40383668 IRAM    51 insns  openu5::OplEmulator::Operator::refresh_envelope(unsigned char)
    403836f0 IRAM   483 insns  openu5::OplEmulator::generate(float*, float*, unsigned int, unsigned int)
    40383bfc IRAM   289 insns  openu5::MusicSongPlayer::render(short*, unsigned int, unsigned long, unsigned short)
    40383f00 IRAM   147 insns  openu5::MusicSongPlayer::fill_chip(float*, float*, unsigned int, unsigned int)
    40384080 IRAM    26 insns  openu5::OplEmulator::sounding_channels() const
    403840c8 IRAM    25 insns  openu5::OplVoiceAllocator::active_voices() const
    4038410c IRAM   112 insns  openu5::SpeakerVoice::fine_level()
    40384248 IRAM    76 insns  openu5::SpeakerVoice::begin_segment()
    4038431c IRAM    92 insns  openu5::SpeakerVoice::begin_iteration()
    40384424 IRAM   182 insns  openu5::SpeakerVoice::render(long*, unsigned int)
    40384614 IRAM    12 insns  openu5::(anonymous namespace)::pit_divisor(unsigned long)
    40384638 IRAM    10 insns  openu5::(anonymous namespace)::pit_phase_inc(unsigned long)
    40384654 IRAM    16 insns  openu5::speaker_noise_draw(unsigned short&, unsigned short)
    40384680 IRAM    14 insns  openu5::speaker_noise_next(unsigned short)
    403846a8 IRAM    16 insns  openu5::speaker_rumble_draw(unsigned short&, unsigned short, unsigned short)
    403846d4 IRAM    71 insns  openu5::SfxPlayer::render(short*, unsigned int, unsigned short)
    42099ef8 FLASH   66 insns  _ZN6openu515MusicSongPlayer15ensure_capacityEj$part$0  (allowed: once per song size: the chip buffer)
    4209c63c FLASH   67 insns  openu5::MusicSongPlayer::dispatch(openu5::MusicEvent const&)  (allowed: per MIDI event (the voice allocator))
    4209dc80 FLASH   29 insns  openu5::SfxPlayer::start_next()  (allowed: per cue start (compile_sfx, queue))

per-sample openu5::OplEmulator::generate(float*, float*, unsigned int,  IRAM
per-sample openu5::MusicSongPlayer::render(short*, unsigned int, unsign IRAM
per-sample openu5::SfxPlayer::render(short*, unsigned int, unsigned sho IRAM


GREEN the per-sample audio path runs from IRAM/ROM and reads no flash .rodata; 3 per-event/one-time/per-block function(s) stay in flash by design
