Memory Type Usage Summary
┌─────────────────────┬──────────────┬──────────┬────────────────┬───────────────┐
│ Memory Type/Section │ Used [bytes] │ Used [%] │ Remain [bytes] │ Total [bytes] │
├─────────────────────┼──────────────┼──────────┼────────────────┼───────────────┤
│ Flash Code          │       655166 │          │                │               │
│    .text            │       655166 │          │                │               │
│ Flash Data          │       216468 │          │                │               │
│    .rodata          │       216196 │          │                │               │
│    .appdesc         │          256 │          │                │               │
│    .tdata           │           16 │          │                │               │
│ DIRAM               │       135682 │     39.7 │         206078 │        341760 │
│    .text            │        60647 │    17.75 │                │               │
│    .bss             │        51600 │     15.1 │                │               │
│    .data            │        23435 │     6.86 │                │               │
│ IRAM                │        16384 │    100.0 │              0 │         16384 │
│    .text            │        15356 │    93.73 │                │               │
│    .vectors         │         1028 │     6.27 │                │               │
│ RTC SLOW            │           48 │     0.59 │           8144 │          8192 │
│    .force_slow      │           36 │     0.44 │                │               │
│    .rtc_noinit      │           12 │     0.15 │                │               │
│ RTC FAST            │           24 │     0.29 │           8168 │          8192 │
│    .rtc_reserved    │           24 │     0.29 │                │               │
└─────────────────────┴──────────────┴──────────┴────────────────┴───────────────┘
python : Total image size: 972136 bytes (.bin may be padded larger)
At line:1 char:496
+ ... in).Length; python -m esp_idf_size build-a3-04d-post\openu5_tdeck.map ...
+                 ~~~~~~~~~~~~~~~~~~~~~~~~~~~~~~~~~~~~~~~~~~~~~~~~~~~~~~~~~
    + CategoryInfo          : NotSpecified: (Total image siz... padded larger):String) [], RemoteException
    + FullyQualifiedErrorId : NativeCommandError
 
Note: The reported total sizes may be smaller than those in the technical reference manual due to reserved memory and 
application configuration. The total flash size available for the application is not included by default, as it cannot 
be reliably determined due to the presence of other data like the bootloader, partition table, and application 
partition size.
