==============================================================================
a3-04e1-hw-soak.log - 10488 lines
watchdog / crash / reboot lines: 0
A3E_PACE heartbeats (rows below: those with every field): 110, hb=13..122, non-consecutive: none
  t= 112.7 hb= 13 [tft yield  loop idle-wait] win= 112.0s fr=797 avg=53.8 max=183.3 tft=17.1/146.6 full=1:146.6/146.6 vp=1:35.1/35.1 yld/vp=23.0 vpms=0.1 loop/s=13 asleep=11274.0s idle0 gap=11.0 forced=0:0/0.0 miss=0 und/hw/miss=0/0/0 cpu0/1=79/41 | music 80% Britannic Land sfx 80% sdlog OFF
  t= 117.7 hb= 14 [tft yield  loop idle-wait] win= 117.0s fr=881 avg=53.8 max=183.3 tft=17.1/146.6 full=1:146.6/146.6 vp=4:34.9/35.3 yld/vp=14.6 vpms=0.0 loop/s=13 asleep=11719.3s idle0 gap=54.7 forced=0:0/0.0 miss=0 und/hw/miss=0/0/0 cpu0/1=80/41 | music 80% Britannic Land sfx 80% sdlog OFF
  t= 122.8 hb= 15 [tft yield  loop idle-wait] win= 122.0s fr=885 avg=53.9 max=183.3 tft=17.2/146.6 full=1:146.6/146.6 vp=8:41.4/52.2 yld/vp=12.1 vpms=0.0 loop/s=16 asleep=16209.5s idle0 gap=54.7 forced=0:0/0.0 miss=0 und/hw/miss=0/0/0 cpu0/1=75/41 | music 80% Britannic Land sfx 80% sdlog OFF
  t= 127.8 hb= 16 [tft yield  loop idle-wait] win= 127.0s fr=885 avg=53.9 max=183.3 tft=17.2/146.6 full=1:146.6/146.6 vp=8:41.4/52.2 yld/vp=12.1 vpms=0.0 loop/s=19 asleep=20925.6s idle0 gap=54.7 forced=0:0/0.0 miss=0 und/hw/miss=0/0/0 cpu0/1=70/41 | music 80% Britannic Land sfx 80% sdlog OFF
  t= 132.8 hb= 17 [tft yield  loop idle-wait] win= 132.0s fr=886 avg=54.1 max=184.2 tft=17.4/147.8 full=2:147.2/147.8 vp=8:41.4/52.2 yld/vp=14.6 vpms=0.0 loop/s=22 asleep=25463.6s idle0 gap=54.7 forced=0:0/0.0 miss=0 und/hw/miss=0/0/0 cpu0/1=66/41 | music 80% Britannic Land sfx 80% sdlog OFF
  t= 137.8 hb= 18 [tft yield  loop idle-wait] win= 137.0s fr=886 avg=54.1 max=184.2 tft=17.4/147.8 full=2:147.2/147.8 vp=8:41.4/52.2 yld/vp=14.6 vpms=0.0 loop/s=25 asleep=30006.9s idle0 gap=54.7 forced=0:0/0.0 miss=0 und/hw/miss=0/0/0 cpu0/1=63/41 | music 80% Britannic Land sfx 80% sdlog OFF
  t= 142.8 hb= 19 [tft yield  loop idle-wait] win= 142.0s fr=886 avg=54.1 max=184.2 tft=17.4/147.8 full=2:147.2/147.8 vp=8:41.4/52.2 yld/vp=14.6 vpms=0.0 loop/s=28 asleep=34886.3s idle0 gap=54.7 forced=0:0/0.0 miss=0 und/hw/miss=0/0/0 cpu0/1=60/41 | music 80% Britannic Land sfx 80% sdlog OFF
  t= 147.8 hb= 20 [tft yield  loop idle-wait] win= 147.0s fr=915 avg=54.8 max=186.1 tft=18.0/148.2 full=3:147.5/148.2 vp=26:49.2/54.7 yld/vp=11.8 vpms=0.0 loop/s=29 asleep=37472.3s idle0 gap=54.7 forced=0:0/0.0 miss=0 und/hw/miss=0/0/0 cpu0/1=59/41 | music 80% Britannic Land sfx 80% sdlog OFF
  t= 152.8 hb= 21 [tft yield  loop idle-wait] win= 152.0s fr=926 avg=55.2 max=186.1 tft=18.4/148.2 full=3:147.5/148.2 vp=37:50.3/54.7 yld/vp=11.1 vpms=0.0 loop/s=30 asleep=41372.2s idle0 gap=54.7 forced=0:0/0.0 miss=0 und/hw/miss=0/0/0 cpu0/1=57/41 | music 80% Britannic Land sfx 80% sdlog OFF
  t= 157.8 hb= 22 [tft yield  loop idle-wait] win= 157.0s fr=958 avg=56.3 max=186.1 tft=19.5/148.2 full=3:147.5/148.2 vp=67:51.4/54.7 yld/vp=10.2 vpms=0.0 loop/s=31 asleep=43385.1s idle0 gap=54.7 forced=0:0/0.0 miss=0 und/hw/miss=0/0/0 cpu0/1=56/41 | music 80% Britannic Land sfx 80% sdlog OFF
  t= 162.9 hb= 23 [tft yield  loop idle-wait] win= 162.1s fr=1012 avg=57.5 max=186.1 tft=20.6/148.2 full=3:147.5/148.2 vp=88:51.7/54.7 yld/vp=9.9 vpms=0.0 loop/s=30 asleep=44111.2s idle0 gap=84.4 forced=0:0/0.0 miss=0 und/hw/miss=0/0/0 cpu0/1=57/41 | music 80% Britannic Land sfx 80% sdlog OFF
  t= 167.9 hb= 24 [tft yield  loop idle-wait] win= 167.1s fr=1063 avg=57.8 max=186.1 tft=20.6/148.2 full=3:147.5/148.2 vp=109:51.7/54.7 yld/vp=9.7 vpms=0.0 loop/s=31 asleep=45726.5s idle0 gap=84.4 forced=0:0/0.0 miss=0 und/hw/miss=0/0/0 cpu0/1=57/41 | music 80% Greyson's Tale sfx 80% sdlog OFF
  t= 172.9 hb= 25 [tft yield  loop idle-wait] win= 172.1s fr=1084 avg=58.4 max=186.1 tft=21.2/148.2 full=3:147.5/148.2 vp=129:51.6/54.7 yld/vp=9.6 vpms=0.0 loop/s=32 asleep=48684.1s idle0 gap=84.4 forced=0:0/0.0 miss=0 und/hw/miss=0/0/0 cpu0/1=56/41 | music 80% Greyson's Tale sfx 80% sdlog OFF
  t= 177.9 hb= 26 [tft yield  loop idle-wait] win= 177.2s fr=1109 avg=58.6 max=186.1 tft=21.3/148.2 full=3:147.5/148.2 vp=139:51.6/54.7 yld/vp=9.5 vpms=0.0 loop/s=33 asleep=51923.3s idle0 gap=84.4 forced=0:0/0.0 miss=0 und/hw/miss=0/0/0 cpu0/1=55/41 | music 80% Greyson's Tale sfx 80% sdlog OFF
  t= 183.0 hb= 27 [tft yield  loop idle-wait] win= 182.3s fr=1179 avg=58.2 max=186.1 tft=20.8/148.2 full=3:147.5/148.2 vp=154:51.8/70.7 yld/vp=9.5 vpms=0.0 loop/s=33 asleep=53091.0s idle0 gap=84.4 forced=0:0/0.0 miss=0 und/hw/miss=0/0/0 cpu0/1=56/41 | music 80% Greyson's Tale sfx 80% sdlog OFF
  t= 188.1 hb= 28 [tft yield  loop idle-wait] win= 187.4s fr=1267 avg=57.6 max=186.1 tft=19.9/148.2 full=3:147.5/148.2 vp=165:51.8/70.7 yld/vp=9.5 vpms=0.0 loop/s=32 asleep=53797.3s idle0 gap=84.4 forced=0:0/0.0 miss=0 und/hw/miss=0/0/0 cpu0/1=57/41 | music 80% Greyson's Tale sfx 80% sdlog OFF
  t= 193.2 hb= 29 [tft yield  loop idle-wait] win= 192.4s fr=1353 avg=57.0 max=186.1 tft=19.3/148.2 full=3:147.5/148.2 vp=179:52.0/71.2 yld/vp=9.5 vpms=0.0 loop/s=32 asleep=54471.8s idle0 gap=84.4 forced=0:0/0.0 miss=0 und/hw/miss=0/0/0 cpu0/1=58/41 | music 80% Greyson's Tale sfx 80% sdlog OFF
  t= 198.2 hb= 30 [tft yield  loop idle-wait] win= 197.5s fr=1415 avg=57.2 max=186.1 tft=19.4/148.2 full=3:147.5/148.2 vp=203:51.9/71.2 yld/vp=9.4 vpms=0.0 loop/s=32 asleep=55537.1s idle0 gap=84.4 forced=0:0/0.0 miss=0 und/hw/miss=0/0/0 cpu0/1=58/41 | music 80% Greyson's Tale sfx 80% sdlog OFF
  t= 203.2 hb= 31 [tft yield  loop idle-wait] win= 202.5s fr=1451 avg=57.7 max=186.1 tft=19.8/148.2 full=3:147.5/148.2 vp=219:52.0/71.2 yld/vp=9.4 vpms=0.0 loop/s=32 asleep=57685.6s idle0 gap=84.4 forced=0:0/0.0 miss=0 und/hw/miss=0/0/0 cpu0/1=58/41 | music 80% Britannic Land sfx 80% sdlog OFF
  t= 208.2 hb= 32 [tft yield  loop idle-wait] win= 207.5s fr=1491 avg=58.0 max=186.1 tft=20.1/148.2 full=3:147.5/148.2 vp=235:52.0/71.2 yld/vp=9.4 vpms=0.0 loop/s=32 asleep=59630.4s idle0 gap=84.4 forced=0:0/0.0 miss=0 und/hw/miss=0/0/0 cpu0/1=58/41 | music 80% Greyson's Tale sfx 80% sdlog OFF
  t= 213.4 hb= 33 [tft yield  loop idle-wait] win= 212.6s fr=1557 avg=58.2 max=186.1 tft=20.2/148.2 full=3:147.5/148.2 vp=251:52.1/71.2 yld/vp=9.4 vpms=0.0 loop/s=32 asleep=60484.2s idle0 gap=84.4 forced=0:0/0.0 miss=0 und/hw/miss=0/0/0 cpu0/1=58/41 | music 80% Greyson's Tale sfx 80% sdlog OFF
  t= 218.4 hb= 34 [tft yield  loop idle-wait] win= 217.7s fr=1644 avg=57.8 max=186.1 tft=19.8/148.2 full=3:147.5/148.2 vp=266:52.2/71.2 yld/vp=9.4 vpms=0.0 loop/s=32 asleep=61057.9s idle0 gap=84.4 forced=0:0/0.0 miss=0 und/hw/miss=0/0/0 cpu0/1=59/41 | music 80% Greyson's Tale sfx 80% sdlog OFF
  t= 223.5 hb= 35 [tft yield  loop idle-wait] win= 222.8s fr=1731 avg=57.3 max=186.1 tft=19.3/148.2 full=3:147.5/148.2 vp=278:52.4/71.2 yld/vp=9.4 vpms=0.0 loop/s=31 asleep=61747.3s idle0 gap=84.4 forced=0:0/0.0 miss=0 und/hw/miss=0/0/0 cpu0/1=60/41 | music 80% Greyson's Tale sfx 80% sdlog OFF
  t= 228.5 hb= 36 [tft yield  loop idle-wait] win= 227.8s fr=1763 avg=57.6 max=186.1 tft=19.5/148.2 full=3:147.5/148.2 vp=294:52.4/71.2 yld/vp=9.4 vpms=0.0 loop/s=32 asleep=64195.4s idle0 gap=84.4 forced=0:0/0.0 miss=0 und/hw/miss=0/0/0 cpu0/1=59/41 | music 80% Greyson's Tale sfx 80% sdlog OFF
  t= 233.5 hb= 37 [tft yield  loop idle-wait] win= 232.8s fr=1770 avg=57.7 max=186.1 tft=19.7/148.2 full=3:147.5/148.2 vp=300:52.3/71.2 yld/vp=9.4 vpms=0.0 loop/s=33 asleep=68418.1s idle0 gap=84.4 forced=0:0/0.0 miss=0 und/hw/miss=0/0/0 cpu0/1=58/41 | music 80% Greyson's Tale sfx 80% sdlog OFF
  t= 238.5 hb= 38 [tft yield  loop idle-wait] win= 237.8s fr=1770 avg=57.7 max=186.1 tft=19.7/148.2 full=3:147.5/148.2 vp=300:52.3/71.2 yld/vp=9.4 vpms=0.0 loop/s=35 asleep=73327.1s idle0 gap=84.4 forced=0:0/0.0 miss=0 und/hw/miss=0/0/0 cpu0/1=56/41 | music 80% Greyson's Tale sfx 80% sdlog OFF
  t= 243.5 hb= 39 [tft yield  loop idle-wait] win= 242.8s fr=1770 avg=57.7 max=186.1 tft=19.7/148.2 full=3:147.5/148.2 vp=300:52.3/71.2 yld/vp=9.4 vpms=0.0 loop/s=36 asleep=78235.2s idle0 gap=84.4 forced=0:0/0.0 miss=0 und/hw/miss=0/0/0 cpu0/1=55/41 | music 80% Greyson's Tale sfx 80% sdlog OFF
  t= 248.5 hb= 40 [tft yield  loop idle-wait] win= 247.8s fr=1770 avg=57.7 max=186.1 tft=19.7/148.2 full=3:147.5/148.2 vp=300:52.3/71.2 yld/vp=9.4 vpms=0.0 loop/s=37 asleep=83134.6s idle0 gap=84.4 forced=0:0/0.0 miss=0 und/hw/miss=0/0/0 cpu0/1=54/41 | music 80% Greyson's Tale sfx 80% sdlog OFF
  t= 253.6 hb= 41 [tft yield  loop idle-wait] win= 252.9s fr=1797 avg=57.9 max=186.1 tft=19.8/148.2 full=3:147.5/148.2 vp=305:52.4/71.2 yld/vp=9.4 vpms=0.0 loop/s=38 asleep=86257.1s idle0 gap=84.4 forced=0:0/0.0 miss=0 und/hw/miss=0/0/0 cpu0/1=53/41 | music 80% Britannic Land sfx 80% sdlog OFF
  t= 258.6 hb= 42 [tft yield  loop idle-wait] win= 257.9s fr=1864 avg=57.9 max=186.1 tft=19.8/148.2 full=3:147.5/148.2 vp=321:52.3/71.2 yld/vp=9.4 vpms=0.0 loop/s=37 asleep=87172.8s idle0 gap=84.4 forced=0:0/0.0 miss=0 und/hw/miss=0/0/0 cpu0/1=54/41 | music 80% Greyson's Tale sfx 80% sdlog OFF
  t= 263.7 hb= 43 [tft yield  loop idle-wait] win= 262.9s fr=1942 avg=57.8 max=186.1 tft=19.5/148.2 full=3:147.5/148.2 vp=338:52.3/71.2 yld/vp=9.4 vpms=0.0 loop/s=37 asleep=87811.4s idle0 gap=84.4 forced=0:0/0.0 miss=0 und/hw/miss=0/0/0 cpu0/1=54/41 | music 80% Greyson's Tale sfx 80% sdlog OFF
  t= 268.7 hb= 44 [tft yield  loop idle-wait] win= 268.0s fr=2005 avg=57.5 max=186.1 tft=19.2/148.2 full=3:147.5/148.2 vp=347:52.4/71.2 yld/vp=9.4 vpms=0.0 loop/s=37 asleep=89563.9s idle0 gap=84.4 forced=0:0/0.0 miss=0 und/hw/miss=0/0/0 cpu0/1=55/41 | music 80% Greyson's Tale sfx 80% sdlog OFF
  t= 273.8 hb= 45 [tft yield  loop idle-wait] win= 273.1s fr=2076 avg=57.7 max=186.1 tft=19.2/148.2 full=3:147.5/148.2 vp=372:52.3/71.2 yld/vp=9.4 vpms=0.0 loop/s=37 asleep=90096.8s idle0 gap=84.4 forced=0:0/0.0 miss=0 und/hw/miss=0/0/0 cpu0/1=55/41 | music 80% Greyson's Tale sfx 80% sdlog OFF
  t= 278.8 hb= 46 [tft yield  loop idle-wait] win= 278.1s fr=2113 avg=58.1 max=186.1 tft=19.6/148.2 full=3:147.5/148.2 vp=379:52.3/71.2 yld/vp=9.4 vpms=0.0 loop/s=37 asleep=91925.6s idle0 gap=94.9 forced=0:0/0.0 miss=0 und/hw/miss=0/0/0 cpu0/1=55/41 | music 80% Britannic Land sfx 80% sdlog OFF
  t= 283.8 hb= 47 [tft yield  loop idle-wait] win= 283.1s fr=2175 avg=58.6 max=186.1 tft=20.1/148.2 full=3:147.5/148.2 vp=391:52.3/71.2 yld/vp=9.4 vpms=0.0 loop/s=36 asleep=92184.6s idle0 gap=102.9 forced=0:0/0.0 miss=0 und/hw/miss=0/0/0 cpu0/1=56/41 | music 80% Britannic Land sfx 80% sdlog OFF
  t= 289.0 hb= 48 [tft yield  loop idle-wait] win= 288.2s fr=2252 avg=58.7 max=186.1 tft=20.1/148.2 full=3:147.5/148.2 vp=407:52.2/71.2 yld/vp=9.3 vpms=0.0 loop/s=36 asleep=92547.0s idle0 gap=102.9 forced=0:0/0.0 miss=0 und/hw/miss=0/0/0 cpu0/1=57/41 | music 80% Villager Taran sfx 80% sdlog OFF
  t= 294.0 hb= 49 [tft yield  loop idle-wait] win= 293.2s fr=2254 avg=58.7 max=186.1 tft=20.2/148.2 full=4:147.4/148.2 vp=408:52.2/71.2 yld/vp=9.4 vpms=0.0 loop/s=37 asleep=96989.6s idle0 gap=102.9 forced=0:0/0.0 miss=0 und/hw/miss=0/0/0 cpu0/1=56/41 | music 80% Villager Taran sfx 80% sdlog OFF
  t= 299.0 hb= 50 [tft yield  loop idle-wait] win= 298.2s fr=2259 avg=58.9 max=186.1 tft=20.4/148.2 full=8:147.1/148.2 vp=408:52.2/71.2 yld/vp=9.7 vpms=0.0 loop/s=38 asleep=100808.5s idle0 gap=102.9 forced=0:0/0.0 miss=0 und/hw/miss=0/0/0 cpu0/1=55/41 | music 80% Villager Taran sfx 80% sdlog OFF
  t= 304.0 hb= 51 [tft yield  loop idle-wait] win= 303.2s fr=2262 avg=59.1 max=186.1 tft=20.5/148.8 full=10:147.3/148.8 vp=408:52.2/71.2 yld/vp=9.8 vpms=0.0 loop/s=38 asleep=103616.0s idle0 gap=102.9 forced=0:0/0.0 miss=0 und/hw/miss=0/0/0 cpu0/1=54/41 | music 80% Villager Taran sfx 80% sdlog OFF
  t= 309.0 hb= 52 [tft yield  loop idle-wait] win= 308.2s fr=2265 avg=59.2 max=186.1 tft=20.7/148.8 full=12:147.2/148.8 vp=408:52.2/71.2 yld/vp=9.9 vpms=0.0 loop/s=38 asleep=105551.1s idle0 gap=102.9 forced=0:0/0.0 miss=0 und/hw/miss=0/0/0 cpu0/1=54/41 | music 80% Villager Taran sfx 80% sdlog OFF
  t= 314.0 hb= 53 [tft yield  loop idle-wait] win= 313.2s fr=2266 avg=59.3 max=186.1 tft=20.7/148.8 full=13:147.2/148.8 vp=408:52.2/71.2 yld/vp=10.0 vpms=0.0 loop/s=39 asleep=109473.7s idle0 gap=102.9 forced=0:0/0.0 miss=0 und/hw/miss=0/0/0 cpu0/1=53/41 | music 80% Villager Taran sfx 80% sdlog OFF
  t= 319.1 hb= 54 [tft yield  loop idle-wait] win= 318.4s fr=2266 avg=59.3 max=186.1 tft=20.7/148.8 full=13:147.2/148.8 vp=408:52.2/71.2 yld/vp=10.0 vpms=0.0 loop/s=40 asleep=114107.7s idle0 gap=102.9 forced=0:0/0.0 miss=0 und/hw/miss=0/0/0 cpu0/1=52/41 | music 0% (silent) sfx 80% sdlog OFF
  t= 324.2 hb= 55 [tft yield  loop idle-wait] win= 323.4s fr=2278 avg=59.4 max=186.1 tft=20.8/148.8 full=14:147.1/148.8 vp=414:52.2/71.2 yld/vp=10.0 vpms=0.0 loop/s=40 asleep=118121.9s idle0 gap=102.9 forced=0:0/0.0 miss=0 und/hw/miss=0/0/0 cpu0/1=51/40 | music 0% (silent) sfx 80% sdlog OFF
  t= 329.2 hb= 56 [tft yield  loop idle-wait] win= 328.4s fr=2345 avg=59.3 max=186.1 tft=20.8/148.8 full=14:147.1/148.8 vp=429:52.2/71.2 yld/vp=10.0 vpms=0.0 loop/s=40 asleep=119101.4s idle0 gap=102.9 forced=0:0/0.0 miss=0 und/hw/miss=0/0/0 cpu0/1=52/40 | music 0% (silent) sfx 80% sdlog OFF
  t= 334.2 hb= 57 [tft yield  loop idle-wait] win= 333.4s fr=2353 avg=59.4 max=186.1 tft=20.8/148.8 full=14:147.1/148.8 vp=429:52.2/71.2 yld/vp=10.0 vpms=0.0 loop/s=41 asleep=123390.0s idle0 gap=102.9 forced=0:0/0.0 miss=0 und/hw/miss=0/0/0 cpu0/1=51/39 | music 0% (silent) sfx 80% sdlog OFF
  t= 339.2 hb= 58 [tft yield  loop idle-wait] win= 338.4s fr=2354 avg=59.4 max=186.1 tft=20.9/148.8 full=15:147.1/148.8 vp=429:52.2/71.2 yld/vp=10.1 vpms=0.0 loop/s=42 asleep=128155.2s idle0 gap=102.9 forced=0:0/0.0 miss=0 und/hw/miss=0/0/0 cpu0/1=50/38 | music 0% (silent) sfx 80% sdlog OFF
  t= 344.2 hb= 59 [tft yield  loop idle-wait] win= 343.4s fr=2354 avg=59.4 max=186.1 tft=20.9/148.8 full=15:147.1/148.8 vp=429:52.2/71.2 yld/vp=10.1 vpms=0.0 loop/s=42 asleep=133109.6s idle0 gap=102.9 forced=0:0/0.0 miss=0 und/hw/miss=0/0/0 cpu0/1=50/38 | music 0% (silent) sfx 80% sdlog OFF
  t= 349.2 hb= 60 [tft yield  loop idle-wait] win= 348.4s fr=2354 avg=59.4 max=186.1 tft=20.9/148.8 full=15:147.1/148.8 vp=429:52.2/71.2 yld/vp=10.1 vpms=0.0 loop/s=43 asleep=138054.5s idle0 gap=102.9 forced=0:0/0.0 miss=0 und/hw/miss=0/0/0 cpu0/1=49/37 | music 0% (silent) sfx 80% sdlog OFF
  t= 354.2 hb= 61 [tft yield  loop idle-wait] win= 353.4s fr=2354 avg=59.4 max=186.1 tft=20.9/148.8 full=15:147.1/148.8 vp=429:52.2/71.2 yld/vp=10.1 vpms=0.0 loop/s=44 asleep=142998.9s idle0 gap=102.9 forced=0:0/0.0 miss=0 und/hw/miss=0/0/0 cpu0/1=48/36 | music 0% (silent) sfx 80% sdlog OFF
  t= 359.2 hb= 62 [tft yield  loop idle-wait] win= 358.5s fr=2354 avg=59.4 max=186.1 tft=20.9/148.8 full=15:147.1/148.8 vp=429:52.2/71.2 yld/vp=10.1 vpms=0.0 loop/s=45 asleep=147953.8s idle0 gap=102.9 forced=0:0/0.0 miss=0 und/hw/miss=0/0/0 cpu0/1=47/36 | music 0% (silent) sfx 80% sdlog OFF
  t= 364.2 hb= 63 [tft yield  loop idle-wait] win= 363.5s fr=2354 avg=59.4 max=186.1 tft=20.9/148.8 full=15:147.1/148.8 vp=429:52.2/71.2 yld/vp=10.1 vpms=0.0 loop/s=46 asleep=152908.3s idle0 gap=102.9 forced=0:0/0.0 miss=0 und/hw/miss=0/0/0 cpu0/1=47/35 | music 0% (silent) sfx 80% sdlog OFF
  t= 369.2 hb= 64 [tft yield  loop idle-wait] win= 368.5s fr=2354 avg=59.4 max=186.1 tft=20.9/148.8 full=15:147.1/148.8 vp=429:52.2/71.2 yld/vp=10.1 vpms=0.0 loop/s=46 asleep=157853.3s idle0 gap=102.9 forced=0:0/0.0 miss=0 und/hw/miss=0/0/0 cpu0/1=46/35 | music 0% (silent) sfx 80% sdlog OFF
  t= 374.2 hb= 65 [tft yield  loop idle-wait] win= 373.5s fr=2354 avg=59.4 max=186.1 tft=20.9/148.8 full=15:147.1/148.8 vp=429:52.2/71.2 yld/vp=10.1 vpms=0.0 loop/s=47 asleep=162806.9s idle0 gap=102.9 forced=0:0/0.0 miss=0 und/hw/miss=0/0/0 cpu0/1=45/34 | music 0% (silent) sfx 80% sdlog OFF
  t= 379.2 hb= 66 [tft yield  loop idle-wait] win= 378.5s fr=2354 avg=59.4 max=186.1 tft=20.9/148.8 full=15:147.1/148.8 vp=429:52.2/71.2 yld/vp=10.1 vpms=0.0 loop/s=48 asleep=167751.6s idle0 gap=102.9 forced=0:0/0.0 miss=0 und/hw/miss=0/0/0 cpu0/1=44/34 | music 0% (silent) sfx 80% sdlog OFF
  t= 384.2 hb= 67 [tft yield  loop idle-wait] win= 383.5s fr=2354 avg=59.4 max=186.1 tft=20.9/148.8 full=15:147.1/148.8 vp=429:52.2/71.2 yld/vp=10.1 vpms=0.0 loop/s=48 asleep=172705.9s idle0 gap=102.9 forced=0:0/0.0 miss=0 und/hw/miss=0/0/0 cpu0/1=44/33 | music 0% (silent) sfx 80% sdlog OFF
  t= 389.2 hb= 68 [tft yield  loop idle-wait] win= 388.5s fr=2354 avg=59.4 max=186.1 tft=20.9/148.8 full=15:147.1/148.8 vp=429:52.2/71.2 yld/vp=10.1 vpms=0.0 loop/s=49 asleep=177548.1s idle0 gap=102.9 forced=0:0/0.0 miss=0 und/hw/miss=0/0/0 cpu0/1=43/33 | music 0% (silent) sfx 80% sdlog OFF
  t= 394.2 hb= 69 [tft yield  loop idle-wait] win= 393.5s fr=2354 avg=59.4 max=186.1 tft=20.9/148.8 full=15:147.1/148.8 vp=429:52.2/71.2 yld/vp=10.1 vpms=0.0 loop/s=50 asleep=182058.5s idle0 gap=102.9 forced=0:0/0.0 miss=0 und/hw/miss=0/0/0 cpu0/1=43/32 | music 0% (silent) sfx 80% sdlog OFF
  t= 399.2 hb= 70 [tft yield  loop idle-wait] win= 398.5s fr=2372 avg=59.6 max=186.1 tft=21.1/148.8 full=16:147.1/148.8 vp=443:52.2/71.2 yld/vp=10.1 vpms=0.0 loop/s=50 asleep=185300.9s idle0 gap=102.9 forced=0:0/0.0 miss=0 und/hw/miss=0/0/0 cpu0/1=42/32 | music 0% (silent) sfx 80% sdlog OFF
  t= 404.3 hb= 71 [tft yield  loop idle-wait] win= 403.6s fr=2442 avg=59.9 max=186.1 tft=21.3/148.8 full=16:147.1/148.8 vp=446:52.2/71.2 yld/vp=10.1 vpms=0.0 loop/s=49 asleep=185563.6s idle0 gap=102.9 forced=0:0/0.0 miss=0 und/hw/miss=0/0/0 cpu0/1=43/31 | music 0% (silent) sfx 80% sdlog OFF
  t= 409.4 hb= 72 [tft yield  loop idle-wait] win= 408.6s fr=2507 avg=60.2 max=186.1 tft=21.6/148.8 full=16:147.1/148.8 vp=458:52.2/71.2 yld/vp=10.1 vpms=0.0 loop/s=49 asleep=185833.0s idle0 gap=102.9 forced=0:0/0.0 miss=0 und/hw/miss=0/0/0 cpu0/1=44/31 | music 0% (silent) sfx 80% sdlog OFF
  t= 414.4 hb= 73 [tft yield  loop idle-wait] win= 413.7s fr=2575 avg=60.4 max=186.1 tft=21.9/148.8 full=16:147.1/148.8 vp=473:52.2/71.2 yld/vp=10.0 vpms=0.0 loop/s=48 asleep=186075.5s idle0 gap=102.9 forced=0:0/0.0 miss=0 und/hw/miss=0/0/0 cpu0/1=45/30 | music 0% (silent) sfx 80% sdlog OFF
  t= 419.5 hb= 74 [tft yield  loop idle-wait] win= 418.8s fr=2643 avg=60.7 max=186.1 tft=22.1/148.8 full=16:147.1/148.8 vp=496:52.2/71.2 yld/vp=10.0 vpms=0.0 loop/s=48 asleep=186239.3s idle0 gap=102.9 forced=0:0/0.0 miss=0 und/hw/miss=0/0/0 cpu0/1=45/30 | music 0% (silent) sfx 80% sdlog OFF
  t= 424.7 hb= 75 [tft yield  loop idle-wait] win= 423.9s fr=2716 avg=60.8 max=186.1 tft=22.2/148.8 full=16:147.1/148.8 vp=522:52.2/71.2 yld/vp=9.9 vpms=0.0 loop/s=47 asleep=186367.3s idle0 gap=102.9 forced=0:0/0.0 miss=0 und/hw/miss=0/0/0 cpu0/1=46/30 | music 0% (silent) sfx 80% sdlog OFF
  t= 429.7 hb= 76 [tft yield  loop idle-wait] win= 429.0s fr=2784 avg=61.0 max=186.1 tft=22.5/148.8 full=16:147.1/148.8 vp=543:52.1/71.2 yld/vp=9.9 vpms=0.0 loop/s=47 asleep=186501.3s idle0 gap=102.9 forced=0:0/0.0 miss=0 und/hw/miss=0/0/0 cpu0/1=46/29 | music 0% (silent) sfx 80% sdlog OFF
  t= 434.7 hb= 77 [tft yield  loop idle-wait] win= 434.0s fr=2847 avg=61.1 max=186.1 tft=22.5/148.8 full=16:147.1/148.8 vp=569:52.1/71.2 yld/vp=9.9 vpms=0.0 loop/s=47 asleep=187374.2s idle0 gap=102.9 forced=0:0/0.0 miss=0 und/hw/miss=0/0/0 cpu0/1=47/29 | music 0% (silent) sfx 80% sdlog OFF
  t= 439.7 hb= 78 [tft yield  loop idle-wait] win= 439.0s fr=2912 avg=61.2 max=186.1 tft=22.6/148.8 full=16:147.1/148.8 vp=594:52.1/71.2 yld/vp=9.8 vpms=0.0 loop/s=46 asleep=187990.7s idle0 gap=102.9 forced=0:0/0.0 miss=0 und/hw/miss=0/0/0 cpu0/1=47/29 | music 0% (silent) sfx 80% sdlog OFF
  t= 444.8 hb= 79 [tft yield  loop idle-wait] win= 444.0s fr=2978 avg=61.3 max=186.1 tft=22.7/148.8 full=16:147.1/148.8 vp=616:52.0/71.2 yld/vp=9.8 vpms=0.0 loop/s=46 asleep=188436.2s idle0 gap=102.9 forced=0:0/0.0 miss=0 und/hw/miss=0/0/0 cpu0/1=47/28 | music 0% (silent) sfx 80% sdlog OFF
  t= 449.8 hb= 80 [tft yield  loop idle-wait] win= 449.0s fr=3045 avg=61.5 max=186.1 tft=22.9/148.8 full=16:147.1/148.8 vp=636:52.0/71.2 yld/vp=9.8 vpms=0.0 loop/s=46 asleep=188704.2s idle0 gap=102.9 forced=0:0/0.0 miss=0 und/hw/miss=0/0/0 cpu0/1=48/28 | music 0% (silent) sfx 80% sdlog OFF
  t= 454.8 hb= 81 [tft yield  loop idle-wait] win= 454.1s fr=3066 avg=61.6 max=186.1 tft=23.0/148.8 full=16:147.1/148.8 vp=647:52.0/71.2 yld/vp=9.8 vpms=0.0 loop/s=46 asleep=191672.1s idle0 gap=102.9 forced=0:0/0.0 miss=0 und/hw/miss=0/0/0 cpu0/1=48/28 | music 0% (silent) sfx 80% sdlog OFF
  t= 459.8 hb= 82 [tft yield  loop idle-wait] win= 459.1s fr=3066 avg=61.6 max=186.1 tft=23.0/148.8 full=16:147.1/148.8 vp=647:52.0/71.2 yld/vp=9.8 vpms=0.0 loop/s=46 asleep=196471.6s idle0 gap=102.9 forced=0:0/0.0 miss=0 und/hw/miss=0/0/0 cpu0/1=47/27 | music 0% (silent) sfx 80% sdlog OFF
  t= 464.8 hb= 83 [tft yield  loop idle-wait] win= 464.1s fr=3114 avg=61.8 max=186.1 tft=23.2/148.8 full=17:147.0/148.8 vp=677:52.0/71.2 yld/vp=9.8 vpms=0.0 loop/s=46 asleep=197595.8s idle0 gap=102.9 forced=0:0/0.0 miss=0 und/hw/miss=0/0/0 cpu0/1=47/27 | music 0% (silent) sfx 80% sdlog OFF
  t= 469.8 hb= 84 [tft yield  loop idle-wait] win= 469.1s fr=3160 avg=62.0 max=186.1 tft=23.4/148.8 full=17:147.0/148.8 vp=711:51.9/71.2 yld/vp=9.7 vpms=0.0 loop/s=46 asleep=198830.0s idle0 gap=102.9 forced=0:0/0.0 miss=0 und/hw/miss=0/0/0 cpu0/1=48/27 | music 0% (silent) sfx 80% sdlog OFF
  t= 474.8 hb= 85 [tft yield  loop idle-wait] win= 474.1s fr=3195 avg=61.9 max=186.1 tft=23.3/148.8 full=17:147.0/148.8 vp=716:51.9/71.2 yld/vp=9.7 vpms=0.0 loop/s=46 asleep=201968.0s idle0 gap=102.9 forced=0:0/0.0 miss=0 und/hw/miss=0/0/0 cpu0/1=47/26 | music 0% (silent) sfx 80% sdlog OFF
  t= 479.8 hb= 86 [tft yield  loop idle-wait] win= 479.1s fr=3195 avg=61.9 max=186.1 tft=23.3/148.8 full=17:147.0/148.8 vp=716:51.9/71.2 yld/vp=9.7 vpms=0.0 loop/s=47 asleep=206913.0s idle0 gap=102.9 forced=0:0/0.0 miss=0 und/hw/miss=0/0/0 cpu0/1=47/26 | music 0% (silent) sfx 80% sdlog OFF
  t= 484.9 hb= 87 [tft yield  loop idle-wait] win= 484.1s fr=3195 avg=61.9 max=186.1 tft=23.3/148.8 full=17:147.0/148.8 vp=716:51.9/71.2 yld/vp=9.7 vpms=0.0 loop/s=47 asleep=211867.7s idle0 gap=102.9 forced=0:0/0.0 miss=0 und/hw/miss=0/0/0 cpu0/1=46/26 | music 0% (silent) sfx 80% sdlog OFF
  t= 489.9 hb= 88 [tft yield  loop idle-wait] win= 489.1s fr=3195 avg=61.9 max=186.1 tft=23.3/148.8 full=17:147.0/148.8 vp=716:51.9/71.2 yld/vp=9.7 vpms=0.0 loop/s=48 asleep=216812.2s idle0 gap=102.9 forced=0:0/0.0 miss=0 und/hw/miss=0/0/0 cpu0/1=46/25 | music 0% (silent) sfx 80% sdlog OFF
  t= 494.9 hb= 89 [tft yield  loop idle-wait] win= 494.1s fr=3195 avg=61.9 max=186.1 tft=23.3/148.8 full=17:147.0/148.8 vp=716:51.9/71.2 yld/vp=9.7 vpms=0.0 loop/s=48 asleep=221755.9s idle0 gap=102.9 forced=0:0/0.0 miss=0 und/hw/miss=0/0/0 cpu0/1=45/25 | music 0% (silent) sfx 80% sdlog OFF
  t= 499.9 hb= 90 [tft yield  loop idle-wait] win= 499.1s fr=3195 avg=61.9 max=186.1 tft=23.3/148.8 full=17:147.0/148.8 vp=716:51.9/71.2 yld/vp=9.7 vpms=0.0 loop/s=49 asleep=226700.4s idle0 gap=102.9 forced=0:0/0.0 miss=0 und/hw/miss=0/0/0 cpu0/1=45/25 | music 0% (silent) sfx 80% sdlog OFF
  t= 504.9 hb= 91 [tft yield  loop idle-wait] win= 504.1s fr=3195 avg=61.9 max=186.1 tft=23.3/148.8 full=17:147.0/148.8 vp=716:51.9/71.2 yld/vp=9.7 vpms=0.0 loop/s=49 asleep=231645.0s idle0 gap=102.9 forced=0:0/0.0 miss=0 und/hw/miss=0/0/0 cpu0/1=44/25 | music 0% (silent) sfx 80% sdlog OFF
  t= 509.9 hb= 92 [tft yield  loop idle-wait] win= 509.1s fr=3195 avg=61.9 max=186.1 tft=23.3/148.8 full=17:147.0/148.8 vp=716:51.9/71.2 yld/vp=9.7 vpms=0.0 loop/s=50 asleep=236599.4s idle0 gap=102.9 forced=0:0/0.0 miss=0 und/hw/miss=0/0/0 cpu0/1=44/24 | music 0% (silent) sfx 80% sdlog OFF
  t= 514.9 hb= 93 [tft yield  loop idle-wait] win= 514.1s fr=3195 avg=61.9 max=186.1 tft=23.3/148.8 full=17:147.0/148.8 vp=716:51.9/71.2 yld/vp=9.7 vpms=0.0 loop/s=50 asleep=241554.2s idle0 gap=102.9 forced=0:0/0.0 miss=0 und/hw/miss=0/0/0 cpu0/1=44/24 | music 0% (silent) sfx 80% sdlog OFF
  t= 519.9 hb= 94 [tft yield  loop idle-wait] win= 519.1s fr=3195 avg=61.9 max=186.1 tft=23.3/148.8 full=17:147.0/148.8 vp=716:51.9/71.2 yld/vp=9.7 vpms=0.0 loop/s=51 asleep=246509.3s idle0 gap=102.9 forced=0:0/0.0 miss=0 und/hw/miss=0/0/0 cpu0/1=43/24 | music 0% (silent) sfx 80% sdlog OFF
  t= 524.9 hb= 95 [tft yield  loop idle-wait] win= 524.1s fr=3195 avg=61.9 max=186.1 tft=23.3/148.8 full=17:147.0/148.8 vp=716:51.9/71.2 yld/vp=9.7 vpms=0.0 loop/s=51 asleep=251464.0s idle0 gap=102.9 forced=0:0/0.0 miss=0 und/hw/miss=0/0/0 cpu0/1=43/24 | music 0% (silent) sfx 80% sdlog OFF
  t= 529.9 hb= 96 [tft yield  loop idle-wait] win= 529.2s fr=3195 avg=61.9 max=186.1 tft=23.3/148.8 full=17:147.0/148.8 vp=716:51.9/71.2 yld/vp=9.7 vpms=0.0 loop/s=52 asleep=256418.2s idle0 gap=102.9 forced=0:0/0.0 miss=0 und/hw/miss=0/0/0 cpu0/1=42/23 | music 0% (silent) sfx 80% sdlog OFF
  t= 534.9 hb= 97 [tft yield  loop idle-wait] win= 534.2s fr=3195 avg=61.9 max=186.1 tft=23.3/148.8 full=17:147.0/148.8 vp=716:51.9/71.2 yld/vp=9.7 vpms=0.0 loop/s=52 asleep=261362.7s idle0 gap=102.9 forced=0:0/0.0 miss=0 und/hw/miss=0/0/0 cpu0/1=42/23 | music 0% (silent) sfx 80% sdlog OFF
  t= 539.9 hb= 98 [tft yield  loop idle-wait] win= 539.2s fr=3195 avg=61.9 max=186.1 tft=23.3/148.8 full=17:147.0/148.8 vp=716:51.9/71.2 yld/vp=9.7 vpms=0.0 loop/s=53 asleep=266308.0s idle0 gap=102.9 forced=0:0/0.0 miss=0 und/hw/miss=0/0/0 cpu0/1=41/23 | music 0% (silent) sfx 80% sdlog OFF
  t= 544.9 hb= 99 [tft yield  loop idle-wait] win= 544.2s fr=3195 avg=61.9 max=186.1 tft=23.3/148.8 full=17:147.0/148.8 vp=716:51.9/71.2 yld/vp=9.7 vpms=0.0 loop/s=53 asleep=271262.3s idle0 gap=102.9 forced=0:0/0.0 miss=0 und/hw/miss=0/0/0 cpu0/1=41/23 | music 0% (silent) sfx 80% sdlog OFF
  t= 549.9 hb=100 [tft yield  loop idle-wait] win= 549.2s fr=3195 avg=61.9 max=186.1 tft=23.3/148.8 full=17:147.0/148.8 vp=716:51.9/71.2 yld/vp=9.7 vpms=0.0 loop/s=54 asleep=276206.8s idle0 gap=102.9 forced=0:0/0.0 miss=0 und/hw/miss=0/0/0 cpu0/1=41/22 | music 0% (silent) sfx 80% sdlog OFF
  t= 554.9 hb=101 [tft yield  loop idle-wait] win= 554.2s fr=3195 avg=61.9 max=186.1 tft=23.3/148.8 full=17:147.0/148.8 vp=716:51.9/71.2 yld/vp=9.7 vpms=0.0 loop/s=54 asleep=281151.0s idle0 gap=102.9 forced=0:0/0.0 miss=0 und/hw/miss=0/0/0 cpu0/1=40/22 | music 0% (silent) sfx 80% sdlog OFF
  t= 559.9 hb=102 [tft yield  loop idle-wait] win= 559.2s fr=3195 avg=61.9 max=186.1 tft=23.3/148.8 full=17:147.0/148.8 vp=716:51.9/71.2 yld/vp=9.7 vpms=0.0 loop/s=54 asleep=286106.0s idle0 gap=102.9 forced=0:0/0.0 miss=0 und/hw/miss=0/0/0 cpu0/1=40/22 | music 0% (silent) sfx 80% sdlog OFF
  t= 564.9 hb=103 [tft yield  loop idle-wait] win= 564.2s fr=3195 avg=61.9 max=186.1 tft=23.3/148.8 full=17:147.0/148.8 vp=716:51.9/71.2 yld/vp=9.7 vpms=0.0 loop/s=55 asleep=291060.6s idle0 gap=102.9 forced=0:0/0.0 miss=0 und/hw/miss=0/0/0 cpu0/1=39/22 | music 0% (silent) sfx 80% sdlog OFF
  t= 569.9 hb=104 [tft yield  loop idle-wait] win= 569.2s fr=3195 avg=61.9 max=186.1 tft=23.3/148.8 full=17:147.0/148.8 vp=716:51.9/71.2 yld/vp=9.7 vpms=0.0 loop/s=55 asleep=296005.2s idle0 gap=102.9 forced=0:0/0.0 miss=0 und/hw/miss=0/0/0 cpu0/1=39/22 | music 0% (silent) sfx 80% sdlog OFF
  t= 574.9 hb=105 [tft yield  loop idle-wait] win= 574.2s fr=3195 avg=61.9 max=186.1 tft=23.3/148.8 full=17:147.0/148.8 vp=716:51.9/71.2 yld/vp=9.7 vpms=0.0 loop/s=56 asleep=300959.4s idle0 gap=102.9 forced=0:0/0.0 miss=0 und/hw/miss=0/0/0 cpu0/1=39/21 | music 0% (silent) sfx 80% sdlog OFF
  t= 579.9 hb=106 [tft yield  loop idle-wait] win= 579.2s fr=3195 avg=61.9 max=186.1 tft=23.3/148.8 full=17:147.0/148.8 vp=716:51.9/71.2 yld/vp=9.7 vpms=0.0 loop/s=56 asleep=305904.0s idle0 gap=102.9 forced=0:0/0.0 miss=0 und/hw/miss=0/0/0 cpu0/1=38/21 | music 0% (silent) sfx 80% sdlog OFF
  t= 585.0 hb=107 [tft yield  loop idle-wait] win= 584.2s fr=3195 avg=61.9 max=186.1 tft=23.3/148.8 full=17:147.0/148.8 vp=716:51.9/71.2 yld/vp=9.7 vpms=0.0 loop/s=56 asleep=310858.6s idle0 gap=102.9 forced=0:0/0.0 miss=0 und/hw/miss=0/0/0 cpu0/1=38/21 | music 0% (silent) sfx 80% sdlog OFF
  t= 590.0 hb=108 [tft yield  loop idle-wait] win= 589.2s fr=3195 avg=61.9 max=186.1 tft=23.3/148.8 full=17:147.0/148.8 vp=716:51.9/71.2 yld/vp=9.7 vpms=0.0 loop/s=57 asleep=315802.8s idle0 gap=102.9 forced=0:0/0.0 miss=0 und/hw/miss=0/0/0 cpu0/1=38/21 | music 0% (silent) sfx 80% sdlog OFF
  t= 595.0 hb=109 [tft yield  loop idle-wait] win= 594.2s fr=3195 avg=61.9 max=186.1 tft=23.3/148.8 full=17:147.0/148.8 vp=716:51.9/71.2 yld/vp=9.7 vpms=0.0 loop/s=57 asleep=320756.9s idle0 gap=102.9 forced=0:0/0.0 miss=0 und/hw/miss=0/0/0 cpu0/1=37/21 | music 0% (silent) sfx 80% sdlog OFF
  t= 600.0 hb=110 [tft yield  loop idle-wait] win= 599.2s fr=3195 avg=61.9 max=186.1 tft=23.3/148.8 full=17:147.0/148.8 vp=716:51.9/71.2 yld/vp=9.7 vpms=0.0 loop/s=57 asleep=325701.4s idle0 gap=102.9 forced=0:0/0.0 miss=0 und/hw/miss=0/0/0 cpu0/1=37/20 | music 0% (silent) sfx 80% sdlog OFF
  t= 605.0 hb=111 [tft yield  loop idle-wait] win= 604.2s fr=3195 avg=61.9 max=186.1 tft=23.3/148.8 full=17:147.0/148.8 vp=716:51.9/71.2 yld/vp=9.7 vpms=0.0 loop/s=58 asleep=330656.2s idle0 gap=102.9 forced=0:0/0.0 miss=0 und/hw/miss=0/0/0 cpu0/1=37/20 | music 0% (silent) sfx 80% sdlog OFF
  t= 610.0 hb=112 [tft yield  loop idle-wait] win= 609.2s fr=3195 avg=61.9 max=186.1 tft=23.3/148.8 full=17:147.0/148.8 vp=716:51.9/71.2 yld/vp=9.7 vpms=0.0 loop/s=58 asleep=335600.4s idle0 gap=102.9 forced=0:0/0.0 miss=0 und/hw/miss=0/0/0 cpu0/1=36/20 | music 0% (silent) sfx 80% sdlog OFF
  t= 615.0 hb=113 [tft yield  loop idle-wait] win= 614.2s fr=3195 avg=61.9 max=186.1 tft=23.3/148.8 full=17:147.0/148.8 vp=716:51.9/71.2 yld/vp=9.7 vpms=0.0 loop/s=58 asleep=340544.9s idle0 gap=102.9 forced=0:0/0.0 miss=0 und/hw/miss=0/0/0 cpu0/1=36/20 | music 0% (silent) sfx 80% sdlog OFF
  t= 620.0 hb=114 [tft yield  loop idle-wait] win= 619.2s fr=3195 avg=61.9 max=186.1 tft=23.3/148.8 full=17:147.0/148.8 vp=716:51.9/71.2 yld/vp=9.7 vpms=0.0 loop/s=59 asleep=345489.5s idle0 gap=102.9 forced=0:0/0.0 miss=0 und/hw/miss=0/0/0 cpu0/1=36/20 | music 0% (silent) sfx 80% sdlog OFF
  t= 625.0 hb=115 [tft yield  loop idle-wait] win= 624.2s fr=3195 avg=61.9 max=186.1 tft=23.3/148.8 full=17:147.0/148.8 vp=716:51.9/71.2 yld/vp=9.7 vpms=0.0 loop/s=59 asleep=350433.8s idle0 gap=102.9 forced=0:0/0.0 miss=0 und/hw/miss=0/0/0 cpu0/1=36/19 | music 0% (silent) sfx 80% sdlog OFF
  t= 630.0 hb=116 [tft yield  loop idle-wait] win= 629.2s fr=3195 avg=61.9 max=186.1 tft=23.3/148.8 full=17:147.0/148.8 vp=716:51.9/71.2 yld/vp=9.7 vpms=0.0 loop/s=59 asleep=355378.3s idle0 gap=102.9 forced=0:0/0.0 miss=0 und/hw/miss=0/0/0 cpu0/1=35/19 | music 0% (silent) sfx 80% sdlog OFF
  t= 635.0 hb=117 [tft yield  loop idle-wait] win= 634.2s fr=3195 avg=61.9 max=186.1 tft=23.3/148.8 full=17:147.0/148.8 vp=716:51.9/71.2 yld/vp=9.7 vpms=0.0 loop/s=60 asleep=360323.2s idle0 gap=102.9 forced=0:0/0.0 miss=0 und/hw/miss=0/0/0 cpu0/1=35/19 | music 0% (silent) sfx 80% sdlog OFF
  t= 640.0 hb=118 [tft yield  loop idle-wait] win= 639.2s fr=3195 avg=61.9 max=186.1 tft=23.3/148.8 full=17:147.0/148.8 vp=716:51.9/71.2 yld/vp=9.7 vpms=0.0 loop/s=60 asleep=365277.2s idle0 gap=102.9 forced=0:0/0.0 miss=0 und/hw/miss=0/0/0 cpu0/1=35/19 | music 0% (silent) sfx 80% sdlog OFF
  t= 645.0 hb=119 [tft yield  loop idle-wait] win= 644.2s fr=3195 avg=61.9 max=186.1 tft=23.3/148.8 full=17:147.0/148.8 vp=716:51.9/71.2 yld/vp=9.7 vpms=0.0 loop/s=60 asleep=370222.4s idle0 gap=102.9 forced=0:0/0.0 miss=0 und/hw/miss=0/0/0 cpu0/1=34/19 | music 0% (silent) sfx 80% sdlog OFF
  t= 650.0 hb=120 [tft yield  loop idle-wait] win= 649.2s fr=3195 avg=61.9 max=186.1 tft=23.3/148.8 full=17:147.0/148.8 vp=716:51.9/71.2 yld/vp=9.7 vpms=0.0 loop/s=61 asleep=375177.0s idle0 gap=102.9 forced=0:0/0.0 miss=0 und/hw/miss=0/0/0 cpu0/1=34/19 | music 0% (silent) sfx 80% sdlog OFF
  t= 655.0 hb=121 [tft yield  loop idle-wait] win= 654.2s fr=3195 avg=61.9 max=186.1 tft=23.3/148.8 full=17:147.0/148.8 vp=716:51.9/71.2 yld/vp=9.7 vpms=0.0 loop/s=61 asleep=380122.1s idle0 gap=102.9 forced=0:0/0.0 miss=0 und/hw/miss=0/0/0 cpu0/1=34/19 | music 0% (silent) sfx 80% sdlog OFF
  t= 660.0 hb=122 [tft yield  loop idle-wait] win= 659.2s fr=3195 avg=61.9 max=186.1 tft=23.3/148.8 full=17:147.0/148.8 vp=716:51.9/71.2 yld/vp=9.7 vpms=0.0 loop/s=61 asleep=385066.4s idle0 gap=102.9 forced=0:0/0.0 miss=0 und/hw/miss=0/0/0 cpu0/1=34/18 | music 0% (silent) sfx 80% sdlog OFF
gameplay frames (render lines, crc != 0), ms, by pacing phase:
  boot state                   input-dirty    n= 753 min   48.3 med   87.4 p90   89.2 max  183.7
  boot state                   system-menu    n=   6 min  180.9 med  181.7 p90  183.6 max  183.6
==============================================================================
a3-04e1-hw-probes.log - 3873 lines
watchdog / crash / reboot lines: 0
probe t=77.848 s  tft=TICK loop=idle-wait
probe t=81.698 s  tft=TICK loop=SPIN
probe t=136.688 s  tft=yield loop=SPIN
probe t=165.348 s  tft=yield loop=idle-wait
A3E_PACE heartbeats (rows below: those with every field): 42, hb=1..42, non-consecutive: none
  t=  63.4 hb=  3 [tft yield  loop idle-wait] win=  62.6s fr=23 avg=59.7 max=182.8 tft=23.0/146.1 full=1:146.1/146.1 vp=5:45.4/51.8 yld/vp=13.6 vpms=0.0 loop/s=12 asleep=7728.6s idle0 gap=54.1 forced=0:0/0.0 miss=0 und/hw/miss=0/0/0 cpu0/1=24/0 | music 0% (silent) sfx 80% sdlog OFF
  t=  68.4 hb=  4 [tft yield  loop idle-wait] win=  67.6s fr=23 avg=59.7 max=182.8 tft=23.0/146.1 full=1:146.1/146.1 vp=5:45.4/51.8 yld/vp=13.6 vpms=0.0 loop/s=18 asleep=12366.3s idle0 gap=54.1 forced=0:0/0.0 miss=0 und/hw/miss=0/0/0 cpu0/1=18/0 | music 0% (silent) sfx 80% sdlog OFF
  t=  73.4 hb=  5 [tft yield  loop idle-wait] win=  72.6s fr=23 avg=59.7 max=182.8 tft=23.0/146.1 full=1:146.1/146.1 vp=5:45.4/51.8 yld/vp=13.6 vpms=0.0 loop/s=24 asleep=17238.2s idle0 gap=54.1 forced=0:0/0.0 miss=0 und/hw/miss=0/0/0 cpu0/1=15/0 | music 0% (silent) sfx 80% sdlog OFF
  t=  78.4 hb=  6 [tft TICK  loop idle-wait] win=  77.6s fr=23 avg=59.7 max=182.8 tft=23.0/146.1 full=1:146.1/146.1 vp=5:45.4/51.8 yld/vp=13.6 vpms=0.0 loop/s=29 asleep=21913.4s idle0 gap=54.1 forced=0:0/0.0 miss=0 und/hw/miss=0/0/0 cpu0/1=13/0 | music 0% (silent) sfx 80% sdlog OFF
  t=  83.4 hb=  7 [tft TICK  loop SPIN] win=  82.6s fr=23 avg=59.7 max=182.8 tft=23.0/146.1 full=1:146.1/146.1 vp=5:45.4/51.8 yld/vp=13.6 vpms=0.0 loop/s=913 asleep=24928.4s idle0 gap=200.1 forced=7:7/68.8 miss=0 und/hw/miss=0/0/0 cpu0/1=16/0 | music 0% (silent) sfx 80% sdlog OFF
  t=  88.4 hb=  8 [tft TICK  loop SPIN] win=  87.6s fr=28 avg=87.1 max=443.7 tft=50.5/407.6 full=2:276.8/407.6 vp=9:78.2/123.2 yld/vp=14.0 vpms=48.1 loop/s=2776 asleep=24928.4s idle0 gap=200.2 forced=23:23/219.9 miss=0 und/hw/miss=0/0/0 cpu0/1=25/0 | music 0% (silent) sfx 80% sdlog OFF
  t=  93.4 hb=  9 [tft TICK  loop SPIN] win=  92.6s fr=32 avg=95.8 max=443.7 tft=59.2/407.6 full=2:276.8/407.6 vp=13:91.1/124.2 yld/vp=12.7 vpms=53.5 loop/s=4324 asleep=24928.4s idle0 gap=200.2 forced=38:38/356.1 miss=0 und/hw/miss=0/0/0 cpu0/1=32/0 | music 0% (silent) sfx 80% sdlog OFF
  t=  98.9 hb= 10 [tft TICK  loop SPIN] win=  98.2s fr=33 avg=106.4 max=443.9 tft=69.7/407.9 full=3:320.5/407.9 vp=13:91.1/124.2 yld/vp=14.2 vpms=66.5 loop/s=5827 asleep=24928.4s idle0 gap=200.2 forced=54:54/497.7 miss=0 und/hw/miss=0/0/0 cpu0/1=37/0 | music 0% (silent) sfx 80% sdlog OFF
  t= 103.9 hb= 11 [tft TICK  loop SPIN] win= 103.2s fr=54 avg=123.6 max=444.8 tft=86.4/408.7 full=4:342.6/408.7 vp=29:107.1/125.6 yld/vp=12.3 vpms=73.2 loop/s=6441 asleep=24928.4s idle0 gap=200.2 forced=60:60/542.3 miss=0 und/hw/miss=0/0/0 cpu0/1=40/0 | music 0% (silent) sfx 80% sdlog OFF
  t= 108.9 hb= 12 [tft TICK  loop SPIN] win= 108.2s fr=65 avg=129.4 max=444.8 tft=92.1/408.7 full=4:342.6/408.7 vp=40:110.6/125.6 yld/vp=11.5 vpms=71.9 loop/s=7442 asleep=24928.4s idle0 gap=200.2 forced=72:72/653.7 miss=0 und/hw/miss=0/0/0 cpu0/1=43/0 | music 0% (silent) sfx 80% sdlog OFF
  t= 113.9 hb= 13 [tft TICK  loop SPIN] win= 113.2s fr=65 avg=129.4 max=444.8 tft=92.1/408.7 full=4:342.6/408.7 vp=40:110.6/125.6 yld/vp=11.5 vpms=71.9 loop/s=9029 asleep=24928.4s idle0 gap=200.2 forced=96:96/892.0 miss=0 und/hw/miss=0/0/0 cpu0/1=48/0 | music 0% (silent) sfx 80% sdlog OFF
  t= 119.0 hb= 14 [tft TICK  loop SPIN] win= 118.2s fr=92 avg=123.1 max=444.8 tft=85.4/408.7 full=4:342.6/408.7 vp=55:113.3/125.8 yld/vp=10.8 vpms=70.9 loop/s=9381 asleep=24928.4s idle0 gap=205.4 forced=105:105/972.8 miss=0 und/hw/miss=0/0/0 cpu0/1=49/1 | music 0% (silent) sfx 80% sdlog OFF
  t= 124.0 hb= 15 [tft TICK  loop SPIN] win= 123.2s fr=124 avg=107.9 max=444.8 tft=70.0/408.7 full=4:342.6/408.7 vp=58:113.8/125.8 yld/vp=10.8 vpms=70.9 loop/s=10020 asleep=24928.4s idle0 gap=219.2 forced=125:125/1114.8 miss=0 und/hw/miss=0/0/0 cpu0/1=52/1 | music 0% (silent) sfx 80% sdlog OFF
  t= 129.0 hb= 16 [tft TICK  loop SPIN] win= 128.2s fr=124 avg=107.9 max=444.8 tft=70.0/408.7 full=4:342.6/408.7 vp=58:113.8/125.8 yld/vp=10.8 vpms=70.9 loop/s=11320 asleep=24928.4s idle0 gap=219.2 forced=149:149/1353.6 miss=0 und/hw/miss=0/0/0 cpu0/1=55/0 | music 0% (silent) sfx 80% sdlog OFF
  t= 134.0 hb= 17 [tft TICK  loop SPIN] win= 133.2s fr=124 avg=107.9 max=444.8 tft=70.0/408.7 full=4:342.6/408.7 vp=58:113.8/125.8 yld/vp=10.8 vpms=70.9 loop/s=12376 asleep=24928.4s idle0 gap=219.2 forced=169:169/1544.0 miss=0 und/hw/miss=0/0/0 cpu0/1=57/0 | music 0% (silent) sfx 80% sdlog OFF
  t= 139.0 hb= 18 [tft yield  loop SPIN] win= 138.2s fr=127 avg=108.2 max=444.8 tft=70.3/408.7 full=5:303.6/408.7 vp=60:111.8/125.8 yld/vp=11.1 vpms=67.6 loop/s=13112 asleep=24928.4s idle0 gap=219.2 forced=181:181/1648.8 miss=0 und/hw/miss=0/0/0 cpu0/1=59/0 | music 0% (silent) sfx 80% sdlog OFF
  t= 144.0 hb= 19 [tft yield  loop SPIN] win= 143.2s fr=152 avg=100.8 max=444.8 tft=62.9/408.7 full=5:303.6/408.7 vp=71:102.5/125.8 yld/vp=10.8 vpms=57.8 loop/s=13683 asleep=24928.4s idle0 gap=219.2 forced=196:196/1771.8 miss=0 und/hw/miss=0/0/0 cpu0/1=61/0 | music 0% (silent) sfx 80% sdlog OFF
  t= 149.0 hb= 20 [tft yield  loop SPIN] win= 148.3s fr=209 avg=91.3 max=444.8 tft=53.2/408.7 full=5:303.6/408.7 vp=93:90.7/125.8 yld/vp=10.4 vpms=44.9 loop/s=13562 asleep=24928.4s idle0 gap=223.9 forced=204:204/1817.1 miss=0 und/hw/miss=0/0/0 cpu0/1=62/1 | music 0% (silent) sfx 80% sdlog OFF
  t= 154.0 hb= 21 [tft yield  loop SPIN] win= 153.3s fr=219 avg=91.2 max=444.8 tft=53.1/408.7 full=5:303.6/408.7 vp=103:86.9/125.8 yld/vp=10.2 vpms=40.7 loop/s=14283 asleep=24928.4s idle0 gap=223.9 forced=220:220/1951.9 miss=0 und/hw/miss=0/0/0 cpu0/1=64/1 | music 0% (silent) sfx 80% sdlog OFF
  t= 159.0 hb= 22 [tft yield  loop SPIN] win= 158.3s fr=225 avg=91.2 max=444.8 tft=53.1/408.7 full=5:303.6/408.7 vp=109:85.0/125.8 yld/vp=10.2 vpms=38.6 loop/s=15054 asleep=24928.4s idle0 gap=223.9 forced=239:239/2136.0 miss=0 und/hw/miss=0/0/0 cpu0/1=65/1 | music 0% (silent) sfx 80% sdlog OFF
  t= 164.1 hb= 23 [tft yield  loop SPIN] win= 163.3s fr=225 avg=91.2 max=444.8 tft=53.1/408.7 full=5:303.6/408.7 vp=109:85.0/125.8 yld/vp=10.2 vpms=38.6 loop/s=15809 asleep=24928.4s idle0 gap=223.9 forced=256:256/2279.5 miss=0 und/hw/miss=0/0/0 cpu0/1=66/1 | music 0% (silent) sfx 80% sdlog OFF
  t= 169.1 hb= 24 [tft yield  loop idle-wait] win= 168.4s fr=226 avg=91.6 max=444.8 tft=53.5/408.7 full=6:277.7/408.7 vp=109:85.0/125.8 yld/vp=10.4 vpms=38.2 loop/s=15672 asleep=27503.9s idle0 gap=223.9 forced=262:262/2337.3 miss=0 und/hw/miss=0/0/0 cpu0/1=65/1 | music 0% (silent) sfx 80% sdlog OFF
  t= 174.1 hb= 25 [tft yield  loop idle-wait] win= 173.4s fr=228 avg=92.0 max=444.8 tft=53.9/408.7 full=7:259.3/408.7 vp=110:84.7/125.8 yld/vp=10.6 vpms=37.6 loop/s=15222 asleep=31807.4s idle0 gap=223.9 forced=262:262/2337.3 miss=0 und/hw/miss=0/0/0 cpu0/1=63/1 | music 80% Britannic Land sfx 80% sdlog OFF
  t= 179.2 hb= 26 [tft yield  loop idle-wait] win= 178.4s fr=285 avg=87.6 max=444.8 tft=49.4/408.7 full=7:259.3/408.7 vp=125:80.8/125.8 yld/vp=10.4 vpms=33.3 loop/s=14794 asleep=32738.3s idle0 gap=223.9 forced=262:262/2337.3 miss=0 und/hw/miss=0/0/0 cpu0/1=63/3 | music 80% Britannic Land sfx 80% sdlog OFF
  t= 184.2 hb= 27 [tft yield  loop idle-wait] win= 183.5s fr=327 avg=86.3 max=444.8 tft=48.0/408.7 full=7:259.3/408.7 vp=134:79.0/125.8 yld/vp=10.4 vpms=31.2 loop/s=14388 asleep=34427.8s idle0 gap=223.9 forced=262:262/2337.3 miss=0 und/hw/miss=0/0/0 cpu0/1=63/4 | music 80% Britannic Land sfx 80% sdlog OFF
  t= 189.3 hb= 28 [tft yield  loop idle-wait] win= 188.6s fr=406 avg=80.8 max=444.8 tft=42.2/408.7 full=7:259.3/408.7 vp=150:76.0/125.8 yld/vp=10.2 vpms=28.0 loop/s=13999 asleep=34823.4s idle0 gap=223.9 forced=262:262/2337.3 miss=0 und/hw/miss=0/0/0 cpu0/1=64/5 | music 80% Villager Taran sfx 80% sdlog OFF
  t= 194.4 hb= 29 [tft yield  loop idle-wait] win= 193.6s fr=489 avg=75.6 max=444.8 tft=37.1/408.7 full=7:259.3/408.7 vp=152:75.6/125.8 yld/vp=10.3 vpms=27.7 loop/s=13633 asleep=35676.5s idle0 gap=223.9 forced=262:262/2337.3 miss=0 und/hw/miss=0/0/0 cpu0/1=65/6 | music 80% Britannic Land sfx 80% sdlog OFF
  t= 199.4 hb= 30 [tft yield  loop idle-wait] win= 198.7s fr=552 avg=75.0 max=444.8 tft=36.5/408.7 full=7:259.3/408.7 vp=152:75.6/125.8 yld/vp=10.3 vpms=27.7 loop/s=13287 asleep=36224.8s idle0 gap=223.9 forced=262:262/2337.3 miss=0 und/hw/miss=0/0/0 cpu0/1=66/7 | music 80% Britannic Land sfx 80% sdlog OFF
  t= 204.5 hb= 31 [tft yield  loop idle-wait] win= 203.7s fr=615 avg=74.6 max=444.8 tft=36.0/408.7 full=7:259.3/408.7 vp=152:75.6/125.8 yld/vp=10.3 vpms=27.7 loop/s=12958 asleep=36769.7s idle0 gap=223.9 forced=262:262/2337.3 miss=0 und/hw/miss=0/0/0 cpu0/1=66/9 | music 80% Britannic Land sfx 80% sdlog OFF
  t= 209.5 hb= 32 [tft yield  loop idle-wait] win= 208.8s fr=678 avg=74.2 max=444.8 tft=35.6/408.7 full=7:259.3/408.7 vp=152:75.6/125.8 yld/vp=10.3 vpms=27.7 loop/s=12645 asleep=37314.2s idle0 gap=223.9 forced=262:262/2337.3 miss=0 und/hw/miss=0/0/0 cpu0/1=67/10 | music 80% Britannic Land sfx 80% sdlog OFF
  t= 214.6 hb= 33 [tft yield  loop idle-wait] win= 213.8s fr=741 avg=73.9 max=444.8 tft=35.3/408.7 full=7:259.3/408.7 vp=152:75.6/125.8 yld/vp=10.3 vpms=27.7 loop/s=12347 asleep=37861.4s idle0 gap=223.9 forced=262:262/2337.3 miss=0 und/hw/miss=0/0/0 cpu0/1=68/11 | music 80% Britannic Land sfx 80% sdlog OFF
  t= 219.6 hb= 34 [tft yield  loop idle-wait] win= 218.9s fr=804 avg=73.6 max=444.8 tft=35.0/408.7 full=7:259.3/408.7 vp=152:75.6/125.8 yld/vp=10.3 vpms=27.7 loop/s=12062 asleep=38411.2s idle0 gap=223.9 forced=262:262/2337.3 miss=0 und/hw/miss=0/0/0 cpu0/1=68/12 | music 80% Britannic Land sfx 80% sdlog OFF
  t= 224.7 hb= 35 [tft yield  loop idle-wait] win= 223.9s fr=867 avg=73.4 max=444.8 tft=34.8/408.7 full=7:259.3/408.7 vp=152:75.6/125.8 yld/vp=10.3 vpms=27.7 loop/s=11791 asleep=38956.5s idle0 gap=223.9 forced=262:262/2337.3 miss=0 und/hw/miss=0/0/0 cpu0/1=69/12 | music 80% Britannic Land sfx 80% sdlog OFF
  t= 229.7 hb= 36 [tft yield  loop idle-wait] win= 229.0s fr=930 avg=73.2 max=444.8 tft=34.6/408.7 full=7:259.3/408.7 vp=152:75.6/125.8 yld/vp=10.3 vpms=27.7 loop/s=11531 asleep=39502.7s idle0 gap=223.9 forced=262:262/2337.3 miss=0 und/hw/miss=0/0/0 cpu0/1=70/13 | music 80% Britannic Land sfx 80% sdlog OFF
  t= 234.8 hb= 37 [tft yield  loop idle-wait] win= 234.0s fr=993 avg=73.1 max=444.8 tft=34.4/408.7 full=7:259.3/408.7 vp=152:75.6/125.8 yld/vp=10.3 vpms=27.7 loop/s=11282 asleep=40046.5s idle0 gap=223.9 forced=262:262/2337.3 miss=0 und/hw/miss=0/0/0 cpu0/1=70/14 | music 80% Britannic Land sfx 80% sdlog OFF
  t= 239.8 hb= 38 [tft yield  loop idle-wait] win= 239.1s fr=1056 avg=73.0 max=444.8 tft=34.3/408.7 full=7:259.3/408.7 vp=153:75.5/125.8 yld/vp=10.3 vpms=27.5 loop/s=11044 asleep=40568.5s idle0 gap=223.9 forced=262:262/2337.3 miss=0 und/hw/miss=0/0/0 cpu0/1=71/15 | music 80% Britannic Land sfx 80% sdlog OFF
  t= 244.9 hb= 39 [tft yield  loop idle-wait] win= 244.2s fr=1121 avg=73.0 max=444.8 tft=34.3/408.7 full=7:259.3/408.7 vp=167:73.4/125.8 yld/vp=10.1 vpms=25.3 loop/s=10814 asleep=40774.3s idle0 gap=223.9 forced=262:262/2337.3 miss=0 und/hw/miss=0/0/0 cpu0/1=71/16 | music 80% Britannic Land sfx 80% sdlog OFF
  t= 249.9 hb= 40 [tft yield  loop idle-wait] win= 249.2s fr=1126 avg=73.1 max=444.8 tft=34.4/408.7 full=7:259.3/408.7 vp=171:73.0/125.8 yld/vp=10.1 vpms=24.7 loop/s=10598 asleep=45280.0s idle0 gap=223.9 forced=262:262/2337.3 miss=0 und/hw/miss=0/0/0 cpu0/1=70/17 | music 80% Britannic Land sfx 80% sdlog OFF
  t= 254.9 hb= 41 [tft yield  loop idle-wait] win= 254.2s fr=1126 avg=73.1 max=444.8 tft=34.4/408.7 full=7:259.3/408.7 vp=171:73.0/125.8 yld/vp=10.1 vpms=24.7 loop/s=10392 asleep=50216.3s idle0 gap=223.9 forced=262:262/2337.3 miss=0 und/hw/miss=0/0/0 cpu0/1=68/17 | music 80% Britannic Land sfx 80% sdlog OFF
  t= 259.9 hb= 42 [tft yield  loop idle-wait] win= 259.2s fr=1126 avg=73.1 max=444.8 tft=34.4/408.7 full=7:259.3/408.7 vp=171:73.0/125.8 yld/vp=10.1 vpms=24.7 loop/s=10193 asleep=55153.0s idle0 gap=223.9 forced=262:262/2337.3 miss=0 und/hw/miss=0/0/0 cpu0/1=66/18 | music 80% Britannic Land sfx 80% sdlog OFF
gameplay frames (render lines, crc != 0), ms, by pacing phase:
  boot state                   frontend-input n=   1 min  180.4 med  180.4 p90  180.4 max  180.4
  boot state                   input-dirty    n=   5 min   69.2 med   85.6 p90   86.8 max   86.8
  tft=TICK loop=SPIN           input-dirty    n=  55 min  149.4 med  155.5 p90  160.9 max  441.6
  tft=TICK loop=SPIN           system-menu    n=   1 min  442.4 med  442.4 p90  442.4 max  442.4
  tft=yield loop=SPIN          input-dirty    n=  52 min   86.6 med   88.0 p90   89.1 max  183.0
  tft=yield loop=idle-wait     input-dirty    n=  65 min   48.8 med   87.9 p90   89.8 max  183.1
  tft=yield loop=idle-wait     system-menu    n=   1 min  184.3 med  184.3 p90  184.3 max  184.3
