ninja: Entering directory `build-a3-04f'
[1/12] Building CXX object esp-idf/main/CMakeFiles/__idf_main.dir/native_renderer.cpp.obj
[2/12] Performing build step for 'bootloader'
[1/1] C:\WINDOWS\system32\cmd.exe /C "cd /D <repo>\native\targets\tdeck\build-a3-04f\bootloader && <home>\.espressif\python_env\idf6.1_py3.14_env\Scripts\python.exe C:/esp/v6.1/esp-idf/components/partition_table/check_sizes.py --offset 0x8000 bootloader 0x0 <repo>/native/targets/tdeck/build-a3-04f/bootloader/bootloader.bin"

Bootloader binary size 0x5850 bytes. 0x27b0 bytes (31%) free.


[3/12] No install step for 'bootloader'
[4/12] Completed 'bootloader'
[5/12] Building CXX object esp-idf/main/CMakeFiles/__idf_main.dir/main.cpp.obj
[6/12] Building CXX object esp-idf/main/CMakeFiles/__idf_main.dir/tdeck_board.cpp.obj
[7/12] Building CXX object esp-idf/main/CMakeFiles/__idf_main.dir/alpha_runtime.cpp.obj
[8/12] Linking C static library esp-idf\main\libmain.a
[9/12] Generating esp-idf/esp_system/ld/sections.ld
Skipping linker script generation, section names unchanged

[10/12] Linking CXX executable openu5_tdeck.elf
[11/12] Generating binary image from built executable
esptool v5.4.0

Creating ESP32-S3 image...

Merged 3 ELF sections.

Successfully created ESP32-S3 image.

Generated <repo>/native/targets/tdeck/build-a3-04f/openu5_tdeck.bin
[12/12] C:\WINDOWS\system32\cmd.exe /C "cd /D <repo>\native\targets\tdeck\build-a3-04f && <home>\.espressif\python_env\idf6.1_py3.14_env\Scripts\python.exe C:/esp/v6.1/esp-idf/components/partition_table/check_sizes.py --offset 0x8000 partition --type app <repo>/native/targets/tdeck/build-a3-04f/partition_table/partition-table.bin <repo>/native/targets/tdeck/build-a3-04f/openu5_tdeck.bin"
openu5_tdeck.bin binary size 0xeebe0 bytes. Smallest app partition is 0x100000 bytes. 0x11420 bytes (7%) free.

