image: build-a3-05/openu5_tdeck.elf

_ZN6openu512_GLOBAL__N_1L11crc32_u16leEPKtj  @ 0x42066d70, 70 bytes
  loop 0x42066d7c..0x42066dac (bltu a11, a3, 42066d7c): body 18 instructions
  innermost loop body:
    0x42066d7c: addx2 a8, a11, a2
    0x42066d7f: l16ui a8, a8, 0
    0x42066d82: xor a10, a9, a8
    0x42066d85: extui a10, a10, 0, 8
    0x42066d88: l32r a12, 42041df4
    0x42066d8b: addx4 a10, a10, a12
    0x42066d8e: l32i.n a10, a10, 0
    0x42066d90: srli a9, a9, 8
    0x42066d93: xor a10, a10, a9
    0x42066d96: srli a8, a8, 8
    0x42066d99: xor a8, a8, a10
    0x42066d9c: extui a8, a8, 0, 8
    0x42066d9f: addx4 a8, a8, a12
    0x42066da2: l32i.n a9, a8, 0
    0x42066da4: srli a10, a10, 8
    0x42066da7: xor a9, a9, a10
    0x42066daa: addi.n a11, a11, 1
    0x42066dac: bltu a11, a3, 42066d7c
  per frame (176x176): the innermost body 18 x 30,976 pixels = 557,568 instructions = 2.3 ms at 240 MHz, 1 instruction/cycle
  C1 no per-bit loop (table-driven): GREEN
  C2 innermost loop body <= 24 instructions: GREEN (18)

_ZN6openu512_GLOBAL__N_1L11expand_tileERA128_KhRA16_KtPtii  @ 0x42093c84, 92 bytes
  loop 0x42093ca8..0x42093cd4 (blti a9, 8, 42093ca8): body 17 instructions
  loop 0x42093c92..0x42093cdb (bge a8, a12, 42093c92): body 28 instructions

_ZN6openu515render_snapshotERKNS_21PresentationTileCacheERKNS_20PresentationSnapshotEmxPtjRNS_12RenderReportE  @ 0x42067914, 609 bytes
  loop 0x4206795d..0x42067964 (bne a10, a8, 4206795d): body 4 instructions
  loop 0x4206799c..0x420679f6 (bge a8, a7, 4206799c): body 33 instructions
  loop 0x42067a2c..0x42067a64 (bge a8, a7, 42067a2c): body 20 instructions
  loop 0x42067a60..0x42067a6b (bge a8, a6, 42067a60): body 6 instructions
  loop 0x42067a10..0x42067a73 (bltu a4, a8, 42067a10): body 36 instructions

A3-04F image check: GREEN
