CURRENT   project file: "C:\Dev\OpenU5-Native\native\targets\tdeck\build-a3-hf10\openu5_tdeck.map"
REFERENCE project file: "C:\Dev\OpenU5-Native\native\targets\tdeck\build-a3-hf9-post\openu5_tdeck.map"
Difference is counted as CURRENT - REFERENCE, i.e. a positive number means that CURRENT is larger.
                                                                                                                                  Per-file contributions to ELF file                                                                                                                                  
┌────────────────────────────┬───────────────┬─────────────┬─────────────┬──────────┬──────────────┬──────────────┬─────────────┬─────────────┬──────────────┬──────────────┬───────────────┬──────────┬───────────────┬──────────┬──────────┬───────────────┬───────────┬─────────────┬─────────────┐
│ Object File                │    Total Size │        IRAM │       .text │ .vectors │        DIRAM │         .bss │       .data │       .text │   Flash Code │        .text │    Flash Data │   .tdata │       .rodata │ .appdesc │ RTC FAST │ .rtc_reserved │  RTC SLOW │ .force_slow │ .rtc_noinit │
├────────────────────────────┼───────────────┼─────────────┼─────────────┼──────────┼──────────────┼──────────────┼─────────────┼─────────────┼──────────────┼──────────────┼───────────────┼──────────┼───────────────┼──────────┼──────────┼───────────────┼───────────┼─────────────┼─────────────┤
│ stdio_vfs.c.obj            │ 140282    +84 │    0      0 │    0      0 │ 0      0 │    40      0 │     8      0 │   32      0 │    0      0 │  1002      0 │  1002      0 │ 139240    +84 │ 0      0 │ 139240    +84 │ 0      0 │ 0      0 │      0      0 │  0      0 │    0      0 │    0      0 │
│ alpha_runtime.cpp.obj      │  68641   +633 │    0      0 │    0      0 │ 0      0 │   132      0 │   132      0 │    0      0 │    0      0 │ 67849   +633 │ 67849   +633 │    660      0 │ 0      0 │    660      0 │ 0      0 │ 0      0 │      0      0 │  0      0 │    0      0 │    0      0 │
│ main.cpp.obj               │  59112     +5 │    0      0 │    0      0 │ 0      0 │ 47980      0 │ 40876      0 │ 7104      0 │    0      0 │  8612     +5 │  8612     +5 │   2508      0 │ 0      0 │   2508      0 │ 0      0 │ 0      0 │      0      0 │ 12      0 │    0      0 │   12      0 │
│ ui_session.cpp.obj         │  15504   +348 │    0      0 │    0      0 │ 0      0 │     0      0 │     0      0 │    0      0 │    0      0 │ 15448   +348 │ 15448   +348 │     56      0 │ 0      0 │     56      0 │ 0      0 │ 0      0 │      0      0 │  0      0 │    0      0 │    0      0 │
│ shop_orchestration.cpp.obj │  12450    -16 │    0      0 │    0      0 │ 0      0 │     0      0 │     0      0 │    0      0 │    0      0 │ 11274    -16 │ 11274    -16 │   1176      0 │ 0      0 │   1176      0 │ 0      0 │ 0      0 │      0      0 │  0      0 │    0      0 │    0      0 │
│ dialogue.cpp.obj           │   8793    -20 │    0      0 │    0      0 │ 0      0 │     0      0 │     0      0 │    0      0 │    0      0 │  8433    -20 │  8433    -20 │    360      0 │ 0      0 │    360      0 │ 0      0 │ 0      0 │      0      0 │  0      0 │    0      0 │    0      0 │
│ outdoor.cpp.obj            │   7315     -4 │    0      0 │    0      0 │ 0      0 │     0      0 │     0      0 │    0      0 │    0      0 │  6508     -4 │  6508     -4 │    807      0 │ 0      0 │    807      0 │ 0      0 │ 0      0 │      0      0 │  0      0 │    0      0 │    0      0 │
│ spi_master.c.obj           │   7253     +8 │ 2068      0 │ 2068      0 │ 0      0 │  1979      0 │    12      0 │   76      0 │ 1891      0 │  2802     +8 │  2802     +8 │    404      0 │ 0      0 │    404      0 │ 0      0 │ 0      0 │      0      0 │  0      0 │    0      0 │    0      0 │
│ vfs_fat.c.obj              │   6222     -4 │    0      0 │    0      0 │ 0      0 │    12      0 │    12      0 │    0      0 │    0      0 │  5979     -4 │  5979     -4 │    231      0 │ 0      0 │    231      0 │ 0      0 │ 0      0 │      0      0 │  0      0 │    0      0 │    0      0 │
│ sdmmc_sd.c.obj             │   5049    -16 │    0      0 │    0      0 │ 0      0 │     0      0 │     0      0 │    0      0 │    0      0 │  4474    -16 │  4474    -16 │    575      0 │ 0      0 │    575      0 │ 0      0 │ 0      0 │      0      0 │  0      0 │    0      0 │    0      0 │
│ sdmmc_cmd.c.obj            │   4260     +4 │    0      0 │    0      0 │ 0      0 │     0      0 │     0      0 │    0      0 │    0      0 │  3913     +4 │  3913     +4 │    347      0 │ 0      0 │    347      0 │ 0      0 │ 0      0 │      0      0 │  0      0 │    0      0 │    0      0 │
│ blackthorn_scene.cpp.obj   │   4210     +8 │    0      0 │    0      0 │ 0      0 │     0      0 │     0      0 │    0      0 │    0      0 │  4122     +8 │  4122     +8 │     88      0 │ 0      0 │     88      0 │ 0      0 │ 0      0 │      0      0 │  0      0 │    0      0 │    0      0 │
│ sdmmc_common.c.obj         │   3245    +28 │    0      0 │    0      0 │ 0      0 │     0      0 │     0      0 │    0      0 │    0      0 │  2911    +28 │  2911    +28 │    334      0 │ 0      0 │    334      0 │ 0      0 │ 0      0 │      0      0 │  0      0 │    0      0 │    0      0 │
│ magic.cpp.obj              │   3230    +52 │    0      0 │    0      0 │ 0      0 │     0      0 │     0      0 │    0      0 │    0      0 │  1324    +52 │  1324    +52 │   1906      0 │ 0      0 │   1906      0 │ 0      0 │ 0      0 │      0      0 │  0      0 │    0      0 │    0      0 │
│ libc_tinystdio_vfscanf.c.o │   2908     -4 │    0      0 │    0      0 │ 0      0 │     0      0 │     0      0 │    0      0 │    0      0 │  2813     -4 │  2813     -4 │     95      0 │ 0      0 │     95      0 │ 0      0 │ 0      0 │      0      0 │  0      0 │    0      0 │    0      0 │
│ scripted_encounter.cpp.obj │   2006     +8 │    0      0 │    0      0 │ 0      0 │     0      0 │     0      0 │    0      0 │    0      0 │  1590     +8 │  1590     +8 │    416      0 │ 0      0 │    416      0 │ 0      0 │ 0      0 │      0      0 │  0      0 │    0      0 │    0      0 │
│ sdmmc_mmc.c.obj            │   1814    -24 │    0      0 │    0      0 │ 0      0 │     0      0 │     0      0 │    0      0 │    0      0 │  1679    -24 │  1679    -24 │    135      0 │ 0      0 │    135      0 │ 0      0 │ 0      0 │      0      0 │  0      0 │    0      0 │    0      0 │
│ partition.c.obj            │   1035     -4 │    0      0 │    0      0 │ 0      0 │     8      0 │     8      0 │    0      0 │    0      0 │   990     -4 │   990     -4 │     37      0 │ 0      0 │     37      0 │ 0      0 │ 0      0 │      0      0 │  0      0 │    0      0 │    0      0 │
└────────────────────────────┴───────────────┴─────────────┴─────────────┴──────────┴──────────────┴──────────────┴─────────────┴─────────────┴──────────────┴──────────────┴───────────────┴──────────┴───────────────┴──────────┴──────────┴───────────────┴───────────┴─────────────┴─────────────┘
