image: build-a3-hf8\openu5_tdeck.elf

_ZN6openu512_GLOBAL__N_1L11crc32_u16leEPKtj  @ 0x42067d2c, 70 bytes
  loop 0x42067d38..0x42067d68 (bltu a11, a3, 42067d38): body 18 instructions
  innermost loop body:
    0x42067d38: addx2 a8, a11, a2
    0x42067d3b: l16ui a8, a8, 0
    0x42067d3e: xor a10, a9, a8
    0x42067d41: extui a10, a10, 0, 8
    0x42067d44: l32r a12, 42041f7c
    0x42067d47: addx4 a10, a10, a12
    0x42067d4a: l32i.n a10, a10, 0
    0x42067d4c: srli a9, a9, 8
    0x42067d4f: xor a10, a10, a9
    0x42067d52: srli a8, a8, 8
    0x42067d55: xor a8, a8, a10
    0x42067d58: extui a8, a8, 0, 8
    0x42067d5b: addx4 a8, a8, a12
    0x42067d5e: l32i.n a9, a8, 0
    0x42067d60: srli a10, a10, 8
    0x42067d63: xor a9, a9, a10
    0x42067d66: addi.n a11, a11, 1
    0x42067d68: bltu a11, a3, 42067d38
  per frame (176x176): the innermost body 18 x 30,976 pixels = 557,568 instructions = 2.3 ms at 240 MHz, 1 instruction/cycle
  C1 no per-bit loop (table-driven): GREEN
  C2 innermost loop body <= 24 instructions: GREEN (18)

_ZN6openu512_GLOBAL__N_1L11expand_tileERA128_KhRA16_KtPtii  @ 0x42094ea4, 92 bytes
  loop 0x42094ec8..0x42094ef4 (blti a9, 8, 42094ec8): body 17 instructions
  loop 0x42094eb2..0x42094efb (bge a8, a12, 42094eb2): body 28 instructions

_ZN6openu515render_snapshotERKNS_21PresentationTileCacheERKNS_20PresentationSnapshotEmxPtjRNS_12RenderReportE  @ 0x420688d0, 609 bytes
  loop 0x42068919..0x42068920 (bne a10, a8, 42068919): body 4 instructions
  loop 0x42068958..0x420689b2 (bge a8, a7, 42068958): body 33 instructions
  loop 0x420689e8..0x42068a20 (bge a8, a7, 420689e8): body 20 instructions
  loop 0x42068a1c..0x42068a27 (bge a8, a6, 42068a1c): body 6 instructions
  loop 0x420689cc..0x42068a2f (bltu a4, a8, 420689cc): body 36 instructions

A3-04F image check: GREEN
