image: build-a3-hf3/openu5_tdeck.elf

_ZN6openu512_GLOBAL__N_1L11crc32_u16leEPKtj  @ 0x42066b88, 70 bytes
  loop 0x42066b94..0x42066bc4 (bltu a11, a3, 42066b94): body 18 instructions
  innermost loop body:
    0x42066b94: addx2 a8, a11, a2
    0x42066b97: l16ui a8, a8, 0
    0x42066b9a: xor a10, a9, a8
    0x42066b9d: extui a10, a10, 0, 8
    0x42066ba0: l32r a12, 42041df8
    0x42066ba3: addx4 a10, a10, a12
    0x42066ba6: l32i.n a10, a10, 0
    0x42066ba8: srli a9, a9, 8
    0x42066bab: xor a10, a10, a9
    0x42066bae: srli a8, a8, 8
    0x42066bb1: xor a8, a8, a10
    0x42066bb4: extui a8, a8, 0, 8
    0x42066bb7: addx4 a8, a8, a12
    0x42066bba: l32i.n a9, a8, 0
    0x42066bbc: srli a10, a10, 8
    0x42066bbf: xor a9, a9, a10
    0x42066bc2: addi.n a11, a11, 1
    0x42066bc4: bltu a11, a3, 42066b94
  per frame (176x176): the innermost body 18 x 30,976 pixels = 557,568 instructions = 2.3 ms at 240 MHz, 1 instruction/cycle
  C1 no per-bit loop (table-driven): GREEN
  C2 innermost loop body <= 24 instructions: GREEN (18)

_ZN6openu512_GLOBAL__N_1L11expand_tileERA128_KhRA16_KtPtii  @ 0x420934a0, 92 bytes
  loop 0x420934c4..0x420934f0 (blti a9, 8, 420934c4): body 17 instructions
  loop 0x420934ae..0x420934f7 (bge a8, a12, 420934ae): body 28 instructions

_ZN6openu515render_snapshotERKNS_21PresentationTileCacheERKNS_20PresentationSnapshotEmxPtjRNS_12RenderReportE  @ 0x4206772c, 609 bytes
  loop 0x42067775..0x4206777c (bne a10, a8, 42067775): body 4 instructions
  loop 0x420677b4..0x4206780e (bge a8, a7, 420677b4): body 33 instructions
  loop 0x42067844..0x4206787c (bge a8, a7, 42067844): body 20 instructions
  loop 0x42067878..0x42067883 (bge a8, a6, 42067878): body 6 instructions
  loop 0x42067828..0x4206788b (bltu a4, a8, 42067828): body 36 instructions

A3-04F image check: GREEN
