CURRENT   project file: "<repo>\native\targets\tdeck\build-a3-rc1\openu5_tdeck.map"
REFERENCE project file: "<repo>\native\targets\tdeck\build-a3-hf10-post\openu5_tdeck.map"
Difference is counted as CURRENT - REFERENCE, i.e. a positive number means that CURRENT is larger.
Per-file contributions to ELF file
┌───────────────────────────────────┬─────────────┬──────────┬──────────┬──────────┬────────────┬────────────┬──────────┬──────────┬─────────────┬─────────────┬────────────┬──────────┬────────────┬──────────┬──────────┬───────────────┬──────────┬─────────────┬─────────────┐
│ Object File                       │  Total Size │     IRAM │    .text │ .vectors │      DIRAM │       .bss │    .data │    .text │  Flash Code │       .text │ Flash Data │   .tdata │    .rodata │ .appdesc │ RTC FAST │ .rtc_reserved │ RTC SLOW │ .force_slow │ .rtc_noinit │
├───────────────────────────────────┼─────────────┼──────────┼──────────┼──────────┼────────────┼────────────┼──────────┼──────────┼─────────────┼─────────────┼────────────┼──────────┼────────────┼──────────┼──────────┼───────────────┼──────────┼─────────────┼─────────────┤
│ libc_tinystdio_vfprintf.c.o       │ 3481  +3481 │ 0      0 │ 0      0 │ 0      0 │   0      0 │   0      0 │ 0      0 │ 0      0 │ 3337  +3337 │ 3337  +3337 │ 144   +144 │ 0      0 │ 144   +144 │ 0      0 │ 0      0 │      0      0 │ 0      0 │    0      0 │    0      0 │
│ libm_math_s_pow.c.o               │ 3095  +3095 │ 0      0 │ 0      0 │ 0      0 │   0      0 │   0      0 │ 0      0 │ 0      0 │ 3047  +3047 │ 3047  +3047 │  48    +48 │ 0      0 │  48    +48 │ 0      0 │ 0      0 │      0      0 │ 0      0 │    0      0 │    0      0 │
│ libc_tinystdio_vfscanf.c.o        │ 2908  +2908 │ 0      0 │ 0      0 │ 0      0 │   0      0 │   0      0 │ 0      0 │ 0      0 │ 2813  +2813 │ 2813  +2813 │  95    +95 │ 0      0 │  95    +95 │ 0      0 │ 0      0 │      0      0 │ 0      0 │    0      0 │    0      0 │
│ libm_math_k_rem_pio2.c.o          │ 1952  +1952 │ 0      0 │ 0      0 │ 0      0 │   0      0 │   0      0 │ 0      0 │ 0      0 │ 1872  +1872 │ 1872  +1872 │  80    +80 │ 0      0 │  80    +80 │ 0      0 │ 0      0 │      0      0 │ 0      0 │    0      0 │    0      0 │
│ libc_tinystdio_dtoa_ryu.c.o       │ 1751  +1751 │ 0      0 │ 0      0 │ 0      0 │   0      0 │   0      0 │ 0      0 │ 0      0 │ 1751  +1751 │ 1751  +1751 │   0      0 │ 0      0 │   0      0 │ 0      0 │ 0      0 │      0      0 │ 0      0 │    0      0 │    0      0 │
│ libm_math_s_rem_pio2.c.o          │ 1476  +1476 │ 0      0 │ 0      0 │ 0      0 │   0      0 │   0      0 │ 0      0 │ 0      0 │ 1084  +1084 │ 1084  +1084 │ 392   +392 │ 0      0 │ 392   +392 │ 0      0 │ 0      0 │      0      0 │ 0      0 │    0      0 │    0      0 │
│ libc_tinystdio_ryu_table.c.o      │ 1393  +1393 │ 0      0 │ 0      0 │ 0      0 │   0      0 │   0      0 │ 0      0 │ 0      0 │  561   +561 │  561   +561 │ 832   +832 │ 0      0 │ 832   +832 │ 0      0 │ 0      0 │      0      0 │ 0      0 │    0      0 │    0      0 │
│ libc_time_tzset.c.o               │ 1066  +1066 │ 0      0 │ 0      0 │ 0      0 │  24    +24 │  24    +24 │ 0      0 │ 0      0 │ 1042  +1042 │ 1042  +1042 │   0      0 │ 0      0 │   0      0 │ 0      0 │ 0      0 │      0      0 │ 0      0 │    0      0 │    0      0 │
│ libc_time_mktime.c.o              │ 1055  +1055 │ 0      0 │ 0      0 │ 0      0 │   0      0 │   0      0 │ 0      0 │ 0      0 │ 1031  +1031 │ 1031  +1031 │  24    +24 │ 0      0 │  24    +24 │ 0      0 │ 0      0 │      0      0 │ 0      0 │    0      0 │    0      0 │
│ eh_alloc.o                        │ 1045  +1045 │ 0      0 │ 0      0 │ 0      0 │  16    +16 │  16    +16 │ 0      0 │ 0      0 │  869   +869 │  869   +869 │ 160   +160 │ 0      0 │ 160   +160 │ 0      0 │ 0      0 │      0      0 │ 0      0 │    0      0 │    0      0 │
│ libm_math_s_log.c.o               │  996   +996 │ 0      0 │ 0      0 │ 0      0 │   0      0 │   0      0 │ 0      0 │ 0      0 │  996   +996 │  996   +996 │   0      0 │ 0      0 │   0      0 │ 0      0 │ 0      0 │      0      0 │ 0      0 │    0      0 │    0      0 │
│ libc_tinystdio_strtod.c.o         │  955   +955 │ 0      0 │ 0      0 │ 0      0 │   0      0 │   0      0 │ 0      0 │ 0      0 │  944   +944 │  944   +944 │  11    +11 │ 0      0 │  11    +11 │ 0      0 │ 0      0 │      0      0 │ 0      0 │    0      0 │    0      0 │
│ libc_tinystdio_bufio.c.o          │  724   +724 │ 0      0 │ 0      0 │ 0      0 │   0      0 │   0      0 │ 0      0 │ 0      0 │  724   +724 │  724   +724 │   0      0 │ 0      0 │   0      0 │ 0      0 │ 0      0 │      0      0 │ 0      0 │    0      0 │    0      0 │
│ libc_time_lcltime_r.c.o           │  611   +611 │ 0      0 │ 0      0 │ 0      0 │   0      0 │   0      0 │ 0      0 │ 0      0 │  611   +611 │  611   +611 │   0      0 │ 0      0 │   0      0 │ 0      0 │ 0      0 │      0      0 │ 0      0 │    0      0 │    0      0 │
│ libc_tinystdio_fread.c.o          │  548   +548 │ 0      0 │ 0      0 │ 0      0 │   0      0 │   0      0 │ 0      0 │ 0      0 │  548   +548 │  548   +548 │   0      0 │ 0      0 │   0      0 │ 0      0 │ 0      0 │      0      0 │ 0      0 │    0      0 │    0      0 │
│ libc_tinystdio_atod_ryu.c.o       │  510   +510 │ 0      0 │ 0      0 │ 0      0 │   0      0 │   0      0 │ 0      0 │ 0      0 │  510   +510 │  510   +510 │   0      0 │ 0      0 │   0      0 │ 0      0 │ 0      0 │      0      0 │ 0      0 │    0      0 │    0      0 │
│ libc_time_gmtime_r.c.o            │  502   +502 │ 0      0 │ 0      0 │ 0      0 │   0      0 │   0      0 │ 0      0 │ 0      0 │  502   +502 │  502   +502 │   0      0 │ 0      0 │   0      0 │ 0      0 │ 0      0 │      0      0 │ 0      0 │    0      0 │    0      0 │
│ libc_stdlib_pico-exitprocs.c.o    │  450   +450 │ 0      0 │ 0      0 │ 0      0 │ 384   +384 │ 384   +384 │ 0      0 │ 0      0 │   66    +66 │   66    +66 │   0      0 │ 0      0 │   0      0 │ 0      0 │ 0      0 │      0      0 │ 0      0 │    0      0 │    0      0 │
│ libm_math_k_cos.c.o               │  436   +436 │ 0      0 │ 0      0 │ 0      0 │   0      0 │   0      0 │ 0      0 │ 0      0 │  436   +436 │  436   +436 │   0      0 │ 0      0 │   0      0 │ 0      0 │ 0      0 │      0      0 │ 0      0 │    0      0 │    0      0 │
│ functexcept.o                     │  427   +427 │ 0      0 │ 0      0 │ 0      0 │   0      0 │   0      0 │ 0      0 │ 0      0 │  268   +268 │  268   +268 │ 159   +159 │ 0      0 │ 159   +159 │ 0      0 │ 0      0 │      0      0 │ 0      0 │    0      0 │    0      0 │
│ libc_time_tzcalc_limits.c.o       │  406   +406 │ 0      0 │ 0      0 │ 0      0 │   0      0 │   0      0 │ 0      0 │ 0      0 │  406   +406 │  406   +406 │   0      0 │ 0      0 │   0      0 │ 0      0 │ 0      0 │      0      0 │ 0      0 │    0      0 │    0      0 │
│ libm_math_k_sin.c.o               │  406   +406 │ 0      0 │ 0      0 │ 0      0 │   0      0 │   0      0 │ 0      0 │ 0      0 │  406   +406 │  406   +406 │   0      0 │ 0      0 │   0      0 │ 0      0 │ 0      0 │      0      0 │ 0      0 │    0      0 │    0      0 │
│ libm_math_s_sqrt.c.o              │  390   +390 │ 0      0 │ 0      0 │ 0      0 │   0      0 │   0      0 │ 0      0 │ 0      0 │  390   +390 │  390   +390 │   0      0 │ 0      0 │   0      0 │ 0      0 │ 0      0 │      0      0 │ 0      0 │    0      0 │    0      0 │
│ cow-string-inst.o                 │  359   +359 │ 0      0 │ 0      0 │ 0      0 │  16    +16 │  16    +16 │ 0      0 │ 0      0 │  343   +343 │  343   +343 │   0      0 │ 0      0 │   0      0 │ 0      0 │ 0      0 │      0      0 │ 0      0 │    0      0 │    0      0 │
│ libc_tinystdio_fwrite.c.o         │  354   +354 │ 0      0 │ 0      0 │ 0      0 │   0      0 │   0      0 │ 0      0 │ 0      0 │  354   +354 │  354   +354 │   0      0 │ 0      0 │   0      0 │ 0      0 │ 0      0 │      0      0 │ 0      0 │    0      0 │    0      0 │
│ si_class_type_info.o              │  342   +342 │ 0      0 │ 0      0 │ 0      0 │   0      0 │   0      0 │ 0      0 │ 0      0 │  298   +298 │  298   +298 │  44    +44 │ 0      0 │  44    +44 │ 0      0 │ 0      0 │      0      0 │ 0      0 │    0      0 │    0      0 │
│ class_type_info.o                 │  323   +323 │ 0      0 │ 0      0 │ 0      0 │   0      0 │   0      0 │ 0      0 │ 0      0 │  279   +279 │  279   +279 │  44    +44 │ 0      0 │  44    +44 │ 0      0 │ 0      0 │      0      0 │ 0      0 │    0      0 │    0      0 │
│ libc_tinystdio_atof_ryu.c.o       │  315   +315 │ 0      0 │ 0      0 │ 0      0 │   0      0 │   0      0 │ 0      0 │ 0      0 │  315   +315 │  315   +315 │   0      0 │ 0      0 │   0      0 │ 0      0 │ 0      0 │      0      0 │ 0      0 │    0      0 │    0      0 │
│ libc_tinystdio_dtox_engine.c.o    │  311   +311 │ 0      0 │ 0      0 │ 0      0 │   0      0 │   0      0 │ 0      0 │ 0      0 │  311   +311 │  311   +311 │   0      0 │ 0      0 │   0      0 │ 0      0 │ 0      0 │      0      0 │ 0      0 │    0      0 │    0      0 │
│ libc_tinystdio_strtoul.c.o        │  246   +246 │ 0      0 │ 0      0 │ 0      0 │   0      0 │   0      0 │ 0      0 │ 0      0 │  246   +246 │  246   +246 │   0      0 │ 0      0 │   0      0 │ 0      0 │ 0      0 │      0      0 │ 0      0 │    0      0 │    0      0 │
│ libm_common_s_lround.c.o          │  235   +235 │ 0      0 │ 0      0 │ 0      0 │   0      0 │   0      0 │ 0      0 │ 0      0 │  235   +235 │  235   +235 │   0      0 │ 0      0 │   0      0 │ 0      0 │ 0      0 │      0      0 │ 0      0 │    0      0 │    0      0 │
│ libc_tinystdio_fseek.c.o          │  220   +220 │ 0      0 │ 0      0 │ 0      0 │   0      0 │   0      0 │ 0      0 │ 0      0 │  220   +220 │  220   +220 │   0      0 │ 0      0 │   0      0 │ 0      0 │ 0      0 │      0      0 │ 0      0 │    0      0 │    0      0 │
│ libc_tinystdio_fseeko.c.o         │  220   +220 │ 0      0 │ 0      0 │ 0      0 │   0      0 │   0      0 │ 0      0 │ 0      0 │  220   +220 │  220   +220 │   0      0 │ 0      0 │   0      0 │ 0      0 │ 0      0 │      0      0 │ 0      0 │    0      0 │    0      0 │
│ eh_globals.o                      │  218   +218 │ 0      0 │ 0      0 │ 0      0 │  13    +13 │  13    +13 │ 0      0 │ 0      0 │  193   +193 │  193   +193 │  12    +12 │ 0      0 │  12    +12 │ 0      0 │ 0      0 │      0      0 │ 0      0 │    0      0 │    0      0 │
│ stdexcept.o                       │  212   +212 │ 0      0 │ 0      0 │ 0      0 │   0      0 │   0      0 │ 0      0 │ 0      0 │  152   +152 │  152   +152 │  60    +60 │ 0      0 │  60    +60 │ 0      0 │ 0      0 │      0      0 │ 0      0 │    0      0 │    0      0 │
│ libm_math_s_floor.c.o             │  206   +206 │ 0      0 │ 0      0 │ 0      0 │   0      0 │   0      0 │ 0      0 │ 0      0 │  206   +206 │  206   +206 │   0      0 │ 0      0 │   0      0 │ 0      0 │ 0      0 │      0      0 │ 0      0 │    0      0 │    0      0 │
│ libm_common_s_scalbn.c.o          │  195   +195 │ 0      0 │ 0      0 │ 0      0 │   0      0 │   0      0 │ 0      0 │ 0      0 │  195   +195 │  195   +195 │   0      0 │ 0      0 │   0      0 │ 0      0 │ 0      0 │      0      0 │ 0      0 │    0      0 │    0      0 │
│ eh_catch.o                        │  188   +188 │ 0      0 │ 0      0 │ 0      0 │   0      0 │   0      0 │ 0      0 │ 0      0 │  188   +188 │  188   +188 │   0      0 │ 0      0 │   0      0 │ 0      0 │ 0      0 │      0      0 │ 0      0 │    0      0 │    0      0 │
│ libc_tinystdio_ungetc.c.o         │  187   +187 │ 0      0 │ 0      0 │ 0      0 │   0      0 │   0      0 │ 0      0 │ 0      0 │  187   +187 │  187   +187 │   0      0 │ 0      0 │   0      0 │ 0      0 │ 0      0 │      0      0 │ 0      0 │    0      0 │    0      0 │
│ libc_tinystdio_fdopen.c.o         │  178   +178 │ 0      0 │ 0      0 │ 0      0 │   0      0 │   0      0 │ 0      0 │ 0      0 │  178   +178 │  178   +178 │   0      0 │ 0      0 │   0      0 │ 0      0 │ 0      0 │      0      0 │ 0      0 │    0      0 │    0      0 │
│ libc_stdlib_getenv_r.c.o          │  150   +150 │ 0      0 │ 0      0 │ 0      0 │   0      0 │   0      0 │ 0      0 │ 0      0 │  150   +150 │  150   +150 │   0      0 │ 0      0 │   0      0 │ 0      0 │ 0      0 │      0      0 │ 0      0 │    0      0 │    0      0 │
│ libc_tinystdio_fgetc.c.o          │  150   +150 │ 0      0 │ 0      0 │ 0      0 │   0      0 │   0      0 │ 0      0 │ 0      0 │  150   +150 │  150   +150 │   0      0 │ 0      0 │   0      0 │ 0      0 │ 0      0 │      0      0 │ 0      0 │    0      0 │    0      0 │
│ libm_math_s_sin.c.o               │  132   +132 │ 0      0 │ 0      0 │ 0      0 │   0      0 │   0      0 │ 0      0 │ 0      0 │  132   +132 │  132   +132 │   0      0 │ 0      0 │   0      0 │ 0      0 │ 0      0 │      0      0 │ 0      0 │    0      0 │    0      0 │
│ new_op.o                          │  121   +121 │ 0      0 │ 0      0 │ 0      0 │   0      0 │   0      0 │ 0      0 │ 0      0 │   75    +75 │   75    +75 │  46    +46 │ 0      0 │  46    +46 │ 0      0 │ 0      0 │      0      0 │ 0      0 │    0      0 │    0      0 │
│ libc_tinystdio_ftell.c.o          │  114   +114 │ 0      0 │ 0      0 │ 0      0 │   0      0 │   0      0 │ 0      0 │ 0      0 │  114   +114 │  114   +114 │   0      0 │ 0      0 │   0      0 │ 0      0 │ 0      0 │      0      0 │ 0      0 │    0      0 │    0      0 │
│ string-inst.o                     │  111   +111 │ 0      0 │ 0      0 │ 0      0 │   0      0 │   0      0 │ 0      0 │ 0      0 │  111   +111 │  111   +111 │   0      0 │ 0      0 │   0      0 │ 0      0 │ 0      0 │      0      0 │ 0      0 │    0      0 │    0      0 │
│ libc_tinystdio_ryu_umul128.c.o    │  111   +111 │ 0      0 │ 0      0 │ 0      0 │   0      0 │   0      0 │ 0      0 │ 0      0 │  111   +111 │  111   +111 │   0      0 │ 0      0 │   0      0 │ 0      0 │ 0      0 │      0      0 │ 0      0 │    0      0 │    0      0 │
│ libc_tinystdio_ryu_divpow2.c.o    │  108   +108 │ 0      0 │ 0      0 │ 0      0 │   0      0 │   0      0 │ 0      0 │ 0      0 │  108   +108 │  108   +108 │   0      0 │ 0      0 │   0      0 │ 0      0 │ 0      0 │      0      0 │ 0      0 │    0      0 │    0      0 │
│ libc_tinystdio_snprintf.c.o       │  102   +102 │ 0      0 │ 0      0 │ 0      0 │   0      0 │   0      0 │ 0      0 │ 0      0 │  102   +102 │  102   +102 │   0      0 │ 0      0 │   0      0 │ 0      0 │ 0      0 │      0      0 │ 0      0 │    0      0 │    0      0 │
│ libc_time_gettzinfo.c.o           │  100   +100 │ 0      0 │ 0      0 │ 0      0 │  88    +88 │  88    +88 │ 0      0 │ 0      0 │   12    +12 │   12    +12 │   0      0 │ 0      0 │   0      0 │ 0      0 │ 0      0 │      0      0 │ 0      0 │    0      0 │    0      0 │
│ libc_tinystdio_sflags.c.o         │  100   +100 │ 0      0 │ 0      0 │ 0      0 │   0      0 │   0      0 │ 0      0 │ 0      0 │  100   +100 │  100   +100 │   0      0 │ 0      0 │   0      0 │ 0      0 │ 0      0 │      0      0 │ 0      0 │    0      0 │    0      0 │
│ cow-stdexcept.o                   │   98    +98 │ 0      0 │ 0      0 │ 0      0 │   0      0 │   0      0 │ 0      0 │ 0      0 │   86    +86 │   86    +86 │  12    +12 │ 0      0 │  12    +12 │ 0      0 │ 0      0 │      0      0 │ 0      0 │    0      0 │    0      0 │
│ libm_common_math_err_invalid.c.o  │   91    +91 │ 0      0 │ 0      0 │ 0      0 │   0      0 │   0      0 │ 0      0 │ 0      0 │   91    +91 │   91    +91 │   0      0 │ 0      0 │   0      0 │ 0      0 │ 0      0 │      0      0 │ 0      0 │    0      0 │    0      0 │
│ libc_tinystdio_vsnprintf.c.o      │   83    +83 │ 0      0 │ 0      0 │ 0      0 │   0      0 │   0      0 │ 0      0 │ 0      0 │   83    +83 │   83    +83 │   0      0 │ 0      0 │   0      0 │ 0      0 │ 0      0 │      0      0 │ 0      0 │    0      0 │    0      0 │
│ eh_terminate.o                    │   77    +77 │ 0      0 │ 0      0 │ 0      0 │   0      0 │   0      0 │ 0      0 │ 0      0 │   61    +61 │   61    +61 │  16    +16 │ 0      0 │  16    +16 │ 0      0 │ 0      0 │      0      0 │ 0      0 │    0      0 │    0      0 │
│ libc_tinystdio_sscanf.c.o         │   76    +76 │ 0      0 │ 0      0 │ 0      0 │   0      0 │   0      0 │ 0      0 │ 0      0 │   76    +76 │   76    +76 │   0      0 │ 0      0 │   0      0 │ 0      0 │ 0      0 │      0      0 │ 0      0 │    0      0 │    0      0 │
│ bad_alloc.o                       │   74    +74 │ 0      0 │ 0      0 │ 0      0 │   0      0 │   0      0 │ 0      0 │ 0      0 │   54    +54 │   54    +54 │  20    +20 │ 0      0 │  20    +20 │ 0      0 │ 0      0 │      0      0 │ 0      0 │    0      0 │    0      0 │
│ bad_array_new.o                   │   74    +74 │ 0      0 │ 0      0 │ 0      0 │   0      0 │   0      0 │ 0      0 │ 0      0 │   54    +54 │   54    +54 │  20    +20 │ 0      0 │  20    +20 │ 0      0 │ 0      0 │      0      0 │ 0      0 │    0      0 │    0      0 │
│ libc_tinystdio_setvbuf.c.o        │   72    +72 │ 0      0 │ 0      0 │ 0      0 │   0      0 │   0      0 │ 0      0 │ 0      0 │   72    +72 │   72    +72 │   0      0 │ 0      0 │   0      0 │ 0      0 │ 0      0 │      0      0 │ 0      0 │    0      0 │    0      0 │
│ libc_tinystdio_fileno.c.o         │   65    +65 │ 0      0 │ 0      0 │ 0      0 │   0      0 │   0      0 │ 0      0 │ 0      0 │   65    +65 │   65    +65 │   0      0 │ 0      0 │   0      0 │ 0      0 │ 0      0 │      0      0 │ 0      0 │    0      0 │    0      0 │
│ libc_tinystdio_rewind.c.o         │   62    +62 │ 0      0 │ 0      0 │ 0      0 │   0      0 │   0      0 │ 0      0 │ 0      0 │   62    +62 │   62    +62 │   0      0 │ 0      0 │   0      0 │ 0      0 │ 0      0 │      0      0 │ 0      0 │    0      0 │    0      0 │
│ libc_tinystdio_fflush.c.o         │   60    +60 │ 0      0 │ 0      0 │ 0      0 │   0      0 │   0      0 │ 0      0 │ 0      0 │   60    +60 │   60    +60 │   0      0 │ 0      0 │   0      0 │ 0      0 │ 0      0 │      0      0 │ 0      0 │    0      0 │    0      0 │
│ libm_common_s_fpclassify.c.o      │   58    +58 │ 0      0 │ 0      0 │ 0      0 │   0      0 │   0      0 │ 0      0 │ 0      0 │   58    +58 │   58    +58 │   0      0 │ 0      0 │   0      0 │ 0      0 │ 0      0 │      0      0 │ 0      0 │    0      0 │    0      0 │
│ libc_tinystdio_fclose.c.o         │   53    +53 │ 0      0 │ 0      0 │ 0      0 │   0      0 │   0      0 │ 0      0 │ 0      0 │   53    +53 │   53    +53 │   0      0 │ 0      0 │   0      0 │ 0      0 │ 0      0 │      0      0 │ 0      0 │    0      0 │    0      0 │
│ libc_tinystdio_fopen.c.o          │   53    +53 │ 0      0 │ 0      0 │ 0      0 │   0      0 │   0      0 │ 0      0 │ 0      0 │   53    +53 │   53    +53 │   0      0 │ 0      0 │   0      0 │ 0      0 │ 0      0 │      0      0 │ 0      0 │    0      0 │    0      0 │
│ libc_tinystdio_ferror.c.o         │   52    +52 │ 0      0 │ 0      0 │ 0      0 │   0      0 │   0      0 │ 0      0 │ 0      0 │   52    +52 │   52    +52 │   0      0 │ 0      0 │   0      0 │ 0      0 │ 0      0 │      0      0 │ 0      0 │    0      0 │    0      0 │
│ libc_tinystdio_clearerr.c.o       │   52    +52 │ 0      0 │ 0      0 │ 0      0 │   0      0 │   0      0 │ 0      0 │ 0      0 │   52    +52 │   52    +52 │   0      0 │ 0      0 │   0      0 │ 0      0 │ 0      0 │      0      0 │ 0      0 │    0      0 │    0      0 │
│ new_opnt.o                        │   51    +51 │ 0      0 │ 0      0 │ 0      0 │   0      0 │   0      0 │ 0      0 │ 0      0 │   35    +35 │   35    +35 │  16    +16 │ 0      0 │  16    +16 │ 0      0 │ 0      0 │      0      0 │ 0      0 │    0      0 │    0      0 │
│ new_opvnt.o                       │   51    +51 │ 0      0 │ 0      0 │ 0      0 │   0      0 │   0      0 │ 0      0 │ 0      0 │   35    +35 │   35    +35 │  16    +16 │ 0      0 │  16    +16 │ 0      0 │ 0      0 │      0      0 │ 0      0 │    0      0 │    0      0 │
│ libc_tinystdio_printf.c.o         │   46    +46 │ 0      0 │ 0      0 │ 0      0 │   0      0 │   0      0 │ 0      0 │ 0      0 │   46    +46 │   46    +46 │   0      0 │ 0      0 │   0      0 │ 0      0 │ 0      0 │      0      0 │ 0      0 │    0      0 │    0      0 │
│ libm_common_math_inexact.c.o      │   46    +46 │ 0      0 │ 0      0 │ 0      0 │   0      0 │   0      0 │ 0      0 │ 0      0 │   46    +46 │   46    +46 │   0      0 │ 0      0 │   0      0 │ 0      0 │ 0      0 │      0      0 │ 0      0 │    0      0 │    0      0 │
│ libc_time_time.c.o                │   42    +42 │ 0      0 │ 0      0 │ 0      0 │   0      0 │   0      0 │ 0      0 │ 0      0 │   42    +42 │   42    +42 │   0      0 │ 0      0 │   0      0 │ 0      0 │ 0      0 │      0      0 │ 0      0 │    0      0 │    0      0 │
│ libc_string_strdup.c.o            │   42    +42 │ 0      0 │ 0      0 │ 0      0 │   0      0 │   0      0 │ 0      0 │ 0      0 │   42    +42 │   42    +42 │   0      0 │ 0      0 │   0      0 │ 0      0 │ 0      0 │      0      0 │ 0      0 │    0      0 │    0      0 │
│ libc_tinystdio_fprintf.c.o        │   41    +41 │ 0      0 │ 0      0 │ 0      0 │   0      0 │   0      0 │ 0      0 │ 0      0 │   41    +41 │   41    +41 │   0      0 │ 0      0 │   0      0 │ 0      0 │ 0      0 │      0      0 │ 0      0 │    0      0 │    0      0 │
│ libc_tinystdio_flockfile_init.c.o │   40    +40 │ 0      0 │ 0      0 │ 0      0 │   0      0 │   0      0 │ 0      0 │ 0      0 │   40    +40 │   40    +40 │   0      0 │ 0      0 │   0      0 │ 0      0 │ 0      0 │      0      0 │ 0      0 │    0      0 │    0      0 │
│ libm_common_math_err_uflow.c.o    │   38    +38 │ 0      0 │ 0      0 │ 0      0 │   0      0 │   0      0 │ 0      0 │ 0      0 │   38    +38 │   38    +38 │   0      0 │ 0      0 │   0      0 │ 0      0 │ 0      0 │      0      0 │ 0      0 │    0      0 │    0      0 │
│ libm_common_math_err_divzero.c.o  │   38    +38 │ 0      0 │ 0      0 │ 0      0 │   0      0 │   0      0 │ 0      0 │ 0      0 │   38    +38 │   38    +38 │   0      0 │ 0      0 │   0      0 │ 0      0 │ 0      0 │      0      0 │ 0      0 │    0      0 │    0      0 │
│ libc_tinystdio_ryu_log10.c.o      │   36    +36 │ 0      0 │ 0      0 │ 0      0 │   0      0 │   0      0 │ 0      0 │ 0      0 │   36    +36 │   36    +36 │   0      0 │ 0      0 │   0      0 │ 0      0 │ 0      0 │      0      0 │ 0      0 │    0      0 │    0      0 │
│ libc_tinystdio_ryu_log2pow5.c.o   │   34    +34 │ 0      0 │ 0      0 │ 0      0 │   0      0 │   0      0 │ 0      0 │ 0      0 │   34    +34 │   34    +34 │   0      0 │ 0      0 │   0      0 │ 0      0 │ 0      0 │      0      0 │ 0      0 │    0      0 │    0      0 │
│ libm_common_math_err_oflow.c.o    │   34    +34 │ 0      0 │ 0      0 │ 0      0 │   0      0 │   0      0 │ 0      0 │ 0      0 │   34    +34 │   34    +34 │   0      0 │ 0      0 │   0      0 │ 0      0 │ 0      0 │      0      0 │ 0      0 │    0      0 │    0      0 │
│ libm_common_s_isnan.c.o           │   34    +34 │ 0      0 │ 0      0 │ 0      0 │   0      0 │   0      0 │ 0      0 │ 0      0 │   34    +34 │   34    +34 │   0      0 │ 0      0 │   0      0 │ 0      0 │ 0      0 │      0      0 │ 0      0 │    0      0 │    0      0 │
│ libc_misc_init.c.o                │   32    +32 │ 0      0 │ 0      0 │ 0      0 │   0      0 │   0      0 │ 0      0 │ 0      0 │   32    +32 │   32    +32 │   0      0 │ 0      0 │   0      0 │ 0      0 │ 0      0 │      0      0 │ 0      0 │    0      0 │    0      0 │
│ libm_common_s_log2.c.o            │   31    +31 │ 0      0 │ 0      0 │ 0      0 │   0      0 │   0      0 │ 0      0 │ 0      0 │   31    +31 │   31    +31 │   0      0 │ 0      0 │   0      0 │ 0      0 │ 0      0 │      0      0 │ 0      0 │    0      0 │    0      0 │
│ libc_tinystdio_vprintf.c.o        │   26    +26 │ 0      0 │ 0      0 │ 0      0 │   0      0 │   0      0 │ 0      0 │ 0      0 │   26    +26 │   26    +26 │   0      0 │ 0      0 │   0      0 │ 0      0 │ 0      0 │      0      0 │ 0      0 │    0      0 │    0      0 │
│ new_handler.o                     │   25    +25 │ 0      0 │ 0      0 │ 0      0 │   4     +4 │   4     +4 │ 0      0 │ 0      0 │   20    +20 │   20    +20 │   1     +1 │ 0      0 │   1     +1 │ 0      0 │ 0      0 │      0      0 │ 0      0 │    0      0 │    0      0 │
│ libc_tinystdio_filestrget.c.o     │   24    +24 │ 0      0 │ 0      0 │ 0      0 │   0      0 │   0      0 │ 0      0 │ 0      0 │   24    +24 │   24    +24 │   0      0 │ 0      0 │   0      0 │ 0      0 │ 0      0 │      0      0 │ 0      0 │    0      0 │    0      0 │
│ libc_time_month_lengths.c.o       │   24    +24 │ 0      0 │ 0      0 │ 0      0 │   0      0 │   0      0 │ 0      0 │ 0      0 │    0      0 │    0      0 │  24    +24 │ 0      0 │  24    +24 │ 0      0 │ 0      0 │      0      0 │ 0      0 │    0      0 │    0      0 │
│ libc_tinystdio_filestrput.c.o     │   22    +22 │ 0      0 │ 0      0 │ 0      0 │   0      0 │   0      0 │ 0      0 │ 0      0 │   22    +22 │   22    +22 │   0      0 │ 0      0 │   0      0 │ 0      0 │ 0      0 │      0      0 │ 0      0 │    0      0 │    0      0 │
│ libc_stdlib_pico-cxa-atexit.c.o   │   20    +20 │ 0      0 │ 0      0 │ 0      0 │   0      0 │   0      0 │ 0      0 │ 0      0 │   20    +20 │   20    +20 │   0      0 │ 0      0 │   0      0 │ 0      0 │ 0      0 │      0      0 │ 0      0 │    0      0 │    0      0 │
│ libc_stdlib_getenv.c.o            │   17    +17 │ 0      0 │ 0      0 │ 0      0 │   0      0 │   0      0 │ 0      0 │ 0      0 │   17    +17 │   17    +17 │   0      0 │ 0      0 │   0      0 │ 0      0 │ 0      0 │      0      0 │ 0      0 │    0      0 │    0      0 │
│ libc_time_tzvars.c.o              │   16    +16 │ 0      0 │ 0      0 │ 0      0 │  16    +16 │   8     +8 │ 8     +8 │ 0      0 │    0      0 │    0      0 │   0      0 │ 0      0 │   0      0 │ 0      0 │ 0      0 │      0      0 │ 0      0 │    0      0 │    0      0 │
│ new_opv.o                         │   16    +16 │ 0      0 │ 0      0 │ 0      0 │   0      0 │   0      0 │ 0      0 │ 0      0 │   16    +16 │   16    +16 │   0      0 │ 0      0 │   0      0 │ 0      0 │ 0      0 │      0      0 │ 0      0 │    0      0 │    0      0 │
│ libc_tinystdio_ryu_pow5bits.c.o   │   16    +16 │ 0      0 │ 0      0 │ 0      0 │   0      0 │   0      0 │ 0      0 │ 0      0 │   16    +16 │   16    +16 │   0      0 │ 0      0 │   0      0 │ 0      0 │ 0      0 │      0      0 │ 0      0 │    0      0 │    0      0 │
│ libc_ctype_toupper.c.o            │   16    +16 │ 0      0 │ 0      0 │ 0      0 │   0      0 │   0      0 │ 0      0 │ 0      0 │   16    +16 │   16    +16 │   0      0 │ 0      0 │   0      0 │ 0      0 │ 0      0 │      0      0 │ 0      0 │    0      0 │    0      0 │
│ del_ops.o                         │   14    +14 │ 0      0 │ 0      0 │ 0      0 │   0      0 │   0      0 │ 0      0 │ 0      0 │   14    +14 │   14    +14 │   0      0 │ 0      0 │   0      0 │ 0      0 │ 0      0 │      0      0 │ 0      0 │    0      0 │    0      0 │
│ del_opv.o                         │   14    +14 │ 0      0 │ 0      0 │ 0      0 │   0      0 │   0      0 │ 0      0 │ 0      0 │   14    +14 │   14    +14 │   0      0 │ 0      0 │   0      0 │ 0      0 │ 0      0 │      0      0 │ 0      0 │    0      0 │    0      0 │
│ del_op.o                          │   14    +14 │ 0      0 │ 0      0 │ 0      0 │   0      0 │   0      0 │ 0      0 │ 0      0 │   14    +14 │   14    +14 │   0      0 │ 0      0 │   0      0 │ 0      0 │ 0      0 │      0      0 │ 0      0 │    0      0 │    0      0 │
│ tinfo.o                           │   12    +12 │ 0      0 │ 0      0 │ 0      0 │   0      0 │   0      0 │ 0      0 │ 0      0 │   12    +12 │   12    +12 │   0      0 │ 0      0 │   0      0 │ 0      0 │ 0      0 │      0      0 │ 0      0 │    0      0 │    0      0 │
│ libc_stdlib_environ.c.o           │    8     +8 │ 0      0 │ 0      0 │ 0      0 │   4     +4 │   0      0 │ 4     +4 │ 0      0 │    0      0 │    0      0 │   4     +4 │ 0      0 │   4     +4 │ 0      0 │ 0      0 │      0      0 │ 0      0 │    0      0 │    0      0 │
│ eh_exception.o                    │    5     +5 │ 0      0 │ 0      0 │ 0      0 │   0      0 │   0      0 │ 0      0 │ 0      0 │    5     +5 │    5     +5 │   0      0 │ 0      0 │   0      0 │ 0      0 │ 0      0 │      0      0 │ 0      0 │    0      0 │    0      0 │
│ eh_term_handler.o                 │    4     +4 │ 0      0 │ 0      0 │ 0      0 │   4     +4 │   0      0 │ 4     +4 │ 0      0 │    0      0 │    0      0 │   0      0 │ 0      0 │   0      0 │ 0      0 │ 0      0 │      0      0 │ 0      0 │    0      0 │    0      0 │
│ new_handler.o                     │    0    -25 │ 0      0 │ 0      0 │ 0      0 │   0     -4 │   0     -4 │ 0      0 │ 0      0 │    0    -20 │    0    -20 │   0     -1 │ 0      0 │   0     -1 │ 0      0 │ 0      0 │      0      0 │ 0      0 │    0      0 │    0      0 │
│ eh_alloc.o                        │    0  -1045 │ 0      0 │ 0      0 │ 0      0 │   0    -16 │   0    -16 │ 0      0 │ 0      0 │    0   -869 │    0   -869 │   0   -160 │ 0      0 │   0   -160 │ 0      0 │ 0      0 │      0      0 │ 0      0 │    0      0 │    0      0 │
│ eh_globals.o                      │    0   -218 │ 0      0 │ 0      0 │ 0      0 │   0    -13 │   0    -13 │ 0      0 │ 0      0 │    0   -193 │    0   -193 │   0    -12 │ 0      0 │   0    -12 │ 0      0 │ 0      0 │      0      0 │ 0      0 │    0      0 │    0      0 │
│ cow-string-inst.o                 │    0   -359 │ 0      0 │ 0      0 │ 0      0 │   0    -16 │   0    -16 │ 0      0 │ 0      0 │    0   -343 │    0   -343 │   0      0 │ 0      0 │   0      0 │ 0      0 │ 0      0 │      0      0 │ 0      0 │    0      0 │    0      0 │
│ libc_stdlib_pico-exitprocs.c.o    │    0   -450 │ 0      0 │ 0      0 │ 0      0 │   0   -384 │   0   -384 │ 0      0 │ 0      0 │    0    -66 │    0    -66 │   0      0 │ 0      0 │   0      0 │ 0      0 │ 0      0 │      0      0 │ 0      0 │    0      0 │    0      0 │
│ libc_time_tzset.c.o               │    0  -1066 │ 0      0 │ 0      0 │ 0      0 │   0    -24 │   0    -24 │ 0      0 │ 0      0 │    0  -1042 │    0  -1042 │   0      0 │ 0      0 │   0      0 │ 0      0 │ 0      0 │      0      0 │ 0      0 │    0      0 │    0      0 │
│ libc_time_tzvars.c.o              │    0    -16 │ 0      0 │ 0      0 │ 0      0 │   0    -16 │   0     -8 │ 0     -8 │ 0      0 │    0      0 │    0      0 │   0      0 │ 0      0 │   0      0 │ 0      0 │ 0      0 │      0      0 │ 0      0 │    0      0 │    0      0 │
│ libc_time_gettzinfo.c.o           │    0   -100 │ 0      0 │ 0      0 │ 0      0 │   0    -88 │   0    -88 │ 0      0 │ 0      0 │    0    -12 │    0    -12 │   0      0 │ 0      0 │   0      0 │ 0      0 │ 0      0 │      0      0 │ 0      0 │    0      0 │    0      0 │
│ eh_term_handler.o                 │    0     -4 │ 0      0 │ 0      0 │ 0      0 │   0     -4 │   0      0 │ 0     -4 │ 0      0 │    0      0 │    0      0 │   0      0 │ 0      0 │   0      0 │ 0      0 │ 0      0 │      0      0 │ 0      0 │    0      0 │    0      0 │
│ libc_stdlib_environ.c.o           │    0     -8 │ 0      0 │ 0      0 │ 0      0 │   0     -4 │   0      0 │ 0     -4 │ 0      0 │    0      0 │    0      0 │   0     -4 │ 0      0 │   0     -4 │ 0      0 │ 0      0 │      0      0 │ 0      0 │    0      0 │    0      0 │
│ new_op.o                          │    0   -121 │ 0      0 │ 0      0 │ 0      0 │   0      0 │   0      0 │ 0      0 │ 0      0 │    0    -75 │    0    -75 │   0    -46 │ 0      0 │   0    -46 │ 0      0 │ 0      0 │      0      0 │ 0      0 │    0      0 │    0      0 │
│ si_class_type_info.o              │    0   -342 │ 0      0 │ 0      0 │ 0      0 │   0      0 │   0      0 │ 0      0 │ 0      0 │    0   -298 │    0   -298 │   0    -44 │ 0      0 │   0    -44 │ 0      0 │ 0      0 │      0      0 │ 0      0 │    0      0 │    0      0 │
│ functexcept.o                     │    0   -427 │ 0      0 │ 0      0 │ 0      0 │   0      0 │   0      0 │ 0      0 │ 0      0 │    0   -268 │    0   -268 │   0   -159 │ 0      0 │   0   -159 │ 0      0 │ 0      0 │      0      0 │ 0      0 │    0      0 │    0      0 │
│ bad_alloc.o                       │    0    -74 │ 0      0 │ 0      0 │ 0      0 │   0      0 │   0      0 │ 0      0 │ 0      0 │    0    -54 │    0    -54 │   0    -20 │ 0      0 │   0    -20 │ 0      0 │ 0      0 │      0      0 │ 0      0 │    0      0 │    0      0 │
│ bad_array_new.o                   │    0    -74 │ 0      0 │ 0      0 │ 0      0 │   0      0 │   0      0 │ 0      0 │ 0      0 │    0    -54 │    0    -54 │   0    -20 │ 0      0 │   0    -20 │ 0      0 │ 0      0 │      0      0 │ 0      0 │    0      0 │    0      0 │
│ class_type_info.o                 │    0   -323 │ 0      0 │ 0      0 │ 0      0 │   0      0 │   0      0 │ 0      0 │ 0      0 │    0   -279 │    0   -279 │   0    -44 │ 0      0 │   0    -44 │ 0      0 │ 0      0 │      0      0 │ 0      0 │    0      0 │    0      0 │
│ eh_catch.o                        │    0   -188 │ 0      0 │ 0      0 │ 0      0 │   0      0 │   0      0 │ 0      0 │ 0      0 │    0   -188 │    0   -188 │   0      0 │ 0      0 │   0      0 │ 0      0 │ 0      0 │      0      0 │ 0      0 │    0      0 │    0      0 │
│ eh_terminate.o                    │    0    -77 │ 0      0 │ 0      0 │ 0      0 │   0      0 │   0      0 │ 0      0 │ 0      0 │    0    -61 │    0    -61 │   0    -16 │ 0      0 │   0    -16 │ 0      0 │ 0      0 │      0      0 │ 0      0 │    0      0 │    0      0 │
│ stdexcept.o                       │    0   -212 │ 0      0 │ 0      0 │ 0      0 │   0      0 │   0      0 │ 0      0 │ 0      0 │    0   -152 │    0   -152 │   0    -60 │ 0      0 │   0    -60 │ 0      0 │ 0      0 │      0      0 │ 0      0 │    0      0 │    0      0 │
│ del_ops.o                         │    0    -14 │ 0      0 │ 0      0 │ 0      0 │   0      0 │   0      0 │ 0      0 │ 0      0 │    0    -14 │    0    -14 │   0      0 │ 0      0 │   0      0 │ 0      0 │ 0      0 │      0      0 │ 0      0 │    0      0 │    0      0 │
│ del_opv.o                         │    0    -14 │ 0      0 │ 0      0 │ 0      0 │   0      0 │   0      0 │ 0      0 │ 0      0 │    0    -14 │    0    -14 │   0      0 │ 0      0 │   0      0 │ 0      0 │ 0      0 │      0      0 │ 0      0 │    0      0 │    0      0 │
│ new_opnt.o                        │    0    -51 │ 0      0 │ 0      0 │ 0      0 │   0      0 │   0      0 │ 0      0 │ 0      0 │    0    -35 │    0    -35 │   0    -16 │ 0      0 │   0    -16 │ 0      0 │ 0      0 │      0      0 │ 0      0 │    0      0 │    0      0 │
│ new_opv.o                         │    0    -16 │ 0      0 │ 0      0 │ 0      0 │   0      0 │   0      0 │ 0      0 │ 0      0 │    0    -16 │    0    -16 │   0      0 │ 0      0 │   0      0 │ 0      0 │ 0      0 │      0      0 │ 0      0 │    0      0 │    0      0 │
│ new_opvnt.o                       │    0    -51 │ 0      0 │ 0      0 │ 0      0 │   0      0 │   0      0 │ 0      0 │ 0      0 │    0    -35 │    0    -35 │   0    -16 │ 0      0 │   0    -16 │ 0      0 │ 0      0 │      0      0 │ 0      0 │    0      0 │    0      0 │
│ string-inst.o                     │    0   -111 │ 0      0 │ 0      0 │ 0      0 │   0      0 │   0      0 │ 0      0 │ 0      0 │    0   -111 │    0   -111 │   0      0 │ 0      0 │   0      0 │ 0      0 │ 0      0 │      0      0 │ 0      0 │    0      0 │    0      0 │
│ del_op.o                          │    0    -14 │ 0      0 │ 0      0 │ 0      0 │   0      0 │   0      0 │ 0      0 │ 0      0 │    0    -14 │    0    -14 │   0      0 │ 0      0 │   0      0 │ 0      0 │ 0      0 │      0      0 │ 0      0 │    0      0 │    0      0 │
│ cow-stdexcept.o                   │    0    -98 │ 0      0 │ 0      0 │ 0      0 │   0      0 │   0      0 │ 0      0 │ 0      0 │    0    -86 │    0    -86 │   0    -12 │ 0      0 │   0    -12 │ 0      0 │ 0      0 │      0      0 │ 0      0 │    0      0 │    0      0 │
│ tinfo.o                           │    0    -12 │ 0      0 │ 0      0 │ 0      0 │   0      0 │   0      0 │ 0      0 │ 0      0 │    0    -12 │    0    -12 │   0      0 │ 0      0 │   0      0 │ 0      0 │ 0      0 │      0      0 │ 0      0 │    0      0 │    0      0 │
│ eh_exception.o                    │    0     -5 │ 0      0 │ 0      0 │ 0      0 │   0      0 │   0      0 │ 0      0 │ 0      0 │    0     -5 │    0     -5 │   0      0 │ 0      0 │   0      0 │ 0      0 │ 0      0 │      0      0 │ 0      0 │    0      0 │    0      0 │
│ libc_misc_init.c.o                │    0    -32 │ 0      0 │ 0      0 │ 0      0 │   0      0 │   0      0 │ 0      0 │ 0      0 │    0    -32 │    0    -32 │   0      0 │ 0      0 │   0      0 │ 0      0 │ 0      0 │      0      0 │ 0      0 │    0      0 │    0      0 │
│ libc_stdlib_getenv_r.c.o          │    0   -150 │ 0      0 │ 0      0 │ 0      0 │   0      0 │   0      0 │ 0      0 │ 0      0 │    0   -150 │    0   -150 │   0      0 │ 0      0 │   0      0 │ 0      0 │ 0      0 │      0      0 │ 0      0 │    0      0 │    0      0 │
│ libc_time_lcltime_r.c.o           │    0   -611 │ 0      0 │ 0      0 │ 0      0 │   0      0 │   0      0 │ 0      0 │ 0      0 │    0   -611 │    0   -611 │   0      0 │ 0      0 │   0      0 │ 0      0 │ 0      0 │      0      0 │ 0      0 │    0      0 │    0      0 │
│ libc_time_mktime.c.o              │    0  -1055 │ 0      0 │ 0      0 │ 0      0 │   0      0 │   0      0 │ 0      0 │ 0      0 │    0  -1031 │    0  -1031 │   0    -24 │ 0      0 │   0    -24 │ 0      0 │ 0      0 │      0      0 │ 0      0 │    0      0 │    0      0 │
│ libc_time_time.c.o                │    0    -42 │ 0      0 │ 0      0 │ 0      0 │   0      0 │   0      0 │ 0      0 │ 0      0 │    0    -42 │    0    -42 │   0      0 │ 0      0 │   0      0 │ 0      0 │ 0      0 │      0      0 │ 0      0 │    0      0 │    0      0 │
│ libc_time_tzcalc_limits.c.o       │    0   -406 │ 0      0 │ 0      0 │ 0      0 │   0      0 │   0      0 │ 0      0 │ 0      0 │    0   -406 │    0   -406 │   0      0 │ 0      0 │   0      0 │ 0      0 │ 0      0 │      0      0 │ 0      0 │    0      0 │    0      0 │
│ libc_tinystdio_bufio.c.o          │    0   -724 │ 0      0 │ 0      0 │ 0      0 │   0      0 │   0      0 │ 0      0 │ 0      0 │    0   -724 │    0   -724 │   0      0 │ 0      0 │   0      0 │ 0      0 │ 0      0 │      0      0 │ 0      0 │    0      0 │    0      0 │
│ libc_tinystdio_fclose.c.o         │    0    -53 │ 0      0 │ 0      0 │ 0      0 │   0      0 │   0      0 │ 0      0 │ 0      0 │    0    -53 │    0    -53 │   0      0 │ 0      0 │   0      0 │ 0      0 │ 0      0 │      0      0 │ 0      0 │    0      0 │    0      0 │
│ libc_tinystdio_flockfile_init.c.o │    0    -40 │ 0      0 │ 0      0 │ 0      0 │   0      0 │   0      0 │ 0      0 │ 0      0 │    0    -40 │    0    -40 │   0      0 │ 0      0 │   0      0 │ 0      0 │ 0      0 │      0      0 │ 0      0 │    0      0 │    0      0 │
│ libc_tinystdio_fopen.c.o          │    0    -53 │ 0      0 │ 0      0 │ 0      0 │   0      0 │   0      0 │ 0      0 │ 0      0 │    0    -53 │    0    -53 │   0      0 │ 0      0 │   0      0 │ 0      0 │ 0      0 │      0      0 │ 0      0 │    0      0 │    0      0 │
│ libc_tinystdio_fseek.c.o          │    0   -220 │ 0      0 │ 0      0 │ 0      0 │   0      0 │   0      0 │ 0      0 │ 0      0 │    0   -220 │    0   -220 │   0      0 │ 0      0 │   0      0 │ 0      0 │ 0      0 │      0      0 │ 0      0 │    0      0 │    0      0 │
│ libc_tinystdio_ftell.c.o          │    0   -114 │ 0      0 │ 0      0 │ 0      0 │   0      0 │   0      0 │ 0      0 │ 0      0 │    0   -114 │    0   -114 │   0      0 │ 0      0 │   0      0 │ 0      0 │ 0      0 │      0      0 │ 0      0 │    0      0 │    0      0 │
│ libc_tinystdio_sflags.c.o         │    0   -100 │ 0      0 │ 0      0 │ 0      0 │   0      0 │   0      0 │ 0      0 │ 0      0 │    0   -100 │    0   -100 │   0      0 │ 0      0 │   0      0 │ 0      0 │ 0      0 │      0      0 │ 0      0 │    0      0 │    0      0 │
│ libc_tinystdio_snprintf.c.o       │    0   -102 │ 0      0 │ 0      0 │ 0      0 │   0      0 │   0      0 │ 0      0 │ 0      0 │    0   -102 │    0   -102 │   0      0 │ 0      0 │   0      0 │ 0      0 │ 0      0 │      0      0 │ 0      0 │    0      0 │    0      0 │
│ libc_tinystdio_sscanf.c.o         │    0    -76 │ 0      0 │ 0      0 │ 0      0 │   0      0 │   0      0 │ 0      0 │ 0      0 │    0    -76 │    0    -76 │   0      0 │ 0      0 │   0      0 │ 0      0 │ 0      0 │      0      0 │ 0      0 │    0      0 │    0      0 │
│ libc_tinystdio_strtod.c.o         │    0   -955 │ 0      0 │ 0      0 │ 0      0 │   0      0 │   0      0 │ 0      0 │ 0      0 │    0   -944 │    0   -944 │   0    -11 │ 0      0 │   0    -11 │ 0      0 │ 0      0 │      0      0 │ 0      0 │    0      0 │    0      0 │
│ libc_tinystdio_strtoul.c.o        │    0   -246 │ 0      0 │ 0      0 │ 0      0 │   0      0 │   0      0 │ 0      0 │ 0      0 │    0   -246 │    0   -246 │   0      0 │ 0      0 │   0      0 │ 0      0 │ 0      0 │      0      0 │ 0      0 │    0      0 │    0      0 │
│ libc_tinystdio_vfprintf.c.o       │    0  -3481 │ 0      0 │ 0      0 │ 0      0 │   0      0 │   0      0 │ 0      0 │ 0      0 │    0  -3337 │    0  -3337 │   0   -144 │ 0      0 │   0   -144 │ 0      0 │ 0      0 │      0      0 │ 0      0 │    0      0 │    0      0 │
│ libc_tinystdio_vfscanf.c.o        │    0  -2908 │ 0      0 │ 0      0 │ 0      0 │   0      0 │   0      0 │ 0      0 │ 0      0 │    0  -2813 │    0  -2813 │   0    -95 │ 0      0 │   0    -95 │ 0      0 │ 0      0 │      0      0 │ 0      0 │    0      0 │    0      0 │
│ libc_tinystdio_atod_ryu.c.o       │    0   -510 │ 0      0 │ 0      0 │ 0      0 │   0      0 │   0      0 │ 0      0 │ 0      0 │    0   -510 │    0   -510 │   0      0 │ 0      0 │   0      0 │ 0      0 │ 0      0 │      0      0 │ 0      0 │    0      0 │    0      0 │
│ libc_tinystdio_atof_ryu.c.o       │    0   -315 │ 0      0 │ 0      0 │ 0      0 │   0      0 │   0      0 │ 0      0 │ 0      0 │    0   -315 │    0   -315 │   0      0 │ 0      0 │   0      0 │ 0      0 │ 0      0 │      0      0 │ 0      0 │    0      0 │    0      0 │
│ libc_tinystdio_dtoa_ryu.c.o       │    0  -1751 │ 0      0 │ 0      0 │ 0      0 │   0      0 │   0      0 │ 0      0 │ 0      0 │    0  -1751 │    0  -1751 │   0      0 │ 0      0 │   0      0 │ 0      0 │ 0      0 │      0      0 │ 0      0 │    0      0 │    0      0 │
│ libc_tinystdio_ryu_log10.c.o      │    0    -36 │ 0      0 │ 0      0 │ 0      0 │   0      0 │   0      0 │ 0      0 │ 0      0 │    0    -36 │    0    -36 │   0      0 │ 0      0 │   0      0 │ 0      0 │ 0      0 │      0      0 │ 0      0 │    0      0 │    0      0 │
│ libc_tinystdio_ryu_log2pow5.c.o   │    0    -34 │ 0      0 │ 0      0 │ 0      0 │   0      0 │   0      0 │ 0      0 │ 0      0 │    0    -34 │    0    -34 │   0      0 │ 0      0 │   0      0 │ 0      0 │ 0      0 │      0      0 │ 0      0 │    0      0 │    0      0 │
│ libc_tinystdio_ryu_table.c.o      │    0  -1393 │ 0      0 │ 0      0 │ 0      0 │   0      0 │   0      0 │ 0      0 │ 0      0 │    0   -561 │    0   -561 │   0   -832 │ 0      0 │   0   -832 │ 0      0 │ 0      0 │      0      0 │ 0      0 │    0      0 │    0      0 │
│ libm_math_s_floor.c.o             │    0   -206 │ 0      0 │ 0      0 │ 0      0 │   0      0 │   0      0 │ 0      0 │ 0      0 │    0   -206 │    0   -206 │   0      0 │ 0      0 │   0      0 │ 0      0 │ 0      0 │      0      0 │ 0      0 │    0      0 │    0      0 │
│ libm_math_s_pow.c.o               │    0  -3095 │ 0      0 │ 0      0 │ 0      0 │   0      0 │   0      0 │ 0      0 │ 0      0 │    0  -3047 │    0  -3047 │   0    -48 │ 0      0 │   0    -48 │ 0      0 │ 0      0 │      0      0 │ 0      0 │    0      0 │    0      0 │
│ libm_math_s_sin.c.o               │    0   -132 │ 0      0 │ 0      0 │ 0      0 │   0      0 │   0      0 │ 0      0 │ 0      0 │    0   -132 │    0   -132 │   0      0 │ 0      0 │   0      0 │ 0      0 │ 0      0 │      0      0 │ 0      0 │    0      0 │    0      0 │
│ libm_common_s_scalbn.c.o          │    0   -195 │ 0      0 │ 0      0 │ 0      0 │   0      0 │   0      0 │ 0      0 │ 0      0 │    0   -195 │    0   -195 │   0      0 │ 0      0 │   0      0 │ 0      0 │ 0      0 │      0      0 │ 0      0 │    0      0 │    0      0 │
│ libm_common_s_lround.c.o          │    0   -235 │ 0      0 │ 0      0 │ 0      0 │   0      0 │   0      0 │ 0      0 │ 0      0 │    0   -235 │    0   -235 │   0      0 │ 0      0 │   0      0 │ 0      0 │ 0      0 │      0      0 │ 0      0 │    0      0 │    0      0 │
│ libc_time_gmtime_r.c.o            │    0   -502 │ 0      0 │ 0      0 │ 0      0 │   0      0 │   0      0 │ 0      0 │ 0      0 │    0   -502 │    0   -502 │   0      0 │ 0      0 │   0      0 │ 0      0 │ 0      0 │      0      0 │ 0      0 │    0      0 │    0      0 │
│ libc_tinystdio_dtox_engine.c.o    │    0   -311 │ 0      0 │ 0      0 │ 0      0 │   0      0 │   0      0 │ 0      0 │ 0      0 │    0   -311 │    0   -311 │   0      0 │ 0      0 │   0      0 │ 0      0 │ 0      0 │      0      0 │ 0      0 │    0      0 │    0      0 │
│ libc_tinystdio_fdopen.c.o         │    0   -178 │ 0      0 │ 0      0 │ 0      0 │   0      0 │   0      0 │ 0      0 │ 0      0 │    0   -178 │    0   -178 │   0      0 │ 0      0 │   0      0 │ 0      0 │ 0      0 │      0      0 │ 0      0 │    0      0 │    0      0 │
│ libc_tinystdio_fseeko.c.o         │    0   -220 │ 0      0 │ 0      0 │ 0      0 │   0      0 │   0      0 │ 0      0 │ 0      0 │    0   -220 │    0   -220 │   0      0 │ 0      0 │   0      0 │ 0      0 │ 0      0 │      0      0 │ 0      0 │    0      0 │    0      0 │
│ libm_math_k_cos.c.o               │    0   -436 │ 0      0 │ 0      0 │ 0      0 │   0      0 │   0      0 │ 0      0 │ 0      0 │    0   -436 │    0   -436 │   0      0 │ 0      0 │   0      0 │ 0      0 │ 0      0 │      0      0 │ 0      0 │    0      0 │    0      0 │
│ libm_math_k_sin.c.o               │    0   -406 │ 0      0 │ 0      0 │ 0      0 │   0      0 │   0      0 │ 0      0 │ 0      0 │    0   -406 │    0   -406 │   0      0 │ 0      0 │   0      0 │ 0      0 │ 0      0 │      0      0 │ 0      0 │    0      0 │    0      0 │
│ libm_math_s_log.c.o               │    0   -996 │ 0      0 │ 0      0 │ 0      0 │   0      0 │   0      0 │ 0      0 │ 0      0 │    0   -996 │    0   -996 │   0      0 │ 0      0 │   0      0 │ 0      0 │ 0      0 │      0      0 │ 0      0 │    0      0 │    0      0 │
│ libm_math_s_rem_pio2.c.o          │    0  -1476 │ 0      0 │ 0      0 │ 0      0 │   0      0 │   0      0 │ 0      0 │ 0      0 │    0  -1084 │    0  -1084 │   0   -392 │ 0      0 │   0   -392 │ 0      0 │ 0      0 │      0      0 │ 0      0 │    0      0 │    0      0 │
│ libm_math_k_rem_pio2.c.o          │    0  -1952 │ 0      0 │ 0      0 │ 0      0 │   0      0 │   0      0 │ 0      0 │ 0      0 │    0  -1872 │    0  -1872 │   0    -80 │ 0      0 │   0    -80 │ 0      0 │ 0      0 │      0      0 │ 0      0 │    0      0 │    0      0 │
│ libc_stdlib_getenv.c.o            │    0    -17 │ 0      0 │ 0      0 │ 0      0 │   0      0 │   0      0 │ 0      0 │ 0      0 │    0    -17 │    0    -17 │   0      0 │ 0      0 │   0      0 │ 0      0 │ 0      0 │      0      0 │ 0      0 │    0      0 │    0      0 │
│ libc_stdlib_pico-cxa-atexit.c.o   │    0    -20 │ 0      0 │ 0      0 │ 0      0 │   0      0 │   0      0 │ 0      0 │ 0      0 │    0    -20 │    0    -20 │   0      0 │ 0      0 │   0      0 │ 0      0 │ 0      0 │      0      0 │ 0      0 │    0      0 │    0      0 │
│ libc_string_strdup.c.o            │    0    -42 │ 0      0 │ 0      0 │ 0      0 │   0      0 │   0      0 │ 0      0 │ 0      0 │    0    -42 │    0    -42 │   0      0 │ 0      0 │   0      0 │ 0      0 │ 0      0 │      0      0 │ 0      0 │    0      0 │    0      0 │
│ libc_tinystdio_ferror.c.o         │    0    -52 │ 0      0 │ 0      0 │ 0      0 │   0      0 │   0      0 │ 0      0 │ 0      0 │    0    -52 │    0    -52 │   0      0 │ 0      0 │   0      0 │ 0      0 │ 0      0 │      0      0 │ 0      0 │    0      0 │    0      0 │
│ libc_tinystdio_fflush.c.o         │    0    -60 │ 0      0 │ 0      0 │ 0      0 │   0      0 │   0      0 │ 0      0 │ 0      0 │    0    -60 │    0    -60 │   0      0 │ 0      0 │   0      0 │ 0      0 │ 0      0 │      0      0 │ 0      0 │    0      0 │    0      0 │
│ libc_tinystdio_fileno.c.o         │    0    -65 │ 0      0 │ 0      0 │ 0      0 │   0      0 │   0      0 │ 0      0 │ 0      0 │    0    -65 │    0    -65 │   0      0 │ 0      0 │   0      0 │ 0      0 │ 0      0 │      0      0 │ 0      0 │    0      0 │    0      0 │
│ libc_tinystdio_fprintf.c.o        │    0    -41 │ 0      0 │ 0      0 │ 0      0 │   0      0 │   0      0 │ 0      0 │ 0      0 │    0    -41 │    0    -41 │   0      0 │ 0      0 │   0      0 │ 0      0 │ 0      0 │      0      0 │ 0      0 │    0      0 │    0      0 │
│ libc_tinystdio_fread.c.o          │    0   -548 │ 0      0 │ 0      0 │ 0      0 │   0      0 │   0      0 │ 0      0 │ 0      0 │    0   -548 │    0   -548 │   0      0 │ 0      0 │   0      0 │ 0      0 │ 0      0 │      0      0 │ 0      0 │    0      0 │    0      0 │
│ libc_tinystdio_fwrite.c.o         │    0   -354 │ 0      0 │ 0      0 │ 0      0 │   0      0 │   0      0 │ 0      0 │ 0      0 │    0   -354 │    0   -354 │   0      0 │ 0      0 │   0      0 │ 0      0 │ 0      0 │      0      0 │ 0      0 │    0      0 │    0      0 │
│ libc_tinystdio_printf.c.o         │    0    -46 │ 0      0 │ 0      0 │ 0      0 │   0      0 │   0      0 │ 0      0 │ 0      0 │    0    -46 │    0    -46 │   0      0 │ 0      0 │   0      0 │ 0      0 │ 0      0 │      0      0 │ 0      0 │    0      0 │    0      0 │
│ libc_tinystdio_rewind.c.o         │    0    -62 │ 0      0 │ 0      0 │ 0      0 │   0      0 │   0      0 │ 0      0 │ 0      0 │    0    -62 │    0    -62 │   0      0 │ 0      0 │   0      0 │ 0      0 │ 0      0 │      0      0 │ 0      0 │    0      0 │    0      0 │
│ libc_tinystdio_setvbuf.c.o        │    0    -72 │ 0      0 │ 0      0 │ 0      0 │   0      0 │   0      0 │ 0      0 │ 0      0 │    0    -72 │    0    -72 │   0      0 │ 0      0 │   0      0 │ 0      0 │ 0      0 │      0      0 │ 0      0 │    0      0 │    0      0 │
│ libc_tinystdio_vprintf.c.o        │    0    -26 │ 0      0 │ 0      0 │ 0      0 │   0      0 │   0      0 │ 0      0 │ 0      0 │    0    -26 │    0    -26 │   0      0 │ 0      0 │   0      0 │ 0      0 │ 0      0 │      0      0 │ 0      0 │    0      0 │    0      0 │
│ libc_tinystdio_vsnprintf.c.o      │    0    -83 │ 0      0 │ 0      0 │ 0      0 │   0      0 │   0      0 │ 0      0 │ 0      0 │    0    -83 │    0    -83 │   0      0 │ 0      0 │   0      0 │ 0      0 │ 0      0 │      0      0 │ 0      0 │    0      0 │    0      0 │
│ libc_tinystdio_ryu_divpow2.c.o    │    0   -108 │ 0      0 │ 0      0 │ 0      0 │   0      0 │   0      0 │ 0      0 │ 0      0 │    0   -108 │    0   -108 │   0      0 │ 0      0 │   0      0 │ 0      0 │ 0      0 │      0      0 │ 0      0 │    0      0 │    0      0 │
│ libc_tinystdio_ryu_pow5bits.c.o   │    0    -16 │ 0      0 │ 0      0 │ 0      0 │   0      0 │   0      0 │ 0      0 │ 0      0 │    0    -16 │    0    -16 │   0      0 │ 0      0 │   0      0 │ 0      0 │ 0      0 │      0      0 │ 0      0 │    0      0 │    0      0 │
│ libc_tinystdio_ryu_umul128.c.o    │    0   -111 │ 0      0 │ 0      0 │ 0      0 │   0      0 │   0      0 │ 0      0 │ 0      0 │    0   -111 │    0   -111 │   0      0 │ 0      0 │   0      0 │ 0      0 │ 0      0 │      0      0 │ 0      0 │    0      0 │    0      0 │
│ libm_math_s_sqrt.c.o              │    0   -390 │ 0      0 │ 0      0 │ 0      0 │   0      0 │   0      0 │ 0      0 │ 0      0 │    0   -390 │    0   -390 │   0      0 │ 0      0 │   0      0 │ 0      0 │ 0      0 │      0      0 │ 0      0 │    0      0 │    0      0 │
│ libm_common_s_log2.c.o            │    0    -31 │ 0      0 │ 0      0 │ 0      0 │   0      0 │   0      0 │ 0      0 │ 0      0 │    0    -31 │    0    -31 │   0      0 │ 0      0 │   0      0 │ 0      0 │ 0      0 │      0      0 │ 0      0 │    0      0 │    0      0 │
│ libm_common_s_fpclassify.c.o      │    0    -58 │ 0      0 │ 0      0 │ 0      0 │   0      0 │   0      0 │ 0      0 │ 0      0 │    0    -58 │    0    -58 │   0      0 │ 0      0 │   0      0 │ 0      0 │ 0      0 │      0      0 │ 0      0 │    0      0 │    0      0 │
│ libm_common_math_err_uflow.c.o    │    0    -38 │ 0      0 │ 0      0 │ 0      0 │   0      0 │   0      0 │ 0      0 │ 0      0 │    0    -38 │    0    -38 │   0      0 │ 0      0 │   0      0 │ 0      0 │ 0      0 │      0      0 │ 0      0 │    0      0 │    0      0 │
│ libm_common_math_err_oflow.c.o    │    0    -34 │ 0      0 │ 0      0 │ 0      0 │   0      0 │   0      0 │ 0      0 │ 0      0 │    0    -34 │    0    -34 │   0      0 │ 0      0 │   0      0 │ 0      0 │ 0      0 │      0      0 │ 0      0 │    0      0 │    0      0 │
│ libm_common_math_err_divzero.c.o  │    0    -38 │ 0      0 │ 0      0 │ 0      0 │   0      0 │   0      0 │ 0      0 │ 0      0 │    0    -38 │    0    -38 │   0      0 │ 0      0 │   0      0 │ 0      0 │ 0      0 │      0      0 │ 0      0 │    0      0 │    0      0 │
│ libm_common_math_err_invalid.c.o  │    0    -91 │ 0      0 │ 0      0 │ 0      0 │   0      0 │   0      0 │ 0      0 │ 0      0 │    0    -91 │    0    -91 │   0      0 │ 0      0 │   0      0 │ 0      0 │ 0      0 │      0      0 │ 0      0 │    0      0 │    0      0 │
│ libc_tinystdio_clearerr.c.o       │    0    -52 │ 0      0 │ 0      0 │ 0      0 │   0      0 │   0      0 │ 0      0 │ 0      0 │    0    -52 │    0    -52 │   0      0 │ 0      0 │   0      0 │ 0      0 │ 0      0 │      0      0 │ 0      0 │    0      0 │    0      0 │
│ libc_tinystdio_ungetc.c.o         │    0   -187 │ 0      0 │ 0      0 │ 0      0 │   0      0 │   0      0 │ 0      0 │ 0      0 │    0   -187 │    0   -187 │   0      0 │ 0      0 │   0      0 │ 0      0 │ 0      0 │      0      0 │ 0      0 │    0      0 │    0      0 │
│ libm_common_math_inexact.c.o      │    0    -46 │ 0      0 │ 0      0 │ 0      0 │   0      0 │   0      0 │ 0      0 │ 0      0 │    0    -46 │    0    -46 │   0      0 │ 0      0 │   0      0 │ 0      0 │ 0      0 │      0      0 │ 0      0 │    0      0 │    0      0 │
│ libc_ctype_toupper.c.o            │    0    -16 │ 0      0 │ 0      0 │ 0      0 │   0      0 │   0      0 │ 0      0 │ 0      0 │    0    -16 │    0    -16 │   0      0 │ 0      0 │   0      0 │ 0      0 │ 0      0 │      0      0 │ 0      0 │    0      0 │    0      0 │
│ libm_common_s_isnan.c.o           │    0    -34 │ 0      0 │ 0      0 │ 0      0 │   0      0 │   0      0 │ 0      0 │ 0      0 │    0    -34 │    0    -34 │   0      0 │ 0      0 │   0      0 │ 0      0 │ 0      0 │      0      0 │ 0      0 │    0      0 │    0      0 │
│ libc_tinystdio_fgetc.c.o          │    0   -150 │ 0      0 │ 0      0 │ 0      0 │   0      0 │   0      0 │ 0      0 │ 0      0 │    0   -150 │    0   -150 │   0      0 │ 0      0 │   0      0 │ 0      0 │ 0      0 │      0      0 │ 0      0 │    0      0 │    0      0 │
│ libc_tinystdio_filestrget.c.o     │    0    -24 │ 0      0 │ 0      0 │ 0      0 │   0      0 │   0      0 │ 0      0 │ 0      0 │    0    -24 │    0    -24 │   0      0 │ 0      0 │   0      0 │ 0      0 │ 0      0 │      0      0 │ 0      0 │    0      0 │    0      0 │
│ libc_tinystdio_filestrput.c.o     │    0    -22 │ 0      0 │ 0      0 │ 0      0 │   0      0 │   0      0 │ 0      0 │ 0      0 │    0    -22 │    0    -22 │   0      0 │ 0      0 │   0      0 │ 0      0 │ 0      0 │      0      0 │ 0      0 │    0      0 │    0      0 │
│ libc_time_month_lengths.c.o       │    0    -24 │ 0      0 │ 0      0 │ 0      0 │   0      0 │   0      0 │ 0      0 │ 0      0 │    0      0 │    0      0 │   0    -24 │ 0      0 │   0    -24 │ 0      0 │ 0      0 │      0      0 │ 0      0 │    0      0 │    0      0 │
└───────────────────────────────────┴─────────────┴──────────┴──────────┴──────────┴────────────┴────────────┴──────────┴──────────┴─────────────┴─────────────┴────────────┴──────────┴────────────┴──────────┴──────────┴───────────────┴──────────┴─────────────┴─────────────┘
