[1/9] Performing build step for 'bootloader'
[1/1] C:\WINDOWS\system32\cmd.exe /C "cd /D <repo>\native\targets\tdeck\build-batch48\bootloader && <home>\.espressif\python_env\idf6.1_py3.14_env\Scripts\python.exe C:/esp/v6.1/esp-idf/components/partition_table/check_sizes.py --offset 0x8000 bootloader 0x0 <repo>/native/targets/tdeck/build-batch48/bootloader/bootloader.bin"

Bootloader binary size 0x5850 bytes. 0x27b0 bytes (31%) free.


[2/9] No install step for 'bootloader'
[3/9] Completed 'bootloader'
[4/9] Building CXX object esp-idf/main/CMakeFiles/__idf_main.dir/C_/Dev/OpenU5-Native/native/core/src/presentation.cpp.obj
[5/9] Linking C static library esp-idf\main\libmain.a
[6/9] Generating esp-idf/esp_system/ld/sections.ld
Skipping linker script generation, section names unchanged

[7/9] Linking CXX executable openu5_tdeck.elf
[8/9] Generating binary image from built executable
esptool v5.4.0

Creating ESP32-S3 image...

Merged 3 ELF sections.

Successfully created ESP32-S3 image.

Generated <repo>/native/targets/tdeck/build-batch48/openu5_tdeck.bin
[9/9] C:\WINDOWS\system32\cmd.exe /C "cd /D <repo>\native\targets\tdeck\build-batch48 && <home>\.espressif\python_env\idf6.1_py3.14_env\Scripts\python.exe C:/esp/v6.1/esp-idf/components/partition_table/check_sizes.py --offset 0x8000 partition --type app <repo>/native/targets/tdeck/build-batch48/partition_table/partition-table.bin <repo>/native/targets/tdeck/build-batch48/openu5_tdeck.bin"
openu5_tdeck.bin binary size 0xd5380 bytes. Smallest app partition is 0x100000 bytes. 0x2ac80 bytes (17%) free.

Executing action: all (aliases: build)
Running ninja in directory <repo>\native\targets\tdeck\build-batch48
Executing "ninja all"...


Project build complete. To flash, run:
 idf.py flash
or
 idf.py -p PORT flash
or
 python -m esptool --chip esp32s3 -b 460800 --before default-reset --after hard-reset write-flash --flash-mode dio --flash-size 16MB --flash-freq 80m 0x0 build-batch48\bootloader\bootloader.bin 0x8000 build-batch48\partition_table\partition-table.bin 0x10000 build-batch48\openu5_tdeck.bin
or from the "<repo>\native\targets\tdeck\build-batch48" directory
 python -m esptool --chip esp32s3 -b 460800 --before default-reset --after hard-reset write-flash "@flash_args"
