K1 KILLED the probe is ignored: the synth still renders under it :: contention: P3, P6
K2 KILLED the probe discards the synth's output instead of skipping it (the song advances) :: contention: P6
K3 KILLED the probe counts as no work: the channel turns off :: contention: P4, P8
K4 KILLED the audio window never reports the probe :: contention: P3
K5 KILLED task busy = the whole delivery interval (the write's wait not subtracted) :: contention: B1, B2
C1 KILLED row classes swapped: the idle rows' fill is the busy rows' cycles :: contention: C5, F1, L1 | runtime: R2, R5
C2 KILLED viewport frames are not kept apart from the rest :: contention: C2, C7, F1, L1 | runtime: R1, R2
C3 KILLED the fill share forgets the yields :: contention: C3, F1, L1 | runtime: R2, R3, R5
C4 KILLED an untimed frame is treated as timed (no cpu_mhz guard) :: contention: exit 3221225620 | runtime: exit 3221225620
C5 KILLED late yields are not accumulated :: contention: C4, F1, L1
F1 INVALID the report loses its contention section :: pp
C:/Dev/OpenU5-Native/native/core/src/perf_report.cpp:289:6: error: 'void openu5::{anonymous}::contention_section(Lines&, const openu5::PerfReportInput&)' defined but not used [-Werror=unused-function]
  289 | void contention_section(Lines &out, const PerfReportInput &in) {
      |      ^~~~~~~~~~~~~~~~~~
cc1plus.exe: all warnings being treated as errors
ninja: build stopped: subcommand failed.

F2 KILLED no music capability: the BYPASS label is dropped (the bug found on the first run) :: runtime: P3
F3 KILLED the report buffer back at A3-04B's 48 lines :: contention: F4, F4
F4 KILLED the line buffer too short for the worst realistic window :: contention: L2
F5 INVALID the line loses its row-level split :: iles/a3_04c_contention_runtime.dir/C_/Dev/OpenU5-Native/native/targets/tdeck/host_tests/a3_04c_contention_runtime_test.cpp.obj
[5/9] Building CXX object CMakeFiles/a3_04c_contention_runtime.dir/C_/Dev/OpenU5-Native/native/targets/tdeck/main/alpha_runtime.cpp.obj
[6/9] Building CXX object CMakeFiles/a3_04c_contention.dir/tests/a3_04c_contention_test.cpp.obj
ninja: build stopped: subcommand failed.

R1 KILLED the frame's TFT timing is dropped on the way to the counters :: runtime: R1, R2, R3, R5
R2 KILLED a live read does not start a new contention window :: runtime: R6
R3 KILLED the probe flips its state without telling the audio task :: runtime: P2, P4, P5
R4 KILLED the scenario never says BYPASS :: runtime: P3
R5 KILLED the SD-log bursts are never read :: runtime: R5
U1 KILLED the probe row never shows its state :: runtime: P2
U2 KILLED the probe row runs the live stats instead :: runtime: P2, P3, P4, P5, P6, T1
D1 KILLED a viewport row is written without timing :: contention: S1
D2 KILLED a draw-loop yield is untimed :: contention: S2
D3 KILLED the audio flag stays 1 while the task waits for the DMA :: contention: S5
D4 KILLED the probe never reaches the pump :: contention: S6
D5 KILLED main.cpp never gives the Board the audio flag :: contention: S7
D6 KILLED the SD-log bursts are never counted :: contention: S8

26/28 killed; 0 survived; 2 invalid/not applied
