# A3-02 mutation validation (2026-09-26 12:36)

M1 sweep direction reversed (bx -= step) [native/core/src/sfx_synth.cpp]: KILLED
    synth          exit=1  2 RED
        RED Y2 sweep direction: bx rising narrows the gate (up sweep), bx falling widens it (down sweep)
        RED Y2 sweep endpoints: both legs keep the one pitch of inc (1898 Hz) while the duty moves
M2 wrong harpsichord frequency table (digits 1 and 2 swapped) [native/core/src/sfx_synth.cpp]: KILLED
    synth          exit=1  5 RED
        RED Y1 a tone_sweep's pitch is inc/65536 x 25806 Hz (harpsichord digit 1 = 1227 Hz), measured
        RED H15 digit d plays note[d] of DATA.OVL 0x2746 (4000 samples, bx 20000 -4); out-of-range digits clamp
        RED H16 digits 1..9 rise in pitch and 0 is the highest key (the 10th, above the octave)
        RED H16 every note sounds at its table pitch; the intervals are the table's ratios
        RED R1 all 81 reference segments agree: kind, pitch (sweep exact, PIT tones within the divisor's 0.3 %), length within 0.1 ms, glide staircase and noise draw counts
M3 wrong ceremony pitch table (idx 3) [native/core/src/sfx_synth.cpp]: KILLED
    synth          exit=1  2 RED
        RED E11 the ceremony CAST2 0x0000(i) uses the DATA.OVL tables 0x4af6/0x4b08/0x4b1a/0x4b2c for all 9 i
        RED R1 all 81 reference segments agree: kind, pitch (sweep exact, PIT tones within the divisor's 0.3 %), length within 0.1 ms, glide staircase and noise draw counts
M4 0 % is not silent (gain floor of 1) [native/core/src/sfx_synth.cpp]: KILLED
    synth          exit=1  1 RED
        RED Y7 0 % is exact digital silence (every sample 0)
M5 the service no longer mutes at 0 % [native/core/src/audio.cpp]: KILLED
    runtime        exit=1  1 RED
        RED R2 at SFX Volume 0 nothing is submitted and the output is exact silence
    a3-01 contract exit=1  1 RED
        RED S16 SFX volume 0 is mute: nothing is submitted
    a3-01 runtime  exit=1  2 RED
        RED T16 with SFX Volume 0 no apparition cue is submitted at all
        RED D2 at SFX Volume 0 % the test tone is not submitted, and the line says why
M6 the Camp scene waits on the audio path (holds while audio refuses) [native/targets/tdeck/main/alpha_runtime.cpp]: KILLED
    runtime        exit=1  2 RED
        RED T19 the paced apparition reaches its Hail getkey under every audio setup
        RED T19 Camp: every 5 ms sample, every frame timestamp and the final state are identical with no audio, the synthesizer, SFX muted, a failing backend, audio stalled and audio racing ahead
    a3-01 runtime  exit=1  4 RED
        RED T19 the paced apparition reaches its Hail getkey under every audio setup
        RED T19 the 5 ms timeline (XOR, getkey, pacer, frame count) is identical: none / recording / refusing / muted
        RED T19 every presented frame carries the same timestamp under every audio setup
        RED T18 and the game state after the scene is the same
M7 the Blackthorn scene waits on the audio path (stretches while sound is submitted) [native/targets/tdeck/main/alpha_runtime.cpp]: KILLED
    runtime        exit=1  1 RED
        RED T21 Blackthorn: identical samples, frames and state with no audio, the synthesizer, muted, failing, stalled and racing audio
M8 a load does not clear SFX [native/targets/tdeck/main/alpha_runtime.cpp]: KILLED
    runtime        exit=1  4 RED
        RED P5 Alt+L during a note: faded out within 2 ms, nothing queued survives
        RED M1 Alt+L: the playing cue fades in 2 ms, the queued one is dropped, silence after the load
        RED M2 System Menu Load: the same
        RED M3 Return to Title flushes, and title Continue's load flushes again: silence in the loaded world
    a3-01 runtime  exit=1  1 RED
        RED H1 Alt+L flushes the audio service's SFX (stop_sfx)
M9 Return to Title does not clear SFX [native/targets/tdeck/main/alpha_runtime.cpp]: KILLED
    runtime        exit=1  3 RED
        RED M3 Return to Title flushes, and title Continue's load flushes again: silence in the loaded world
        RED M4 Return to Title alone flushes SFX (new in A3-02: the title replaces the world)
        RED M6 the audio path still works in Ending, and Return to Title from it flushes
M10 harpsichord wrong note index (digit + 1) [native/core/src/sfx_synth.cpp]: KILLED
    synth          exit=1  5 RED
        RED Y1 a tone_sweep's pitch is inc/65536 x 25806 Hz (harpsichord digit 1 = 1227 Hz), measured
        RED H15 digit d plays note[d] of DATA.OVL 0x2746 (4000 samples, bx 20000 -4); out-of-range digits clamp
        RED H16 digits 1..9 rise in pitch and 0 is the highest key (the 10th, above the octave)
        RED H16 every note sounds at its table pitch; the intervals are the table's ratios
        RED R1 all 81 reference segments agree: kind, pitch (sweep exact, PIT tones within the divisor's 0.3 %), length within 0.1 ms, glide staircase and noise draw counts
    runtime        exit=1  1 RED
        RED P4 the pitch follows the keys: 6 < 7 < 8 < 9, and 8 again is the same note
M11 queue overflow refuses the producer instead of dropping the oldest [native/core/src/sfx_synth.cpp]: KILLED
    synth          exit=1  2 RED
        RED Y10 20 rapid distinct requests: the first plays, the NEWEST 8 wait, the 11 oldest pending are dropped
        RED H18 rapid notes queue in key order and are never coalesced (a repeated key is a note); overflow drops the oldest
M12 the device producer waits on a full queue [native/targets/tdeck/main/tdeck_audio.cpp]: KILLED
    a3-01 contract exit=1  1 RED
        RED S20 the device backend's game-thread entry posts with a 0 timeout; I2S writes run on its own task
M13 gain applied twice [native/core/src/sfx_synth.cpp]: KILLED
    synth          exit=1  1 RED
        RED Y8 the gain is applied ONCE: 50 % peak = 100 % peak x 8191/32767, 100 % = the unscaled peak
M14 SFX volume touches the music channel [native/core/src/audio.cpp]: KILLED
    a3-01 contract exit=1  1 RED
        RED S14 SFX volume changes the SFX channel only (no music gain, no restart)
    a3-01 runtime  exit=1  1 RED
        RED S5/S14 trackball Right: SFX 90 %, applied live to the SFX channel only
M15 a cancelled tone keeps generating [native/core/src/sfx_synth.cpp]: KILLED
    synth          exit=1  3 RED
        RED Y9 a flush fades the playing cue out within 2 ms, drops the queue, and leaves exact silence
        RED Y9 the player takes new cues after a flush
        RED H17 cancelling a note mid-way leaves no stuck tone
    runtime        exit=1  5 RED
        RED P5 Alt+L during a note: faded out within 2 ms, nothing queued survives
        RED M1 Alt+L: the playing cue fades in 2 ms, the queued one is dropped, silence after the load
        RED M2 System Menu Load: the same
        RED M3 Return to Title flushes, and title Continue's load flushes again: silence in the loaded world
        RED M4 Return to Title alone flushes SFX (new in A3-02: the title replaces the world)
M16 the duty cycle is not modelled (fixed 50 % gate) [native/core/src/sfx_synth.cpp]: KILLED
    synth          exit=1  1 RED
        RED Y2 sweep direction: bx rising narrows the gate (up sweep), bx falling widens it (down sweep)
M17 noise draws from an open interval (the inc cx dropped) [native/core/src/sfx_synth.cpp]: KILLED
    synth          exit=1  1 RED
        RED Y4 noise draws stay in [100, band] and reach BOTH ends (sub cx,bx; inc cx: closed interval)
M18 durations off the calibration (frames at 2x rate) [native/core/src/sfx_synth.cpp]: KILLED
    synth          exit=1  10 RED
        RED Y2 sweep direction: bx rising narrows the gate (up sweep), bx falling widens it (down sweep)
        RED Y2 sweep endpoints: both legs keep the one pitch of inc (1898 Hz) while the duty moves
        RED Y4 the PRNG word persists across bursts (never re-seeded): a repeated burst differs, 675 draws later
        RED Y5 frames = samples x 16000 / 25806: materialize 6200, arpeggio 6 x 3100, move-blocked 2976
        RED Y5 a scene cue lasts its paced hold to within one millisecond (both from kToneSweepSamplesPerSecond)
        RED Y5 the ceremony lead is ceil(dur/step) = 16 draws and lasts the inverted-viewport lead exactly
    runtime        exit=1  4 RED
        RED P3 the five 155 ms notes and then the bump play back to back (none dropped, none overlapped) and stop
        RED P4 the pitch follows the keys: 6 < 7 < 8 < 9, and 8 again is the same note
        RED P5 opening the System Menu mid-phrase leaves no stuck note
        RED M6 Ending: the cue playing when the game ends finishes on its own; nothing is stuck in the terminal mode
M19 an unaudited cue is accepted (moongate) [native/core/src/sfx_synth.cpp]: KILLED
    synth          exit=1  1 RED
        RED E12 unknown / unaudited ids (None, Count, 250, moongate) compile to nothing and leave the player idle
M20 harpsichord notes are coalesced like ordinary cues [native/core/src/sfx_synth.cpp]: KILLED
    synth          exit=1  1 RED
        RED H18 the same digit pressed three times fast is three notes (queued, never coalesced)
M21 a scene cue does not preempt [native/core/src/sfx_synth.cpp]: KILLED
    synth          exit=1  5 RED
        RED E14 a scene cue preempts the playing ordinary cue and discards the lower-class cues queued behind it
        RED E14 it starts the moment the 2 ms fade of the cut cue ends
        RED E14 a newer scene cue replaces the playing scene cue (the pacer is the clock: latest wins)
        RED E14 an ordinary cue never interrupts a scene cue: it waits
        RED E14 the diagnostic tone preempts everything and flushes the queue; a scene cue waits behind it
    runtime        exit=1  1 RED
        RED M5 Developer: the test tone preempts the playing cue, plays, and the audio path is idle and healthy after
M22 the transport ignores the flush epoch [native/core/src/sfx_synth.cpp]: KILLED
    synth          exit=1  1 RED
        RED Y10 transport: a request posted before the latest flush epoch is dropped as stale
M23 the Blackthorn beat cue is not routed [native/core/src/blackthorn_scene.cpp]: KILLED
    runtime        exit=1  1 RED
        RED T21 the materialization sweep sounds once, when its beat is applied, and the scene holds it for the PACER's 503 ms, not the sound's
M24 the ceremony event is not routed [native/targets/tdeck/main/alpha_runtime.cpp]: KILLED
    runtime        exit=1  2 RED
        RED C2 a ceremonial spell: the marker cue is declined, the MagicCeremony(3) event plays CAST2 0x0000(3) once
        RED C2 the ceremony renders for its lead + two sweeps and ends
M25 the combat burst ignores the target side [native/targets/tdeck/main/alpha_runtime.cpp]: KILLED
    runtime        exit=1  1 RED
        RED C1 arena events: hit on an enemy -> combat-hit, on the party -> heavy, miss silent, death -> defeat
M26 the noise PRNG is re-seeded per burst [native/core/src/sfx_synth.cpp]: KILLED
    synth          exit=1  1 RED
        RED Y4 the PRNG word persists across bursts (never re-seeded): a repeated burst differs, 675 draws later

restored build exit=0; synth exit=0, runtime exit=0, a3-01 contract exit=0, a3-01 runtime exit=0
mutations: 26, killed: 26, survived: 0
