[1/134] Building CXX object CMakeFiles/batch21a_dungeon_room_regression.dir/C_/Dev/OpenU5-Native/native/targets/tdeck/main/alpha_runtime.cpp.obj
[2/134] Building CXX object CMakeFiles/batch28_save_validation.dir/C_/Dev/OpenU5-Native/native/targets/tdeck/main/alpha_runtime.cpp.obj
[3/134] Building CXX object CMakeFiles/batch31_h165_dungeon_entry.dir/C_/Dev/OpenU5-Native/native/targets/tdeck/main/alpha_runtime.cpp.obj
[4/134] Building CXX object CMakeFiles/batch36_camp_housekeeping.dir/C_/Dev/OpenU5-Native/native/targets/tdeck/main/alpha_runtime.cpp.obj
[5/134] Building CXX object CMakeFiles/batch29_rest_wiring.dir/C_/Dev/OpenU5-Native/native/targets/tdeck/main/alpha_runtime.cpp.obj
[6/134] Building CXX object CMakeFiles/batch46_camp_invisibility.dir/C_/Dev/OpenU5-Native/native/targets/tdeck/main/alpha_runtime.cpp.obj
[7/134] Building CXX object CMakeFiles/batch22_basement_objects.dir/C_/Dev/OpenU5-Native/native/targets/tdeck/main/alpha_runtime.cpp.obj
[8/134] Building CXX object CMakeFiles/batch41_raw_key.dir/C_/Dev/OpenU5-Native/native/targets/tdeck/main/alpha_runtime.cpp.obj
[9/134] Building CXX object CMakeFiles/batch30_sleep_parity.dir/C_/Dev/OpenU5-Native/native/targets/tdeck/main/alpha_runtime.cpp.obj
[10/134] Building CXX object CMakeFiles/batch25_shard_ritual.dir/C_/Dev/OpenU5-Native/native/targets/tdeck/main/alpha_runtime.cpp.obj
[11/134] Building CXX object CMakeFiles/batch24_reload_parity.dir/C_/Dev/OpenU5-Native/native/targets/tdeck/main/alpha_runtime.cpp.obj
[12/134] Building CXX object CMakeFiles/batch53a_ending_terminal.dir/C_/Dev/OpenU5-Native/native/targets/tdeck/main/alpha_runtime.cpp.obj
[13/134] Building CXX object CMakeFiles/batch27_alt_load.dir/C_/Dev/OpenU5-Native/native/targets/tdeck/main/alpha_runtime.cpp.obj
[14/134] Building CXX object CMakeFiles/batch35_q_sleep_target.dir/C_/Dev/OpenU5-Native/native/targets/tdeck/main/alpha_runtime.cpp.obj
[15/134] Building CXX object CMakeFiles/batch51_camp_pacing.dir/C_/Dev/OpenU5-Native/native/targets/tdeck/main/alpha_runtime.cpp.obj
[16/134] Building CXX object CMakeFiles/batch32_camp_watch.dir/C_/Dev/OpenU5-Native/native/targets/tdeck/main/alpha_runtime.cpp.obj
[17/134] Building CXX object CMakeFiles/batch23_vault_parity.dir/C_/Dev/OpenU5-Native/native/targets/tdeck/main/alpha_runtime.cpp.obj
[18/134] Linking CXX executable frontend_tests.exe
[19/134] Linking CXX executable ui_session_tests.exe
[20/134] Building CXX object CMakeFiles/batch37_bed_viewport.dir/C_/Dev/OpenU5-Native/native/targets/tdeck/main/alpha_runtime.cpp.obj
[21/134] Building CXX object CMakeFiles/batch26_dungeon_save.dir/C_/Dev/OpenU5-Native/native/targets/tdeck/main/alpha_runtime.cpp.obj
[22/134] Building CXX object CMakeFiles/alpha_runtime_integration_regression.dir/C_/Dev/OpenU5-Native/native/targets/tdeck/main/alpha_runtime.cpp.obj
[23/134] Linking CXX executable display_names_tests.exe
[24/134] Linking CXX executable quest_search_tests.exe
[25/134] Building CXX object CMakeFiles/batch44_camp_ring_entry.dir/C_/Dev/OpenU5-Native/native/targets/tdeck/main/alpha_runtime.cpp.obj
[26/134] Building CXX object CMakeFiles/batch53_release_blockers.dir/C_/Dev/OpenU5-Native/native/targets/tdeck/main/alpha_runtime.cpp.obj
[27/134] Linking CXX executable batch21b_chest_reset.exe
[28/134] Building CXX object CMakeFiles/batch43_sleep_scene.dir/C_/Dev/OpenU5-Native/native/targets/tdeck/main/alpha_runtime.cpp.obj
[29/134] Building CXX object CMakeFiles/a3_01_audio_runtime.dir/C_/Dev/OpenU5-Native/native/targets/tdeck/main/alpha_runtime.cpp.obj
[30/134] Building CXX object CMakeFiles/batch42_advancement_flash.dir/C_/Dev/OpenU5-Native/native/targets/tdeck/main/alpha_runtime.cpp.obj
[31/134] Linking CXX executable debug_labels_tests.exe
[32/134] Linking CXX executable debug_map_picker_tests.exe
[33/134] Linking CXX executable ui_host_harness.exe
[34/134] Linking CXX executable ui_debug_menu_tests.exe
[35/134] Linking CXX executable debug_developer_tests.exe
[36/134] Linking CXX executable gameplay_integration_tests.exe
[37/134] Linking CXX executable measure_ui_sizes.exe
[38/134] Building CXX object CMakeFiles/batch38_camp_duration.dir/C_/Dev/OpenU5-Native/native/targets/tdeck/main/alpha_runtime.cpp.obj
[39/134] Building CXX object CMakeFiles/batch33_cannon_npc_death.dir/C_/Dev/OpenU5-Native/native/targets/tdeck/main/alpha_runtime.cpp.obj
[40/134] Building CXX object CMakeFiles/batch39_party_panel.dir/C_/Dev/OpenU5-Native/native/targets/tdeck/main/alpha_runtime.cpp.obj
[41/134] Building CXX object CMakeFiles/batch53b_moongate_return.dir/C_/Dev/OpenU5-Native/native/targets/tdeck/main/alpha_runtime.cpp.obj
[42/134] Building CXX object CMakeFiles/batch34_pre_sleep_npc.dir/C_/Dev/OpenU5-Native/native/targets/tdeck/main/alpha_runtime.cpp.obj
[43/134] Linking CXX executable movement_flow_parity_tests.exe
[44/134] Linking CXX executable look_sign_tests.exe
[45/134] Linking CXX executable quest_driver.exe
[46/134] Linking CXX executable gameplay_driver.exe
[47/134] Linking CXX executable shop_parity_tests.exe
[48/134] Linking CXX executable shop_flow_tests.exe
[49/134] Linking CXX executable shop_adapter_tests.exe
[50/134] Linking CXX executable dialogue_parity_tests.exe
[51/134] Linking CXX executable persistence_driver.exe
[52/134] Linking CXX executable dialogue_adapter_tests.exe
[53/134] Linking CXX executable core_parity_tests.exe
[54/134] Linking CXX executable transport_flow_parity_tests.exe
[55/134] Linking CXX executable movement_regression.exe
[56/134] Linking CXX executable world_flow_adapter_tests.exe
[57/134] Linking CXX executable world_flow_parity_tests.exe
[58/134] Linking CXX executable dungeon_flow_parity_tests.exe
[59/134] Linking CXX executable dungeon_parity_tests.exe
[60/134] Linking CXX executable advanced_combat_parity_tests.exe
[61/134] Linking CXX executable magic_parity_tests.exe
[62/134] Linking CXX executable input_regression.exe
[63/134] Linking CXX executable item_parity_tests.exe
[64/134] Linking CXX executable ui_mode_regression.exe
[65/134] Linking CXX executable combat_parity_tests.exe
[66/134] Linking CXX executable dungeon_input_regression.exe
[67/134] Linking CXX executable command_parity_tests.exe
[68/134] Linking CXX executable alpha_runtime_integration_regression.exe
[69/134] Linking CXX executable presentation_regression.exe
[70/134] Linking CXX executable travel_parity_tests.exe
[71/134] Linking CXX executable dungeon_art_regression.exe
[72/134] Linking CXX executable batch21a_dungeon_room_regression.exe
[73/134] Linking CXX executable dungeon_view_regression.exe
[74/134] Linking CXX executable batch22_basement_objects.exe
[75/134] Linking CXX executable batch23_vault_parity.exe
[76/134] Linking CXX executable combat_loot_open_regression.exe
[77/134] Linking CXX executable batch21a3_combat_active_player.exe
[78/134] Linking CXX executable batch24_reload_parity.exe
[79/134] Linking CXX executable combat_escape_regression.exe
[80/134] Linking CXX executable batch28_save_validation.exe
[81/134] Linking CXX executable gem_view_regression.exe
[82/134] Linking CXX executable batch12b_hardware_regression.exe
[83/134] Linking CXX executable turn_parity_tests.exe
[84/134] Linking CXX executable dungeon_combat_regression.exe
[85/134] Linking CXX executable batch26_dungeon_save.exe
[86/134] Linking CXX executable batch27_alt_load.exe
[87/134] Linking CXX executable direct_troll_handoff_regression.exe
[88/134] Linking CXX executable action_feedback_regression.exe
[89/134] Linking CXX executable batch31_h165_dungeon_entry.exe
[90/134] Linking CXX executable batch25_shard_ritual.exe
[91/134] Linking CXX executable batch30_sleep_parity.exe
[92/134] Linking CXX executable batch32_camp_watch.exe
[93/134] Linking CXX executable batch29_rest_wiring.exe
[94/134] Linking CXX executable batch33_cannon_npc_death.exe
[95/134] Linking CXX executable batch34_pre_sleep_npc.exe
[96/134] Linking CXX executable batch35_q_sleep_target.exe
[97/134] Linking CXX executable batch36_camp_housekeeping.exe
[98/134] Linking CXX executable batch41_raw_key.exe
[99/134] Linking CXX executable batch37_bed_viewport.exe
[100/134] Linking CXX executable batch42_advancement_flash.exe
[101/134] Linking CXX executable batch39_party_panel.exe
[102/134] Linking CXX executable batch40_advancement.exe
[103/134] Linking CXX executable batch44_camp_ring_entry.exe
[104/134] Linking CXX executable batch51_scene_pacing.exe
[105/134] Linking CXX executable batch41_staged_advancement.exe
[106/134] Linking CXX executable batch38_camp_duration.exe
[107/134] Linking CXX executable batch43_sleep_scene.exe
[108/134] Linking CXX executable batch51_camp_pacing.exe
[109/134] Linking CXX executable batch46_camp_invisibility.exe
[110/134] Linking CXX executable batch53a_ending_terminal.exe
[111/134] Linking CXX executable batch53b_moongate_return.exe
[112/134] Linking CXX executable batch14_zstats_model_tests.exe
[113/134] Linking CXX executable batch3_group_b_tests.exe
[114/134] Linking CXX executable batch3_group_c_tests.exe
[115/134] Linking CXX executable batch3_group_a_tests.exe
[116/134] Linking CXX executable batch4_group_a_tests.exe
[117/134] Linking CXX executable batch4_group_b_tests.exe
[118/134] Linking CXX executable batch7b_tests.exe
[119/134] Linking CXX executable batch12_combat_field_tests.exe
[120/134] Linking CXX executable batch5_tests.exe
[121/134] Linking CXX executable batch53_release_blockers.exe
[122/134] Linking CXX executable batch17_theft_watchdog_tests.exe
[123/134] Linking CXX executable batch15_sacrifice_tests.exe
[124/134] Linking CXX executable batch13_tests.exe
[125/134] Linking CXX executable a3_01_audio_runtime.exe
[126/134] Linking CXX executable batch19_command_char_tests.exe
[127/134] Linking CXX executable batch45b_tests.exe
[128/134] Linking CXX executable blackthorn_scene_tests.exe
[129/134] Building CXX object CMakeFiles/batch14_zstats_runtime_regression.dir/C_/Dev/OpenU5-Native/native/targets/tdeck/main/alpha_runtime.cpp.obj
[130/134] Building CXX object CMakeFiles/batch18_well_ceremony_regression.dir/C_/Dev/OpenU5-Native/native/targets/tdeck/main/alpha_runtime.cpp.obj
[131/134] Building CXX object CMakeFiles/batch19_command_char_regression.dir/C_/Dev/OpenU5-Native/native/targets/tdeck/main/alpha_runtime.cpp.obj
[132/134] Linking CXX executable batch14_zstats_runtime_regression.exe
[133/134] Linking CXX executable batch18_well_ceremony_regression.exe
[134/134] Linking CXX executable batch19_command_char_regression.exe
