ninja: Entering directory `build-a3-04b'
[1/109] Linking CXX executable frontend_tests.exe
[2/109] Linking CXX executable ui_session_tests.exe
[3/109] Linking CXX executable display_names_tests.exe
[4/109] Linking CXX executable batch21b_chest_reset.exe
[5/109] Linking CXX executable debug_labels_tests.exe
[6/109] Linking CXX executable quest_search_tests.exe
[7/109] Linking CXX executable ui_host_harness.exe
[8/109] Linking CXX executable measure_ui_sizes.exe
[9/109] Linking CXX executable debug_map_picker_tests.exe
[10/109] Linking CXX executable gameplay_integration_tests.exe
[11/109] Linking CXX executable ui_debug_menu_tests.exe
[12/109] Linking CXX executable core_parity_tests.exe
[13/109] Linking CXX executable look_sign_tests.exe
[14/109] Linking CXX executable shop_parity_tests.exe
[15/109] Linking CXX executable debug_developer_tests.exe
[16/109] Linking CXX executable shop_adapter_tests.exe
[17/109] Linking CXX executable persistence_driver.exe
[18/109] Linking CXX executable shop_flow_tests.exe
[19/109] Linking CXX executable quest_driver.exe
[20/109] Linking CXX executable movement_flow_parity_tests.exe
[21/109] Linking CXX executable dialogue_parity_tests.exe
[22/109] Linking CXX executable movement_regression.exe
[23/109] Linking CXX executable transport_flow_parity_tests.exe
[24/109] Linking CXX executable gameplay_driver.exe
[25/109] Linking CXX executable dungeon_parity_tests.exe
[26/109] Linking CXX executable world_flow_adapter_tests.exe
[27/109] Linking CXX executable dialogue_adapter_tests.exe
[28/109] Linking CXX executable dungeon_flow_parity_tests.exe
[29/109] Linking CXX executable world_flow_parity_tests.exe
[30/109] Linking CXX executable advanced_combat_parity_tests.exe
[31/109] Linking CXX executable magic_parity_tests.exe
[32/109] Linking CXX executable combat_parity_tests.exe
[33/109] Linking CXX executable command_parity_tests.exe
[34/109] Linking CXX executable item_parity_tests.exe
[35/109] Linking CXX executable input_regression.exe
[36/109] Linking CXX executable travel_parity_tests.exe
[37/109] Linking CXX executable presentation_regression.exe
[38/109] Linking CXX executable dungeon_input_regression.exe
[39/109] Linking CXX executable ui_mode_regression.exe
[40/109] Linking CXX executable dungeon_view_regression.exe
[41/109] Linking CXX executable turn_parity_tests.exe
[42/109] Linking CXX executable dungeon_art_regression.exe
[43/109] Linking CXX executable combat_escape_regression.exe
[44/109] Linking CXX executable alpha_runtime_integration_regression.exe
[45/109] Linking CXX executable gem_view_regression.exe
[46/109] Linking CXX executable batch21a_dungeon_room_regression.exe
[47/109] Linking CXX executable direct_troll_handoff_regression.exe
[48/109] Linking CXX executable batch24_reload_parity.exe
[49/109] Linking CXX executable batch22_basement_objects.exe
[50/109] Linking CXX executable batch25_shard_ritual.exe
[51/109] Linking CXX executable batch23_vault_parity.exe
[52/109] Linking CXX executable batch21a3_combat_active_player.exe
[53/109] Linking CXX executable batch26_dungeon_save.exe
[54/109] Linking CXX executable batch28_save_validation.exe
[55/109] Linking CXX executable combat_loot_open_regression.exe
[56/109] Linking CXX executable batch27_alt_load.exe
[57/109] Linking CXX executable batch29_rest_wiring.exe
[58/109] Linking CXX executable action_feedback_regression.exe
[59/109] Linking CXX executable dungeon_combat_regression.exe
[60/109] Linking CXX executable batch31_h165_dungeon_entry.exe
[61/109] Linking CXX executable batch30_sleep_parity.exe
[62/109] Linking CXX executable batch33_cannon_npc_death.exe
[63/109] Linking CXX executable batch12b_hardware_regression.exe
[64/109] Linking CXX executable batch32_camp_watch.exe
[65/109] Linking CXX executable batch34_pre_sleep_npc.exe
[66/109] Linking CXX executable batch35_q_sleep_target.exe
[67/109] Linking CXX executable batch36_camp_housekeeping.exe
[68/109] Linking CXX executable batch41_raw_key.exe
[69/109] Linking CXX executable batch37_bed_viewport.exe
[70/109] Linking CXX executable batch42_advancement_flash.exe
[71/109] Linking CXX executable batch40_advancement.exe
[72/109] Linking CXX executable batch41_staged_advancement.exe
[73/109] Linking CXX executable batch51_scene_pacing.exe
[74/109] Linking CXX executable batch43_sleep_scene.exe
[75/109] Linking CXX executable batch39_party_panel.exe
[76/109] Linking CXX executable batch38_camp_duration.exe
[77/109] Linking CXX executable batch51_camp_pacing.exe
[78/109] Linking CXX executable batch46_camp_invisibility.exe
[79/109] Linking CXX executable batch44_camp_ring_entry.exe
[80/109] Linking CXX executable batch53a_ending_terminal.exe
[81/109] Linking CXX executable batch53b_moongate_return.exe
[82/109] Linking CXX executable batch18_well_ceremony_regression.exe
[83/109] Linking CXX executable a3_01_audio_contract.exe
[84/109] Linking CXX executable batch19_command_char_regression.exe
[85/109] Linking CXX executable batch14_zstats_runtime_regression.exe
[86/109] Linking CXX executable batch14_zstats_model_tests.exe
[87/109] Linking CXX executable a3_02_sfx_synth.exe
[88/109] Linking CXX executable a3_04a_audio_stream.exe
[89/109] Linking CXX executable batch53_release_blockers.exe
[90/109] Linking CXX executable batch3_group_a_tests.exe
[91/109] Linking CXX executable a3_03_sfx_inventory.exe
[92/109] Linking CXX executable batch3_group_b_tests.exe
[93/109] Linking CXX executable a3_03_sfx_runtime.exe
[94/109] Linking CXX executable a3_02_sfx_runtime.exe
[95/109] Linking CXX executable a3_04b_perf_runtime.exe
[96/109] Linking CXX executable a3_01_audio_runtime.exe
[97/109] Linking CXX executable a3_04_music_runtime.exe
[98/109] Linking CXX executable batch3_group_c_tests.exe
[99/109] Linking CXX executable batch4_group_b_tests.exe
[100/109] Linking CXX executable batch5_tests.exe
[101/109] Linking CXX executable batch4_group_a_tests.exe
[102/109] Linking CXX executable batch7b_tests.exe
[103/109] Linking CXX executable batch15_sacrifice_tests.exe
[104/109] Linking CXX executable batch12_combat_field_tests.exe
[105/109] Linking CXX executable batch13_tests.exe
[106/109] Linking CXX executable batch45b_tests.exe
[107/109] Linking CXX executable batch19_command_char_tests.exe
[108/109] Linking CXX executable blackthorn_scene_tests.exe
[109/109] Linking CXX executable batch17_theft_watchdog_tests.exe
build exit=0
