Test project <repo>/native/core/build-a3-hf9-base
      Start  75: batch51_scene_pacing
 1/15 Test  #75: batch51_scene_pacing .............   Passed    0.01 sec
      Start  76: batch51_camp_pacing
 2/15 Test  #76: batch51_camp_pacing ..............   Passed    0.04 sec
      Start  77: batch53_release_blockers
 3/15 Test  #77: batch53_release_blockers .........   Passed    0.21 sec
      Start  88: a3_03_sfx_runtime
 4/15 Test  #88: a3_03_sfx_runtime ................   Passed    0.47 sec
      Start 107: a3_hf5_dialogue_pacing_runtime
 5/15 Test #107: a3_hf5_dialogue_pacing_runtime ...   Passed    0.36 sec
      Start 108: a3_hf6_shrine_key_wait_runtime
 6/15 Test #108: a3_hf6_shrine_key_wait_runtime ...   Passed    0.16 sec
      Start 109: a3_hf6_shrine_key_wait_pacer
 7/15 Test #109: a3_hf6_shrine_key_wait_pacer .....   Passed    0.01 sec
      Start 110: a3_hf7_ritual_fx_runtime
 8/15 Test #110: a3_hf7_ritual_fx_runtime .........   Passed    0.73 sec
      Start 111: a3_hf8_sacrifice_burst_runtime
 9/15 Test #111: a3_hf8_sacrifice_burst_runtime ...   Passed    0.99 sec
      Start 112: a3_hf7_ritual_fx
10/15 Test #112: a3_hf7_ritual_fx .................   Passed    0.01 sec
      Start 113: a3_hf5_dialogue_pacer
11/15 Test #113: a3_hf5_dialogue_pacer ............   Passed    0.01 sec
      Start 123: batch7b
12/15 Test #123: batch7b ..........................   Passed    0.00 sec
      Start 131: blackthorn_scene
13/15 Test #131: blackthorn_scene .................   Passed    0.01 sec
      Start 133: gameplay_parity
14/15 Test #133: gameplay_parity ..................   Passed   10.33 sec
      Start 137: quest_parity
15/15 Test #137: quest_parity .....................   Passed    4.75 sec

100% tests passed out of 15

Total Test time (real) =  18.12 sec
