ninja: Entering directory `build-a3-hf8-base'
[1/147] Building CXX object CMakeFiles/openu5_core.dir/src/audio.cpp.obj
[2/147] Building CXX object CMakeFiles/openu5_core.dir/src/render_pacing.cpp.obj
[3/147] Building CXX object CMakeFiles/openu5_core.dir/src/sfx_inventory.cpp.obj
[4/147] Building CXX object CMakeFiles/openu5_core.dir/src/ambient_sfx.cpp.obj
[5/147] Building CXX object CMakeFiles/openu5_core.dir/src/poison_tick.cpp.obj
[6/147] Building CXX object CMakeFiles/openu5_core.dir/src/display_names.cpp.obj
[7/147] Building CXX object CMakeFiles/openu5_core.dir/src/hud.cpp.obj
[8/147] Building CXX object CMakeFiles/openu5_core.dir/src/combat_hit_cue.cpp.obj
[9/147] Building CXX object CMakeFiles/openu5_core.dir/src/audio_pack.cpp.obj
[10/147] Building CXX object CMakeFiles/openu5_core.dir/src/sd_diag_log.cpp.obj
[11/147] Building CXX object CMakeFiles/openu5_core.dir/src/scene_timing.cpp.obj
[12/147] Building CXX object CMakeFiles/openu5_core.dir/src/world_fx.cpp.obj
[13/147] Building CXX object CMakeFiles/openu5_core.dir/src/intro_view.cpp.obj
[14/147] Building CXX object CMakeFiles/openu5_core.dir/src/dungeon_encounters.cpp.obj
[15/147] Building CXX object CMakeFiles/openu5_core.dir/src/system_menu.cpp.obj
[16/147] Building CXX object CMakeFiles/openu5_core.dir/src/sfx_synth.cpp.obj
[17/147] Building CXX object CMakeFiles/openu5_core.dir/src/frontend.cpp.obj
[18/147] Building CXX object CMakeFiles/openu5_core.dir/src/audio_stream.cpp.obj
[19/147] Building CXX object CMakeFiles/openu5_core.dir/src/narrative_scene.cpp.obj
[20/147] Building CXX object CMakeFiles/openu5_core.dir/src/command_char.cpp.obj
[21/147] Building CXX object CMakeFiles/openu5_core.dir/src/perf_report.cpp.obj
[22/147] Building CXX object CMakeFiles/openu5_core.dir/src/dungeon_art.cpp.obj
[23/147] Building CXX object CMakeFiles/openu5_core.dir/src/presentation.cpp.obj
[24/147] Building CXX object CMakeFiles/openu5_core.dir/src/gem_view.cpp.obj
[25/147] Building CXX object CMakeFiles/openu5_core.dir/src/dungeon_view.cpp.obj
[26/147] Building CXX object CMakeFiles/openu5_core.dir/src/transport.cpp.obj
[27/147] Building CXX object CMakeFiles/openu5_core.dir/src/shrine.cpp.obj
[28/147] Building CXX object CMakeFiles/openu5_core.dir/src/rng.cpp.obj
[29/147] Building CXX object CMakeFiles/openu5_core.dir/src/world_terrain.cpp.obj
[30/147] Building CXX object CMakeFiles/openu5_core.dir/src/dungeon.cpp.obj
[31/147] Building CXX object CMakeFiles/openu5_core.dir/src/world_magic.cpp.obj
[32/147] Building CXX object CMakeFiles/openu5_core.dir/src/world_commands.cpp.obj
[33/147] Building CXX object CMakeFiles/openu5_core.dir/src/dungeon_orchestration.cpp.obj
[34/147] Building CXX object CMakeFiles/openu5_core.dir/src/scripted_encounter.cpp.obj
[35/147] Building CXX object CMakeFiles/openu5_core.dir/src/loot.cpp.obj
[36/147] Building CXX object CMakeFiles/openu5_core.dir/src/time.cpp.obj
[37/147] Building CXX object CMakeFiles/openu5_core.dir/src/world.cpp.obj
[38/147] Building CXX object CMakeFiles/openu5_core.dir/src/shops.cpp.obj
[39/147] Building CXX object CMakeFiles/openu5_core.dir/src/state.cpp.obj
[40/147] Building CXX object CMakeFiles/openu5_core.dir/src/look.cpp.obj
[41/147] Building CXX object CMakeFiles/openu5_core.dir/src/frontend_settings.cpp.obj
[42/147] Building CXX object CMakeFiles/openu5_core.dir/src/quest_search.cpp.obj
[43/147] Building CXX object CMakeFiles/openu5_core.dir/src/blackthorn_scene.cpp.obj
[44/147] Building CXX object CMakeFiles/openu5_core.dir/src/movement.cpp.obj
[45/147] Building CXX object CMakeFiles/openu5_core.dir/src/outdoor.cpp.obj
[46/147] Building CXX object CMakeFiles/openu5_core.dir/src/quest.cpp.obj
[47/147] Building CXX object CMakeFiles/openu5_core.dir/src/ui_session.cpp.obj
[48/147] Building CXX object CMakeFiles/openu5_core.dir/src/inventory_picker.cpp.obj
[49/147] Building CXX object CMakeFiles/openu5_core.dir/src/music_synth.cpp.obj
[50/147] Building CXX object CMakeFiles/openu5_core.dir/src/transitions.cpp.obj
[51/147] Building CXX object CMakeFiles/openu5_core.dir/src/inventory.cpp.obj
[52/147] Building CXX object CMakeFiles/openu5_core.dir/src/pathfind.cpp.obj
[53/147] Building CXX object CMakeFiles/openu5_core.dir/src/ritual_fx.cpp.obj
[54/147] Building CXX object CMakeFiles/openu5_core.dir/src/blackthorn.cpp.obj
[55/147] Building CXX object CMakeFiles/openu5_core.dir/src/actors.cpp.obj
[56/147] Building CXX object CMakeFiles/openu5_core.dir/src/turn.cpp.obj
[57/147] Building CXX object CMakeFiles/openu5_core.dir/src/magic.cpp.obj
[58/147] Building CXX object CMakeFiles/openu5_core.dir/src/zstats.cpp.obj
[59/147] Building CXX object CMakeFiles/openu5_core.dir/src/npc_path.cpp.obj
[60/147] Building CXX object CMakeFiles/openu5_core.dir/src/debug_labels.cpp.obj
[61/147] Building CXX object CMakeFiles/a3_hf5_dialogue_pacing_runtime.dir/C_/Dev/OpenU5-Native/native/targets/tdeck/host_tests/host_stubs/tdeck_input_host_stub.cpp.obj
[62/147] Building CXX object CMakeFiles/openu5_core.dir/src/rest.cpp.obj
[63/147] Building CXX object CMakeFiles/openu5_core.dir/src/dialogue_effects.cpp.obj
[64/147] Building CXX object CMakeFiles/openu5_core.dir/src/quest_world.cpp.obj
[65/147] Building CXX object CMakeFiles/openu5_core.dir/src/ui_debug_menu.cpp.obj
[66/147] Building CXX object CMakeFiles/openu5_core.dir/src/dialogue_pacer.cpp.obj
[67/147] Building CXX object CMakeFiles/openu5_core.dir/src/shop_orchestration.cpp.obj
[68/147] Building CXX object CMakeFiles/a3_hf5_dialogue_pacing_runtime.dir/C_/Dev/OpenU5-Native/native/targets/tdeck/main/input_controller.cpp.obj
[69/147] Building CXX object CMakeFiles/openu5_core.dir/src/debug_map_picker.cpp.obj
[70/147] Building CXX object CMakeFiles/a3_hf5_dialogue_pacing_runtime.dir/C_/Dev/OpenU5-Native/native/targets/tdeck/main/ui_input_adapter.cpp.obj
[71/147] Building CXX object CMakeFiles/openu5_core.dir/src/dialogue_orchestration.cpp.obj
[72/147] Building CXX object CMakeFiles/openu5_core.dir/src/debug_developer.cpp.obj
[73/147] Building CXX object CMakeFiles/a3_hf5_dialogue_pacing_runtime.dir/C_/Dev/OpenU5-Native/native/targets/tdeck/main/keyboard_matrix.cpp.obj
[74/147] Building CXX object CMakeFiles/openu5_core.dir/src/save_json.cpp.obj
[75/147] Building CXX object CMakeFiles/a3_hf5_dialogue_pacing_runtime.dir/C_/Dev/OpenU5-Native/native/targets/tdeck/main/alpha_audio.cpp.obj
[76/147] Building CXX object CMakeFiles/a3_hf5_dialogue_pacing_runtime.dir/C_/Dev/OpenU5-Native/native/targets/tdeck/host_tests/alpha_runtime_host_fixture.cpp.obj
[77/147] Building CXX object CMakeFiles/a3_hf5_dialogue_pacing_runtime.dir/C_/Dev/OpenU5-Native/native/targets/tdeck/main/idle_service.cpp.obj
[78/147] Building CXX object CMakeFiles/a3_hf5_dialogue_pacing_runtime.dir/C_/Dev/OpenU5-Native/native/targets/tdeck/host_tests/host_stubs/device_smoke_tests_host_stub.cpp.obj
[79/147] Building CXX object CMakeFiles/a3_hf5_dialogue_pacing_runtime.dir/C_/Dev/OpenU5-Native/native/targets/tdeck/host_tests/board_shims/fake_tdeck_bus.cpp.obj
[80/147] Building CXX object CMakeFiles/a3_hf6_shrine_key_wait_runtime.dir/C_/Dev/OpenU5-Native/native/targets/tdeck/host_tests/host_stubs/tdeck_input_host_stub.cpp.obj
[81/147] Building CXX object CMakeFiles/a3_hf5_dialogue_pacing_runtime.dir/C_/Dev/OpenU5-Native/native/targets/tdeck/main/alpha_save_generation.cpp.obj
[82/147] Building CXX object CMakeFiles/a3_hf5_dialogue_pacing_runtime.dir/C_/Dev/OpenU5-Native/native/targets/tdeck/host_tests/host_stubs/alpha_save_memory_host_stub.cpp.obj
[83/147] Building CXX object CMakeFiles/a3_hf6_shrine_key_wait_runtime.dir/C_/Dev/OpenU5-Native/native/targets/tdeck/main/ui_input_adapter.cpp.obj
[84/147] Building CXX object CMakeFiles/a3_hf6_shrine_key_wait_runtime.dir/C_/Dev/OpenU5-Native/native/targets/tdeck/main/keyboard_matrix.cpp.obj
[85/147] Building CXX object CMakeFiles/a3_hf5_dialogue_pacing_runtime.dir/C_/Dev/OpenU5-Native/native/targets/tdeck/main/asset_pack.cpp.obj
[86/147] Building CXX object CMakeFiles/batch51_scene_pacing.dir/tests/batch51_scene_pacing_test.cpp.obj
[87/147] Building CXX object CMakeFiles/a3_hf6_shrine_key_wait_runtime.dir/C_/Dev/OpenU5-Native/native/targets/tdeck/main/input_controller.cpp.obj
[88/147] Building CXX object CMakeFiles/a3_hf6_shrine_key_wait_runtime.dir/C_/Dev/OpenU5-Native/native/targets/tdeck/host_tests/alpha_runtime_host_fixture.cpp.obj
[89/147] Building CXX object CMakeFiles/a3_hf5_dialogue_pacing_runtime.dir/C_/Dev/OpenU5-Native/native/targets/tdeck/main/dungeon_art_cache.cpp.obj
[90/147] Building CXX object CMakeFiles/a3_hf6_shrine_key_wait_runtime.dir/C_/Dev/OpenU5-Native/native/targets/tdeck/main/alpha_audio.cpp.obj
[91/147] Building CXX object CMakeFiles/a3_hf5_dialogue_pacing_runtime.dir/C_/Dev/OpenU5-Native/native/targets/tdeck/main/native_renderer.cpp.obj
[92/147] Building CXX object CMakeFiles/a3_hf6_shrine_key_wait_runtime.dir/C_/Dev/OpenU5-Native/native/targets/tdeck/main/idle_service.cpp.obj
[93/147] Building CXX object CMakeFiles/a3_hf6_shrine_key_wait_runtime.dir/C_/Dev/OpenU5-Native/native/targets/tdeck/host_tests/board_shims/fake_tdeck_bus.cpp.obj
[94/147] Building CXX object CMakeFiles/a3_hf5_dialogue_pacing_runtime.dir/C_/Dev/OpenU5-Native/native/targets/tdeck/main/alpha_dialogue.cpp.obj
[95/147] Building CXX object CMakeFiles/a3_hf5_dialogue_pacing_runtime.dir/C_/Dev/OpenU5-Native/native/targets/tdeck/main/alpha_resources.cpp.obj
[96/147] Building CXX object CMakeFiles/openu5_core.dir/src/commands.cpp.obj
[97/147] Building CXX object CMakeFiles/a3_hf6_shrine_key_wait_runtime.dir/C_/Dev/OpenU5-Native/native/targets/tdeck/host_tests/host_stubs/alpha_save_memory_host_stub.cpp.obj
[98/147] Building CXX object CMakeFiles/a3_hf7_ritual_fx_runtime.dir/C_/Dev/OpenU5-Native/native/targets/tdeck/host_tests/host_stubs/tdeck_input_host_stub.cpp.obj
[99/147] Building CXX object CMakeFiles/a3_hf6_shrine_key_wait_runtime.dir/C_/Dev/OpenU5-Native/native/targets/tdeck/main/alpha_save_generation.cpp.obj
[100/147] Building CXX object CMakeFiles/a3_hf6_shrine_key_wait_runtime.dir/C_/Dev/OpenU5-Native/native/targets/tdeck/host_tests/host_stubs/device_smoke_tests_host_stub.cpp.obj
[101/147] Building CXX object CMakeFiles/a3_hf6_shrine_key_wait_runtime.dir/C_/Dev/OpenU5-Native/native/targets/tdeck/main/asset_pack.cpp.obj
[102/147] Building CXX object CMakeFiles/a3_hf7_ritual_fx_runtime.dir/C_/Dev/OpenU5-Native/native/targets/tdeck/main/ui_input_adapter.cpp.obj
[103/147] Building CXX object CMakeFiles/a3_hf7_ritual_fx_runtime.dir/C_/Dev/OpenU5-Native/native/targets/tdeck/main/input_controller.cpp.obj
[104/147] Building CXX object CMakeFiles/a3_hf7_ritual_fx_runtime.dir/C_/Dev/OpenU5-Native/native/targets/tdeck/main/keyboard_matrix.cpp.obj
[105/147] Building CXX object CMakeFiles/a3_hf6_shrine_key_wait_runtime.dir/C_/Dev/OpenU5-Native/native/targets/tdeck/main/dungeon_art_cache.cpp.obj
[106/147] Building CXX object CMakeFiles/a3_hf7_ritual_fx_runtime.dir/C_/Dev/OpenU5-Native/native/targets/tdeck/main/alpha_audio.cpp.obj
[107/147] Building CXX object CMakeFiles/a3_hf6_shrine_key_wait_runtime.dir/C_/Dev/OpenU5-Native/native/targets/tdeck/main/native_renderer.cpp.obj
[108/147] Building CXX object CMakeFiles/openu5_core.dir/src/dialogue.cpp.obj
[109/147] Building CXX object CMakeFiles/a3_hf6_shrine_key_wait_runtime.dir/C_/Dev/OpenU5-Native/native/targets/tdeck/main/alpha_dialogue.cpp.obj
[110/147] Building CXX object CMakeFiles/a3_hf7_ritual_fx_runtime.dir/C_/Dev/OpenU5-Native/native/targets/tdeck/host_tests/alpha_runtime_host_fixture.cpp.obj
[111/147] Building CXX object CMakeFiles/openu5_core.dir/src/save_core.cpp.obj
[112/147] Building CXX object CMakeFiles/a3_hf6_shrine_key_wait_runtime.dir/C_/Dev/OpenU5-Native/native/targets/tdeck/main/alpha_resources.cpp.obj
[113/147] Building CXX object CMakeFiles/a3_hf7_ritual_fx_runtime.dir/C_/Dev/OpenU5-Native/native/targets/tdeck/host_tests/host_stubs/alpha_save_memory_host_stub.cpp.obj
[114/147] Building CXX object CMakeFiles/a3_hf7_ritual_fx_runtime.dir/C_/Dev/OpenU5-Native/native/targets/tdeck/main/idle_service.cpp.obj
[115/147] Building CXX object CMakeFiles/a3_hf7_ritual_fx_runtime.dir/C_/Dev/OpenU5-Native/native/targets/tdeck/host_tests/board_shims/fake_tdeck_bus.cpp.obj
[116/147] Building CXX object CMakeFiles/a3_hf7_ritual_fx_runtime.dir/C_/Dev/OpenU5-Native/native/targets/tdeck/main/alpha_save_generation.cpp.obj
[117/147] Building CXX object CMakeFiles/a3_hf6_shrine_key_wait_pacer.dir/tests/a3_hf6_shrine_key_wait_pacer_test.cpp.obj
[118/147] Building CXX object CMakeFiles/openu5_core.dir/src/persistence.cpp.obj
[119/147] Building CXX object CMakeFiles/a3_hf7_ritual_fx_runtime.dir/C_/Dev/OpenU5-Native/native/targets/tdeck/host_tests/host_stubs/device_smoke_tests_host_stub.cpp.obj
[120/147] Building CXX object CMakeFiles/openu5_core.dir/src/combat.cpp.obj
[121/147] Building CXX object CMakeFiles/a3_hf5_dialogue_pacing_runtime.dir/C_/Dev/OpenU5-Native/native/targets/tdeck/main/tdeck_board.cpp.obj
[122/147] Building CXX object CMakeFiles/openu5_core.dir/src/gameplay_save.cpp.obj
[123/147] Building CXX object CMakeFiles/a3_hf7_ritual_fx_runtime.dir/C_/Dev/OpenU5-Native/native/targets/tdeck/main/asset_pack.cpp.obj
[124/147] Linking CXX static library libopenu5_core.a
[125/147] Building CXX object CMakeFiles/a3_hf7_ritual_fx_runtime.dir/C_/Dev/OpenU5-Native/native/targets/tdeck/main/alpha_resources.cpp.obj
[126/147] Building CXX object CMakeFiles/a3_hf7_ritual_fx_runtime.dir/C_/Dev/OpenU5-Native/native/targets/tdeck/main/native_renderer.cpp.obj
[127/147] Building CXX object CMakeFiles/a3_hf7_ritual_fx_runtime.dir/C_/Dev/OpenU5-Native/native/targets/tdeck/main/dungeon_art_cache.cpp.obj
[128/147] Linking CXX executable a3_hf6_shrine_key_wait_pacer.exe
[129/147] Linking CXX executable batch51_scene_pacing.exe
[130/147] Building CXX object CMakeFiles/a3_hf7_ritual_fx_runtime.dir/C_/Dev/OpenU5-Native/native/targets/tdeck/main/alpha_dialogue.cpp.obj
[131/147] Building CXX object CMakeFiles/a3_hf6_shrine_key_wait_runtime.dir/C_/Dev/OpenU5-Native/native/targets/tdeck/main/tdeck_board.cpp.obj
[132/147] Building CXX object CMakeFiles/a3_hf5_dialogue_pacing_runtime.dir/C_/Dev/OpenU5-Native/native/targets/tdeck/host_tests/a3_hf5_dialogue_pacing_runtime_test.cpp.obj
[133/147] Building CXX object CMakeFiles/a3_hf7_ritual_fx.dir/tests/a3_hf7_ritual_fx_test.cpp.obj
[134/147] Building CXX object CMakeFiles/a3_hf6_shrine_key_wait_runtime.dir/C_/Dev/OpenU5-Native/native/targets/tdeck/host_tests/a3_hf6_shrine_key_wait_runtime_test.cpp.obj
[135/147] Linking CXX executable a3_hf7_ritual_fx.exe
[136/147] Building CXX object CMakeFiles/blackthorn_scene_tests.dir/tests/blackthorn_scene_test.cpp.obj
[137/147] Building CXX object CMakeFiles/a3_hf5_dialogue_pacer.dir/tests/a3_hf5_dialogue_pacer_test.cpp.obj
[138/147] Linking CXX executable blackthorn_scene_tests.exe
[139/147] Linking CXX executable a3_hf5_dialogue_pacer.exe
[140/147] Building CXX object CMakeFiles/a3_hf5_dialogue_pacing_runtime.dir/C_/Dev/OpenU5-Native/native/targets/tdeck/main/alpha_runtime.cpp.obj
[141/147] Building CXX object CMakeFiles/a3_hf7_ritual_fx_runtime.dir/C_/Dev/OpenU5-Native/native/targets/tdeck/main/tdeck_board.cpp.obj
[142/147] Linking CXX executable a3_hf5_dialogue_pacing_runtime.exe
[143/147] Building CXX object CMakeFiles/a3_hf7_ritual_fx_runtime.dir/C_/Dev/OpenU5-Native/native/targets/tdeck/host_tests/a3_hf7_ritual_fx_runtime_test.cpp.obj
[144/147] Building CXX object CMakeFiles/a3_hf6_shrine_key_wait_runtime.dir/C_/Dev/OpenU5-Native/native/targets/tdeck/main/alpha_runtime.cpp.obj
[145/147] Linking CXX executable a3_hf6_shrine_key_wait_runtime.exe
[146/147] Building CXX object CMakeFiles/a3_hf7_ritual_fx_runtime.dir/C_/Dev/OpenU5-Native/native/targets/tdeck/main/alpha_runtime.cpp.obj
[147/147] Linking CXX executable a3_hf7_ritual_fx_runtime.exe
