ninja: Entering directory `build-a4-enh1'
[1/159] Building CXX object CMakeFiles/openu5_core.dir/src/system_menu.cpp.obj
[2/159] Linking CXX static library libopenu5_core.a
[3/159] Linking CXX executable frontend_tests.exe
[4/159] Linking CXX executable display_names_tests.exe
[5/159] Linking CXX executable ui_session_tests.exe
[6/159] Linking CXX executable quest_search_tests.exe
[7/159] Linking CXX executable measure_ui_sizes.exe
[8/159] Linking CXX executable ui_debug_menu_tests.exe
[9/159] Linking CXX executable ui_host_harness.exe
[10/159] Linking CXX executable batch21b_chest_reset.exe
[11/159] Linking CXX executable debug_labels_tests.exe
[12/159] Linking CXX executable gameplay_integration_tests.exe
[13/159] Linking CXX executable look_sign_tests.exe
[14/159] Linking CXX executable shop_flow_tests.exe
[15/159] Linking CXX executable debug_map_picker_tests.exe
[16/159] Linking CXX executable gameplay_driver.exe
[17/159] Linking CXX executable quest_driver.exe
[18/159] Linking CXX executable shop_parity_tests.exe
[19/159] Linking CXX executable debug_developer_tests.exe
[20/159] Linking CXX executable movement_flow_parity_tests.exe
[21/159] Linking CXX executable dialogue_adapter_tests.exe
[22/159] Linking CXX executable persistence_driver.exe
[23/159] Linking CXX executable shop_adapter_tests.exe
[24/159] Linking CXX executable transport_flow_parity_tests.exe
[25/159] Linking CXX executable dialogue_parity_tests.exe
[26/159] Linking CXX executable item_parity_tests.exe
[27/159] Linking CXX executable command_parity_tests.exe
[28/159] Linking CXX executable advanced_combat_parity_tests.exe
[29/159] Linking CXX executable world_flow_parity_tests.exe
[30/159] Linking CXX executable dungeon_parity_tests.exe
[31/159] Linking CXX executable magic_parity_tests.exe
[32/159] Linking CXX executable dungeon_flow_parity_tests.exe
[33/159] Linking CXX executable world_flow_adapter_tests.exe
[34/159] Linking CXX executable combat_parity_tests.exe
[35/159] Linking CXX executable core_parity_tests.exe
[36/159] Linking CXX executable movement_regression.exe
[37/159] Linking CXX executable dungeon_art_regression.exe
[38/159] Linking CXX executable dungeon_view_regression.exe
[39/159] Linking CXX executable presentation_regression.exe
[40/159] Linking CXX executable travel_parity_tests.exe
[41/159] Linking CXX executable alpha_runtime_integration_regression.exe
[42/159] Linking CXX executable gem_view_regression.exe
[43/159] Linking CXX executable batch21a3_combat_active_player.exe
[44/159] Linking CXX executable turn_parity_tests.exe
[45/159] Linking CXX executable combat_loot_open_regression.exe
[46/159] Linking CXX executable direct_troll_handoff_regression.exe
[47/159] Linking CXX executable combat_escape_regression.exe
[48/159] Linking CXX executable ui_mode_regression.exe
[49/159] Linking CXX executable batch22_basement_objects.exe
[50/159] Linking CXX executable input_regression.exe
[51/159] Linking CXX executable batch23_vault_parity.exe
[52/159] Linking CXX executable dungeon_input_regression.exe
[53/159] Linking CXX executable batch21a_dungeon_room_regression.exe
[54/159] Linking CXX executable action_feedback_regression.exe
[55/159] Linking CXX executable batch12b_hardware_regression.exe
[56/159] Linking CXX executable batch24_reload_parity.exe
[57/159] Linking CXX executable dungeon_combat_regression.exe
[58/159] Linking CXX executable batch25_shard_ritual.exe
[59/159] Linking CXX executable batch28_save_validation.exe
[60/159] Linking CXX executable batch26_dungeon_save.exe
[61/159] Linking CXX executable batch33_cannon_npc_death.exe
[62/159] Linking CXX executable batch29_rest_wiring.exe
[63/159] Linking CXX executable batch30_sleep_parity.exe
[64/159] Linking CXX executable batch40_advancement.exe
[65/159] Linking CXX executable batch41_staged_advancement.exe
[66/159] Linking CXX executable batch31_h165_dungeon_entry.exe
[67/159] Linking CXX executable batch32_camp_watch.exe
[68/159] Building CXX object CMakeFiles/a4_ui2_save_menu_runtime.dir/C_/Dev/OpenU5-Native/native/targets/tdeck/host_tests/a4_ui2_save_menu_runtime_test.cpp.obj
[69/159] Linking CXX executable batch27_alt_load.exe
[70/159] Linking CXX executable batch44_camp_ring_entry.exe
[71/159] Linking CXX executable batch51_scene_pacing.exe
[72/159] Linking CXX executable batch42_advancement_flash.exe
[73/159] Linking CXX executable batch35_q_sleep_target.exe
[74/159] Linking CXX executable batch51_camp_pacing.exe
[75/159] Linking CXX executable batch38_camp_duration.exe
[76/159] Linking CXX executable batch34_pre_sleep_npc.exe
[77/159] Linking CXX executable batch53b_moongate_return.exe
[78/159] Linking CXX executable batch53a_ending_terminal.exe
[79/159] Linking CXX executable batch36_camp_housekeeping.exe
[80/159] Linking CXX executable batch43_sleep_scene.exe
[81/159] Linking CXX executable batch37_bed_viewport.exe
[82/159] Linking CXX executable batch39_party_panel.exe
[83/159] Linking CXX executable batch46_camp_invisibility.exe
[84/159] Linking CXX executable batch41_raw_key.exe
[85/159] Linking CXX executable a3_04_music_synth.exe
[86/159] Linking CXX executable a3_02_sfx_synth.exe
[87/159] Linking CXX executable a3_01_audio_contract.exe
[88/159] Linking CXX executable batch53_release_blockers.exe
[89/159] Linking CXX executable a3_03_sfx_inventory.exe
[90/159] Linking CXX executable a3_01_audio_runtime.exe
[91/159] Linking CXX executable a3_04a_audio_stream.exe
[92/159] Linking CXX executable a3_04b_perf.exe
[93/159] Linking CXX executable a3_02_sfx_runtime.exe
[94/159] Linking CXX executable a3_hf3_combat_hit_cue.exe
[95/159] Linking CXX executable a3_03_sfx_runtime.exe
[96/159] Linking CXX executable a3_04b_perf_runtime.exe
[97/159] Linking CXX executable a3_04_music_runtime.exe
[98/159] Linking CXX executable a3_04c_contention.exe
[99/159] Linking CXX executable a3_04d_sd_log.exe
[100/159] Linking CXX executable a3_hf3_combat_hit_runtime.exe
[101/159] Linking CXX executable a4_ui2_death_music_runtime.exe
[102/159] Linking CXX executable a3_hf2_ambient_parity.exe
[103/159] Linking CXX executable a4_enh1_preservation.exe
[104/159] Linking CXX executable a4_ui3_slot_rows.exe
[105/159] Linking CXX executable a3_04f_render_runtime.exe
[106/159] Linking CXX executable a3_04e_pacing.exe
[107/159] Linking CXX executable a4_enh1_preservation_runtime.exe
[108/159] Linking CXX executable a3_hf1_arena_loot.exe
[109/159] Linking CXX executable a4_enh1_rules.exe
[110/159] Linking CXX executable a4_end1_endgame_scene.exe
[111/159] Linking CXX executable a4_enh1_runtime.exe
[112/159] Linking CXX executable a3_04d_sd_log_runtime.exe
[113/159] Linking CXX executable a4_ui2_title_runtime.exe
[114/159] Linking CXX executable a4_save1_recovery_runtime.exe
[115/159] Linking CXX executable a4_ui2_save_menu_runtime.exe
[116/159] Linking CXX executable a4_ui1_chrome_runtime.exe
[117/159] Linking CXX executable a3_04c_contention_runtime.exe
[118/159] Linking CXX executable a3_04e_pacing_runtime.exe
[119/159] Linking CXX executable a3_hf2_1_dispatch_log.exe
[120/159] Linking CXX executable a4_save2_slots_runtime.exe
[121/159] Linking CXX executable a3_04g_storage_runtime.exe
[122/159] Linking CXX executable a4_save3_pc_bridge_runtime.exe
[123/159] Linking CXX executable a4_ui3_save_ux_runtime.exe
[124/159] Linking CXX executable a4_parity1_runtime.exe
[125/159] Linking CXX executable a3_hf6_shrine_key_wait_pacer.exe
[126/159] Linking CXX executable a3_05_audio_mute.exe
[127/159] Linking CXX executable a3_hf9_refuge_cadence.exe
[128/159] Linking CXX executable a4_ui4_presentation_runtime.exe
[129/159] Linking CXX executable a4_ui4_console_runtime.exe
[130/159] Linking CXX executable a4_end1_ending_runtime.exe
[131/159] Linking CXX executable a4_ui4_moongate_runtime.exe
[132/159] Linking CXX executable a3_hf10_mix_parity_runtime.exe
[133/159] Linking CXX executable a3_hf4_load_transient_runtime.exe
[134/159] Linking CXX executable a3_hf5_dialogue_pacing_runtime.exe
[135/159] Linking CXX executable a3_05_audio_controls.exe
[136/159] Linking CXX executable a3_hf7_ritual_fx_runtime.exe
[137/159] Linking CXX executable a3_hf9_refuge_cadence_runtime.exe
[138/159] Linking CXX executable a3_hf8_sacrifice_burst_runtime.exe
[139/159] Linking CXX executable a3_hf6_shrine_key_wait_runtime.exe
[140/159] Linking CXX executable a3_hf5_dialogue_pacer.exe
[141/159] Linking CXX executable a3_hf7_ritual_fx.exe
[142/159] Linking CXX executable batch14_zstats_runtime_regression.exe
[143/159] Linking CXX executable batch18_well_ceremony_regression.exe
[144/159] Linking CXX executable batch3_group_b_tests.exe
[145/159] Linking CXX executable batch14_zstats_model_tests.exe
[146/159] Linking CXX executable batch4_group_a_tests.exe
[147/159] Linking CXX executable batch15_sacrifice_tests.exe
[148/159] Linking CXX executable batch3_group_a_tests.exe
[149/159] Linking CXX executable batch19_command_char_regression.exe
[150/159] Linking CXX executable blackthorn_scene_tests.exe
[151/159] Linking CXX executable batch3_group_c_tests.exe
[152/159] Linking CXX executable batch4_group_b_tests.exe
[153/159] Linking CXX executable batch45b_tests.exe
[154/159] Linking CXX executable batch19_command_char_tests.exe
[155/159] Linking CXX executable batch17_theft_watchdog_tests.exe
[156/159] Linking CXX executable batch13_tests.exe
[157/159] Linking CXX executable batch7b_tests.exe
[158/159] Linking CXX executable batch12_combat_field_tests.exe
[159/159] Linking CXX executable batch5_tests.exe
build exit=0
