CURRENT   project file: "C:\Dev\OpenU5-Native\native\targets\tdeck\build-a4-enh2\openu5_tdeck.map"
REFERENCE project file: "C:\Dev\OpenU5-Native\native\targets\tdeck\build-a4-enh1-final\openu5_tdeck.map"
Difference is counted as CURRENT - REFERENCE, i.e. a positive number means that CURRENT is larger.
Per-file contributions to ELF file
┌───────────────────────────────┬───────────────┬──────────┬──────────┬──────────┬──────────────┬──────────────┬─────────────┬──────────┬──────────────┬──────────────┬───────────────┬──────────┬───────────────┬──────────┬──────────┬───────────────┬───────────┬─────────────┬─────────────┐
│ Object File                   │    Total Size │     IRAM │    .text │ .vectors │        DIRAM │         .bss │       .data │    .text │   Flash Code │        .text │    Flash Data │   .tdata │       .rodata │ .appdesc │ RTC FAST │ .rtc_reserved │  RTC SLOW │ .force_slow │ .rtc_noinit │
├───────────────────────────────┼───────────────┼──────────┼──────────┼──────────┼──────────────┼──────────────┼─────────────┼──────────┼──────────────┼──────────────┼───────────────┼──────────┼───────────────┼──────────┼──────────┼───────────────┼───────────┼─────────────┼─────────────┤
│ stdio_vfs.c.obj               │ 147418   -912 │ 0      0 │ 0      0 │ 0      0 │    40      0 │     8      0 │   32      0 │ 0      0 │  1002      0 │  1002      0 │ 146376   -912 │ 0      0 │ 146376   -912 │ 0      0 │ 0      0 │      0      0 │  0      0 │    0      0 │    0      0 │
│ alpha_runtime.cpp.obj         │  77461     +5 │ 0      0 │ 0      0 │ 0      0 │   132      0 │   132      0 │    0      0 │ 0      0 │ 76605     +5 │ 76605     +5 │    724      0 │ 0      0 │    724      0 │ 0      0 │ 0      0 │      0      0 │  0      0 │    0      0 │    0      0 │
│ main.cpp.obj                  │  61124    +85 │ 0      0 │ 0      0 │ 0      0 │ 49588    +40 │ 42220    +40 │ 7368      0 │ 0      0 │  8960    +29 │  8960    +29 │   2564    +16 │ 0      0 │   2564    +16 │ 0      0 │ 0      0 │      0      0 │ 12      0 │    0      0 │   12      0 │
│ tdeck_board.cpp.obj           │  34876    +12 │ 0      0 │ 0      0 │ 0      0 │     0      0 │     0      0 │    0      0 │ 0      0 │ 32732    +12 │ 32732    +12 │   2144      0 │ 0      0 │   2144      0 │ 0      0 │ 0      0 │      0      0 │  0      0 │    0      0 │    0      0 │
│ save_core.cpp.obj             │  15015   +320 │ 0      0 │ 0      0 │ 0      0 │     0      0 │     0      0 │    0      0 │ 0      0 │ 14783   +292 │ 14783   +292 │    232    +28 │ 0      0 │    232    +28 │ 0      0 │ 0      0 │      0      0 │  0      0 │    0      0 │    0      0 │
│ alpha_save.cpp.obj            │  12875    +65 │ 0      0 │ 0      0 │ 0      0 │     4      0 │     4      0 │    0      0 │ 0      0 │ 12517    +49 │ 12517    +49 │    354    +16 │ 0      0 │    354    +16 │ 0      0 │ 0      0 │      0      0 │  0      0 │    0      0 │    0      0 │
│ device_smoke_tests.cpp.obj    │   8923    +36 │ 0      0 │ 0      0 │ 0      0 │     0      0 │     0      0 │    0      0 │ 0      0 │  8294    +24 │  8294    +24 │    629    +12 │ 0      0 │    629    +12 │ 0      0 │ 0      0 │      0      0 │  0      0 │    0      0 │    0      0 │
│ presentation.cpp.obj          │   6497     +4 │ 0      0 │ 0      0 │ 0      0 │     0      0 │     0      0 │    0      0 │ 0      0 │  6061     +4 │  6061     +4 │    436      0 │ 0      0 │    436      0 │ 0      0 │ 0      0 │      0      0 │  0      0 │    0      0 │    0      0 │
│ system_menu.cpp.obj           │   6129  +2381 │ 0      0 │ 0      0 │ 0      0 │   864    +96 │   864    +96 │    0      0 │ 0      0 │  2635   -229 │  2635   -229 │   2630  +2514 │ 0      0 │   2630  +2514 │ 0      0 │ 0      0 │      0      0 │  0      0 │    0      0 │    0      0 │
│ endgame_scene.cpp.obj         │   4893  -1102 │ 0      0 │ 0      0 │ 0      0 │     0      0 │     0      0 │    0      0 │ 0      0 │  4594      0 │  4594      0 │    299  -1102 │ 0      0 │    299  -1102 │ 0      0 │ 0      0 │      0      0 │  0      0 │    0      0 │    0      0 │
│ look.cpp.obj                  │   4542     +4 │ 0      0 │ 0      0 │ 0      0 │     0      0 │     0      0 │    0      0 │ 0      0 │  3654     +4 │  3654     +4 │    888      0 │ 0      0 │    888      0 │ 0      0 │ 0      0 │      0      0 │  0      0 │    0      0 │    0      0 │
│ alpha_save_generation.cpp.obj │   3475    +48 │ 0      0 │ 0      0 │ 0      0 │     0      0 │     0      0 │    0      0 │ 0      0 │  3349    +36 │  3349    +36 │    126    +12 │ 0      0 │    126    +12 │ 0      0 │ 0      0 │      0      0 │  0      0 │    0      0 │    0      0 │
│ input_controller.cpp.obj      │   2422     -4 │ 0      0 │ 0      0 │ 0      0 │     0      0 │     0      0 │    0      0 │ 0      0 │  2310     -4 │  2310     -4 │    112      0 │ 0      0 │    112      0 │ 0      0 │ 0      0 │      0      0 │  0      0 │    0      0 │    0      0 │
│ audio_pack.cpp.obj            │   2135    +16 │ 0      0 │ 0      0 │ 0      0 │     0      0 │     0      0 │    0      0 │ 0      0 │  2127    +16 │  2127    +16 │      8      0 │ 0      0 │      8      0 │ 0      0 │ 0      0 │      0      0 │  0      0 │    0      0 │    0      0 │
│ enhanced.cpp.obj              │   1794    +57 │ 0      0 │ 0      0 │ 0      0 │     0      0 │     0      0 │    0      0 │ 0      0 │  1550   -147 │  1550   -147 │    244   +204 │ 0      0 │    244   +204 │ 0      0 │ 0      0 │      0      0 │  0      0 │    0      0 │    0      0 │
└───────────────────────────────┴───────────────┴──────────┴──────────┴──────────┴──────────────┴──────────────┴─────────────┴──────────┴──────────────┴──────────────┴───────────────┴──────────┴───────────────┴──────────┴──────────┴───────────────┴───────────┴─────────────┴─────────────┘
