ninja: Entering directory `build-a4-enh1'
[1/9] Performing build step for 'bootloader'
[1/1] C:\WINDOWS\system32\cmd.exe /C "cd /D <repo>\native\targets\tdeck\build-a4-enh1\bootloader && <home>\.espressif\python_env\idf6.1_py3.14_env\Scripts\python.exe C:/esp/v6.1/esp-idf/components/partition_table/check_sizes.py --offset 0x8000 bootloader 0x0 <repo>/native/targets/tdeck/build-a4-enh1/bootloader/bootloader.bin"
Bootloader binary size 0x5850 bytes. 0x27b0 bytes (31%) free.
[2/9] No install step for 'bootloader'
[3/9] Completed 'bootloader'
[4/9] Building CXX object esp-idf/main/CMakeFiles/__idf_main.dir/C_/Dev/OpenU5-Native/native/core/src/system_menu.cpp.obj
[5/9] Linking C static library esp-idf\main\libmain.a
[6/9] Generating esp-idf/esp_system/ld/sections.ld
Skipping linker script generation, section names unchanged
[7/9] Linking CXX executable openu5_tdeck.elf
[8/9] Generating binary image from built executable
esptool v5.4.0
Creating ESP32-S3 image...
Merged 3 ELF sections.
Successfully created ESP32-S3 image.
Generated <repo>/native/targets/tdeck/build-a4-enh1/openu5_tdeck.bin
[9/9] C:\WINDOWS\system32\cmd.exe /C "cd /D <repo>\native\targets\tdeck\build-a4-enh1 && <home>\.espressif\python_env\idf6.1_py3.14_env\Scripts\python.exe C:/esp/v6.1/esp-idf/components/partition_table/check_sizes.py --offset 0x8000 partition --type app <repo>/native/targets/tdeck/build-a4-enh1/partition_table/partition-table.bin <repo>/native/targets/tdeck/build-a4-enh1/openu5_tdeck.bin"
openu5_tdeck.bin binary size 0xfdc60 bytes. Smallest app partition is 0x100000 bytes. 0x23a0 bytes (1%) free.
Warning: The smallest app partition is nearly full (1% free space left)!
