
== a3_04a_hotpath_check (build-a4-enh1)
# A3-04A firmware hot-path check: C:\Dev\OpenU5-Native\native\targets\tdeck\build-a4-enh1\openu5_tdeck.elf

generate(): 483 instructions, 3 call sites: openu5::OplEmulator::Operator::envelope_step(unsigned long, unsigned char), openu5::OplEmulator::refresh_vibrato()
functions reachable from generate(): 3
    openu5::OplEmulator::Operator::envelope_step(unsigned long,     59 instructions
    openu5::OplEmulator::Operator::refresh_envelope(unsigned cha    51 instructions
    openu5::OplEmulator::refresh_vibrato()                          71 instructions

GREEN no guard, lock, allocation, log or delay is reachable from the per-sample path

exit 0
== a3_04b_iram_check (build-a4-enh1)
# A3-04B firmware IRAM check: C:\Dev\OpenU5-Native\native\targets\tdeck\build-a4-enh1\openu5_tdeck.elf

functions reached from render_block(): 25
    403832a4 IRAM    20 insns  openu5::apply_gain_q15(short, unsigned short)
    403832dc IRAM   118 insns  openu5::AudioRingPump::render_block(unsigned short, unsigned short)
    40383414 IRAM    84 insns  openu5::AudioPerfCounters::on_render(unsigned long, unsigned long, unsigned long, unsigned
    403834f4 IRAM    71 insns  openu5::OplEmulator::refresh_vibrato()
    403835bc IRAM    59 insns  openu5::OplEmulator::Operator::envelope_step(unsigned long, unsigned char)
    40383658 IRAM    51 insns  openu5::OplEmulator::Operator::refresh_envelope(unsigned char)
    403836e0 IRAM   483 insns  openu5::OplEmulator::generate(float*, float*, unsigned int, unsigned int)
    40383bec IRAM   289 insns  openu5::MusicSongPlayer::render(short*, unsigned int, unsigned long, unsigned short)
    40383ef0 IRAM   147 insns  openu5::MusicSongPlayer::fill_chip(float*, float*, unsigned int, unsigned int)
    40384070 IRAM    26 insns  openu5::OplEmulator::sounding_channels() const
    403840b8 IRAM    25 insns  openu5::OplVoiceAllocator::active_voices() const
    403840fc IRAM   110 insns  openu5::SpeakerVoice::fine_level()
    40384238 IRAM    73 insns  openu5::SpeakerVoice::begin_segment()
    40384308 IRAM    92 insns  openu5::SpeakerVoice::begin_iteration()
    40384410 IRAM   182 insns  openu5::SpeakerVoice::render(long*, unsigned int)
    40384600 IRAM    12 insns  openu5::(anonymous namespace)::pit_divisor(unsigned long)
    40384624 IRAM    10 insns  openu5::(anonymous namespace)::pit_phase_inc(unsigned long)
    40384640 IRAM    16 insns  openu5::speaker_noise_draw(unsigned short&, unsigned short)
    4038466c IRAM    14 insns  openu5::speaker_noise_next(unsigned short)
    40384694 IRAM    16 insns  openu5::speaker_rumble_draw(unsigned short&, unsigned short, unsigned short)
    403846c0 IRAM    16 insns  openu5::speaker_segment_frames(openu5::SpeakerSegment const&)
    403846ec IRAM    71 insns  openu5::SfxPlayer::render(short*, unsigned int, unsigned short)
    420a9cfc FLASH   66 insns  _ZN6openu515MusicSongPlayer15ensure_capacityEj$part$0  (allowed: once per song size: the chip buffer)
    420ac440 FLASH   68 insns  openu5::MusicSongPlayer::dispatch(openu5::MusicEvent const&)  (allowed: per MIDI event (the voice allocator))
    420adb2c FLASH   29 insns  openu5::SfxPlayer::start_next()  (allowed: per cue start (compile_sfx, queue))

per-sample openu5::OplEmulator::generate(float*, float*, unsigned int,  IRAM
per-sample openu5::MusicSongPlayer::render(short*, unsigned int, unsign IRAM
per-sample openu5::SfxPlayer::render(short*, unsigned int, unsigned sho IRAM


GREEN the per-sample audio path runs from IRAM/ROM and reads no flash .rodata; 3 per-event/one-time/per-block function(s) stay in flash by design

exit 0
== a3_04f_image_check (build-a4-enh1)
image: build-a4-enh1\openu5_tdeck.elf

_ZN6openu512_GLOBAL__N_1L11crc32_u16leEPKtj  @ 0x4207061c, 70 bytes
  loop 0x42070628..0x42070658 (bltu a11, a3, 42070628): body 18 instructions
  innermost loop body:
    0x42070628: addx2 a8, a11, a2
    0x4207062b: l16ui a8, a8, 0
    0x4207062e: xor a10, a9, a8
    0x42070631: extui a10, a10, 0, 8
    0x42070634: l32r a12, 4204263c
    0x42070637: addx4 a10, a10, a12
    0x4207063a: l32i.n a10, a10, 0
    0x4207063c: srli a9, a9, 8
    0x4207063f: xor a10, a10, a9
    0x42070642: srli a8, a8, 8
    0x42070645: xor a8, a8, a10
    0x42070648: extui a8, a8, 0, 8
    0x4207064b: addx4 a8, a8, a12
    0x4207064e: l32i.n a9, a8, 0
    0x42070650: srli a10, a10, 8
    0x42070653: xor a9, a9, a10
    0x42070656: addi.n a11, a11, 1
    0x42070658: bltu a11, a3, 42070628
  per frame (176x176): the innermost body 18 x 30,976 pixels = 557,568 instructions = 2.3 ms at 240 MHz, 1 instruction/cycle
  C1 no per-bit loop (table-driven): GREEN
  C2 innermost loop body <= 24 instructions: GREEN (18)

_ZN6openu512_GLOBAL__N_1L11expand_tileERA128_KhRA16_KtPtii  @ 0x4209fb24, 92 bytes
  loop 0x4209fb48..0x4209fb74 (blti a9, 8, 4209fb48): body 17 instructions
  loop 0x4209fb32..0x4209fb7b (bge a8, a12, 4209fb32): body 28 instructions

_ZN6openu515render_snapshotERKNS_21PresentationTileCacheERKNS_20PresentationSnapshotEmxPtjRNS_12RenderReportE  @ 0x420716f8, 875 bytes
  loop 0x42071739..0x42071740 (bne a10, a8, 42071739): body 4 instructions
  loop 0x42071778..0x420717d0 (bge a8, a2, 42071778): body 33 instructions
  loop 0x42071818..0x42071850 (bge a8, a7, 42071818): body 20 instructions
  loop 0x4207184c..0x42071857 (bge a8, a5, 4207184c): body 6 instructions
  loop 0x420717ec..0x4207185f (bltu a2, a8, 420717ec): body 43 instructions
  loop 0x42071898..0x42071912 (bge a8, a7, 42071898): body 41 instructions

A3-04F image check: GREEN
exit 0
