[1/280] Building CXX object CMakeFiles/batch21a_dungeon_room_regression.dir/C_/Dev/OpenU5-Native/native/targets/tdeck/main/native_renderer.cpp.obj
[2/280] Building CXX object CMakeFiles/alpha_runtime_integration_regression.dir/C_/Dev/OpenU5-Native/native/targets/tdeck/main/native_renderer.cpp.obj
[3/280] Building CXX object CMakeFiles/batch22_basement_objects.dir/C_/Dev/OpenU5-Native/native/targets/tdeck/main/native_renderer.cpp.obj
[4/280] Building CXX object CMakeFiles/batch12b_hardware_regression.dir/C_/Dev/OpenU5-Native/native/targets/tdeck/main/native_renderer.cpp.obj
[5/280] Building CXX object CMakeFiles/batch23_vault_parity.dir/C_/Dev/OpenU5-Native/native/targets/tdeck/main/native_renderer.cpp.obj
[6/280] Building CXX object CMakeFiles/batch24_reload_parity.dir/C_/Dev/OpenU5-Native/native/targets/tdeck/main/native_renderer.cpp.obj
[7/280] Building CXX object CMakeFiles/batch25_shard_ritual.dir/C_/Dev/OpenU5-Native/native/targets/tdeck/main/native_renderer.cpp.obj
[8/280] Building CXX object CMakeFiles/batch26_dungeon_save.dir/C_/Dev/OpenU5-Native/native/targets/tdeck/main/native_renderer.cpp.obj
[9/280] Building CXX object CMakeFiles/batch23_vault_parity.dir/C_/Dev/OpenU5-Native/native/targets/tdeck/main/alpha_runtime.cpp.obj
[10/280] Building CXX object CMakeFiles/alpha_runtime_integration_regression.dir/C_/Dev/OpenU5-Native/native/targets/tdeck/main/alpha_runtime.cpp.obj
[11/280] Building CXX object CMakeFiles/batch22_basement_objects.dir/C_/Dev/OpenU5-Native/native/targets/tdeck/main/alpha_runtime.cpp.obj
[12/280] Building CXX object CMakeFiles/batch21a_dungeon_room_regression.dir/C_/Dev/OpenU5-Native/native/targets/tdeck/main/alpha_runtime.cpp.obj
[13/280] Building CXX object CMakeFiles/batch28_save_validation.dir/C_/Dev/OpenU5-Native/native/targets/tdeck/main/native_renderer.cpp.obj
[14/280] Building CXX object CMakeFiles/batch27_alt_load.dir/C_/Dev/OpenU5-Native/native/targets/tdeck/main/native_renderer.cpp.obj
[15/280] Building CXX object CMakeFiles/batch24_reload_parity.dir/C_/Dev/OpenU5-Native/native/targets/tdeck/main/alpha_runtime.cpp.obj
[16/280] Building CXX object CMakeFiles/batch25_shard_ritual.dir/C_/Dev/OpenU5-Native/native/targets/tdeck/main/alpha_runtime.cpp.obj
[17/280] Building CXX object CMakeFiles/batch26_dungeon_save.dir/C_/Dev/OpenU5-Native/native/targets/tdeck/main/alpha_runtime.cpp.obj
[18/280] Building CXX object CMakeFiles/batch29_rest_wiring.dir/C_/Dev/OpenU5-Native/native/targets/tdeck/main/native_renderer.cpp.obj
[19/280] Building CXX object CMakeFiles/batch30_sleep_parity.dir/C_/Dev/OpenU5-Native/native/targets/tdeck/main/native_renderer.cpp.obj
[20/280] Building CXX object CMakeFiles/batch31_h165_dungeon_entry.dir/C_/Dev/OpenU5-Native/native/targets/tdeck/main/native_renderer.cpp.obj
[21/280] Building CXX object CMakeFiles/batch32_camp_watch.dir/C_/Dev/OpenU5-Native/native/targets/tdeck/main/native_renderer.cpp.obj
[22/280] Building CXX object CMakeFiles/batch27_alt_load.dir/C_/Dev/OpenU5-Native/native/targets/tdeck/main/alpha_runtime.cpp.obj
[23/280] Building CXX object CMakeFiles/batch33_cannon_npc_death.dir/C_/Dev/OpenU5-Native/native/targets/tdeck/main/native_renderer.cpp.obj
[24/280] Building CXX object CMakeFiles/batch29_rest_wiring.dir/C_/Dev/OpenU5-Native/native/targets/tdeck/main/alpha_runtime.cpp.obj
[25/280] Building CXX object CMakeFiles/batch28_save_validation.dir/C_/Dev/OpenU5-Native/native/targets/tdeck/main/alpha_runtime.cpp.obj
[26/280] Building CXX object CMakeFiles/batch34_pre_sleep_npc.dir/C_/Dev/OpenU5-Native/native/targets/tdeck/main/native_renderer.cpp.obj
[27/280] Building CXX object CMakeFiles/batch30_sleep_parity.dir/C_/Dev/OpenU5-Native/native/targets/tdeck/main/alpha_runtime.cpp.obj
[28/280] Building CXX object CMakeFiles/batch31_h165_dungeon_entry.dir/C_/Dev/OpenU5-Native/native/targets/tdeck/main/alpha_runtime.cpp.obj
[29/280] Building CXX object CMakeFiles/batch35_q_sleep_target.dir/C_/Dev/OpenU5-Native/native/targets/tdeck/main/native_renderer.cpp.obj
[30/280] Building CXX object CMakeFiles/batch32_camp_watch.dir/C_/Dev/OpenU5-Native/native/targets/tdeck/main/alpha_runtime.cpp.obj
[31/280] Building CXX object CMakeFiles/batch36_camp_housekeeping.dir/C_/Dev/OpenU5-Native/native/targets/tdeck/main/native_renderer.cpp.obj
[32/280] Building CXX object CMakeFiles/batch37_bed_viewport.dir/C_/Dev/OpenU5-Native/native/targets/tdeck/main/native_renderer.cpp.obj
[33/280] Building CXX object CMakeFiles/batch33_cannon_npc_death.dir/C_/Dev/OpenU5-Native/native/targets/tdeck/main/alpha_runtime.cpp.obj
[34/280] Building CXX object CMakeFiles/batch39_party_panel.dir/C_/Dev/OpenU5-Native/native/targets/tdeck/main/native_renderer.cpp.obj
[35/280] Building CXX object CMakeFiles/batch41_raw_key.dir/C_/Dev/OpenU5-Native/native/targets/tdeck/main/native_renderer.cpp.obj
[36/280] Building CXX object CMakeFiles/batch34_pre_sleep_npc.dir/C_/Dev/OpenU5-Native/native/targets/tdeck/main/alpha_runtime.cpp.obj
[37/280] Building CXX object CMakeFiles/batch42_advancement_flash.dir/C_/Dev/OpenU5-Native/native/targets/tdeck/main/native_renderer.cpp.obj
[38/280] Building CXX object CMakeFiles/batch35_q_sleep_target.dir/C_/Dev/OpenU5-Native/native/targets/tdeck/main/alpha_runtime.cpp.obj
[39/280] Building CXX object CMakeFiles/batch36_camp_housekeeping.dir/C_/Dev/OpenU5-Native/native/targets/tdeck/main/alpha_runtime.cpp.obj
[40/280] Building CXX object CMakeFiles/batch43_sleep_scene.dir/C_/Dev/OpenU5-Native/native/targets/tdeck/main/native_renderer.cpp.obj
[41/280] Building CXX object CMakeFiles/batch37_bed_viewport.dir/C_/Dev/OpenU5-Native/native/targets/tdeck/main/alpha_runtime.cpp.obj
[42/280] Building CXX object CMakeFiles/batch46_camp_invisibility.dir/C_/Dev/OpenU5-Native/native/targets/tdeck/main/native_renderer.cpp.obj
[43/280] Building CXX object CMakeFiles/batch39_party_panel.dir/C_/Dev/OpenU5-Native/native/targets/tdeck/main/alpha_runtime.cpp.obj
[44/280] Building CXX object CMakeFiles/batch44_camp_ring_entry.dir/C_/Dev/OpenU5-Native/native/targets/tdeck/main/native_renderer.cpp.obj
[45/280] Building CXX object CMakeFiles/batch41_raw_key.dir/C_/Dev/OpenU5-Native/native/targets/tdeck/main/alpha_runtime.cpp.obj
[46/280] Building CXX object CMakeFiles/batch38_camp_duration.dir/C_/Dev/OpenU5-Native/native/targets/tdeck/main/native_renderer.cpp.obj
[47/280] Building CXX object CMakeFiles/batch42_advancement_flash.dir/C_/Dev/OpenU5-Native/native/targets/tdeck/main/alpha_runtime.cpp.obj
[48/280] Building CXX object CMakeFiles/batch51_camp_pacing.dir/C_/Dev/OpenU5-Native/native/targets/tdeck/main/native_renderer.cpp.obj
[49/280] Building CXX object CMakeFiles/batch53b_moongate_return.dir/C_/Dev/OpenU5-Native/native/targets/tdeck/main/native_renderer.cpp.obj
[50/280] Building CXX object CMakeFiles/batch43_sleep_scene.dir/C_/Dev/OpenU5-Native/native/targets/tdeck/main/alpha_runtime.cpp.obj
[51/280] Building CXX object CMakeFiles/a3_01_audio_runtime.dir/C_/Dev/OpenU5-Native/native/targets/tdeck/main/native_renderer.cpp.obj
[52/280] Building CXX object CMakeFiles/batch46_camp_invisibility.dir/C_/Dev/OpenU5-Native/native/targets/tdeck/main/alpha_runtime.cpp.obj
[53/280] Building CXX object CMakeFiles/batch44_camp_ring_entry.dir/C_/Dev/OpenU5-Native/native/targets/tdeck/main/alpha_runtime.cpp.obj
[54/280] Building CXX object CMakeFiles/a3_02_sfx_runtime.dir/C_/Dev/OpenU5-Native/native/targets/tdeck/main/native_renderer.cpp.obj
[55/280] Building CXX object CMakeFiles/batch38_camp_duration.dir/C_/Dev/OpenU5-Native/native/targets/tdeck/main/alpha_runtime.cpp.obj
[56/280] Building CXX object CMakeFiles/batch51_camp_pacing.dir/C_/Dev/OpenU5-Native/native/targets/tdeck/main/alpha_runtime.cpp.obj
[57/280] Building CXX object CMakeFiles/a3_03_sfx_runtime.dir/C_/Dev/OpenU5-Native/native/targets/tdeck/main/native_renderer.cpp.obj
[58/280] Building CXX object CMakeFiles/a3_04_music_runtime.dir/C_/Dev/OpenU5-Native/native/targets/tdeck/main/native_renderer.cpp.obj
[59/280] Building CXX object CMakeFiles/batch53b_moongate_return.dir/C_/Dev/OpenU5-Native/native/targets/tdeck/main/alpha_runtime.cpp.obj
[60/280] Building CXX object CMakeFiles/a3_01_audio_runtime.dir/C_/Dev/OpenU5-Native/native/targets/tdeck/main/alpha_runtime.cpp.obj
[61/280] Building CXX object CMakeFiles/a3_04b_perf_runtime.dir/C_/Dev/OpenU5-Native/native/targets/tdeck/main/native_renderer.cpp.obj
[62/280] Building CXX object CMakeFiles/a3_04c_contention_runtime.dir/C_/Dev/OpenU5-Native/native/targets/tdeck/main/native_renderer.cpp.obj
[63/280] Building CXX object CMakeFiles/a3_04d_sd_log_runtime.dir/C_/Dev/OpenU5-Native/native/targets/tdeck/main/native_renderer.cpp.obj
[64/280] Building CXX object CMakeFiles/a3_02_sfx_runtime.dir/C_/Dev/OpenU5-Native/native/targets/tdeck/main/alpha_runtime.cpp.obj
[65/280] Building CXX object CMakeFiles/a3_03_sfx_runtime.dir/C_/Dev/OpenU5-Native/native/targets/tdeck/main/alpha_runtime.cpp.obj
[66/280] Building CXX object CMakeFiles/a3_04e_pacing_runtime.dir/C_/Dev/OpenU5-Native/native/targets/tdeck/main/native_renderer.cpp.obj
[67/280] Building CXX object CMakeFiles/a3_04_music_runtime.dir/C_/Dev/OpenU5-Native/native/targets/tdeck/main/alpha_runtime.cpp.obj
[68/280] Building CXX object CMakeFiles/a3_hf1_arena_loot.dir/C_/Dev/OpenU5-Native/native/targets/tdeck/main/native_renderer.cpp.obj
[69/280] Building CXX object CMakeFiles/a3_04e_pacing_runtime.dir/C_/Dev/OpenU5-Native/native/targets/tdeck/main/tdeck_board.cpp.obj
[70/280] Building CXX object CMakeFiles/a3_04b_perf_runtime.dir/C_/Dev/OpenU5-Native/native/targets/tdeck/main/alpha_runtime.cpp.obj
[71/280] Building CXX object CMakeFiles/a3_04c_contention_runtime.dir/C_/Dev/OpenU5-Native/native/targets/tdeck/main/alpha_runtime.cpp.obj
[72/280] Building CXX object CMakeFiles/a3_04d_sd_log_runtime.dir/C_/Dev/OpenU5-Native/native/targets/tdeck/main/alpha_runtime.cpp.obj
[73/280] Building CXX object CMakeFiles/a3_hf2_ambient_parity.dir/C_/Dev/OpenU5-Native/native/targets/tdeck/main/native_renderer.cpp.obj
[74/280] Building CXX object CMakeFiles/a3_hf2_1_dispatch_log.dir/C_/Dev/OpenU5-Native/native/targets/tdeck/main/native_renderer.cpp.obj
[75/280] Building CXX object CMakeFiles/a3_04e_pacing_runtime.dir/C_/Dev/OpenU5-Native/native/targets/tdeck/main/alpha_runtime.cpp.obj
[76/280] Building CXX object CMakeFiles/a3_hf2_ambient_parity.dir/C_/Dev/OpenU5-Native/native/targets/tdeck/main/tdeck_board.cpp.obj
[77/280] Building CXX object CMakeFiles/a3_04f_render_runtime.dir/C_/Dev/OpenU5-Native/native/targets/tdeck/main/native_renderer.cpp.obj
[78/280] Building CXX object CMakeFiles/a3_hf1_arena_loot.dir/C_/Dev/OpenU5-Native/native/targets/tdeck/main/alpha_runtime.cpp.obj
[79/280] Building CXX object CMakeFiles/a4_ui1_chrome_runtime.dir/C_/Dev/OpenU5-Native/native/targets/tdeck/main/native_renderer.cpp.obj
[80/280] Building CXX object CMakeFiles/a3_04f_render_runtime.dir/C_/Dev/OpenU5-Native/native/targets/tdeck/main/tdeck_board.cpp.obj
[81/280] Building CXX object CMakeFiles/a3_hf2_ambient_parity.dir/C_/Dev/OpenU5-Native/native/targets/tdeck/main/alpha_runtime.cpp.obj
[82/280] Building CXX object CMakeFiles/a3_hf2_1_dispatch_log.dir/C_/Dev/OpenU5-Native/native/targets/tdeck/main/alpha_runtime.cpp.obj
[83/280] Building CXX object CMakeFiles/a4_ui2_title_runtime.dir/C_/Dev/OpenU5-Native/native/targets/tdeck/main/native_renderer.cpp.obj
[84/280] Building CXX object CMakeFiles/a4_ui1_chrome_runtime.dir/C_/Dev/OpenU5-Native/native/targets/tdeck/main/tdeck_board.cpp.obj
[85/280] Building CXX object CMakeFiles/a3_04f_render_runtime.dir/C_/Dev/OpenU5-Native/native/targets/tdeck/main/alpha_runtime.cpp.obj
[86/280] Building CXX object CMakeFiles/a4_ui2_title_runtime.dir/C_/Dev/OpenU5-Native/native/targets/tdeck/main/tdeck_board.cpp.obj
[87/280] Building CXX object CMakeFiles/a4_ui2_death_music_runtime.dir/C_/Dev/OpenU5-Native/native/targets/tdeck/main/native_renderer.cpp.obj
[88/280] Building CXX object CMakeFiles/a4_ui1_chrome_runtime.dir/C_/Dev/OpenU5-Native/native/targets/tdeck/main/alpha_runtime.cpp.obj
[89/280] Building CXX object CMakeFiles/a4_ui2_save_menu_runtime.dir/C_/Dev/OpenU5-Native/native/targets/tdeck/main/native_renderer.cpp.obj
[90/280] Building CXX object CMakeFiles/a4_ui2_death_music_runtime.dir/C_/Dev/OpenU5-Native/native/targets/tdeck/main/tdeck_board.cpp.obj
[91/280] Building CXX object CMakeFiles/a3_hf3_combat_hit_runtime.dir/C_/Dev/OpenU5-Native/native/targets/tdeck/main/native_renderer.cpp.obj
[92/280] Building CXX object CMakeFiles/a4_ui2_save_menu_runtime.dir/C_/Dev/OpenU5-Native/native/targets/tdeck/main/tdeck_board.cpp.obj
[93/280] Building CXX object CMakeFiles/a4_ui2_title_runtime.dir/C_/Dev/OpenU5-Native/native/targets/tdeck/main/alpha_runtime.cpp.obj
[94/280] Building CXX object CMakeFiles/a3_hf3_combat_hit_runtime.dir/C_/Dev/OpenU5-Native/native/targets/tdeck/main/tdeck_board.cpp.obj
[95/280] Building CXX object CMakeFiles/a3_04g_storage_runtime.dir/C_/Dev/OpenU5-Native/native/targets/tdeck/main/native_renderer.cpp.obj
[96/280] Building CXX object CMakeFiles/a4_ui2_death_music_runtime.dir/C_/Dev/OpenU5-Native/native/targets/tdeck/main/alpha_runtime.cpp.obj
[97/280] Building CXX object CMakeFiles/a4_save1_recovery_runtime.dir/C_/Dev/OpenU5-Native/native/targets/tdeck/main/native_renderer.cpp.obj
[98/280] Building CXX object CMakeFiles/a4_save2_slots_runtime.dir/C_/Dev/OpenU5-Native/native/targets/tdeck/main/native_renderer.cpp.obj
[99/280] Building CXX object CMakeFiles/a4_ui2_save_menu_runtime.dir/C_/Dev/OpenU5-Native/native/targets/tdeck/main/alpha_runtime.cpp.obj
[100/280] Building CXX object CMakeFiles/a4_save3_pc_bridge_runtime.dir/C_/Dev/OpenU5-Native/native/targets/tdeck/main/native_renderer.cpp.obj
[101/280] Building CXX object CMakeFiles/a3_hf3_combat_hit_runtime.dir/C_/Dev/OpenU5-Native/native/targets/tdeck/main/alpha_runtime.cpp.obj
[102/280] Building CXX object CMakeFiles/a4_ui3_save_ux_runtime.dir/C_/Dev/OpenU5-Native/native/targets/tdeck/main/native_renderer.cpp.obj
[103/280] Building CXX object CMakeFiles/a3_04g_storage_runtime.dir/C_/Dev/OpenU5-Native/native/targets/tdeck/main/alpha_runtime.cpp.obj
[104/280] Building CXX object CMakeFiles/a4_save1_recovery_runtime.dir/C_/Dev/OpenU5-Native/native/targets/tdeck/main/alpha_runtime.cpp.obj
[105/280] Building CXX object CMakeFiles/a3_05_audio_controls.dir/C_/Dev/OpenU5-Native/native/targets/tdeck/main/native_renderer.cpp.obj
[106/280] Building CXX object CMakeFiles/a4_ui3_save_ux_runtime.dir/C_/Dev/OpenU5-Native/native/targets/tdeck/main/tdeck_board.cpp.obj
[107/280] Building CXX object CMakeFiles/a3_hf4_load_transient_runtime.dir/C_/Dev/OpenU5-Native/native/targets/tdeck/main/native_renderer.cpp.obj
[108/280] Building CXX object CMakeFiles/a4_save2_slots_runtime.dir/C_/Dev/OpenU5-Native/native/targets/tdeck/main/alpha_runtime.cpp.obj
[109/280] Building CXX object CMakeFiles/a4_save3_pc_bridge_runtime.dir/C_/Dev/OpenU5-Native/native/targets/tdeck/main/alpha_runtime.cpp.obj
[110/280] Building CXX object CMakeFiles/a3_hf5_dialogue_pacing_runtime.dir/C_/Dev/OpenU5-Native/native/targets/tdeck/main/native_renderer.cpp.obj
[111/280] Building CXX object CMakeFiles/a4_ui3_save_ux_runtime.dir/C_/Dev/OpenU5-Native/native/targets/tdeck/main/alpha_runtime.cpp.obj
[112/280] Building CXX object CMakeFiles/a3_hf5_dialogue_pacing_runtime.dir/C_/Dev/OpenU5-Native/native/targets/tdeck/main/tdeck_board.cpp.obj
[113/280] Building CXX object CMakeFiles/a3_hf6_shrine_key_wait_runtime.dir/C_/Dev/OpenU5-Native/native/targets/tdeck/main/native_renderer.cpp.obj
[114/280] Building CXX object CMakeFiles/a3_05_audio_controls.dir/C_/Dev/OpenU5-Native/native/targets/tdeck/main/alpha_runtime.cpp.obj
[115/280] Building CXX object CMakeFiles/a3_hf4_load_transient_runtime.dir/C_/Dev/OpenU5-Native/native/targets/tdeck/main/alpha_runtime.cpp.obj
[116/280] Building CXX object CMakeFiles/a3_hf6_shrine_key_wait_runtime.dir/C_/Dev/OpenU5-Native/native/targets/tdeck/main/tdeck_board.cpp.obj
[117/280] Building CXX object CMakeFiles/a3_hf7_ritual_fx_runtime.dir/C_/Dev/OpenU5-Native/native/targets/tdeck/main/native_renderer.cpp.obj
[118/280] Building CXX object CMakeFiles/a3_hf8_sacrifice_burst_runtime.dir/C_/Dev/OpenU5-Native/native/targets/tdeck/main/native_renderer.cpp.obj
[119/280] Building CXX object CMakeFiles/a3_hf5_dialogue_pacing_runtime.dir/C_/Dev/OpenU5-Native/native/targets/tdeck/main/alpha_runtime.cpp.obj
[120/280] Building CXX object CMakeFiles/a3_hf7_ritual_fx_runtime.dir/C_/Dev/OpenU5-Native/native/targets/tdeck/main/tdeck_board.cpp.obj
[121/280] Building CXX object CMakeFiles/a3_hf6_shrine_key_wait_runtime.dir/C_/Dev/OpenU5-Native/native/targets/tdeck/main/alpha_runtime.cpp.obj
[122/280] Building CXX object CMakeFiles/a3_hf9_refuge_cadence_runtime.dir/C_/Dev/OpenU5-Native/native/targets/tdeck/main/native_renderer.cpp.obj
[123/280] Building CXX object CMakeFiles/a3_hf8_sacrifice_burst_runtime.dir/C_/Dev/OpenU5-Native/native/targets/tdeck/main/tdeck_board.cpp.obj
[124/280] Building CXX object CMakeFiles/a3_hf9_refuge_cadence_runtime.dir/C_/Dev/OpenU5-Native/native/targets/tdeck/main/tdeck_board.cpp.obj
[125/280] Building CXX object CMakeFiles/a3_hf10_mix_parity_runtime.dir/C_/Dev/OpenU5-Native/native/targets/tdeck/main/native_renderer.cpp.obj
[126/280] Building CXX object CMakeFiles/a3_hf7_ritual_fx_runtime.dir/C_/Dev/OpenU5-Native/native/targets/tdeck/main/alpha_runtime.cpp.obj
[127/280] Building CXX object CMakeFiles/batch14_zstats_runtime_regression.dir/C_/Dev/OpenU5-Native/native/targets/tdeck/main/native_renderer.cpp.obj
[128/280] Building CXX object CMakeFiles/a3_hf10_mix_parity_runtime.dir/C_/Dev/OpenU5-Native/native/targets/tdeck/main/tdeck_board.cpp.obj
[129/280] Building CXX object CMakeFiles/a3_hf8_sacrifice_burst_runtime.dir/C_/Dev/OpenU5-Native/native/targets/tdeck/main/alpha_runtime.cpp.obj
[130/280] Building CXX object CMakeFiles/batch18_well_ceremony_regression.dir/C_/Dev/OpenU5-Native/native/targets/tdeck/main/native_renderer.cpp.obj
[131/280] Linking CXX executable frontend_tests.exe
[132/280] Linking CXX executable ui_session_tests.exe
[133/280] Linking CXX executable display_names_tests.exe
[134/280] Building CXX object CMakeFiles/batch19_command_char_regression.dir/C_/Dev/OpenU5-Native/native/targets/tdeck/main/native_renderer.cpp.obj
[135/280] Linking CXX executable quest_search_tests.exe
[136/280] Building CXX object CMakeFiles/a3_hf9_refuge_cadence_runtime.dir/C_/Dev/OpenU5-Native/native/targets/tdeck/main/alpha_runtime.cpp.obj
[137/280] Linking CXX executable batch21b_chest_reset.exe
[138/280] Linking CXX executable debug_labels_tests.exe
[139/280] Linking CXX executable ui_host_harness.exe
[140/280] Linking CXX executable measure_ui_sizes.exe
[141/280] Linking CXX executable debug_map_picker_tests.exe
[142/280] Linking CXX executable debug_developer_tests.exe
[143/280] Linking CXX executable ui_debug_menu_tests.exe
[144/280] Building CXX object CMakeFiles/a3_hf10_mix_parity_runtime.dir/C_/Dev/OpenU5-Native/native/targets/tdeck/main/alpha_runtime.cpp.obj
[145/280] Building CXX object CMakeFiles/batch14_zstats_runtime_regression.dir/C_/Dev/OpenU5-Native/native/targets/tdeck/main/alpha_runtime.cpp.obj
[146/280] Linking CXX executable movement_flow_parity_tests.exe
[147/280] Linking CXX executable gameplay_driver.exe
[148/280] Linking CXX executable quest_driver.exe
[149/280] Linking CXX executable gameplay_integration_tests.exe
[150/280] Linking CXX executable look_sign_tests.exe
[151/280] Linking CXX executable shop_parity_tests.exe
[152/280] Linking CXX executable shop_flow_tests.exe
[153/280] Linking CXX executable dialogue_parity_tests.exe
[154/280] Linking CXX executable persistence_driver.exe
[155/280] Linking CXX executable dialogue_adapter_tests.exe
[156/280] Linking CXX executable shop_adapter_tests.exe
[157/280] Building CXX object CMakeFiles/batch18_well_ceremony_regression.dir/C_/Dev/OpenU5-Native/native/targets/tdeck/main/alpha_runtime.cpp.obj
[158/280] Linking CXX executable transport_flow_parity_tests.exe
[159/280] Linking CXX executable world_flow_adapter_tests.exe
[160/280] Linking CXX executable dungeon_parity_tests.exe
[161/280] Linking CXX executable world_flow_parity_tests.exe
[162/280] Linking CXX executable dungeon_flow_parity_tests.exe
[163/280] Linking CXX executable advanced_combat_parity_tests.exe
[164/280] Linking CXX executable magic_parity_tests.exe
[165/280] Linking CXX executable combat_parity_tests.exe
[166/280] Linking CXX executable item_parity_tests.exe
[167/280] Building CXX object CMakeFiles/batch19_command_char_regression.dir/C_/Dev/OpenU5-Native/native/targets/tdeck/main/alpha_runtime.cpp.obj
[168/280] Linking CXX executable movement_regression.exe
[169/280] Linking CXX executable core_parity_tests.exe
[170/280] Linking CXX executable command_parity_tests.exe
[171/280] Linking CXX executable travel_parity_tests.exe
[172/280] Linking CXX executable presentation_regression.exe
[173/280] Linking CXX executable dungeon_view_regression.exe
[174/280] Linking CXX executable turn_parity_tests.exe
[175/280] Linking CXX executable dungeon_art_regression.exe
[176/280] Linking CXX executable combat_escape_regression.exe
[177/280] Linking CXX executable gem_view_regression.exe
[178/280] Linking CXX executable input_regression.exe
[179/280] Linking CXX executable dungeon_input_regression.exe
[180/280] Linking CXX executable direct_troll_handoff_regression.exe
[181/280] Linking CXX executable combat_loot_open_regression.exe
[182/280] Linking CXX executable dungeon_combat_regression.exe
[183/280] Linking CXX executable batch21a3_combat_active_player.exe
[184/280] Linking CXX executable action_feedback_regression.exe
[185/280] Linking CXX executable batch12b_hardware_regression.exe
[186/280] Linking CXX executable ui_mode_regression.exe
[187/280] Linking CXX executable alpha_runtime_integration_regression.exe
[188/280] Linking CXX executable batch21a_dungeon_room_regression.exe
[189/280] Linking CXX executable batch22_basement_objects.exe
[190/280] Linking CXX executable batch23_vault_parity.exe
[191/280] Linking CXX executable batch25_shard_ritual.exe
[192/280] Linking CXX executable batch24_reload_parity.exe
[193/280] Linking CXX executable batch26_dungeon_save.exe
[194/280] Linking CXX executable batch27_alt_load.exe
[195/280] Linking CXX executable batch28_save_validation.exe
[196/280] Linking CXX executable batch30_sleep_parity.exe
[197/280] Linking CXX executable batch29_rest_wiring.exe
[198/280] Linking CXX executable batch31_h165_dungeon_entry.exe
[199/280] Linking CXX executable batch32_camp_watch.exe
[200/280] Linking CXX executable batch36_camp_housekeeping.exe
[201/280] Linking CXX executable batch33_cannon_npc_death.exe
[202/280] Linking CXX executable batch35_q_sleep_target.exe
[203/280] Linking CXX executable batch34_pre_sleep_npc.exe
[204/280] Linking CXX executable batch37_bed_viewport.exe
[205/280] Linking CXX executable batch39_party_panel.exe
[206/280] Linking CXX executable batch41_raw_key.exe
[207/280] Linking CXX executable batch42_advancement_flash.exe
[208/280] Linking CXX executable batch43_sleep_scene.exe
[209/280] Linking CXX executable batch51_scene_pacing.exe
[210/280] Linking CXX executable batch41_staged_advancement.exe
[211/280] Linking CXX executable batch40_advancement.exe
[212/280] Linking CXX executable batch44_camp_ring_entry.exe
[213/280] Linking CXX executable batch46_camp_invisibility.exe
[214/280] Linking CXX executable batch38_camp_duration.exe
[215/280] Linking CXX executable batch51_camp_pacing.exe
[216/280] Linking CXX executable batch53b_moongate_return.exe
[217/280] Linking CXX executable a3_02_sfx_synth.exe
[218/280] Linking CXX executable a3_04_music_synth.exe
[219/280] Linking CXX executable a3_04b_perf.exe
[220/280] Linking CXX executable a3_04a_audio_stream.exe
[221/280] Linking CXX executable a3_03_sfx_inventory.exe
[222/280] Linking CXX executable a3_01_audio_contract.exe
[223/280] Linking CXX executable a3_02_sfx_runtime.exe
[224/280] Linking CXX executable a3_01_audio_runtime.exe
[225/280] Linking CXX executable a3_03_sfx_runtime.exe
[226/280] Linking CXX executable a3_04d_sd_log.exe
[227/280] Linking CXX executable a3_04c_contention.exe
[228/280] Linking CXX executable a3_04e_pacing.exe
[229/280] Linking CXX executable a3_04c_contention_runtime.exe
[230/280] Linking CXX executable a3_04b_perf_runtime.exe
[231/280] Linking CXX executable a3_04_music_runtime.exe
[232/280] Linking CXX executable a3_04d_sd_log_runtime.exe
[233/280] Linking CXX executable a3_04e_pacing_runtime.exe
[234/280] Linking CXX executable a3_hf1_arena_loot.exe
[235/280] Linking CXX executable a3_hf2_ambient_parity.exe
[236/280] Linking CXX executable a4_ui2_death_music_runtime.exe
[237/280] Linking CXX executable a3_04f_render_runtime.exe
[238/280] Linking CXX executable a3_hf3_combat_hit_cue.exe
[239/280] Linking CXX executable a3_hf2_1_dispatch_log.exe
[240/280] Linking CXX executable a4_ui2_save_menu_runtime.exe
[241/280] Linking CXX executable a4_ui2_title_runtime.exe
[242/280] Linking CXX executable a4_ui1_chrome_runtime.exe
[243/280] Linking CXX executable a3_hf3_combat_hit_runtime.exe
[244/280] Linking CXX executable a3_04g_storage_runtime.exe
[245/280] Linking CXX executable a4_save1_recovery_runtime.exe
[246/280] Linking CXX executable a4_save2_slots_runtime.exe
[247/280] Linking CXX executable a3_05_audio_mute.exe
[248/280] Linking CXX executable a4_ui3_slot_rows.exe
[249/280] Linking CXX executable a3_05_audio_controls.exe
[250/280] Linking CXX executable a4_save3_pc_bridge_runtime.exe
[251/280] Linking CXX executable a4_ui3_save_ux_runtime.exe
[252/280] Linking CXX executable a3_hf4_load_transient_runtime.exe
[253/280] Linking CXX executable a3_hf6_shrine_key_wait_pacer.exe
[254/280] Linking CXX executable a3_hf9_refuge_cadence.exe
[255/280] Linking CXX executable a3_hf6_shrine_key_wait_runtime.exe
[256/280] Linking CXX executable a3_hf8_sacrifice_burst_runtime.exe
[257/280] Linking CXX executable a3_hf5_dialogue_pacing_runtime.exe
[258/280] Linking CXX executable a3_hf7_ritual_fx_runtime.exe
[259/280] Linking CXX executable a3_hf9_refuge_cadence_runtime.exe
[260/280] Linking CXX executable a3_hf10_mix_parity_runtime.exe
[261/280] Linking CXX executable a3_hf7_ritual_fx.exe
[262/280] Linking CXX executable a3_hf5_dialogue_pacer.exe
[263/280] Linking CXX executable batch14_zstats_runtime_regression.exe
[264/280] Linking CXX executable batch18_well_ceremony_regression.exe
[265/280] Linking CXX executable batch19_command_char_regression.exe
[266/280] Linking CXX executable batch4_group_a_tests.exe
[267/280] Linking CXX executable batch3_group_a_tests.exe
[268/280] Linking CXX executable batch3_group_c_tests.exe
[269/280] Linking CXX executable batch3_group_b_tests.exe
[270/280] Linking CXX executable batch4_group_b_tests.exe
[271/280] Linking CXX executable batch5_tests.exe
[272/280] Linking CXX executable batch14_zstats_model_tests.exe
[273/280] Linking CXX executable batch12_combat_field_tests.exe
[274/280] Linking CXX executable batch7b_tests.exe
[275/280] Linking CXX executable batch17_theft_watchdog_tests.exe
[276/280] Linking CXX executable batch15_sacrifice_tests.exe
[277/280] Linking CXX executable batch19_command_char_tests.exe
[278/280] Linking CXX executable batch13_tests.exe
[279/280] Linking CXX executable batch45b_tests.exe
[280/280] Linking CXX executable blackthorn_scene_tests.exe
