ninja: Entering directory `build-a4-enh1'
[1/19] Building CXX object esp-idf/main/CMakeFiles/__idf_main.dir/input_controller.cpp.obj
[2/19] Building CXX object esp-idf/main/CMakeFiles/__idf_main.dir/device_smoke_tests.cpp.obj
[3/19] Building CXX object esp-idf/main/CMakeFiles/__idf_main.dir/main.cpp.obj
[4/19] Building CXX object esp-idf/main/CMakeFiles/__idf_main.dir/tdeck_board.cpp.obj
[5/19] Building CXX object esp-idf/main/CMakeFiles/__idf_main.dir/alpha_save.cpp.obj
[6/19] Building CXX object esp-idf/main/CMakeFiles/__idf_main.dir/alpha_save_generation.cpp.obj
[7/19] Building CXX object esp-idf/main/CMakeFiles/__idf_main.dir/ui_input_adapter.cpp.obj
[8/19] Building CXX object esp-idf/main/CMakeFiles/__idf_main.dir/C_/Dev/OpenU5-Native/native/core/src/frontend.cpp.obj
[9/19] Building CXX object esp-idf/main/CMakeFiles/__idf_main.dir/C_/Dev/OpenU5-Native/native/core/src/system_menu.cpp.obj
[10/19] Performing build step for 'bootloader'
[1/1] C:\WINDOWS\system32\cmd.exe /C "cd /D C:\Dev\OpenU5-Native\native\targets\tdeck\build-a4-enh1\bootloader && C:\Users\lawma\.espressif\python_env\idf6.1_py3.14_env\Scripts\python.exe C:/esp/v6.1/esp-idf/components/partition_table/check_sizes.py --offset 0x8000 bootloader 0x0 C:/Dev/OpenU5-Native/native/targets/tdeck/build-a4-enh1/bootloader/bootloader.bin"
Bootloader binary size 0x5850 bytes. 0x27b0 bytes (31%) free.
[11/19] Building CXX object esp-idf/main/CMakeFiles/__idf_main.dir/C_/Dev/OpenU5-Native/native/core/src/frontend_settings.cpp.obj
[12/19] No install step for 'bootloader'
[13/19] Completed 'bootloader'
[14/19] Building CXX object esp-idf/main/CMakeFiles/__idf_main.dir/alpha_runtime.cpp.obj
[15/19] Linking C static library esp-idf\main\libmain.a
[16/19] Generating esp-idf/esp_system/ld/sections.ld
NOTE: C:/esp/v6.1/esp-idf/components/bt/host/nimble/Kconfig.in:1428: BT_NIMBLE_MESH_PROVISIONER: 'default 0' is not a valid bool value (only 'y' and 'n' are allowed). Value is treated as 'n'.
NOTE: C:/esp/v6.1/esp-idf/components/fatfs/Kconfig:240: FATFS_PRINT_LLI: 'default 0' is not a valid bool value (only 'y' and 'n' are allowed). Value is treated as 'n'.
NOTE: C:/esp/v6.1/esp-idf/components/fatfs/Kconfig:245: FATFS_PRINT_FLOAT: 'default 0' is not a valid bool value (only 'y' and 'n' are allowed). Value is treated as 'n'.
Skipping linker fragment parsing, fragment files unchanged
[17/19] Linking CXX executable openu5_tdeck.elf
[18/19] Generating binary image from built executable
esptool v5.4.0
Creating ESP32-S3 image...
Merged 3 ELF sections.
Successfully created ESP32-S3 image.
Generated C:/Dev/OpenU5-Native/native/targets/tdeck/build-a4-enh1/openu5_tdeck.bin
[19/19] C:\WINDOWS\system32\cmd.exe /C "cd /D C:\Dev\OpenU5-Native\native\targets\tdeck\build-a4-enh1 && C:\Users\lawma\.espressif\python_env\idf6.1_py3.14_env\Scripts\python.exe C:/esp/v6.1/esp-idf/components/partition_table/check_sizes.py --offset 0x8000 partition --type app C:/Dev/OpenU5-Native/native/targets/tdeck/build-a4-enh1/partition_table/partition-table.bin C:/Dev/OpenU5-Native/native/targets/tdeck/build-a4-enh1/openu5_tdeck.bin"
openu5_tdeck.bin binary size 0xfd3a0 bytes. Smallest app partition is 0x100000 bytes. 0x2c60 bytes (1%) free.
Warning: The smallest app partition is nearly full (1% free space left)!
