ninja: Entering directory `build-a4-parity2'
[1/170] Building CXX object CMakeFiles/openu5_core.dir/src/enhanced.cpp.obj
[2/170] Linking CXX static library libopenu5_core.a
[3/170] Linking CXX executable ui_session_tests.exe
[4/170] Linking CXX executable frontend_tests.exe
[5/170] Linking CXX executable batch21b_chest_reset.exe
[6/170] Linking CXX executable item_parity_tests.exe
[7/170] Linking CXX executable ui_host_harness.exe
[8/170] Linking CXX executable debug_developer_tests.exe
[9/170] Linking CXX executable quest_search_tests.exe
[10/170] Linking CXX executable look_sign_tests.exe
[11/170] Linking CXX executable debug_map_picker_tests.exe
[12/170] Linking CXX executable debug_labels_tests.exe
[13/170] Linking CXX executable dungeon_flow_parity_tests.exe
[14/170] Linking CXX executable display_names_tests.exe
[15/170] Linking CXX executable ui_debug_menu_tests.exe
[16/170] Linking CXX executable shop_flow_tests.exe
[17/170] Linking CXX executable world_flow_adapter_tests.exe
[18/170] Linking CXX executable dungeon_parity_tests.exe
[19/170] Linking CXX executable measure_ui_sizes.exe
[20/170] Linking CXX executable persistence_driver.exe
[21/170] Linking CXX executable command_parity_tests.exe
[22/170] Linking CXX executable dialogue_parity_tests.exe
[23/170] Linking CXX executable transport_flow_parity_tests.exe
[24/170] Linking CXX executable combat_parity_tests.exe
[25/170] Linking CXX executable shop_adapter_tests.exe
[26/170] Linking CXX executable world_flow_parity_tests.exe
[27/170] Linking CXX executable magic_parity_tests.exe
[28/170] Linking CXX executable movement_flow_parity_tests.exe
[29/170] Linking CXX executable dialogue_adapter_tests.exe
[30/170] Linking CXX executable quest_driver.exe
[31/170] Linking CXX executable shop_parity_tests.exe
[32/170] Linking CXX executable advanced_combat_parity_tests.exe
[33/170] Linking CXX executable gameplay_integration_tests.exe
[34/170] Linking CXX executable gameplay_driver.exe
[35/170] Linking CXX executable core_parity_tests.exe
[36/170] Linking CXX executable turn_parity_tests.exe
[37/170] Linking CXX executable movement_regression.exe
[38/170] Linking CXX executable presentation_regression.exe
[39/170] Linking CXX executable travel_parity_tests.exe
[40/170] Linking CXX executable combat_escape_regression.exe
[41/170] Linking CXX executable direct_troll_handoff_regression.exe
[42/170] Linking CXX executable batch21a3_combat_active_player.exe
[43/170] Linking CXX executable ui_mode_regression.exe
[44/170] Linking CXX executable input_regression.exe
[45/170] Linking CXX executable dungeon_input_regression.exe
[46/170] Linking CXX executable batch35_q_sleep_target.exe
[47/170] Linking CXX executable batch25_shard_ritual.exe
[48/170] Linking CXX executable batch33_cannon_npc_death.exe
[49/170] Linking CXX executable alpha_runtime_integration_regression.exe
[50/170] Linking CXX executable batch21a_dungeon_room_regression.exe
[51/170] Linking CXX executable batch36_camp_housekeeping.exe
[52/170] Linking CXX executable batch30_sleep_parity.exe
[53/170] Linking CXX executable batch32_camp_watch.exe
[54/170] Linking CXX executable batch34_pre_sleep_npc.exe
[55/170] Linking CXX executable batch27_alt_load.exe
[56/170] Linking CXX executable batch29_rest_wiring.exe
[57/170] Linking CXX executable batch22_basement_objects.exe
[58/170] Linking CXX executable batch23_vault_parity.exe
[59/170] Linking CXX executable batch12b_hardware_regression.exe
[60/170] Linking CXX executable batch24_reload_parity.exe
[61/170] Linking CXX executable batch37_bed_viewport.exe
[62/170] Linking CXX executable dungeon_view_regression.exe
[63/170] Linking CXX executable dungeon_art_regression.exe
[64/170] Linking CXX executable batch31_h165_dungeon_entry.exe
[65/170] Linking CXX executable action_feedback_regression.exe
[66/170] Linking CXX executable gem_view_regression.exe
[67/170] Linking CXX executable batch26_dungeon_save.exe
[68/170] Linking CXX executable dungeon_combat_regression.exe
[69/170] Linking CXX executable combat_loot_open_regression.exe
[70/170] Linking CXX executable batch28_save_validation.exe
[71/170] Linking CXX executable batch39_party_panel.exe
[72/170] Linking CXX executable batch41_raw_key.exe
[73/170] Linking CXX executable batch42_advancement_flash.exe
[74/170] Linking CXX executable batch46_camp_invisibility.exe
[75/170] Linking CXX executable batch43_sleep_scene.exe
[76/170] Linking CXX executable batch40_advancement.exe
[77/170] Linking CXX executable a3_04b_perf.exe
[78/170] Linking CXX executable batch41_staged_advancement.exe
[79/170] Linking CXX executable batch51_scene_pacing.exe
[80/170] Linking CXX executable batch44_camp_ring_entry.exe
[81/170] Linking CXX executable batch51_camp_pacing.exe
[82/170] Linking CXX executable batch53a_ending_terminal.exe
[83/170] Linking CXX executable a3_01_audio_contract.exe
[84/170] Linking CXX executable a3_03_sfx_inventory.exe
[85/170] Linking CXX executable a3_04d_sd_log.exe
[86/170] Linking CXX executable a3_04a_audio_stream.exe
[87/170] Linking CXX executable a3_04c_contention.exe
[88/170] Linking CXX executable a3_02_sfx_runtime.exe
[89/170] Linking CXX executable a3_04_music_synth.exe
[90/170] Linking CXX executable a3_04_music_runtime.exe
[91/170] Linking CXX executable a3_02_sfx_synth.exe
[92/170] Linking CXX executable a3_04e_pacing.exe
[93/170] Linking CXX executable batch38_camp_duration.exe
[94/170] Linking CXX executable a3_04f_render_runtime.exe
[95/170] Linking CXX executable a3_hf2_ambient_parity.exe
[96/170] Linking CXX executable a3_04e_pacing_runtime.exe
[97/170] Linking CXX executable a3_hf1_arena_loot.exe
[98/170] Linking CXX executable batch53b_moongate_return.exe
[99/170] Linking CXX executable a3_04b_perf_runtime.exe
[100/170] Linking CXX executable a3_04c_contention_runtime.exe
[101/170] Linking CXX executable a4_ui2_title_runtime.exe
[102/170] Linking CXX executable batch53_release_blockers.exe
[103/170] Linking CXX executable a3_04d_sd_log_runtime.exe
[104/170] Linking CXX executable a3_03_sfx_runtime.exe
[105/170] Linking CXX executable a3_hf2_1_dispatch_log.exe
[106/170] Linking CXX executable a4_ui1_chrome_runtime.exe
[107/170] Linking CXX executable a3_01_audio_runtime.exe
[108/170] Linking CXX executable a4_ui2_death_music_runtime.exe
[109/170] Linking CXX executable a4_ui2_save_menu_runtime.exe
[110/170] Linking CXX executable a3_hf3_combat_hit_cue.exe
[111/170] Linking CXX executable a3_hf3_combat_hit_runtime.exe
[112/170] Linking CXX executable a3_04g_storage_runtime.exe
[113/170] Linking CXX executable a4_save3_pc_bridge_runtime.exe
[114/170] Linking CXX executable a4_save2_slots_runtime.exe
[115/170] Linking CXX executable a4_parity2_d83_d84_resurrect.exe
[116/170] Linking CXX executable a4_enh2_preservation.exe
[117/170] Linking CXX executable a4_enh1_preservation_runtime.exe
[118/170] Linking CXX executable a4_end1_endgame_scene.exe
[119/170] Linking CXX executable a4_enh1_rules.exe
[120/170] Linking CXX executable a4_save1_recovery_runtime.exe
[121/170] Linking CXX executable a4_parity2_d89_naval_ouch.exe
[122/170] Linking CXX executable a4_ui3_slot_rows.exe
[123/170] Linking CXX executable a4_polish3_keyboard_light.exe
[124/170] Linking CXX executable a3_05_audio_mute.exe
[125/170] Linking CXX executable a4_parity2_d87_crop_food_cap.exe
[126/170] Linking CXX executable a4_parity2_d85_trapdoor_party.exe
[127/170] Linking CXX executable a4_enh1_preservation.exe
[128/170] Linking CXX executable a3_hf5_dialogue_pacing_runtime.exe
[129/170] Linking CXX executable a4_enh2_preservation_runtime.exe
[130/170] Linking CXX executable a4_enh1_runtime.exe
[131/170] Linking CXX executable a3_05_audio_controls.exe
[132/170] Linking CXX executable a4_enh2_rules.exe
[133/170] Linking CXX executable a3_hf6_shrine_key_wait_runtime.exe
[134/170] Linking CXX executable a4_parity2_d86_dungeon_digit_runtime.exe
[135/170] Linking CXX executable a4_parity1_runtime.exe
[136/170] Linking CXX executable a4_ui4_moongate_runtime.exe
[137/170] Linking CXX executable a4_enh2_runtime.exe
[138/170] Linking CXX executable a4_rc3_dungeon_music_runtime.exe
[139/170] Linking CXX executable a3_hf4_load_transient_runtime.exe
[140/170] Linking CXX executable a4_ui3_save_ux_runtime.exe
[141/170] Linking CXX executable a4_polish3_keyboard_light_runtime.exe
[142/170] Linking CXX executable a4_ui4_console_runtime.exe
[143/170] Linking CXX executable a4_ui4_presentation_runtime.exe
[144/170] Linking CXX executable a4_end1_ending_runtime.exe
[145/170] Linking CXX executable a3_hf7_ritual_fx_runtime.exe
[146/170] Linking CXX executable a3_hf9_refuge_cadence_runtime.exe
[147/170] Linking CXX executable a3_hf7_ritual_fx.exe
[148/170] Linking CXX executable a3_hf5_dialogue_pacer.exe
[149/170] Linking CXX executable a3_hf9_refuge_cadence.exe
[150/170] Linking CXX executable a3_hf6_shrine_key_wait_pacer.exe
[151/170] Linking CXX executable a3_hf10_mix_parity_runtime.exe
[152/170] Linking CXX executable batch14_zstats_runtime_regression.exe
[153/170] Linking CXX executable a3_hf8_sacrifice_burst_runtime.exe
[154/170] Linking CXX executable batch14_zstats_model_tests.exe
[155/170] Linking CXX executable batch3_group_c_tests.exe
[156/170] Linking CXX executable batch5_tests.exe
[157/170] Linking CXX executable batch45b_tests.exe
[158/170] Linking CXX executable batch19_command_char_tests.exe
[159/170] Linking CXX executable batch4_group_a_tests.exe
[160/170] Linking CXX executable batch18_well_ceremony_regression.exe
[161/170] Linking CXX executable batch19_command_char_regression.exe
[162/170] Linking CXX executable batch7b_tests.exe
[163/170] Linking CXX executable batch17_theft_watchdog_tests.exe
[164/170] Linking CXX executable batch15_sacrifice_tests.exe
[165/170] Linking CXX executable batch4_group_b_tests.exe
[166/170] Linking CXX executable batch3_group_b_tests.exe
[167/170] Linking CXX executable batch3_group_a_tests.exe
[168/170] Linking CXX executable batch13_tests.exe
[169/170] Linking CXX executable blackthorn_scene_tests.exe
[170/170] Linking CXX executable batch12_combat_field_tests.exe
BUILD rc=0
