ninja: Entering directory `build-a4-parity2'
[1/167] Linking CXX executable advanced_combat_parity_tests.exe
[2/167] Linking CXX executable magic_parity_tests.exe
[3/167] Linking CXX executable shop_flow_tests.exe
[4/167] Linking CXX executable ui_host_harness.exe
[5/167] Linking CXX executable core_parity_tests.exe
[6/167] Linking CXX executable dungeon_parity_tests.exe
[7/167] Linking CXX executable look_sign_tests.exe
[8/167] Linking CXX executable transport_flow_parity_tests.exe
[9/167] Linking CXX executable world_flow_adapter_tests.exe
[10/167] Linking CXX executable shop_parity_tests.exe
[11/167] Linking CXX executable display_names_tests.exe
[12/167] Linking CXX executable shop_adapter_tests.exe
[13/167] Linking CXX executable batch21b_chest_reset.exe
[14/167] Linking CXX executable gameplay_integration_tests.exe
[15/167] Linking CXX executable frontend_tests.exe
[16/167] Linking CXX executable quest_search_tests.exe
[17/167] Linking CXX executable dialogue_parity_tests.exe
[18/167] Linking CXX executable combat_parity_tests.exe
[19/167] Linking CXX executable persistence_driver.exe
[20/167] Linking CXX executable dungeon_flow_parity_tests.exe
[21/167] Linking CXX executable debug_map_picker_tests.exe
[22/167] Linking CXX executable turn_parity_tests.exe
[23/167] Linking CXX executable world_flow_parity_tests.exe
[24/167] Linking CXX executable command_parity_tests.exe
[25/167] Linking CXX executable measure_ui_sizes.exe
[26/167] Linking CXX executable travel_parity_tests.exe
[27/167] Linking CXX executable gameplay_driver.exe
[28/167] Linking CXX executable ui_session_tests.exe
[29/167] Linking CXX executable movement_flow_parity_tests.exe
[30/167] Linking CXX executable quest_driver.exe
[31/167] Linking CXX executable ui_debug_menu_tests.exe
[32/167] Linking CXX executable debug_labels_tests.exe
[33/167] Linking CXX executable dialogue_adapter_tests.exe
[34/167] Linking CXX executable item_parity_tests.exe
[35/167] Linking CXX executable debug_developer_tests.exe
[36/167] Linking CXX executable movement_regression.exe
[37/167] Linking CXX executable presentation_regression.exe
[38/167] Linking CXX executable gem_view_regression.exe
[39/167] Linking CXX executable batch21a3_combat_active_player.exe
[40/167] Linking CXX executable batch22_basement_objects.exe
[41/167] Linking CXX executable combat_loot_open_regression.exe
[42/167] Linking CXX executable alpha_runtime_integration_regression.exe
[43/167] Linking CXX executable batch34_pre_sleep_npc.exe
[44/167] Linking CXX executable batch26_dungeon_save.exe
[45/167] Linking CXX executable dungeon_input_regression.exe
[46/167] Linking CXX executable input_regression.exe
[47/167] Linking CXX executable ui_mode_regression.exe
[48/167] Linking CXX executable batch28_save_validation.exe
[49/167] Linking CXX executable batch24_reload_parity.exe
[50/167] Linking CXX executable batch23_vault_parity.exe
[51/167] Linking CXX executable batch31_h165_dungeon_entry.exe
[52/167] Linking CXX executable batch32_camp_watch.exe
[53/167] Linking CXX executable batch33_cannon_npc_death.exe
[54/167] Linking CXX executable batch30_sleep_parity.exe
[55/167] Linking CXX executable batch27_alt_load.exe
[56/167] Linking CXX executable batch35_q_sleep_target.exe
[57/167] Linking CXX executable combat_escape_regression.exe
[58/167] Linking CXX executable batch37_bed_viewport.exe
[59/167] Linking CXX executable batch25_shard_ritual.exe
[60/167] Linking CXX executable batch21a_dungeon_room_regression.exe
[61/167] Linking CXX executable dungeon_combat_regression.exe
[62/167] Linking CXX executable batch36_camp_housekeeping.exe
[63/167] Linking CXX executable batch29_rest_wiring.exe
[64/167] Linking CXX executable batch39_party_panel.exe
[65/167] Linking CXX executable batch12b_hardware_regression.exe
[66/167] Linking CXX executable batch42_advancement_flash.exe
[67/167] Linking CXX executable dungeon_view_regression.exe
[68/167] Linking CXX executable batch41_raw_key.exe
[69/167] Linking CXX executable action_feedback_regression.exe
[70/167] Linking CXX executable direct_troll_handoff_regression.exe
[71/167] Linking CXX executable dungeon_art_regression.exe
[72/167] Linking CXX executable batch43_sleep_scene.exe
[73/167] Linking CXX executable batch46_camp_invisibility.exe
[74/167] Linking CXX executable batch44_camp_ring_entry.exe
[75/167] Linking CXX executable batch41_staged_advancement.exe
[76/167] Linking CXX executable batch38_camp_duration.exe
[77/167] Linking CXX executable batch40_advancement.exe
[78/167] Linking CXX executable batch51_camp_pacing.exe
[79/167] Linking CXX executable a3_02_sfx_synth.exe
[80/167] Linking CXX executable batch53_release_blockers.exe
[81/167] Linking CXX executable a3_hf2_1_dispatch_log.exe
[82/167] Linking CXX executable a3_01_audio_runtime.exe
[83/167] Linking CXX executable a4_ui2_death_music_runtime.exe
[84/167] Linking CXX executable a3_04a_audio_stream.exe
[85/167] Linking CXX executable a3_04f_render_runtime.exe
[86/167] Linking CXX executable a3_04d_sd_log_runtime.exe
[87/167] Linking CXX executable a3_04c_contention.exe
[88/167] Linking CXX executable a3_04_music_synth.exe
[89/167] Linking CXX executable batch51_scene_pacing.exe
[90/167] Linking CXX executable a3_hf2_ambient_parity.exe
[91/167] Linking CXX executable batch53b_moongate_return.exe
[92/167] Linking CXX executable batch53a_ending_terminal.exe
[93/167] Linking CXX executable a3_hf1_arena_loot.exe
[94/167] Linking CXX executable a3_04e_pacing.exe
[95/167] Linking CXX executable a3_03_sfx_inventory.exe
[96/167] Linking CXX executable a3_04d_sd_log.exe
[97/167] Linking CXX executable a3_01_audio_contract.exe
[98/167] Linking CXX executable a3_hf3_combat_hit_cue.exe
[99/167] Linking CXX executable a3_04b_perf.exe
[100/167] Linking CXX executable a3_hf3_combat_hit_runtime.exe
[101/167] Linking CXX executable a3_04_music_runtime.exe
[102/167] Linking CXX executable a4_ui1_chrome_runtime.exe
[103/167] Linking CXX executable a4_ui2_title_runtime.exe
[104/167] Linking CXX executable a4_ui2_save_menu_runtime.exe
[105/167] Linking CXX executable a3_03_sfx_runtime.exe
[106/167] Linking CXX executable a3_04b_perf_runtime.exe
[107/167] Linking CXX executable a3_02_sfx_runtime.exe
[108/167] Linking CXX executable a3_04e_pacing_runtime.exe
[109/167] Linking CXX executable a3_04c_contention_runtime.exe
[110/167] Linking CXX executable a4_ui3_slot_rows.exe
[111/167] Linking CXX executable a3_04g_storage_runtime.exe
[112/167] Linking CXX executable a4_save1_recovery_runtime.exe
[113/167] Linking CXX executable a4_enh1_rules.exe
[114/167] Linking CXX executable a4_enh1_preservation.exe
[115/167] Linking CXX executable a4_enh1_preservation_runtime.exe
[116/167] Linking CXX executable a4_save2_slots_runtime.exe
[117/167] Linking CXX executable a4_parity2_d87_crop_food_cap.exe
[118/167] Linking CXX executable a4_enh2_preservation.exe
[119/167] Linking CXX executable a4_enh1_runtime.exe
[120/167] Linking CXX executable a4_parity2_d89_naval_ouch.exe
[121/167] Linking CXX executable a4_parity2_d85_trapdoor_party.exe
[122/167] Linking CXX executable a4_enh2_rules.exe
[123/167] Linking CXX executable a4_parity2_d83_d84_resurrect.exe
[124/167] Linking CXX executable a4_enh2_preservation_runtime.exe
[125/167] Linking CXX executable a4_polish3_keyboard_light.exe
[126/167] Linking CXX executable a4_enh2_runtime.exe
[127/167] Linking CXX executable a3_hf6_shrine_key_wait_pacer.exe
[128/167] Linking CXX executable a3_hf5_dialogue_pacing_runtime.exe
[129/167] Linking CXX executable a4_parity1_runtime.exe
[130/167] Linking CXX executable a3_05_audio_mute.exe
[131/167] Linking CXX executable a3_05_audio_controls.exe
[132/167] Linking CXX executable a4_parity2_d86_dungeon_digit_runtime.exe
[133/167] Linking CXX executable a3_hf7_ritual_fx_runtime.exe
[134/167] Linking CXX executable a4_polish3_keyboard_light_runtime.exe
[135/167] Linking CXX executable a4_rc3_dungeon_music_runtime.exe
[136/167] Linking CXX executable a4_end1_endgame_scene.exe
[137/167] Linking CXX executable a4_ui3_save_ux_runtime.exe
[138/167] Linking CXX executable a4_ui4_moongate_runtime.exe
[139/167] Linking CXX executable a4_end1_ending_runtime.exe
[140/167] Linking CXX executable a4_ui4_console_runtime.exe
[141/167] Linking CXX executable a3_hf7_ritual_fx.exe
[142/167] Linking CXX executable a3_hf9_refuge_cadence.exe
[143/167] Linking CXX executable a3_hf5_dialogue_pacer.exe
[144/167] Linking CXX executable a3_hf10_mix_parity_runtime.exe
[145/167] Linking CXX executable batch19_command_char_regression.exe
[146/167] Linking CXX executable a3_hf9_refuge_cadence_runtime.exe
[147/167] Linking CXX executable batch18_well_ceremony_regression.exe
[148/167] Linking CXX executable a3_hf8_sacrifice_burst_runtime.exe
[149/167] Linking CXX executable a3_hf6_shrine_key_wait_runtime.exe
[150/167] Linking CXX executable batch14_zstats_runtime_regression.exe
[151/167] Linking CXX executable batch3_group_a_tests.exe
[152/167] Linking CXX executable batch3_group_b_tests.exe
[153/167] Linking CXX executable a3_hf4_load_transient_runtime.exe
[154/167] Linking CXX executable batch3_group_c_tests.exe
[155/167] Linking CXX executable a4_ui4_presentation_runtime.exe
[156/167] Linking CXX executable batch4_group_a_tests.exe
[157/167] Linking CXX executable batch4_group_b_tests.exe
[158/167] Linking CXX executable batch14_zstats_model_tests.exe
[159/167] Linking CXX executable batch5_tests.exe
[160/167] Linking CXX executable batch17_theft_watchdog_tests.exe
[161/167] Linking CXX executable batch7b_tests.exe
[162/167] Linking CXX executable batch13_tests.exe
[163/167] Linking CXX executable batch12_combat_field_tests.exe
[164/167] Linking CXX executable blackthorn_scene_tests.exe
[165/167] Linking CXX executable batch15_sacrifice_tests.exe
[166/167] Linking CXX executable batch45b_tests.exe
[167/167] Linking CXX executable batch19_command_char_tests.exe
BUILD rc=0
