C  the crown
GREEN C1 carrying the crown (not worn), Mani casts in Blackthorn's palace (mp spent 1): Cast... | Success!
GREEN C2 control: without the crown the same cast is Absorbed! and costs nothing: Cast... | Absorbed!
GREEN C3a Use crown: the don line, time spell 0x1c permanent (was Quickness): Use item | Crown | Thou dost don the Crown of Lord British... spell=28 turns=255
GREEN C4 the worn crown survives Alt+S / Alt+L (spell=28)
GREEN C3b a second Use removes it and clears the time spell: Use item | Crown | Removed!
D  the dungeon keys
GREEN D1 M underground is Mix (CMDS 0x1AD8): Mix Reagents
GREEN D2 N underground opens New order's party picker (CMDS 0x0DDC): 
GREEN D3 b refuses with the binary's string and a turn (turns +1): Board | Not here!
GREEN D3 e refuses with the binary's string and a turn (turns +1): Enter what?
GREEN D3 f refuses with the binary's string and a turn (turns +1): Fire-What?
GREEN D3 t refuses with the binary's string and a turn (turns +1): Talk-Funny, no response!
GREEN D3 x refuses with the binary's string and a turn (turns +1): X-it what?
GREEN D3 p refuses with the binary's string, no turn (turns +0): Push | Not here!
GREEN D4 Y asks for a word and answers No effect!, no turn (CMDS 0x14ac): Yell | No effect! turns +0
W  the wishing well
GREEN W1 'horse' in Paws: Poof! (0x6f1e folds case): Poof!
GREEN W2 'HORSE' too: Poof!
GREEN W3 'HHorse' is no match: 0x6f1e skips past a partial match: No effect...
GREEN W4 control: 'Horse' as typed in 1988 still works: Poof!
