ninja: Entering directory `build-a4-parity2'
[1/163] Linking CXX executable frontend_tests.exe
[2/163] Linking CXX executable display_names_tests.exe
[3/163] Linking CXX executable quest_search_tests.exe
[4/163] Linking CXX executable ui_host_harness.exe
[5/163] Linking CXX executable ui_session_tests.exe
[6/163] Linking CXX executable debug_labels_tests.exe
[7/163] Linking CXX executable debug_developer_tests.exe
[8/163] Linking CXX executable dialogue_adapter_tests.exe
[9/163] Linking CXX executable ui_debug_menu_tests.exe
[10/163] Linking CXX executable movement_regression.exe
[11/163] Linking CXX executable core_parity_tests.exe
[12/163] Linking CXX executable dungeon_parity_tests.exe
[13/163] Linking CXX executable look_sign_tests.exe
[14/163] Linking CXX executable gameplay_integration_tests.exe
[15/163] Linking CXX executable shop_parity_tests.exe
[16/163] Linking CXX executable shop_adapter_tests.exe
[17/163] Linking CXX executable debug_map_picker_tests.exe
[18/163] Linking CXX executable quest_driver.exe
[19/163] Linking CXX executable world_flow_adapter_tests.exe
[20/163] Linking CXX executable item_parity_tests.exe
[21/163] Linking CXX executable travel_parity_tests.exe
[22/163] Linking CXX executable combat_parity_tests.exe
[23/163] Linking CXX executable world_flow_parity_tests.exe
[24/163] Linking CXX executable batch21b_chest_reset.exe
[25/163] Linking CXX executable magic_parity_tests.exe
[26/163] Linking CXX executable movement_flow_parity_tests.exe
[27/163] Linking CXX executable dungeon_view_regression.exe
[28/163] Linking CXX executable gameplay_driver.exe
[29/163] Linking CXX executable turn_parity_tests.exe
[30/163] Linking CXX executable command_parity_tests.exe
[31/163] Linking CXX executable dungeon_flow_parity_tests.exe
[32/163] Linking CXX executable presentation_regression.exe
[33/163] Linking CXX executable shop_flow_tests.exe
[34/163] Linking CXX executable persistence_driver.exe
[35/163] Linking CXX executable transport_flow_parity_tests.exe
[36/163] Linking CXX executable dungeon_art_regression.exe
[37/163] Linking CXX executable measure_ui_sizes.exe
[38/163] Linking CXX executable dialogue_parity_tests.exe
[39/163] Linking CXX executable advanced_combat_parity_tests.exe
[40/163] Linking CXX executable gem_view_regression.exe
[41/163] Linking CXX executable combat_escape_regression.exe
[42/163] Linking CXX executable combat_loot_open_regression.exe
[43/163] Linking CXX executable direct_troll_handoff_regression.exe
[44/163] Linking CXX executable input_regression.exe
[45/163] Linking CXX executable ui_mode_regression.exe
[46/163] Linking CXX executable dungeon_combat_regression.exe
[47/163] Linking CXX executable batch12b_hardware_regression.exe
[48/163] Linking CXX executable batch21a3_combat_active_player.exe
[49/163] Linking CXX executable batch29_rest_wiring.exe
[50/163] Linking CXX executable alpha_runtime_integration_regression.exe
[51/163] Linking CXX executable batch34_pre_sleep_npc.exe
[52/163] Linking CXX executable dungeon_input_regression.exe
[53/163] Linking CXX executable batch39_party_panel.exe
[54/163] Linking CXX executable batch31_h165_dungeon_entry.exe
[55/163] Linking CXX executable batch28_save_validation.exe
[56/163] Linking CXX executable batch22_basement_objects.exe
[57/163] Linking CXX executable batch35_q_sleep_target.exe
[58/163] Linking CXX executable batch23_vault_parity.exe
[59/163] Linking CXX executable batch24_reload_parity.exe
[60/163] Linking CXX executable batch21a_dungeon_room_regression.exe
[61/163] Linking CXX executable batch43_sleep_scene.exe
[62/163] Linking CXX executable batch33_cannon_npc_death.exe
[63/163] Linking CXX executable batch42_advancement_flash.exe
[64/163] Linking CXX executable batch30_sleep_parity.exe
[65/163] Linking CXX executable batch26_dungeon_save.exe
[66/163] Linking CXX executable batch38_camp_duration.exe
[67/163] Linking CXX executable batch46_camp_invisibility.exe
[68/163] Linking CXX executable batch27_alt_load.exe
[69/163] Linking CXX executable batch36_camp_housekeeping.exe
[70/163] Linking CXX executable batch41_raw_key.exe
[71/163] Linking CXX executable batch25_shard_ritual.exe
[72/163] Linking CXX executable batch32_camp_watch.exe
[73/163] Linking CXX executable batch44_camp_ring_entry.exe
[74/163] Linking CXX executable action_feedback_regression.exe
[75/163] Linking CXX executable batch37_bed_viewport.exe
[76/163] Linking CXX executable batch41_staged_advancement.exe
[77/163] Linking CXX executable batch40_advancement.exe
[78/163] Linking CXX executable batch51_scene_pacing.exe
[79/163] Linking CXX executable batch51_camp_pacing.exe
[80/163] Linking CXX executable batch53_release_blockers.exe
[81/163] Linking CXX executable batch53b_moongate_return.exe
[82/163] Linking CXX executable a3_01_audio_contract.exe
[83/163] Linking CXX executable batch53a_ending_terminal.exe
[84/163] Linking CXX executable a3_02_sfx_synth.exe
[85/163] Linking CXX executable a4_ui2_death_music_runtime.exe
[86/163] Linking CXX executable a3_hf2_ambient_parity.exe
[87/163] Linking CXX executable a3_04c_contention.exe
[88/163] Linking CXX executable a3_04e_pacing.exe
[89/163] Linking CXX executable a3_04_music_synth.exe
[90/163] Linking CXX executable a3_04b_perf.exe
[91/163] Linking CXX executable a3_04a_audio_stream.exe
[92/163] Linking CXX executable a3_hf3_combat_hit_cue.exe
[93/163] Linking CXX executable a3_01_audio_runtime.exe
[94/163] Linking CXX executable a3_02_sfx_runtime.exe
[95/163] Linking CXX executable a3_hf1_arena_loot.exe
[96/163] Linking CXX executable a3_04c_contention_runtime.exe
[97/163] Linking CXX executable a3_04f_render_runtime.exe
[98/163] Linking CXX executable a3_hf3_combat_hit_runtime.exe
[99/163] Linking CXX executable a3_04d_sd_log.exe
[100/163] Linking CXX executable a3_03_sfx_inventory.exe
[101/163] Linking CXX executable a4_ui2_save_menu_runtime.exe
[102/163] Linking CXX executable a3_04b_perf_runtime.exe
[103/163] Linking CXX executable a3_04e_pacing_runtime.exe
[104/163] Linking CXX executable a3_04g_storage_runtime.exe
[105/163] Linking CXX executable a3_04_music_runtime.exe
[106/163] Linking CXX executable a4_ui1_chrome_runtime.exe
[107/163] Linking CXX executable a4_save3_pc_bridge_runtime.exe
[108/163] Linking CXX executable a4_save1_recovery_runtime.exe
[109/163] Linking CXX executable a4_ui2_title_runtime.exe
[110/163] Linking CXX executable a4_save2_slots_runtime.exe
[111/163] Linking CXX executable a3_04d_sd_log_runtime.exe
[112/163] Linking CXX executable a3_03_sfx_runtime.exe
[113/163] Linking CXX executable a3_hf2_1_dispatch_log.exe
[114/163] Linking CXX executable a4_ui3_slot_rows.exe
[115/163] Linking CXX executable a4_enh1_preservation.exe
[116/163] Linking CXX executable a4_enh1_rules.exe
[117/163] Linking CXX executable a4_enh1_preservation_runtime.exe
[118/163] Linking CXX executable a4_enh2_preservation.exe
[119/163] Linking CXX executable a4_enh1_runtime.exe
[120/163] Linking CXX executable a4_enh2_preservation_runtime.exe
[121/163] Linking CXX executable a4_enh2_rules.exe
[122/163] Linking CXX executable a4_end1_endgame_scene.exe
[123/163] Linking CXX executable a4_enh2_runtime.exe
[124/163] Linking CXX executable a4_ui3_save_ux_runtime.exe
[125/163] Linking CXX executable a4_ui4_presentation_runtime.exe
[126/163] Linking CXX executable a3_hf6_shrine_key_wait_pacer.exe
[127/163] Linking CXX executable a3_hf9_refuge_cadence.exe
[128/163] Linking CXX executable a4_polish3_keyboard_light.exe
[129/163] Linking CXX executable a3_hf7_ritual_fx.exe
[130/163] Linking CXX executable a3_hf5_dialogue_pacer.exe
[131/163] Linking CXX executable a3_05_audio_mute.exe
[132/163] Linking CXX executable batch14_zstats_runtime_regression.exe
[133/163] Linking CXX executable a4_parity1_runtime.exe
[134/163] Linking CXX executable a4_polish3_keyboard_light_runtime.exe
[135/163] Linking CXX executable a4_rc3_dungeon_music_runtime.exe
[136/163] Linking CXX executable a3_hf4_load_transient_runtime.exe
[137/163] Linking CXX executable batch18_well_ceremony_regression.exe
[138/163] Linking CXX executable a3_hf8_sacrifice_burst_runtime.exe
[139/163] Linking CXX executable a3_05_audio_controls.exe
[140/163] Linking CXX executable a3_hf6_shrine_key_wait_runtime.exe
[141/163] Linking CXX executable a3_hf10_mix_parity_runtime.exe
[142/163] Linking CXX executable batch3_group_c_tests.exe
[143/163] Linking CXX executable a3_hf9_refuge_cadence_runtime.exe
[144/163] Linking CXX executable a3_hf5_dialogue_pacing_runtime.exe
[145/163] Linking CXX executable batch3_group_a_tests.exe
[146/163] Linking CXX executable batch3_group_b_tests.exe
[147/163] Linking CXX executable batch4_group_a_tests.exe
[148/163] Linking CXX executable a3_hf7_ritual_fx_runtime.exe
[149/163] Linking CXX executable batch4_group_b_tests.exe
[150/163] Linking CXX executable batch19_command_char_regression.exe
[151/163] Linking CXX executable a4_end1_ending_runtime.exe
[152/163] Linking CXX executable a4_ui4_moongate_runtime.exe
[153/163] Linking CXX executable a4_ui4_console_runtime.exe
[154/163] Linking CXX executable batch7b_tests.exe
[155/163] Linking CXX executable batch5_tests.exe
[156/163] Linking CXX executable batch12_combat_field_tests.exe
[157/163] Linking CXX executable batch13_tests.exe
[158/163] Linking CXX executable batch14_zstats_model_tests.exe
[159/163] Linking CXX executable blackthorn_scene_tests.exe
[160/163] Linking CXX executable batch17_theft_watchdog_tests.exe
[161/163] Linking CXX executable batch45b_tests.exe
[162/163] Linking CXX executable batch19_command_char_tests.exe
[163/163] Linking CXX executable batch15_sacrifice_tests.exe
BUILD rc=0
