ninja: Entering directory `build-a4-polish3'
[1/23] Building CXX object esp-idf/main/CMakeFiles/__idf_main.dir/tdeck_board.cpp.obj
[2/23] Building CXX object esp-idf/main/CMakeFiles/__idf_main.dir/input_controller.cpp.obj
[3/23] Building CXX object esp-idf/main/CMakeFiles/__idf_main.dir/device_smoke_tests.cpp.obj
[4/23] Building CXX object esp-idf/main/CMakeFiles/__idf_main.dir/alpha_save.cpp.obj
[5/23] Building CXX object esp-idf/main/CMakeFiles/__idf_main.dir/alpha_save_generation.cpp.obj
[6/23] Building CXX object esp-idf/main/CMakeFiles/__idf_main.dir/tdeck_input.cpp.obj
[7/23] Building CXX object esp-idf/main/CMakeFiles/__idf_main.dir/ui_input_adapter.cpp.obj
[8/23] Building C object esp-idf/esp_app_format/CMakeFiles/__idf_esp_app_format.dir/esp_app_desc.c.obj
[9/23] Building CXX object esp-idf/main/CMakeFiles/__idf_main.dir/C_/Dev/OpenU5-Native/native/core/src/frontend.cpp.obj
[10/23] Building CXX object esp-idf/main/CMakeFiles/__idf_main.dir/C_/Dev/OpenU5-Native/native/core/src/frontend_settings.cpp.obj
[11/23] Linking C static library esp-idf\esp_app_format\libesp_app_format.a
[12/23] Performing build step for 'bootloader'
[1/1] C:\WINDOWS\system32\cmd.exe /C "cd /D C:\Dev\OpenU5-Native\native\targets\tdeck\build-a4-polish3\bootloader && C:\Users\lawma\.espressif\python_env\idf6.1_py3.14_env\Scripts\python.exe C:/esp/v6.1/esp-idf/components/partition_table/check_sizes.py --offset 0x8000 bootloader 0x0 C:/Dev/OpenU5-Native/native/targets/tdeck/build-a4-polish3/bootloader/bootloader.bin"
Bootloader binary size 0x5850 bytes. 0x27b0 bytes (31%) free.
[13/23] No install step for 'bootloader'
[14/23] Completed 'bootloader'
[15/23] Building CXX object esp-idf/main/CMakeFiles/__idf_main.dir/C_/Dev/OpenU5-Native/native/core/src/system_menu.cpp.obj
[16/23] Building CXX object esp-idf/main/CMakeFiles/__idf_main.dir/alpha_runtime.cpp.obj
[17/23] Building CXX object esp-idf/main/CMakeFiles/__idf_main.dir/main.cpp.obj
[18/23] Linking C static library esp-idf\main\libmain.a
[19/23] Generating esp-idf/esp_system/ld/sections.ld
Skipping linker script generation, section names unchanged
[20/23] Linking CXX executable openu5_tdeck.elf
[21/23] Generating binary image from built executable
esptool v5.4.0
Creating ESP32-S3 image...
Merged 3 ELF sections.
Successfully created ESP32-S3 image.
Generated C:/Dev/OpenU5-Native/native/targets/tdeck/build-a4-polish3/openu5_tdeck.bin
[22/23] C:\WINDOWS\system32\cmd.exe /C "cd /D C:\Dev\OpenU5-Native\native\targets\tdeck\build-a4-polish3 && C:\Users\lawma\.espressif\python_env\idf6.1_py3.14_env\Scripts\python.exe C:/esp/v6.1/esp-idf/components/partition_table/check_sizes.py --offset 0x8000 partition --type app C:/Dev/OpenU5-Native/native/targets/tdeck/build-a4-polish3/partition_table/partition-table.bin C:/Dev/OpenU5-Native/native/targets/tdeck/build-a4-polish3/openu5_tdeck.bin"
openu5_tdeck.bin binary size 0xff6f0 bytes. Smallest app partition is 0x140000 bytes. 0x40910 bytes (20%) free.
[23/23] C:\WINDOWS\system32\cmd.exe /C "cd /D C:\Dev\OpenU5-Native\native\targets\tdeck\build-a4-polish3 && C:\Users\lawma\.espressif\python_env\idf6.1_py3.14_env\Scripts\python.exe C:/Dev/OpenU5-Native/native/targets/tdeck/check_app_budget.py --build-dir C:/Dev/OpenU5-Native/native/targets/tdeck/build-a4-polish3"
OpenU5 app budget: image 1046256 B (0xff6f0), app partition 1310720 B (0x140000), free 264464 B (20.2 %)
OpenU5 Launcher allocation: 1048576 B (1024 KiB, the image rounded up to 64 KiB); the next 64 KiB step is 2321 B away
