ninja: Entering directory `build-a4-parity1'
[1/144] Linking CXX executable frontend_tests.exe
[2/144] Linking CXX executable debug_labels_tests.exe
[3/144] Linking CXX executable look_sign_tests.exe
[4/144] Linking CXX executable measure_ui_sizes.exe
[5/144] Linking CXX executable quest_search_tests.exe
[6/144] Linking CXX executable batch21b_chest_reset.exe
[7/144] Linking CXX executable debug_map_picker_tests.exe
[8/144] Linking CXX executable ui_debug_menu_tests.exe
[9/144] Linking CXX executable debug_developer_tests.exe
[10/144] Linking CXX executable ui_host_harness.exe
[11/144] Linking CXX executable display_names_tests.exe
[12/144] Linking CXX executable gameplay_integration_tests.exe
[13/144] Linking CXX executable movement_regression.exe
[14/144] Linking CXX executable shop_parity_tests.exe
[15/144] Linking CXX executable shop_flow_tests.exe
[16/144] Linking CXX executable core_parity_tests.exe
[17/144] Linking CXX executable persistence_driver.exe
[18/144] Linking CXX executable shop_adapter_tests.exe
[19/144] Linking CXX executable movement_flow_parity_tests.exe
[20/144] Linking CXX executable dialogue_adapter_tests.exe
[21/144] Linking CXX executable world_flow_adapter_tests.exe
[22/144] Linking CXX executable transport_flow_parity_tests.exe
[23/144] Linking CXX executable dungeon_parity_tests.exe
[24/144] Linking CXX executable world_flow_parity_tests.exe
[25/144] Linking CXX executable dungeon_flow_parity_tests.exe
[26/144] Linking CXX executable travel_parity_tests.exe
[27/144] Linking CXX executable item_parity_tests.exe
[28/144] Linking CXX executable command_parity_tests.exe
[29/144] Linking CXX executable dialogue_parity_tests.exe
[30/144] Linking CXX executable turn_parity_tests.exe
[31/144] Linking CXX executable dungeon_art_regression.exe
[32/144] Linking CXX executable gem_view_regression.exe
[33/144] Linking CXX executable presentation_regression.exe
[34/144] Linking CXX executable dungeon_view_regression.exe
[35/144] Linking CXX executable input_regression.exe
[36/144] Linking CXX executable direct_troll_handoff_regression.exe
[37/144] Linking CXX executable batch21a3_combat_active_player.exe
[38/144] Linking CXX executable combat_escape_regression.exe
[39/144] Linking CXX executable combat_loot_open_regression.exe
[40/144] Linking CXX executable ui_mode_regression.exe
[41/144] Linking CXX executable dungeon_input_regression.exe
[42/144] Linking CXX executable batch21a_dungeon_room_regression.exe
[43/144] Linking CXX executable batch25_shard_ritual.exe
[44/144] Linking CXX executable batch22_basement_objects.exe
[45/144] Linking CXX executable alpha_runtime_integration_regression.exe
[46/144] Linking CXX executable action_feedback_regression.exe
[47/144] Linking CXX executable dungeon_combat_regression.exe
[48/144] Linking CXX executable batch12b_hardware_regression.exe
[49/144] Linking CXX executable batch27_alt_load.exe
[50/144] Linking CXX executable batch24_reload_parity.exe
[51/144] Linking CXX executable batch26_dungeon_save.exe
[52/144] Linking CXX executable batch29_rest_wiring.exe
[53/144] Linking CXX executable batch28_save_validation.exe
[54/144] Linking CXX executable batch23_vault_parity.exe
[55/144] Linking CXX executable batch30_sleep_parity.exe
[56/144] Linking CXX executable batch32_camp_watch.exe
[57/144] Linking CXX executable batch31_h165_dungeon_entry.exe
[58/144] Linking CXX executable batch33_cannon_npc_death.exe
[59/144] Linking CXX executable batch34_pre_sleep_npc.exe
[60/144] Linking CXX executable batch37_bed_viewport.exe
[61/144] Linking CXX executable batch40_advancement.exe
[62/144] Linking CXX executable batch42_advancement_flash.exe
[63/144] Linking CXX executable batch51_scene_pacing.exe
[64/144] Linking CXX executable batch46_camp_invisibility.exe
[65/144] Linking CXX executable batch43_sleep_scene.exe
[66/144] Linking CXX executable batch36_camp_housekeeping.exe
[67/144] Linking CXX executable batch35_q_sleep_target.exe
[68/144] Linking CXX executable batch39_party_panel.exe
[69/144] Linking CXX executable batch41_staged_advancement.exe
[70/144] Linking CXX executable batch38_camp_duration.exe
[71/144] Linking CXX executable batch44_camp_ring_entry.exe
[72/144] Linking CXX executable batch53b_moongate_return.exe
[73/144] Linking CXX executable batch41_raw_key.exe
[74/144] Linking CXX executable batch51_camp_pacing.exe
[75/144] Linking CXX executable batch53a_ending_terminal.exe
[76/144] Linking CXX executable a3_03_sfx_inventory.exe
[77/144] Linking CXX executable a3_01_audio_contract.exe
[78/144] Linking CXX executable a3_02_sfx_synth.exe
[79/144] Linking CXX executable batch53_release_blockers.exe
[80/144] Linking CXX executable a3_04a_audio_stream.exe
[81/144] Linking CXX executable a3_04_music_synth.exe
[82/144] Linking CXX executable a3_02_sfx_runtime.exe
[83/144] Linking CXX executable a3_01_audio_runtime.exe
[84/144] Linking CXX executable a3_03_sfx_runtime.exe
[85/144] Linking CXX executable a3_04b_perf_runtime.exe
[86/144] Linking CXX executable a3_04_music_runtime.exe
[87/144] Linking CXX executable a3_04e_pacing.exe
[88/144] Linking CXX executable a4_ui2_death_music_runtime.exe
[89/144] Linking CXX executable a3_hf2_ambient_parity.exe
[90/144] Linking CXX executable a3_04c_contention.exe
[91/144] Linking CXX executable a3_hf3_combat_hit_cue.exe
[92/144] Linking CXX executable a4_ui3_slot_rows.exe
[93/144] Linking CXX executable a3_05_audio_mute.exe
[94/144] Linking CXX executable a3_hf3_combat_hit_runtime.exe
[95/144] Linking CXX executable a3_hf1_arena_loot.exe
[96/144] Linking CXX executable a3_04f_render_runtime.exe
[97/144] Linking CXX executable a3_04d_sd_log_runtime.exe
[98/144] Linking CXX executable a3_05_audio_controls.exe
[99/144] Linking CXX executable a4_end1_endgame_scene.exe
[100/144] Linking CXX executable a3_hf6_shrine_key_wait_pacer.exe
[101/144] Linking CXX executable a3_04d_sd_log.exe
[102/144] Linking CXX executable a3_hf5_dialogue_pacing_runtime.exe
[103/144] Linking CXX executable a3_hf4_load_transient_runtime.exe
[104/144] Linking CXX executable a3_04c_contention_runtime.exe
[105/144] Linking CXX executable a4_ui2_save_menu_runtime.exe
[106/144] Linking CXX executable a3_hf2_1_dispatch_log.exe
[107/144] Linking CXX executable a4_ui4_console_runtime.exe
[108/144] Linking CXX executable a4_ui1_chrome_runtime.exe
[109/144] Linking CXX executable a4_ui2_title_runtime.exe
[110/144] Linking CXX executable a4_ui4_moongate_runtime.exe
[111/144] Linking CXX executable a3_04e_pacing_runtime.exe
[112/144] Linking CXX executable a4_end1_ending_runtime.exe
[113/144] Linking CXX executable a4_ui4_presentation_runtime.exe
[114/144] Linking CXX executable a4_save2_slots_runtime.exe
[115/144] Linking CXX executable a3_hf6_shrine_key_wait_runtime.exe
[116/144] Linking CXX executable a4_save3_pc_bridge_runtime.exe
[117/144] Linking CXX executable a4_save1_recovery_runtime.exe
[118/144] Linking CXX executable a3_04g_storage_runtime.exe
[119/144] Linking CXX executable a4_ui3_save_ux_runtime.exe
[120/144] Linking CXX executable a3_hf7_ritual_fx.exe
[121/144] Linking CXX executable a3_hf9_refuge_cadence.exe
[122/144] Linking CXX executable a3_hf5_dialogue_pacer.exe
[123/144] Linking CXX executable a3_hf8_sacrifice_burst_runtime.exe
[124/144] Linking CXX executable a3_hf9_refuge_cadence_runtime.exe
[125/144] Linking CXX executable a3_hf7_ritual_fx_runtime.exe
[126/144] Linking CXX executable a3_hf10_mix_parity_runtime.exe
[127/144] Linking CXX executable batch3_group_a_tests.exe
[128/144] Linking CXX executable batch19_command_char_regression.exe
[129/144] Linking CXX executable batch14_zstats_runtime_regression.exe
[130/144] Linking CXX executable batch18_well_ceremony_regression.exe
[131/144] Linking CXX executable batch3_group_b_tests.exe
[132/144] Linking CXX executable batch14_zstats_model_tests.exe
[133/144] Linking CXX executable batch3_group_c_tests.exe
[134/144] Linking CXX executable batch4_group_b_tests.exe
[135/144] Linking CXX executable batch12_combat_field_tests.exe
[136/144] Linking CXX executable batch17_theft_watchdog_tests.exe
[137/144] Linking CXX executable batch19_command_char_tests.exe
[138/144] Linking CXX executable batch15_sacrifice_tests.exe
[139/144] Linking CXX executable batch4_group_a_tests.exe
[140/144] Linking CXX executable batch45b_tests.exe
[141/144] Linking CXX executable batch13_tests.exe
[142/144] Linking CXX executable batch5_tests.exe
[143/144] Linking CXX executable blackthorn_scene_tests.exe
[144/144] Linking CXX executable batch7b_tests.exe
