ninja: Entering directory `build-a4-parity1'
[1/151] Linking CXX executable measure_ui_sizes.exe
[2/151] Linking CXX executable display_names_tests.exe
[3/151] Linking CXX executable debug_labels_tests.exe
[4/151] Linking CXX executable debug_map_picker_tests.exe
[5/151] Linking CXX executable ui_debug_menu_tests.exe
[6/151] Linking CXX executable quest_search_tests.exe
[7/151] Linking CXX executable debug_developer_tests.exe
[8/151] Linking CXX executable movement_flow_parity_tests.exe
[9/151] Linking CXX executable frontend_tests.exe
[10/151] Linking CXX executable shop_parity_tests.exe
[11/151] Linking CXX executable ui_host_harness.exe
[12/151] Linking CXX executable gameplay_integration_tests.exe
[13/151] Linking CXX executable persistence_driver.exe
[14/151] Linking CXX executable batch21b_chest_reset.exe
[15/151] Linking CXX executable gameplay_driver.exe
[16/151] Linking CXX executable dialogue_adapter_tests.exe
[17/151] Linking CXX executable dialogue_parity_tests.exe
[18/151] Linking CXX executable look_sign_tests.exe
[19/151] Linking CXX executable shop_adapter_tests.exe
[20/151] Linking CXX executable quest_driver.exe
[21/151] Linking CXX executable world_flow_parity_tests.exe
[22/151] Linking CXX executable ui_session_tests.exe
[23/151] Linking CXX executable dungeon_flow_parity_tests.exe
[24/151] Linking CXX executable shop_flow_tests.exe
[25/151] Linking CXX executable world_flow_adapter_tests.exe
[26/151] Linking CXX executable transport_flow_parity_tests.exe
[27/151] Linking CXX executable magic_parity_tests.exe
[28/151] Linking CXX executable dungeon_parity_tests.exe
[29/151] Linking CXX executable advanced_combat_parity_tests.exe
[30/151] Linking CXX executable combat_parity_tests.exe
[31/151] Linking CXX executable item_parity_tests.exe
[32/151] Linking CXX executable command_parity_tests.exe
[33/151] Linking CXX executable core_parity_tests.exe
[34/151] Linking CXX executable movement_regression.exe
[35/151] Linking CXX executable turn_parity_tests.exe
[36/151] Linking CXX executable presentation_regression.exe
[37/151] Linking CXX executable dungeon_view_regression.exe
[38/151] Linking CXX executable travel_parity_tests.exe
[39/151] Linking CXX executable batch21a3_combat_active_player.exe
[40/151] Linking CXX executable combat_escape_regression.exe
[41/151] Linking CXX executable ui_mode_regression.exe
[42/151] Linking CXX executable dungeon_input_regression.exe
[43/151] Linking CXX executable input_regression.exe
[44/151] Linking CXX executable dungeon_art_regression.exe
[45/151] Linking CXX executable direct_troll_handoff_regression.exe
[46/151] Linking CXX executable combat_loot_open_regression.exe
[47/151] Linking CXX executable dungeon_combat_regression.exe
[48/151] Linking CXX executable gem_view_regression.exe
[49/151] Linking CXX executable batch12b_hardware_regression.exe
[50/151] Linking CXX executable batch23_vault_parity.exe
[51/151] Linking CXX executable alpha_runtime_integration_regression.exe
[52/151] Linking CXX executable batch21a_dungeon_room_regression.exe
[53/151] Linking CXX executable batch22_basement_objects.exe
[54/151] Linking CXX executable batch28_save_validation.exe
[55/151] Linking CXX executable batch26_dungeon_save.exe
[56/151] Linking CXX executable batch30_sleep_parity.exe
[57/151] Linking CXX executable action_feedback_regression.exe
[58/151] Linking CXX executable batch33_cannon_npc_death.exe
[59/151] Linking CXX executable batch24_reload_parity.exe
[60/151] Linking CXX executable batch32_camp_watch.exe
[61/151] Linking CXX executable batch25_shard_ritual.exe
[62/151] Linking CXX executable batch29_rest_wiring.exe
[63/151] Linking CXX executable batch27_alt_load.exe
[64/151] Linking CXX executable batch31_h165_dungeon_entry.exe
[65/151] Linking CXX executable batch35_q_sleep_target.exe
[66/151] Linking CXX executable batch39_party_panel.exe
[67/151] Linking CXX executable batch41_raw_key.exe
[68/151] Linking CXX executable batch36_camp_housekeeping.exe
[69/151] Linking CXX executable batch37_bed_viewport.exe
[70/151] Linking CXX executable batch34_pre_sleep_npc.exe
[71/151] Linking CXX executable batch46_camp_invisibility.exe
[72/151] Linking CXX executable batch40_advancement.exe
[73/151] Linking CXX executable batch44_camp_ring_entry.exe
[74/151] Linking CXX executable batch42_advancement_flash.exe
[75/151] Linking CXX executable batch43_sleep_scene.exe
[76/151] Linking CXX executable batch51_camp_pacing.exe
[77/151] Linking CXX executable batch41_staged_advancement.exe
[78/151] Linking CXX executable batch38_camp_duration.exe
[79/151] Linking CXX executable batch51_scene_pacing.exe
[80/151] Linking CXX executable batch53a_ending_terminal.exe
[81/151] Linking CXX executable batch53b_moongate_return.exe
[82/151] Linking CXX executable a3_02_sfx_synth.exe
[83/151] Linking CXX executable a3_04_music_synth.exe
[84/151] Linking CXX executable a3_03_sfx_inventory.exe
[85/151] Linking CXX executable a3_01_audio_contract.exe
[86/151] Linking CXX executable batch53_release_blockers.exe
[87/151] Linking CXX executable a3_04a_audio_stream.exe
[88/151] Linking CXX executable a3_04c_contention.exe
[89/151] Linking CXX executable a3_04d_sd_log.exe
[90/151] Linking CXX executable a3_04b_perf.exe
[91/151] Linking CXX executable a3_04e_pacing.exe
[92/151] Linking CXX executable a3_hf1_arena_loot.exe
[93/151] Linking CXX executable a3_hf2_ambient_parity.exe
[94/151] Linking CXX executable a3_04b_perf_runtime.exe
[95/151] Linking CXX executable a3_04_music_runtime.exe
[96/151] Linking CXX executable a3_04c_contention_runtime.exe
[97/151] Linking CXX executable a3_02_sfx_runtime.exe
[98/151] Linking CXX executable a3_04e_pacing_runtime.exe
[99/151] Linking CXX executable a3_04d_sd_log_runtime.exe
[100/151] Linking CXX executable a3_03_sfx_runtime.exe
[101/151] Linking CXX executable a3_01_audio_runtime.exe
[102/151] Linking CXX executable a3_hf2_1_dispatch_log.exe
[103/151] Linking CXX executable a4_ui2_death_music_runtime.exe
[104/151] Linking CXX executable a3_04f_render_runtime.exe
[105/151] Linking CXX executable a3_hf3_combat_hit_cue.exe
[106/151] Linking CXX executable a4_ui1_chrome_runtime.exe
[107/151] Linking CXX executable a4_ui3_slot_rows.exe
[108/151] Linking CXX executable a4_ui2_title_runtime.exe
[109/151] Linking CXX executable a3_hf3_combat_hit_runtime.exe
[110/151] Linking CXX executable a4_end1_endgame_scene.exe
[111/151] Linking CXX executable a4_ui4_presentation_runtime.exe
[112/151] Linking CXX executable a3_hf6_shrine_key_wait_pacer.exe
[113/151] Linking CXX executable a4_end1_ending_runtime.exe
[114/151] Linking CXX executable a4_ui2_save_menu_runtime.exe
[115/151] Linking CXX executable a3_05_audio_mute.exe
[116/151] Linking CXX executable a4_ui3_save_ux_runtime.exe
[117/151] Linking CXX executable a4_save1_recovery_runtime.exe
[118/151] Linking CXX executable a3_05_audio_controls.exe
[119/151] Linking CXX executable a4_save3_pc_bridge_runtime.exe
[120/151] Linking CXX executable a3_hf4_load_transient_runtime.exe
[121/151] Linking CXX executable a4_save2_slots_runtime.exe
[122/151] Linking CXX executable a3_hf5_dialogue_pacing_runtime.exe
[123/151] Linking CXX executable a3_hf6_shrine_key_wait_runtime.exe
[124/151] Linking CXX executable a3_04g_storage_runtime.exe
[125/151] Linking CXX executable a4_ui4_moongate_runtime.exe
[126/151] Linking CXX executable a3_hf5_dialogue_pacer.exe
[127/151] Linking CXX executable a3_hf9_refuge_cadence.exe
[128/151] Linking CXX executable a4_ui4_console_runtime.exe
[129/151] Linking CXX executable a3_hf7_ritual_fx.exe
[130/151] Linking CXX executable a3_hf10_mix_parity_runtime.exe
[131/151] Linking CXX executable batch18_well_ceremony_regression.exe
[132/151] Linking CXX executable batch14_zstats_runtime_regression.exe
[133/151] Linking CXX executable a3_hf7_ritual_fx_runtime.exe
[134/151] Linking CXX executable a3_hf8_sacrifice_burst_runtime.exe
[135/151] Linking CXX executable a3_hf9_refuge_cadence_runtime.exe
[136/151] Linking CXX executable batch19_command_char_regression.exe
[137/151] Linking CXX executable batch3_group_b_tests.exe
[138/151] Linking CXX executable batch3_group_c_tests.exe
[139/151] Linking CXX executable batch4_group_a_tests.exe
[140/151] Linking CXX executable batch3_group_a_tests.exe
[141/151] Linking CXX executable batch14_zstats_model_tests.exe
[142/151] Linking CXX executable batch5_tests.exe
[143/151] Linking CXX executable batch7b_tests.exe
[144/151] Linking CXX executable batch13_tests.exe
[145/151] Linking CXX executable batch12_combat_field_tests.exe
[146/151] Linking CXX executable batch15_sacrifice_tests.exe
[147/151] Linking CXX executable batch4_group_b_tests.exe
[148/151] Linking CXX executable batch17_theft_watchdog_tests.exe
[149/151] Linking CXX executable batch19_command_char_tests.exe
[150/151] Linking CXX executable batch45b_tests.exe
[151/151] Linking CXX executable blackthorn_scene_tests.exe
