ninja: Entering directory `build-a4-parity2'
[1/237] Building CXX object CMakeFiles/alpha_runtime_integration_regression.dir/C_/Dev/OpenU5-Native/native/targets/tdeck/main/alpha_runtime.cpp.obj
[2/237] Building CXX object CMakeFiles/batch23_vault_parity.dir/C_/Dev/OpenU5-Native/native/targets/tdeck/main/alpha_runtime.cpp.obj
[3/237] Building CXX object CMakeFiles/batch25_shard_ritual.dir/C_/Dev/OpenU5-Native/native/targets/tdeck/main/alpha_runtime.cpp.obj
[4/237] Building CXX object CMakeFiles/batch27_alt_load.dir/C_/Dev/OpenU5-Native/native/targets/tdeck/main/alpha_runtime.cpp.obj
[5/237] Building CXX object CMakeFiles/batch24_reload_parity.dir/C_/Dev/OpenU5-Native/native/targets/tdeck/main/alpha_runtime.cpp.obj
[6/237] Building CXX object CMakeFiles/batch21a_dungeon_room_regression.dir/C_/Dev/OpenU5-Native/native/targets/tdeck/main/alpha_runtime.cpp.obj
[7/237] Building CXX object CMakeFiles/batch22_basement_objects.dir/C_/Dev/OpenU5-Native/native/targets/tdeck/main/alpha_runtime.cpp.obj
[8/237] Building CXX object CMakeFiles/batch30_sleep_parity.dir/C_/Dev/OpenU5-Native/native/targets/tdeck/main/alpha_runtime.cpp.obj
[9/237] Building CXX object CMakeFiles/batch29_rest_wiring.dir/C_/Dev/OpenU5-Native/native/targets/tdeck/main/alpha_runtime.cpp.obj
[10/237] Building CXX object CMakeFiles/batch28_save_validation.dir/C_/Dev/OpenU5-Native/native/targets/tdeck/main/alpha_runtime.cpp.obj
[11/237] Building CXX object CMakeFiles/batch26_dungeon_save.dir/C_/Dev/OpenU5-Native/native/targets/tdeck/main/alpha_runtime.cpp.obj
[12/237] Building CXX object CMakeFiles/batch34_pre_sleep_npc.dir/C_/Dev/OpenU5-Native/native/targets/tdeck/main/alpha_runtime.cpp.obj
[13/237] Building CXX object CMakeFiles/batch32_camp_watch.dir/C_/Dev/OpenU5-Native/native/targets/tdeck/main/alpha_runtime.cpp.obj
[14/237] Building CXX object CMakeFiles/batch36_camp_housekeeping.dir/C_/Dev/OpenU5-Native/native/targets/tdeck/main/alpha_runtime.cpp.obj
[15/237] Building CXX object CMakeFiles/batch35_q_sleep_target.dir/C_/Dev/OpenU5-Native/native/targets/tdeck/main/alpha_runtime.cpp.obj
[16/237] Building CXX object CMakeFiles/batch31_h165_dungeon_entry.dir/C_/Dev/OpenU5-Native/native/targets/tdeck/main/alpha_runtime.cpp.obj
[17/237] Building CXX object CMakeFiles/batch33_cannon_npc_death.dir/C_/Dev/OpenU5-Native/native/targets/tdeck/main/alpha_runtime.cpp.obj
[18/237] Building CXX object CMakeFiles/batch41_raw_key.dir/C_/Dev/OpenU5-Native/native/targets/tdeck/main/alpha_runtime.cpp.obj
[19/237] Building CXX object CMakeFiles/batch42_advancement_flash.dir/C_/Dev/OpenU5-Native/native/targets/tdeck/main/alpha_runtime.cpp.obj
[20/237] Building CXX object CMakeFiles/batch39_party_panel.dir/C_/Dev/OpenU5-Native/native/targets/tdeck/main/alpha_runtime.cpp.obj
[21/237] Building CXX object CMakeFiles/batch46_camp_invisibility.dir/C_/Dev/OpenU5-Native/native/targets/tdeck/main/alpha_runtime.cpp.obj
[22/237] Building CXX object CMakeFiles/batch37_bed_viewport.dir/C_/Dev/OpenU5-Native/native/targets/tdeck/main/alpha_runtime.cpp.obj
[23/237] Building CXX object CMakeFiles/batch43_sleep_scene.dir/C_/Dev/OpenU5-Native/native/targets/tdeck/main/alpha_runtime.cpp.obj
[24/237] Building CXX object CMakeFiles/batch53b_moongate_return.dir/C_/Dev/OpenU5-Native/native/targets/tdeck/main/alpha_runtime.cpp.obj
[25/237] Building CXX object CMakeFiles/batch53a_ending_terminal.dir/C_/Dev/OpenU5-Native/native/targets/tdeck/main/alpha_runtime.cpp.obj
[26/237] Building CXX object CMakeFiles/a3_01_audio_runtime.dir/C_/Dev/OpenU5-Native/native/targets/tdeck/main/alpha_runtime.cpp.obj
[27/237] Building CXX object CMakeFiles/batch53_release_blockers.dir/C_/Dev/OpenU5-Native/native/targets/tdeck/main/alpha_runtime.cpp.obj
[28/237] Building CXX object CMakeFiles/batch38_camp_duration.dir/C_/Dev/OpenU5-Native/native/targets/tdeck/main/alpha_runtime.cpp.obj
[29/237] Building CXX object CMakeFiles/batch44_camp_ring_entry.dir/C_/Dev/OpenU5-Native/native/targets/tdeck/main/alpha_runtime.cpp.obj
[30/237] Building CXX object CMakeFiles/batch51_camp_pacing.dir/C_/Dev/OpenU5-Native/native/targets/tdeck/main/alpha_runtime.cpp.obj
[31/237] Building CXX object CMakeFiles/a3_02_sfx_runtime.dir/C_/Dev/OpenU5-Native/native/targets/tdeck/main/alpha_runtime.cpp.obj
[32/237] Building CXX object CMakeFiles/a3_04b_perf_runtime.dir/C_/Dev/OpenU5-Native/native/targets/tdeck/main/alpha_runtime.cpp.obj
[33/237] Building CXX object CMakeFiles/a3_04_music_runtime.dir/C_/Dev/OpenU5-Native/native/targets/tdeck/main/alpha_runtime.cpp.obj
[34/237] Building CXX object CMakeFiles/a3_hf2_1_dispatch_log.dir/C_/Dev/OpenU5-Native/native/targets/tdeck/main/alpha_runtime.cpp.obj
[35/237] Building CXX object CMakeFiles/a3_hf1_arena_loot.dir/C_/Dev/OpenU5-Native/native/targets/tdeck/main/alpha_runtime.cpp.obj
[36/237] Building CXX object CMakeFiles/a3_04e_pacing_runtime.dir/C_/Dev/OpenU5-Native/native/targets/tdeck/main/alpha_runtime.cpp.obj
[37/237] Building CXX object CMakeFiles/a3_04c_contention_runtime.dir/C_/Dev/OpenU5-Native/native/targets/tdeck/main/alpha_runtime.cpp.obj
[38/237] Building CXX object CMakeFiles/a3_hf2_ambient_parity.dir/C_/Dev/OpenU5-Native/native/targets/tdeck/main/alpha_runtime.cpp.obj
[39/237] Building CXX object CMakeFiles/a3_04d_sd_log_runtime.dir/C_/Dev/OpenU5-Native/native/targets/tdeck/main/alpha_runtime.cpp.obj
[40/237] Building CXX object CMakeFiles/a3_04f_render_runtime.dir/C_/Dev/OpenU5-Native/native/targets/tdeck/main/alpha_runtime.cpp.obj
[41/237] Building CXX object CMakeFiles/a4_ui1_chrome_runtime.dir/C_/Dev/OpenU5-Native/native/targets/tdeck/main/alpha_runtime.cpp.obj
[42/237] Building CXX object CMakeFiles/a4_ui2_title_runtime.dir/C_/Dev/OpenU5-Native/native/targets/tdeck/main/alpha_runtime.cpp.obj
[43/237] Building CXX object CMakeFiles/a4_ui2_save_menu_runtime.dir/C_/Dev/OpenU5-Native/native/targets/tdeck/main/alpha_runtime.cpp.obj
[44/237] Building CXX object CMakeFiles/a4_ui2_death_music_runtime.dir/C_/Dev/OpenU5-Native/native/targets/tdeck/main/alpha_runtime.cpp.obj
[45/237] Building CXX object CMakeFiles/a4_save1_recovery_runtime.dir/C_/Dev/OpenU5-Native/native/targets/tdeck/main/alpha_runtime.cpp.obj
[46/237] Building CXX object CMakeFiles/a3_hf3_combat_hit_runtime.dir/C_/Dev/OpenU5-Native/native/targets/tdeck/main/alpha_runtime.cpp.obj
[47/237] Building CXX object CMakeFiles/a4_save2_slots_runtime.dir/C_/Dev/OpenU5-Native/native/targets/tdeck/main/alpha_runtime.cpp.obj
[48/237] Building CXX object CMakeFiles/a4_save3_pc_bridge_runtime.dir/C_/Dev/OpenU5-Native/native/targets/tdeck/main/alpha_runtime.cpp.obj
[49/237] Linking CXX executable frontend_tests.exe
[50/237] Building CXX object CMakeFiles/a3_04g_storage_runtime.dir/C_/Dev/OpenU5-Native/native/targets/tdeck/main/alpha_runtime.cpp.obj
[51/237] Linking CXX executable ui_session_tests.exe
[52/237] Building CXX object CMakeFiles/a4_enh1_preservation_runtime.dir/C_/Dev/OpenU5-Native/native/targets/tdeck/main/alpha_runtime.cpp.obj
[53/237] Linking CXX executable display_names_tests.exe
[54/237] Building CXX object CMakeFiles/a4_enh2_preservation_runtime.dir/C_/Dev/OpenU5-Native/native/targets/tdeck/main/alpha_runtime.cpp.obj
[55/237] Building CXX object CMakeFiles/a4_ui3_save_ux_runtime.dir/C_/Dev/OpenU5-Native/native/targets/tdeck/main/alpha_runtime.cpp.obj
[56/237] Building CXX object CMakeFiles/a4_polish3_keyboard_light_runtime.dir/C_/Dev/OpenU5-Native/native/targets/tdeck/main/alpha_runtime.cpp.obj
[57/237] Linking CXX executable batch21b_chest_reset.exe
[58/237] Linking CXX executable quest_search_tests.exe
[59/237] Building CXX object CMakeFiles/a4_enh1_runtime.dir/C_/Dev/OpenU5-Native/native/targets/tdeck/main/alpha_runtime.cpp.obj
[60/237] Building CXX object CMakeFiles/a4_end1_ending_runtime.dir/C_/Dev/OpenU5-Native/native/targets/tdeck/main/alpha_runtime.cpp.obj
[61/237] Building CXX object CMakeFiles/a4_ui4_presentation_runtime.dir/C_/Dev/OpenU5-Native/native/targets/tdeck/main/alpha_runtime.cpp.obj
[62/237] Building CXX object CMakeFiles/a4_enh2_runtime.dir/C_/Dev/OpenU5-Native/native/targets/tdeck/main/alpha_runtime.cpp.obj
[63/237] Building CXX object CMakeFiles/a4_ui4_console_runtime.dir/C_/Dev/OpenU5-Native/native/targets/tdeck/main/alpha_runtime.cpp.obj
[64/237] Building CXX object CMakeFiles/a4_ui4_moongate_runtime.dir/C_/Dev/OpenU5-Native/native/targets/tdeck/main/alpha_runtime.cpp.obj
[65/237] Linking CXX executable debug_labels_tests.exe
[66/237] Building CXX object CMakeFiles/a4_parity1_runtime.dir/C_/Dev/OpenU5-Native/native/targets/tdeck/main/alpha_runtime.cpp.obj
[67/237] Linking CXX executable measure_ui_sizes.exe
[68/237] Linking CXX executable ui_host_harness.exe
[69/237] Linking CXX executable movement_flow_parity_tests.exe
[70/237] Linking CXX executable ui_debug_menu_tests.exe
[71/237] Linking CXX executable gameplay_integration_tests.exe
[72/237] Building CXX object CMakeFiles/a4_rc3_dungeon_music_runtime.dir/C_/Dev/OpenU5-Native/native/targets/tdeck/main/alpha_runtime.cpp.obj
[73/237] Building CXX object CMakeFiles/a3_05_audio_controls.dir/C_/Dev/OpenU5-Native/native/targets/tdeck/main/alpha_runtime.cpp.obj
[74/237] Linking CXX executable shop_parity_tests.exe
[75/237] Linking CXX executable shop_adapter_tests.exe
[76/237] Linking CXX executable dialogue_adapter_tests.exe
[77/237] Building CXX object CMakeFiles/a3_hf4_load_transient_runtime.dir/C_/Dev/OpenU5-Native/native/targets/tdeck/main/alpha_runtime.cpp.obj
[78/237] Linking CXX executable debug_developer_tests.exe
[79/237] Linking CXX executable quest_driver.exe
[80/237] Linking CXX executable persistence_driver.exe
[81/237] Linking CXX executable look_sign_tests.exe
[82/237] Linking CXX executable world_flow_adapter_tests.exe
[83/237] Linking CXX executable dungeon_flow_parity_tests.exe
[84/237] Linking CXX executable debug_map_picker_tests.exe
[85/237] Linking CXX executable shop_flow_tests.exe
[86/237] Linking CXX executable transport_flow_parity_tests.exe
[87/237] Linking CXX executable dialogue_parity_tests.exe
[88/237] Building CXX object CMakeFiles/a3_hf5_dialogue_pacing_runtime.dir/C_/Dev/OpenU5-Native/native/targets/tdeck/main/alpha_runtime.cpp.obj
[89/237] Building CXX object CMakeFiles/a3_hf6_shrine_key_wait_runtime.dir/C_/Dev/OpenU5-Native/native/targets/tdeck/main/alpha_runtime.cpp.obj
[90/237] Linking CXX executable dungeon_parity_tests.exe
[91/237] Linking CXX executable magic_parity_tests.exe
[92/237] Linking CXX executable combat_parity_tests.exe
[93/237] Linking CXX executable world_flow_parity_tests.exe
[94/237] Linking CXX executable advanced_combat_parity_tests.exe
[95/237] Linking CXX executable item_parity_tests.exe
[96/237] Building CXX object CMakeFiles/a3_hf9_refuge_cadence_runtime.dir/C_/Dev/OpenU5-Native/native/targets/tdeck/main/alpha_runtime.cpp.obj
[97/237] Building CXX object CMakeFiles/a3_hf8_sacrifice_burst_runtime.dir/C_/Dev/OpenU5-Native/native/targets/tdeck/main/alpha_runtime.cpp.obj
[98/237] Building CXX object CMakeFiles/a3_hf7_ritual_fx_runtime.dir/C_/Dev/OpenU5-Native/native/targets/tdeck/main/alpha_runtime.cpp.obj
[99/237] Building CXX object CMakeFiles/batch14_zstats_runtime_regression.dir/C_/Dev/OpenU5-Native/native/targets/tdeck/main/alpha_runtime.cpp.obj
[100/237] Building CXX object CMakeFiles/a3_hf10_mix_parity_runtime.dir/C_/Dev/OpenU5-Native/native/targets/tdeck/main/alpha_runtime.cpp.obj
[101/237] Linking CXX executable command_parity_tests.exe
[102/237] Linking CXX executable turn_parity_tests.exe
[103/237] Building CXX object CMakeFiles/batch18_well_ceremony_regression.dir/C_/Dev/OpenU5-Native/native/targets/tdeck/main/alpha_runtime.cpp.obj
[104/237] Building CXX object CMakeFiles/batch19_command_char_regression.dir/C_/Dev/OpenU5-Native/native/targets/tdeck/main/alpha_runtime.cpp.obj
[105/237] Linking CXX executable core_parity_tests.exe
[106/237] Linking CXX executable dungeon_view_regression.exe
[107/237] Linking CXX executable presentation_regression.exe
[108/237] Linking CXX executable combat_escape_regression.exe
[109/237] Linking CXX executable movement_regression.exe
[110/237] Linking CXX executable gem_view_regression.exe
[111/237] Linking CXX executable combat_loot_open_regression.exe
[112/237] Linking CXX executable dungeon_input_regression.exe
[113/237] Linking CXX executable dungeon_art_regression.exe
[114/237] Linking CXX executable direct_troll_handoff_regression.exe
[115/237] Linking CXX executable ui_mode_regression.exe
[116/237] Linking CXX executable input_regression.exe
[117/237] Linking CXX executable batch31_h165_dungeon_entry.exe
[118/237] Linking CXX executable batch28_save_validation.exe
[119/237] Linking CXX executable batch25_shard_ritual.exe
[120/237] Linking CXX executable batch23_vault_parity.exe
[121/237] Linking CXX executable batch34_pre_sleep_npc.exe
[122/237] Linking CXX executable batch33_cannon_npc_death.exe
[123/237] Linking CXX executable batch24_reload_parity.exe
[124/237] Linking CXX executable batch35_q_sleep_target.exe
[125/237] Linking CXX executable batch36_camp_housekeeping.exe
[126/237] Linking CXX executable batch30_sleep_parity.exe
[127/237] Linking CXX executable batch26_dungeon_save.exe
[128/237] Linking CXX executable batch29_rest_wiring.exe
[129/237] Linking CXX executable batch37_bed_viewport.exe
[130/237] Linking CXX executable batch27_alt_load.exe
[131/237] Linking CXX executable batch22_basement_objects.exe
[132/237] Linking CXX executable batch41_raw_key.exe
[133/237] Linking CXX executable alpha_runtime_integration_regression.exe
[134/237] Linking CXX executable batch32_camp_watch.exe
[135/237] Linking CXX executable batch21a_dungeon_room_regression.exe
[136/237] Linking CXX executable batch12b_hardware_regression.exe
[137/237] Linking CXX executable action_feedback_regression.exe
[138/237] Linking CXX executable dungeon_combat_regression.exe
[139/237] Linking CXX executable batch21a3_combat_active_player.exe
[140/237] Linking CXX executable batch39_party_panel.exe
[141/237] Linking CXX executable travel_parity_tests.exe
[142/237] Linking CXX executable batch42_advancement_flash.exe
[143/237] Linking CXX executable batch43_sleep_scene.exe
[144/237] Linking CXX executable batch46_camp_invisibility.exe
[145/237] Linking CXX executable batch41_staged_advancement.exe
[146/237] Linking CXX executable batch40_advancement.exe
[147/237] Linking CXX executable batch38_camp_duration.exe
[148/237] Linking CXX executable batch44_camp_ring_entry.exe
[149/237] Linking CXX executable a3_02_sfx_synth.exe
[150/237] Linking CXX executable batch53_release_blockers.exe
[151/237] Linking CXX executable batch53a_ending_terminal.exe
[152/237] Linking CXX executable a3_hf1_arena_loot.exe
[153/237] Linking CXX executable a3_04e_pacing.exe
[154/237] Linking CXX executable batch51_scene_pacing.exe
[155/237] Linking CXX executable a3_04b_perf.exe
[156/237] Linking CXX executable batch53b_moongate_return.exe
[157/237] Linking CXX executable batch51_camp_pacing.exe
[158/237] Linking CXX executable a3_02_sfx_runtime.exe
[159/237] Linking CXX executable a3_hf2_ambient_parity.exe
[160/237] Linking CXX executable a3_04f_render_runtime.exe
[161/237] Linking CXX executable a3_04c_contention.exe
[162/237] Linking CXX executable a3_04_music_synth.exe
[163/237] Linking CXX executable a3_01_audio_contract.exe
[164/237] Linking CXX executable a3_03_sfx_inventory.exe
[165/237] Linking CXX executable a3_04d_sd_log.exe
[166/237] Linking CXX executable a3_04a_audio_stream.exe
[167/237] Linking CXX executable a3_hf2_1_dispatch_log.exe
[168/237] Linking CXX executable a3_04b_perf_runtime.exe
[169/237] Linking CXX executable a3_04_music_runtime.exe
[170/237] Linking CXX executable a3_04d_sd_log_runtime.exe
[171/237] Linking CXX executable a3_04c_contention_runtime.exe
[172/237] Linking CXX executable a3_03_sfx_runtime.exe
[173/237] Linking CXX executable a3_04e_pacing_runtime.exe
[174/237] Linking CXX executable a3_01_audio_runtime.exe
[175/237] Linking CXX executable a3_hf3_combat_hit_cue.exe
[176/237] Linking CXX executable a4_ui2_death_music_runtime.exe
[177/237] Linking CXX executable a4_enh1_preservation.exe
[178/237] Linking CXX executable a3_hf3_combat_hit_runtime.exe
[179/237] Linking CXX executable a4_ui2_title_runtime.exe
[180/237] Linking CXX executable a3_04g_storage_runtime.exe
[181/237] Linking CXX executable a4_ui1_chrome_runtime.exe
[182/237] Linking CXX executable a4_ui2_save_menu_runtime.exe
[183/237] Linking CXX executable a4_save1_recovery_runtime.exe
[184/237] Linking CXX executable a4_ui3_slot_rows.exe
[185/237] Linking CXX executable a4_save3_pc_bridge_runtime.exe
[186/237] Linking CXX executable a4_enh1_rules.exe
[187/237] Linking CXX executable a4_enh1_runtime.exe
[188/237] Linking CXX executable a4_save2_slots_runtime.exe
[189/237] Linking CXX executable a4_polish3_keyboard_light_runtime.exe
[190/237] Linking CXX executable a4_enh1_preservation_runtime.exe
[191/237] Linking CXX executable a4_enh2_preservation.exe
[192/237] Linking CXX executable a4_parity2_d83_d84_resurrect.exe
[193/237] Linking CXX executable a4_parity2_d85_trapdoor_party.exe
[194/237] Linking CXX executable a4_parity2_d89_naval_ouch.exe
[195/237] Linking CXX executable a3_05_audio_mute.exe
[196/237] Linking CXX executable a4_end1_endgame_scene.exe
[197/237] Linking CXX executable a4_enh2_rules.exe
[198/237] Linking CXX executable a4_polish3_keyboard_light.exe
[199/237] Linking CXX executable a3_hf9_refuge_cadence.exe
[200/237] Linking CXX executable a3_hf6_shrine_key_wait_pacer.exe
[201/237] Linking CXX executable a3_hf6_shrine_key_wait_runtime.exe
[202/237] Linking CXX executable a4_rc3_dungeon_music_runtime.exe
[203/237] Linking CXX executable a3_hf8_sacrifice_burst_runtime.exe
[204/237] Linking CXX executable a3_hf5_dialogue_pacing_runtime.exe
[205/237] Linking CXX executable a3_05_audio_controls.exe
[206/237] Linking CXX executable a3_hf4_load_transient_runtime.exe
[207/237] Linking CXX executable a4_enh2_preservation_runtime.exe
[208/237] Linking CXX executable a4_parity1_runtime.exe
[209/237] Linking CXX executable a4_enh2_runtime.exe
[210/237] Linking CXX executable a3_hf7_ritual_fx_runtime.exe
[211/237] Linking CXX executable a3_hf10_mix_parity_runtime.exe
[212/237] Linking CXX executable a3_hf9_refuge_cadence_runtime.exe
[213/237] Linking CXX executable a4_ui4_console_runtime.exe
[214/237] Linking CXX executable a4_end1_ending_runtime.exe
[215/237] Linking CXX executable a4_ui4_moongate_runtime.exe
[216/237] Linking CXX executable a4_ui4_presentation_runtime.exe
[217/237] Linking CXX executable a4_ui3_save_ux_runtime.exe
[218/237] Linking CXX executable a3_hf7_ritual_fx.exe
[219/237] Linking CXX executable a3_hf5_dialogue_pacer.exe
[220/237] Linking CXX executable batch14_zstats_runtime_regression.exe
[221/237] Linking CXX executable batch3_group_a_tests.exe
[222/237] Linking CXX executable batch18_well_ceremony_regression.exe
[223/237] Linking CXX executable batch19_command_char_regression.exe
[224/237] Linking CXX executable batch3_group_c_tests.exe
[225/237] Linking CXX executable batch4_group_a_tests.exe
[226/237] Linking CXX executable batch14_zstats_model_tests.exe
[227/237] Linking CXX executable batch17_theft_watchdog_tests.exe
[228/237] Linking CXX executable batch12_combat_field_tests.exe
[229/237] Linking CXX executable batch19_command_char_tests.exe
[230/237] Linking CXX executable batch7b_tests.exe
[231/237] Linking CXX executable batch5_tests.exe
[232/237] Linking CXX executable batch13_tests.exe
[233/237] Linking CXX executable blackthorn_scene_tests.exe
[234/237] Linking CXX executable batch3_group_b_tests.exe
[235/237] Linking CXX executable batch45b_tests.exe
[236/237] Linking CXX executable batch4_group_b_tests.exe
[237/237] Linking CXX executable batch15_sacrifice_tests.exe
BUILD rc=0
