ninja: Entering directory `build-a4-parity2'
[1/236] Building CXX object CMakeFiles/batch23_vault_parity.dir/C_/Dev/OpenU5-Native/native/targets/tdeck/main/alpha_runtime.cpp.obj
[2/236] Building CXX object CMakeFiles/batch25_shard_ritual.dir/C_/Dev/OpenU5-Native/native/targets/tdeck/main/alpha_runtime.cpp.obj
[3/236] Building CXX object CMakeFiles/batch27_alt_load.dir/C_/Dev/OpenU5-Native/native/targets/tdeck/main/alpha_runtime.cpp.obj
[4/236] Building CXX object CMakeFiles/batch21a_dungeon_room_regression.dir/C_/Dev/OpenU5-Native/native/targets/tdeck/main/alpha_runtime.cpp.obj
[5/236] Building CXX object CMakeFiles/batch24_reload_parity.dir/C_/Dev/OpenU5-Native/native/targets/tdeck/main/alpha_runtime.cpp.obj
[6/236] Building CXX object CMakeFiles/alpha_runtime_integration_regression.dir/C_/Dev/OpenU5-Native/native/targets/tdeck/main/alpha_runtime.cpp.obj
[7/236] Building CXX object CMakeFiles/batch26_dungeon_save.dir/C_/Dev/OpenU5-Native/native/targets/tdeck/main/alpha_runtime.cpp.obj
[8/236] Building CXX object CMakeFiles/batch36_camp_housekeeping.dir/C_/Dev/OpenU5-Native/native/targets/tdeck/main/alpha_runtime.cpp.obj
[9/236] Building CXX object CMakeFiles/batch30_sleep_parity.dir/C_/Dev/OpenU5-Native/native/targets/tdeck/main/alpha_runtime.cpp.obj
[10/236] Building CXX object CMakeFiles/batch31_h165_dungeon_entry.dir/C_/Dev/OpenU5-Native/native/targets/tdeck/main/alpha_runtime.cpp.obj
[11/236] Building CXX object CMakeFiles/batch29_rest_wiring.dir/C_/Dev/OpenU5-Native/native/targets/tdeck/main/alpha_runtime.cpp.obj
[12/236] Building CXX object CMakeFiles/batch32_camp_watch.dir/C_/Dev/OpenU5-Native/native/targets/tdeck/main/alpha_runtime.cpp.obj
[13/236] Building CXX object CMakeFiles/batch22_basement_objects.dir/C_/Dev/OpenU5-Native/native/targets/tdeck/main/alpha_runtime.cpp.obj
[14/236] Building CXX object CMakeFiles/batch33_cannon_npc_death.dir/C_/Dev/OpenU5-Native/native/targets/tdeck/main/alpha_runtime.cpp.obj
[15/236] Building CXX object CMakeFiles/batch28_save_validation.dir/C_/Dev/OpenU5-Native/native/targets/tdeck/main/alpha_runtime.cpp.obj
[16/236] Building CXX object CMakeFiles/batch43_sleep_scene.dir/C_/Dev/OpenU5-Native/native/targets/tdeck/main/alpha_runtime.cpp.obj
[17/236] Building CXX object CMakeFiles/batch42_advancement_flash.dir/C_/Dev/OpenU5-Native/native/targets/tdeck/main/alpha_runtime.cpp.obj
[18/236] Building CXX object CMakeFiles/batch34_pre_sleep_npc.dir/C_/Dev/OpenU5-Native/native/targets/tdeck/main/alpha_runtime.cpp.obj
[19/236] Building CXX object CMakeFiles/batch37_bed_viewport.dir/C_/Dev/OpenU5-Native/native/targets/tdeck/main/alpha_runtime.cpp.obj
[20/236] Building CXX object CMakeFiles/batch38_camp_duration.dir/C_/Dev/OpenU5-Native/native/targets/tdeck/main/alpha_runtime.cpp.obj
[21/236] Building CXX object CMakeFiles/batch46_camp_invisibility.dir/C_/Dev/OpenU5-Native/native/targets/tdeck/main/alpha_runtime.cpp.obj
[22/236] Building CXX object CMakeFiles/batch41_raw_key.dir/C_/Dev/OpenU5-Native/native/targets/tdeck/main/alpha_runtime.cpp.obj
[23/236] Building CXX object CMakeFiles/batch35_q_sleep_target.dir/C_/Dev/OpenU5-Native/native/targets/tdeck/main/alpha_runtime.cpp.obj
[24/236] Building CXX object CMakeFiles/batch51_camp_pacing.dir/C_/Dev/OpenU5-Native/native/targets/tdeck/main/alpha_runtime.cpp.obj
[25/236] Building CXX object CMakeFiles/batch44_camp_ring_entry.dir/C_/Dev/OpenU5-Native/native/targets/tdeck/main/alpha_runtime.cpp.obj
[26/236] Building CXX object CMakeFiles/batch39_party_panel.dir/C_/Dev/OpenU5-Native/native/targets/tdeck/main/alpha_runtime.cpp.obj
[27/236] Building CXX object CMakeFiles/batch53_release_blockers.dir/C_/Dev/OpenU5-Native/native/targets/tdeck/main/alpha_runtime.cpp.obj
[28/236] Building CXX object CMakeFiles/batch53a_ending_terminal.dir/C_/Dev/OpenU5-Native/native/targets/tdeck/main/alpha_runtime.cpp.obj
[29/236] Building CXX object CMakeFiles/a3_01_audio_runtime.dir/C_/Dev/OpenU5-Native/native/targets/tdeck/main/alpha_runtime.cpp.obj
[30/236] Building CXX object CMakeFiles/batch53b_moongate_return.dir/C_/Dev/OpenU5-Native/native/targets/tdeck/main/alpha_runtime.cpp.obj
[31/236] Building CXX object CMakeFiles/a3_hf1_arena_loot.dir/C_/Dev/OpenU5-Native/native/targets/tdeck/main/alpha_runtime.cpp.obj
[32/236] Building CXX object CMakeFiles/a3_02_sfx_runtime.dir/C_/Dev/OpenU5-Native/native/targets/tdeck/main/alpha_runtime.cpp.obj
[33/236] Building CXX object CMakeFiles/a3_04e_pacing_runtime.dir/C_/Dev/OpenU5-Native/native/targets/tdeck/main/alpha_runtime.cpp.obj
[34/236] Building CXX object CMakeFiles/a3_hf2_ambient_parity.dir/C_/Dev/OpenU5-Native/native/targets/tdeck/main/alpha_runtime.cpp.obj
[35/236] Building CXX object CMakeFiles/a3_04c_contention_runtime.dir/C_/Dev/OpenU5-Native/native/targets/tdeck/main/alpha_runtime.cpp.obj
[36/236] Building CXX object CMakeFiles/a3_hf2_1_dispatch_log.dir/C_/Dev/OpenU5-Native/native/targets/tdeck/main/alpha_runtime.cpp.obj
[37/236] Building CXX object CMakeFiles/a3_04_music_runtime.dir/C_/Dev/OpenU5-Native/native/targets/tdeck/main/alpha_runtime.cpp.obj
[38/236] Building CXX object CMakeFiles/a3_04b_perf_runtime.dir/C_/Dev/OpenU5-Native/native/targets/tdeck/main/alpha_runtime.cpp.obj
[39/236] Building CXX object CMakeFiles/a3_04f_render_runtime.dir/C_/Dev/OpenU5-Native/native/targets/tdeck/main/alpha_runtime.cpp.obj
[40/236] Building CXX object CMakeFiles/a4_ui1_chrome_runtime.dir/C_/Dev/OpenU5-Native/native/targets/tdeck/main/alpha_runtime.cpp.obj
[41/236] Building CXX object CMakeFiles/a3_hf3_combat_hit_runtime.dir/C_/Dev/OpenU5-Native/native/targets/tdeck/main/alpha_runtime.cpp.obj
[42/236] Building CXX object CMakeFiles/a3_04d_sd_log_runtime.dir/C_/Dev/OpenU5-Native/native/targets/tdeck/main/alpha_runtime.cpp.obj
[43/236] Building CXX object CMakeFiles/a4_ui2_title_runtime.dir/C_/Dev/OpenU5-Native/native/targets/tdeck/main/alpha_runtime.cpp.obj
[44/236] Building CXX object CMakeFiles/a4_enh1_runtime.dir/C_/Dev/OpenU5-Native/native/targets/tdeck/main/alpha_runtime.cpp.obj
[45/236] Building CXX object CMakeFiles/a4_save1_recovery_runtime.dir/C_/Dev/OpenU5-Native/native/targets/tdeck/main/alpha_runtime.cpp.obj
[46/236] Building CXX object CMakeFiles/a4_ui2_death_music_runtime.dir/C_/Dev/OpenU5-Native/native/targets/tdeck/main/alpha_runtime.cpp.obj
[47/236] Building CXX object CMakeFiles/a4_save3_pc_bridge_runtime.dir/C_/Dev/OpenU5-Native/native/targets/tdeck/main/alpha_runtime.cpp.obj
[48/236] Building CXX object CMakeFiles/a4_enh1_preservation_runtime.dir/C_/Dev/OpenU5-Native/native/targets/tdeck/main/alpha_runtime.cpp.obj
[49/236] Building CXX object CMakeFiles/a4_ui2_save_menu_runtime.dir/C_/Dev/OpenU5-Native/native/targets/tdeck/main/alpha_runtime.cpp.obj
[50/236] Building CXX object CMakeFiles/a3_04g_storage_runtime.dir/C_/Dev/OpenU5-Native/native/targets/tdeck/main/alpha_runtime.cpp.obj
[51/236] Building CXX object CMakeFiles/a4_ui3_save_ux_runtime.dir/C_/Dev/OpenU5-Native/native/targets/tdeck/main/alpha_runtime.cpp.obj
[52/236] Building CXX object CMakeFiles/a4_save2_slots_runtime.dir/C_/Dev/OpenU5-Native/native/targets/tdeck/main/alpha_runtime.cpp.obj
[53/236] Building CXX object CMakeFiles/a4_enh2_runtime.dir/C_/Dev/OpenU5-Native/native/targets/tdeck/main/alpha_runtime.cpp.obj
[54/236] Building CXX object CMakeFiles/a4_end1_ending_runtime.dir/C_/Dev/OpenU5-Native/native/targets/tdeck/main/alpha_runtime.cpp.obj
[55/236] Building CXX object CMakeFiles/a4_enh2_preservation_runtime.dir/C_/Dev/OpenU5-Native/native/targets/tdeck/main/alpha_runtime.cpp.obj
[56/236] Building CXX object CMakeFiles/a4_polish3_keyboard_light_runtime.dir/C_/Dev/OpenU5-Native/native/targets/tdeck/main/alpha_runtime.cpp.obj
[57/236] Building CXX object CMakeFiles/a4_ui4_presentation_runtime.dir/C_/Dev/OpenU5-Native/native/targets/tdeck/main/alpha_runtime.cpp.obj
[58/236] Building CXX object CMakeFiles/a4_ui4_console_runtime.dir/C_/Dev/OpenU5-Native/native/targets/tdeck/main/alpha_runtime.cpp.obj
[59/236] Building CXX object CMakeFiles/a4_ui4_moongate_runtime.dir/C_/Dev/OpenU5-Native/native/targets/tdeck/main/alpha_runtime.cpp.obj
[60/236] Building CXX object CMakeFiles/a4_parity1_runtime.dir/C_/Dev/OpenU5-Native/native/targets/tdeck/main/alpha_runtime.cpp.obj
[61/236] Linking CXX executable measure_ui_sizes.exe
[62/236] Linking CXX executable quest_search_tests.exe
[63/236] Linking CXX executable frontend_tests.exe
[64/236] Linking CXX executable display_names_tests.exe
[65/236] Linking CXX executable batch21b_chest_reset.exe
[66/236] Linking CXX executable ui_host_harness.exe
[67/236] Linking CXX executable ui_session_tests.exe
[68/236] Linking CXX executable debug_labels_tests.exe
[69/236] Linking CXX executable debug_map_picker_tests.exe
[70/236] Linking CXX executable ui_debug_menu_tests.exe
[71/236] Linking CXX executable look_sign_tests.exe
[72/236] Linking CXX executable shop_parity_tests.exe
[73/236] Linking CXX executable movement_flow_parity_tests.exe
[74/236] Linking CXX executable quest_driver.exe
[75/236] Linking CXX executable gameplay_integration_tests.exe
[76/236] Linking CXX executable gameplay_driver.exe
[77/236] Linking CXX executable shop_adapter_tests.exe
[78/236] Linking CXX executable debug_developer_tests.exe
[79/236] Linking CXX executable shop_flow_tests.exe
[80/236] Linking CXX executable world_flow_adapter_tests.exe
[81/236] Linking CXX executable persistence_driver.exe
[82/236] Linking CXX executable world_flow_parity_tests.exe
[83/236] Linking CXX executable advanced_combat_parity_tests.exe
[84/236] Linking CXX executable dialogue_parity_tests.exe
[85/236] Linking CXX executable dialogue_adapter_tests.exe
[86/236] Linking CXX executable dungeon_parity_tests.exe
[87/236] Linking CXX executable dungeon_flow_parity_tests.exe
[88/236] Linking CXX executable transport_flow_parity_tests.exe
[89/236] Building CXX object CMakeFiles/a4_rc3_dungeon_music_runtime.dir/C_/Dev/OpenU5-Native/native/targets/tdeck/main/alpha_runtime.cpp.obj
[90/236] Building CXX object CMakeFiles/a3_05_audio_controls.dir/C_/Dev/OpenU5-Native/native/targets/tdeck/main/alpha_runtime.cpp.obj
[91/236] Building CXX object CMakeFiles/a3_hf5_dialogue_pacing_runtime.dir/C_/Dev/OpenU5-Native/native/targets/tdeck/main/alpha_runtime.cpp.obj
[92/236] Building CXX object CMakeFiles/a3_hf4_load_transient_runtime.dir/C_/Dev/OpenU5-Native/native/targets/tdeck/main/alpha_runtime.cpp.obj
[93/236] Building CXX object CMakeFiles/a3_hf6_shrine_key_wait_runtime.dir/C_/Dev/OpenU5-Native/native/targets/tdeck/main/alpha_runtime.cpp.obj
[94/236] Building CXX object CMakeFiles/a3_hf9_refuge_cadence_runtime.dir/C_/Dev/OpenU5-Native/native/targets/tdeck/main/alpha_runtime.cpp.obj
[95/236] Building CXX object CMakeFiles/a3_hf7_ritual_fx_runtime.dir/C_/Dev/OpenU5-Native/native/targets/tdeck/main/alpha_runtime.cpp.obj
[96/236] Building CXX object CMakeFiles/a3_hf8_sacrifice_burst_runtime.dir/C_/Dev/OpenU5-Native/native/targets/tdeck/main/alpha_runtime.cpp.obj
[97/236] Building CXX object CMakeFiles/a3_hf10_mix_parity_runtime.dir/C_/Dev/OpenU5-Native/native/targets/tdeck/main/alpha_runtime.cpp.obj
[98/236] Building CXX object CMakeFiles/batch14_zstats_runtime_regression.dir/C_/Dev/OpenU5-Native/native/targets/tdeck/main/alpha_runtime.cpp.obj
[99/236] Building CXX object CMakeFiles/batch18_well_ceremony_regression.dir/C_/Dev/OpenU5-Native/native/targets/tdeck/main/alpha_runtime.cpp.obj
[100/236] Building CXX object CMakeFiles/batch19_command_char_regression.dir/C_/Dev/OpenU5-Native/native/targets/tdeck/main/alpha_runtime.cpp.obj
[101/236] Linking CXX executable combat_parity_tests.exe
[102/236] Linking CXX executable dungeon_view_regression.exe
[103/236] Linking CXX executable travel_parity_tests.exe
[104/236] Linking CXX executable core_parity_tests.exe
[105/236] Linking CXX executable item_parity_tests.exe
[106/236] Linking CXX executable batch23_vault_parity.exe
[107/236] Linking CXX executable action_feedback_regression.exe
[108/236] Linking CXX executable input_regression.exe
[109/236] Linking CXX executable movement_regression.exe
[110/236] Linking CXX executable ui_mode_regression.exe
[111/236] Linking CXX executable turn_parity_tests.exe
[112/236] Linking CXX executable dungeon_input_regression.exe
[113/236] Linking CXX executable batch21a_dungeon_room_regression.exe
[114/236] Linking CXX executable batch22_basement_objects.exe
[115/236] Linking CXX executable batch25_shard_ritual.exe
[116/236] Linking CXX executable batch27_alt_load.exe
[117/236] Linking CXX executable batch26_dungeon_save.exe
[118/236] Linking CXX executable batch24_reload_parity.exe
[119/236] Linking CXX executable alpha_runtime_integration_regression.exe
[120/236] Linking CXX executable batch21a3_combat_active_player.exe
[121/236] Linking CXX executable presentation_regression.exe
[122/236] Linking CXX executable dungeon_combat_regression.exe
[123/236] Linking CXX executable dungeon_art_regression.exe
[124/236] Linking CXX executable gem_view_regression.exe
[125/236] Linking CXX executable combat_escape_regression.exe
[126/236] Linking CXX executable magic_parity_tests.exe
[127/236] Linking CXX executable direct_troll_handoff_regression.exe
[128/236] Linking CXX executable batch29_rest_wiring.exe
[129/236] Linking CXX executable batch28_save_validation.exe
[130/236] Linking CXX executable combat_loot_open_regression.exe
[131/236] Linking CXX executable batch30_sleep_parity.exe
[132/236] Linking CXX executable batch12b_hardware_regression.exe
[133/236] Linking CXX executable command_parity_tests.exe
[134/236] Linking CXX executable batch31_h165_dungeon_entry.exe
[135/236] Linking CXX executable batch32_camp_watch.exe
[136/236] Linking CXX executable batch34_pre_sleep_npc.exe
[137/236] Linking CXX executable batch33_cannon_npc_death.exe
[138/236] Linking CXX executable batch37_bed_viewport.exe
[139/236] Linking CXX executable batch44_camp_ring_entry.exe
[140/236] Linking CXX executable batch35_q_sleep_target.exe
[141/236] Linking CXX executable batch36_camp_housekeeping.exe
[142/236] Linking CXX executable batch51_camp_pacing.exe
[143/236] Linking CXX executable batch41_raw_key.exe
[144/236] Linking CXX executable batch53b_moongate_return.exe
[145/236] Linking CXX executable batch43_sleep_scene.exe
[146/236] Linking CXX executable batch41_staged_advancement.exe
[147/236] Linking CXX executable batch40_advancement.exe
[148/236] Linking CXX executable batch51_scene_pacing.exe
[149/236] Linking CXX executable batch46_camp_invisibility.exe
[150/236] Linking CXX executable a3_hf1_arena_loot.exe
[151/236] Linking CXX executable batch38_camp_duration.exe
[152/236] Linking CXX executable batch53a_ending_terminal.exe
[153/236] Linking CXX executable batch42_advancement_flash.exe
[154/236] Linking CXX executable batch39_party_panel.exe
[155/236] Linking CXX executable a3_02_sfx_synth.exe
[156/236] Linking CXX executable a3_04b_perf.exe
[157/236] Linking CXX executable a3_04d_sd_log.exe
[158/236] Linking CXX executable a3_04c_contention.exe
[159/236] Linking CXX executable a3_04a_audio_stream.exe
[160/236] Linking CXX executable a3_04_music_synth.exe
[161/236] Linking CXX executable a3_hf2_ambient_parity.exe
[162/236] Linking CXX executable a3_04e_pacing.exe
[163/236] Linking CXX executable a3_03_sfx_inventory.exe
[164/236] Linking CXX executable a3_04d_sd_log_runtime.exe
[165/236] Linking CXX executable a3_04b_perf_runtime.exe
[166/236] Linking CXX executable a3_01_audio_contract.exe
[167/236] Linking CXX executable a3_02_sfx_runtime.exe
[168/236] Linking CXX executable batch53_release_blockers.exe
[169/236] Linking CXX executable a3_04_music_runtime.exe
[170/236] Linking CXX executable a3_01_audio_runtime.exe
[171/236] Linking CXX executable a3_04c_contention_runtime.exe
[172/236] Linking CXX executable a3_04f_render_runtime.exe
[173/236] Linking CXX executable a3_04e_pacing_runtime.exe
[174/236] Linking CXX executable a4_ui1_chrome_runtime.exe
[175/236] Linking CXX executable a3_hf2_1_dispatch_log.exe
[176/236] Linking CXX executable a3_hf3_combat_hit_cue.exe
[177/236] Linking CXX executable a4_ui2_title_runtime.exe
[178/236] Linking CXX executable a4_ui2_death_music_runtime.exe
[179/236] Linking CXX executable a4_ui2_save_menu_runtime.exe
[180/236] Linking CXX executable a3_hf3_combat_hit_runtime.exe
[181/236] Linking CXX executable a4_save1_recovery_runtime.exe
[182/236] Linking CXX executable a3_04g_storage_runtime.exe
[183/236] Linking CXX executable a4_ui3_slot_rows.exe
[184/236] Linking CXX executable a4_enh1_preservation_runtime.exe
[185/236] Linking CXX executable a4_enh1_runtime.exe
[186/236] Linking CXX executable a4_save3_pc_bridge_runtime.exe
[187/236] Linking CXX executable a4_save2_slots_runtime.exe
[188/236] Linking CXX executable a4_enh1_preservation.exe
[189/236] Linking CXX executable a4_enh1_rules.exe
[190/236] Linking CXX executable a4_polish3_keyboard_light_runtime.exe
[191/236] Linking CXX executable a4_parity2_d83_d84_resurrect.exe
[192/236] Linking CXX executable a3_hf6_shrine_key_wait_pacer.exe
[193/236] Linking CXX executable a4_parity2_d89_naval_ouch.exe
[194/236] Linking CXX executable a4_enh2_preservation.exe
[195/236] Linking CXX executable a3_hf7_ritual_fx.exe
[196/236] Linking CXX executable a4_polish3_keyboard_light.exe
[197/236] Linking CXX executable a3_05_audio_mute.exe
[198/236] Linking CXX executable a4_enh2_runtime.exe
[199/236] Linking CXX executable a3_hf9_refuge_cadence.exe
[200/236] Linking CXX executable a3_05_audio_controls.exe
[201/236] Linking CXX executable a4_enh2_preservation_runtime.exe
[202/236] Linking CXX executable a4_enh2_rules.exe
[203/236] Linking CXX executable a3_hf8_sacrifice_burst_runtime.exe
[204/236] Linking CXX executable a3_hf4_load_transient_runtime.exe
[205/236] Linking CXX executable a3_hf5_dialogue_pacing_runtime.exe
[206/236] Linking CXX executable a3_hf9_refuge_cadence_runtime.exe
[207/236] Linking CXX executable a4_parity1_runtime.exe
[208/236] Linking CXX executable a4_ui4_console_runtime.exe
[209/236] Linking CXX executable a3_hf10_mix_parity_runtime.exe
[210/236] Linking CXX executable a4_end1_endgame_scene.exe
[211/236] Linking CXX executable a4_ui4_moongate_runtime.exe
[212/236] Linking CXX executable a4_rc3_dungeon_music_runtime.exe
[213/236] Linking CXX executable a3_hf7_ritual_fx_runtime.exe
[214/236] Linking CXX executable a3_hf6_shrine_key_wait_runtime.exe
[215/236] Linking CXX executable a4_ui4_presentation_runtime.exe
[216/236] Linking CXX executable a4_ui3_save_ux_runtime.exe
[217/236] Linking CXX executable a4_end1_ending_runtime.exe
[218/236] Linking CXX executable a3_hf5_dialogue_pacer.exe
[219/236] Linking CXX executable batch14_zstats_runtime_regression.exe
[220/236] Linking CXX executable batch19_command_char_regression.exe
[221/236] Linking CXX executable batch13_tests.exe
[222/236] Linking CXX executable batch3_group_b_tests.exe
[223/236] Linking CXX executable batch14_zstats_model_tests.exe
[224/236] Linking CXX executable batch3_group_a_tests.exe
[225/236] Linking CXX executable batch5_tests.exe
[226/236] Linking CXX executable batch18_well_ceremony_regression.exe
[227/236] Linking CXX executable batch17_theft_watchdog_tests.exe
[228/236] Linking CXX executable batch4_group_a_tests.exe
[229/236] Linking CXX executable batch19_command_char_tests.exe
[230/236] Linking CXX executable batch7b_tests.exe
[231/236] Linking CXX executable batch4_group_b_tests.exe
[232/236] Linking CXX executable batch15_sacrifice_tests.exe
[233/236] Linking CXX executable blackthorn_scene_tests.exe
[234/236] Linking CXX executable batch3_group_c_tests.exe
[235/236] Linking CXX executable batch12_combat_field_tests.exe
[236/236] Linking CXX executable batch45b_tests.exe
BUILD rc=0
