
[1m[46m RUN [49m[22m [36mv3.2.7 [39m[90mC:/Dev/OpenU5-Native/game[39m

 [31m❯[39m tests/a4-parity2-mani-not-dead.test.ts [2m([22m[2m5 tests[22m[2m | [22m[31m3 failed[39m[2m)[22m[32m 8[2mms[22m[39m
[31m   [31m×[31m In Mani Corp scroll on a living target (CAST2.OVL 0x060a + CAST.OVL 0x1b90)[2m > [22mmain.ts: a non-dead target prints «Not dead!» then «Failed!», in that order, from the boolean[39m[32m 4[2mms[22m[39m
[31m     → expected 'fu.kind === "resurrect") {\n         …' to match /!\s*applyResurrect\(/[39m
[31m   [31m×[31m In Mani Corp scroll on a living target (CAST2.OVL 0x060a + CAST.OVL 0x1b90)[2m > [22mla réplica de gameplay_parity (check-gameplay.ts) hace lo mismo, en el mismo orden[39m[32m 0[2mms[22m[39m
[31m     → expected '     if(a.item<8){if(s.scrollQuantiti…' to match /!applyResurrect\(/[39m
   [32m✓[39m In Mani Corp scroll on a living target (CAST2.OVL 0x060a + CAST.OVL 0x1b90)[2m > [22mel discriminante: applyResurrect es false para todo status != 'D' (G, P, S, X, 0x43, 0x45) y true para 'D'[32m 0[2mms[22m[39m
[31m   [31m×[31m In Mani Corp scroll on a living target (CAST2.OVL 0x060a + CAST.OVL 0x1b90)[2m > [22m«Not dead!» está en las cadenas aprobadas con su cita [D][39m[32m 0[2mms[22m[39m
[31m     → approved-strings.json «Not dead!»: expected undefined to be defined[39m
   [32m✓[39m In Mani Corp scroll on a living target (CAST2.OVL 0x060a + CAST.OVL 0x1b90)[2m > [22mNO se toca: el hechizo (flag 0) y readScroll(6) siguen sin «Not dead!»[32m 1[2mms[22m[39m

[31m⎯⎯⎯⎯⎯⎯⎯[39m[1m[41m Failed Tests 3 [49m[22m[31m⎯⎯⎯⎯⎯⎯⎯[39m

[41m[1m FAIL [22m[49m tests/a4-parity2-mani-not-dead.test.ts[2m > [22mIn Mani Corp scroll on a living target (CAST2.OVL 0x060a + CAST.OVL 0x1b90)[2m > [22mmain.ts: a non-dead target prints «Not dead!» then «Failed!», in that order, from the boolean
[31m[1mAssertionError[22m: expected 'fu.kind === "resurrect") {\n         …' to match /!\s*applyResurrect\(/[39m

[32m- Expected:[39m 
/!\s*applyResurrect\(/

[31m+ Received:[39m 
"fu.kind === \"resurrect\") {
              pickCastTarget((i) => {
                applyResurrect(game.state.characters[i]!, game.state.karma);
              });
            }
            "

[36m [2m❯[22m tests/a4-parity2-mani-not-dead.test.ts:[2m42:18[22m[39m
    [90m 40| [39m    [35mconst[39m rama [33m=[39m [34mscrollBranch[39m()[33m;[39m
    [90m 41| [39m    [34mexpect[39m(rama)[33m.[39m[34mtoContain[39m([32m"applyResurrect("[39m)[33m;[39m
    [90m 42| [39m    [34mexpect[39m(rama)[33m.[39m[34mtoMatch[39m([36m/!\s*applyResurrect\(/[39m)[33m;[39m
    [90m   | [39m                 [31m^[39m
    [90m 43| [39m    [34mexpect[39m(rama)[33m.[39m[34mtoContain[39m([32m'hud.message("Not dead!")'[39m)[33m;[39m
    [90m 44| [39m    [34mexpect[39m(rama)[33m.[39m[34mtoContain[39m([32m'hud.message("Failed!")'[39m)[33m;[39m

[31m[2m⎯⎯⎯⎯⎯⎯⎯⎯⎯⎯⎯⎯⎯⎯⎯⎯⎯⎯⎯⎯⎯⎯⎯⎯[1/3]⎯[22m[39m

[41m[1m FAIL [22m[49m tests/a4-parity2-mani-not-dead.test.ts[2m > [22mIn Mani Corp scroll on a living target (CAST2.OVL 0x060a + CAST.OVL 0x1b90)[2m > [22mla réplica de gameplay_parity (check-gameplay.ts) hace lo mismo, en el mismo orden
[31m[1mAssertionError[22m: expected '     if(a.item<8){if(s.scrollQuantiti…' to match /!applyResurrect\(/[39m

[32m- Expected:[39m 
/!applyResurrect\(/

[31m+ Received:[39m 
"     if(a.item<8){if(s.scrollQuantities[a.item]>0)s.scrollQuantities[a.item]--;msg('Scroll');const r=readScroll(s,a.item,s.position.location);r.messages.forEach(msg);if(r.followup.kind==='windDir'&&a.dir!==undefined){s.wind=windForDirection(['north','south','east','west'][a.dir] as any);s.windDriftCtr=0;}else if(r.followup.kind==='resurrect'&&s.characters[a.member])applyResurrect(s.characters[a.member],s.karma);else if(r.followup.kind==='reveal')reveal();if(!r.messages.includes('No effect!'))cue(scrollCeremonyIndex(a.item));}"

[36m [2m❯[22m tests/a4-parity2-mani-not-dead.test.ts:[2m53:19[22m[39m
    [90m 51| [39m    const linea = REPLICA.split("\n").find((l) => l.includes("followup…
    [90m 52| [39m    [34mexpect[39m(linea[33m,[39m [32m"la línea de la réplica"[39m)[33m.[39m[34mtoBeDefined[39m()[33m;[39m
    [90m 53| [39m    [34mexpect[39m(linea)[33m.[39m[34mtoMatch[39m([36m/!applyResurrect\(/[39m)[33m;[39m
    [90m   | [39m                  [31m^[39m
    [90m 54| [39m    [34mexpect[39m(linea[33m![39m[33m.[39m[34mindexOf[39m([32m"Not dead!"[39m))[33m.[39m[34mtoBeGreaterThan[39m([34m0[39m)[33m;[39m
    [90m 55| [39m    expect(linea!.indexOf("Not dead!")).toBeLessThan(linea!.indexOf("F…

[31m[2m⎯⎯⎯⎯⎯⎯⎯⎯⎯⎯⎯⎯⎯⎯⎯⎯⎯⎯⎯⎯⎯⎯⎯⎯[2/3]⎯[22m[39m

[41m[1m FAIL [22m[49m tests/a4-parity2-mani-not-dead.test.ts[2m > [22mIn Mani Corp scroll on a living target (CAST2.OVL 0x060a + CAST.OVL 0x1b90)[2m > [22m«Not dead!» está en las cadenas aprobadas con su cita [D]
[31m[1mAssertionError[22m: approved-strings.json «Not dead!»: expected undefined to be defined[39m
[36m [2m❯[22m tests/a4-parity2-mani-not-dead.test.ts:[2m72:52[22m[39m
    [90m 70| [39m  it("«Not dead!» está en las cadenas aprobadas con su cita [D]", () =…
    [90m 71| [39m    [35mconst[39m v [33m=[39m [33mAPPROVED[39m[[32m"Not dead!"[39m][33m;[39m
    [90m 72| [39m    [34mexpect[39m(v[33m,[39m [32m"approved-strings.json «Not dead!»"[39m)[33m.[39m[34mtoBeDefined[39m()[33m;[39m
    [90m   | [39m                                                   [31m^[39m
    [90m 73| [39m    [34mexpect[39m(v)[33m.[39m[34mtoMatch[39m([36m/^\[D\]/[39m)[33m;[39m
    [90m 74| [39m    [34mexpect[39m(v)[33m.[39m[34mtoContain[39m([32m"0x953c"[39m)[33m;[39m

[31m[2m⎯⎯⎯⎯⎯⎯⎯⎯⎯⎯⎯⎯⎯⎯⎯⎯⎯⎯⎯⎯⎯⎯⎯⎯[3/3]⎯[22m[39m


[2m Test Files [22m [1m[31m1 failed[39m[22m[90m (1)[39m
[2m      Tests [22m [1m[31m3 failed[39m[22m[2m | [22m[1m[32m2 passed[39m[22m[90m (5)[39m
[2m   Start at [22m 13:14:08
[2m   Duration [22m 703ms[2m (transform 37ms, setup 0ms, collect 49ms, tests 8ms, environment 0ms, prepare 90ms)[22m

