ninja: Entering directory `build-a4-parity2'
[1/245] Building CXX object CMakeFiles/openu5_core.dir/src/world_magic.cpp.obj
[2/245] Linking CXX static library libopenu5_core.a
[3/245] Building CXX object CMakeFiles/batch24_reload_parity.dir/C_/Dev/OpenU5-Native/native/targets/tdeck/main/alpha_runtime.cpp.obj
[4/245] Building CXX object CMakeFiles/batch31_h165_dungeon_entry.dir/C_/Dev/OpenU5-Native/native/targets/tdeck/main/alpha_runtime.cpp.obj
[5/245] Building CXX object CMakeFiles/alpha_runtime_integration_regression.dir/C_/Dev/OpenU5-Native/native/targets/tdeck/main/alpha_runtime.cpp.obj
[6/245] Building CXX object CMakeFiles/batch22_basement_objects.dir/C_/Dev/OpenU5-Native/native/targets/tdeck/main/alpha_runtime.cpp.obj
[7/245] Building CXX object CMakeFiles/batch34_pre_sleep_npc.dir/C_/Dev/OpenU5-Native/native/targets/tdeck/main/alpha_runtime.cpp.obj
[8/245] Building CXX object CMakeFiles/batch28_save_validation.dir/C_/Dev/OpenU5-Native/native/targets/tdeck/main/alpha_runtime.cpp.obj
[9/245] Building CXX object CMakeFiles/batch25_shard_ritual.dir/C_/Dev/OpenU5-Native/native/targets/tdeck/main/alpha_runtime.cpp.obj
[10/245] Building CXX object CMakeFiles/batch21a_dungeon_room_regression.dir/C_/Dev/OpenU5-Native/native/targets/tdeck/main/alpha_runtime.cpp.obj
[11/245] Building CXX object CMakeFiles/batch39_party_panel.dir/C_/Dev/OpenU5-Native/native/targets/tdeck/main/alpha_runtime.cpp.obj
[12/245] Building CXX object CMakeFiles/batch33_cannon_npc_death.dir/C_/Dev/OpenU5-Native/native/targets/tdeck/main/alpha_runtime.cpp.obj
[13/245] Building CXX object CMakeFiles/batch35_q_sleep_target.dir/C_/Dev/OpenU5-Native/native/targets/tdeck/main/alpha_runtime.cpp.obj
[14/245] Building CXX object CMakeFiles/batch26_dungeon_save.dir/C_/Dev/OpenU5-Native/native/targets/tdeck/main/alpha_runtime.cpp.obj
[15/245] Building CXX object CMakeFiles/batch42_advancement_flash.dir/C_/Dev/OpenU5-Native/native/targets/tdeck/main/alpha_runtime.cpp.obj
[16/245] Building CXX object CMakeFiles/batch43_sleep_scene.dir/C_/Dev/OpenU5-Native/native/targets/tdeck/main/alpha_runtime.cpp.obj
[17/245] Building CXX object CMakeFiles/batch30_sleep_parity.dir/C_/Dev/OpenU5-Native/native/targets/tdeck/main/alpha_runtime.cpp.obj
[18/245] Building CXX object CMakeFiles/batch32_camp_watch.dir/C_/Dev/OpenU5-Native/native/targets/tdeck/main/alpha_runtime.cpp.obj
[19/245] Building CXX object CMakeFiles/batch29_rest_wiring.dir/C_/Dev/OpenU5-Native/native/targets/tdeck/main/alpha_runtime.cpp.obj
[20/245] Building CXX object CMakeFiles/batch46_camp_invisibility.dir/C_/Dev/OpenU5-Native/native/targets/tdeck/main/alpha_runtime.cpp.obj
[21/245] Building CXX object CMakeFiles/batch23_vault_parity.dir/C_/Dev/OpenU5-Native/native/targets/tdeck/main/alpha_runtime.cpp.obj
[22/245] Building CXX object CMakeFiles/batch41_raw_key.dir/C_/Dev/OpenU5-Native/native/targets/tdeck/main/alpha_runtime.cpp.obj
[23/245] Building CXX object CMakeFiles/batch37_bed_viewport.dir/C_/Dev/OpenU5-Native/native/targets/tdeck/main/alpha_runtime.cpp.obj
[24/245] Building CXX object CMakeFiles/batch27_alt_load.dir/C_/Dev/OpenU5-Native/native/targets/tdeck/main/alpha_runtime.cpp.obj
[25/245] Building CXX object CMakeFiles/batch38_camp_duration.dir/C_/Dev/OpenU5-Native/native/targets/tdeck/main/alpha_runtime.cpp.obj
[26/245] Building CXX object CMakeFiles/batch44_camp_ring_entry.dir/C_/Dev/OpenU5-Native/native/targets/tdeck/main/alpha_runtime.cpp.obj
[27/245] Building CXX object CMakeFiles/batch36_camp_housekeeping.dir/C_/Dev/OpenU5-Native/native/targets/tdeck/main/alpha_runtime.cpp.obj
[28/245] Building CXX object CMakeFiles/batch53b_moongate_return.dir/C_/Dev/OpenU5-Native/native/targets/tdeck/main/alpha_runtime.cpp.obj
[29/245] Building CXX object CMakeFiles/batch53a_ending_terminal.dir/C_/Dev/OpenU5-Native/native/targets/tdeck/main/alpha_runtime.cpp.obj
[30/245] Building CXX object CMakeFiles/batch51_camp_pacing.dir/C_/Dev/OpenU5-Native/native/targets/tdeck/main/alpha_runtime.cpp.obj
[31/245] Building CXX object CMakeFiles/batch53_release_blockers.dir/C_/Dev/OpenU5-Native/native/targets/tdeck/main/alpha_runtime.cpp.obj
[32/245] Building CXX object CMakeFiles/a3_01_audio_runtime.dir/C_/Dev/OpenU5-Native/native/targets/tdeck/main/alpha_runtime.cpp.obj
[33/245] Building CXX object CMakeFiles/a3_04b_perf_runtime.dir/C_/Dev/OpenU5-Native/native/targets/tdeck/main/alpha_runtime.cpp.obj
[34/245] Building CXX object CMakeFiles/a3_hf1_arena_loot.dir/C_/Dev/OpenU5-Native/native/targets/tdeck/main/alpha_runtime.cpp.obj
[35/245] Building CXX object CMakeFiles/a3_04c_contention_runtime.dir/C_/Dev/OpenU5-Native/native/targets/tdeck/main/alpha_runtime.cpp.obj
[36/245] Building CXX object CMakeFiles/a3_hf2_ambient_parity.dir/C_/Dev/OpenU5-Native/native/targets/tdeck/main/alpha_runtime.cpp.obj
[37/245] Building CXX object CMakeFiles/a3_03_sfx_runtime.dir/C_/Dev/OpenU5-Native/native/targets/tdeck/main/alpha_runtime.cpp.obj
[38/245] Building CXX object CMakeFiles/a3_hf2_1_dispatch_log.dir/C_/Dev/OpenU5-Native/native/targets/tdeck/main/alpha_runtime.cpp.obj
[39/245] Building CXX object CMakeFiles/a3_02_sfx_runtime.dir/C_/Dev/OpenU5-Native/native/targets/tdeck/main/alpha_runtime.cpp.obj
[40/245] Building CXX object CMakeFiles/a3_04e_pacing_runtime.dir/C_/Dev/OpenU5-Native/native/targets/tdeck/main/alpha_runtime.cpp.obj
[41/245] Building CXX object CMakeFiles/a3_04d_sd_log_runtime.dir/C_/Dev/OpenU5-Native/native/targets/tdeck/main/alpha_runtime.cpp.obj
[42/245] Building CXX object CMakeFiles/a3_04_music_runtime.dir/C_/Dev/OpenU5-Native/native/targets/tdeck/main/alpha_runtime.cpp.obj
[43/245] Building CXX object CMakeFiles/a3_04f_render_runtime.dir/C_/Dev/OpenU5-Native/native/targets/tdeck/main/alpha_runtime.cpp.obj
[44/245] Building CXX object CMakeFiles/a4_ui2_title_runtime.dir/C_/Dev/OpenU5-Native/native/targets/tdeck/main/alpha_runtime.cpp.obj
[45/245] Building CXX object CMakeFiles/a4_ui1_chrome_runtime.dir/C_/Dev/OpenU5-Native/native/targets/tdeck/main/alpha_runtime.cpp.obj
[46/245] Building CXX object CMakeFiles/a4_enh2_preservation_runtime.dir/C_/Dev/OpenU5-Native/native/targets/tdeck/main/alpha_runtime.cpp.obj
[47/245] Building CXX object CMakeFiles/a4_enh1_preservation_runtime.dir/C_/Dev/OpenU5-Native/native/targets/tdeck/main/alpha_runtime.cpp.obj
[48/245] Building CXX object CMakeFiles/a4_ui2_death_music_runtime.dir/C_/Dev/OpenU5-Native/native/targets/tdeck/main/alpha_runtime.cpp.obj
[49/245] Building CXX object CMakeFiles/a4_polish3_keyboard_light_runtime.dir/C_/Dev/OpenU5-Native/native/targets/tdeck/main/alpha_runtime.cpp.obj
[50/245] Building CXX object CMakeFiles/a4_enh1_runtime.dir/C_/Dev/OpenU5-Native/native/targets/tdeck/main/alpha_runtime.cpp.obj
[51/245] Building CXX object CMakeFiles/a4_ui2_save_menu_runtime.dir/C_/Dev/OpenU5-Native/native/targets/tdeck/main/alpha_runtime.cpp.obj
[52/245] Building CXX object CMakeFiles/a3_04g_storage_runtime.dir/C_/Dev/OpenU5-Native/native/targets/tdeck/main/alpha_runtime.cpp.obj
[53/245] Building CXX object CMakeFiles/a4_enh2_runtime.dir/C_/Dev/OpenU5-Native/native/targets/tdeck/main/alpha_runtime.cpp.obj
[54/245] Building CXX object CMakeFiles/a4_save1_recovery_runtime.dir/C_/Dev/OpenU5-Native/native/targets/tdeck/main/alpha_runtime.cpp.obj
[55/245] Building CXX object CMakeFiles/a4_ui4_presentation_runtime.dir/C_/Dev/OpenU5-Native/native/targets/tdeck/main/alpha_runtime.cpp.obj
[56/245] Linking CXX executable display_names_tests.exe
[57/245] Linking CXX executable ui_session_tests.exe
[58/245] Linking CXX executable frontend_tests.exe
[59/245] Building CXX object CMakeFiles/a4_ui3_save_ux_runtime.dir/C_/Dev/OpenU5-Native/native/targets/tdeck/main/alpha_runtime.cpp.obj
[60/245] Linking CXX executable quest_search_tests.exe
[61/245] Linking CXX executable debug_labels_tests.exe
[62/245] Linking CXX executable batch21b_chest_reset.exe
[63/245] Building CXX object CMakeFiles/a3_hf3_combat_hit_runtime.dir/C_/Dev/OpenU5-Native/native/targets/tdeck/main/alpha_runtime.cpp.obj
[64/245] Building CXX object CMakeFiles/a4_ui4_console_runtime.dir/C_/Dev/OpenU5-Native/native/targets/tdeck/main/alpha_runtime.cpp.obj
[65/245] Building CXX object CMakeFiles/a4_end1_ending_runtime.dir/C_/Dev/OpenU5-Native/native/targets/tdeck/main/alpha_runtime.cpp.obj
[66/245] Linking CXX executable ui_host_harness.exe
[67/245] Linking CXX executable measure_ui_sizes.exe
[68/245] Building CXX object CMakeFiles/a4_parity1_runtime.dir/C_/Dev/OpenU5-Native/native/targets/tdeck/main/alpha_runtime.cpp.obj
[69/245] Building CXX object CMakeFiles/a4_ui4_moongate_runtime.dir/C_/Dev/OpenU5-Native/native/targets/tdeck/main/alpha_runtime.cpp.obj
[70/245] Linking CXX executable gameplay_integration_tests.exe
[71/245] Linking CXX executable debug_map_picker_tests.exe
[72/245] Linking CXX executable look_sign_tests.exe
[73/245] Linking CXX executable ui_debug_menu_tests.exe
[74/245] Linking CXX executable gameplay_driver.exe
[75/245] Building CXX object CMakeFiles/a4_rc3_dungeon_music_runtime.dir/C_/Dev/OpenU5-Native/native/targets/tdeck/main/alpha_runtime.cpp.obj
[76/245] Linking CXX executable debug_developer_tests.exe
[77/245] Linking CXX executable movement_flow_parity_tests.exe
[78/245] Linking CXX executable shop_flow_tests.exe
[79/245] Linking CXX executable dialogue_adapter_tests.exe
[80/245] Linking CXX executable persistence_driver.exe
[81/245] Linking CXX executable world_flow_adapter_tests.exe
[82/245] Linking CXX executable shop_parity_tests.exe
[83/245] Linking CXX executable shop_adapter_tests.exe
[84/245] Linking CXX executable dialogue_parity_tests.exe
[85/245] Building CXX object CMakeFiles/a4_parity2_d86_dungeon_digit_runtime.dir/C_/Dev/OpenU5-Native/native/targets/tdeck/main/alpha_runtime.cpp.obj
[86/245] Linking CXX executable transport_flow_parity_tests.exe
[87/245] Linking CXX executable dungeon_flow_parity_tests.exe
[88/245] Linking CXX executable quest_driver.exe
[89/245] Building CXX object CMakeFiles/a3_05_audio_controls.dir/C_/Dev/OpenU5-Native/native/targets/tdeck/main/alpha_runtime.cpp.obj
[90/245] Building CXX object CMakeFiles/a3_hf7_ritual_fx_runtime.dir/C_/Dev/OpenU5-Native/native/targets/tdeck/main/alpha_runtime.cpp.obj
[91/245] Building CXX object CMakeFiles/a3_hf6_shrine_key_wait_runtime.dir/C_/Dev/OpenU5-Native/native/targets/tdeck/main/alpha_runtime.cpp.obj
[92/245] Building CXX object CMakeFiles/a3_hf8_sacrifice_burst_runtime.dir/C_/Dev/OpenU5-Native/native/targets/tdeck/main/alpha_runtime.cpp.obj
[93/245] Building CXX object CMakeFiles/a3_hf5_dialogue_pacing_runtime.dir/C_/Dev/OpenU5-Native/native/targets/tdeck/main/alpha_runtime.cpp.obj
[94/245] Building CXX object CMakeFiles/a3_hf4_load_transient_runtime.dir/C_/Dev/OpenU5-Native/native/targets/tdeck/main/alpha_runtime.cpp.obj
[95/245] Linking CXX executable core_parity_tests.exe
[96/245] Building CXX object CMakeFiles/a3_hf9_refuge_cadence_runtime.dir/C_/Dev/OpenU5-Native/native/targets/tdeck/main/alpha_runtime.cpp.obj
[97/245] Linking CXX executable dungeon_parity_tests.exe
[98/245] Linking CXX executable combat_parity_tests.exe
[99/245] Linking CXX executable world_flow_parity_tests.exe
[100/245] Linking CXX executable item_parity_tests.exe
[101/245] Linking CXX executable advanced_combat_parity_tests.exe
[102/245] Linking CXX executable travel_parity_tests.exe
[103/245] Linking CXX executable magic_parity_tests.exe
[104/245] Linking CXX executable command_parity_tests.exe
[105/245] Linking CXX executable turn_parity_tests.exe
[106/245] Building CXX object CMakeFiles/a3_hf10_mix_parity_runtime.dir/C_/Dev/OpenU5-Native/native/targets/tdeck/main/alpha_runtime.cpp.obj
[107/245] Building CXX object CMakeFiles/batch14_zstats_runtime_regression.dir/C_/Dev/OpenU5-Native/native/targets/tdeck/main/alpha_runtime.cpp.obj
[108/245] Building CXX object CMakeFiles/batch18_well_ceremony_regression.dir/C_/Dev/OpenU5-Native/native/targets/tdeck/main/alpha_runtime.cpp.obj
[109/245] Building CXX object CMakeFiles/batch19_command_char_regression.dir/C_/Dev/OpenU5-Native/native/targets/tdeck/main/alpha_runtime.cpp.obj
[110/245] Linking CXX executable presentation_regression.exe
[111/245] Linking CXX executable movement_regression.exe
[112/245] Linking CXX executable combat_loot_open_regression.exe
[113/245] Linking CXX executable dungeon_view_regression.exe
[114/245] Linking CXX executable direct_troll_handoff_regression.exe
[115/245] Linking CXX executable dungeon_art_regression.exe
[116/245] Linking CXX executable combat_escape_regression.exe
[117/245] Linking CXX executable input_regression.exe
[118/245] Linking CXX executable gem_view_regression.exe
[119/245] Linking CXX executable batch21a3_combat_active_player.exe
[120/245] Linking CXX executable ui_mode_regression.exe
[121/245] Linking CXX executable dungeon_input_regression.exe
[122/245] Linking CXX executable alpha_runtime_integration_regression.exe
[123/245] Linking CXX executable action_feedback_regression.exe
[124/245] Linking CXX executable dungeon_combat_regression.exe
[125/245] Linking CXX executable batch21a_dungeon_room_regression.exe
[126/245] Linking CXX executable batch12b_hardware_regression.exe
[127/245] Linking CXX executable batch23_vault_parity.exe
[128/245] Linking CXX executable batch22_basement_objects.exe
[129/245] Linking CXX executable batch30_sleep_parity.exe
[130/245] Linking CXX executable batch28_save_validation.exe
[131/245] Linking CXX executable batch29_rest_wiring.exe
[132/245] Linking CXX executable batch33_cannon_npc_death.exe
[133/245] Linking CXX executable batch27_alt_load.exe
[134/245] Linking CXX executable batch24_reload_parity.exe
[135/245] Linking CXX executable batch26_dungeon_save.exe
[136/245] Linking CXX executable batch32_camp_watch.exe
[137/245] Linking CXX executable batch34_pre_sleep_npc.exe
[138/245] Linking CXX executable batch25_shard_ritual.exe
[139/245] Linking CXX executable batch31_h165_dungeon_entry.exe
[140/245] Linking CXX executable batch35_q_sleep_target.exe
[141/245] Linking CXX executable batch37_bed_viewport.exe
[142/245] Linking CXX executable batch39_party_panel.exe
[143/245] Linking CXX executable batch51_scene_pacing.exe
[144/245] Linking CXX executable batch41_staged_advancement.exe
[145/245] Linking CXX executable batch40_advancement.exe
[146/245] Linking CXX executable batch36_camp_housekeeping.exe
[147/245] Linking CXX executable batch53b_moongate_return.exe
[148/245] Linking CXX executable batch42_advancement_flash.exe
[149/245] Linking CXX executable batch38_camp_duration.exe
[150/245] Linking CXX executable batch53a_ending_terminal.exe
[151/245] Linking CXX executable batch51_camp_pacing.exe
[152/245] Linking CXX executable batch43_sleep_scene.exe
[153/245] Linking CXX executable batch41_raw_key.exe
[154/245] Linking CXX executable batch46_camp_invisibility.exe
[155/245] Linking CXX executable a3_02_sfx_synth.exe
[156/245] Linking CXX executable batch53_release_blockers.exe
[157/245] Linking CXX executable a3_01_audio_contract.exe
[158/245] Linking CXX executable batch44_camp_ring_entry.exe
[159/245] Linking CXX executable a3_04_music_synth.exe
[160/245] Linking CXX executable a3_04d_sd_log.exe
[161/245] Linking CXX executable a3_04e_pacing.exe
[162/245] Linking CXX executable a3_04a_audio_stream.exe
[163/245] Linking CXX executable a3_04b_perf.exe
[164/245] Linking CXX executable a3_04c_contention.exe
[165/245] Linking CXX executable a3_03_sfx_inventory.exe
[166/245] Linking CXX executable a3_04_music_runtime.exe
[167/245] Linking CXX executable a3_03_sfx_runtime.exe
[168/245] Linking CXX executable a3_04c_contention_runtime.exe
[169/245] Linking CXX executable a3_02_sfx_runtime.exe
[170/245] Linking CXX executable a3_04d_sd_log_runtime.exe
[171/245] Linking CXX executable a3_01_audio_runtime.exe
[172/245] Linking CXX executable a3_04b_perf_runtime.exe
[173/245] Linking CXX executable a3_04e_pacing_runtime.exe
[174/245] Linking CXX executable a3_hf2_ambient_parity.exe
[175/245] Linking CXX executable a4_ui1_chrome_runtime.exe
[176/245] Linking CXX executable a3_hf3_combat_hit_cue.exe
[177/245] Linking CXX executable a4_ui3_slot_rows.exe
[178/245] Linking CXX executable a3_hf1_arena_loot.exe
[179/245] Linking CXX executable a4_ui2_death_music_runtime.exe
[180/245] Linking CXX executable a3_hf3_combat_hit_runtime.exe
[181/245] Linking CXX executable a3_04f_render_runtime.exe
[182/245] Linking CXX executable a4_save1_recovery_runtime.exe
[183/245] Linking CXX executable a4_enh1_preservation.exe
[184/245] Linking CXX executable a4_enh2_preservation.exe
[185/245] Linking CXX executable a4_enh1_runtime.exe
[186/245] Linking CXX executable a4_enh1_preservation_runtime.exe
[187/245] Linking CXX executable a4_enh1_rules.exe
[188/245] Linking CXX executable a4_save3_pc_bridge_runtime.exe
[189/245] Linking CXX executable a4_save2_slots_runtime.exe
[190/245] Linking CXX executable a3_hf2_1_dispatch_log.exe
[191/245] Linking CXX executable a4_ui2_save_menu_runtime.exe
[192/245] Linking CXX executable a3_04g_storage_runtime.exe
[193/245] Linking CXX executable a4_ui2_title_runtime.exe
[194/245] Linking CXX executable a4_parity2_d89_naval_ouch.exe
[195/245] Linking CXX executable a4_parity2_d87_crop_food_cap.exe
[196/245] Linking CXX executable a4_parity2_d85_trapdoor_party.exe
[197/245] Linking CXX executable a4_polish3_keyboard_light.exe
[198/245] Linking CXX executable a4_parity2_d83_d84_resurrect.exe
[199/245] Linking CXX executable a4_parity2_d82_runtime.exe
[200/245] Linking CXX executable a4_enh2_runtime.exe
[201/245] Linking CXX executable a4_parity2_d88_combat_clock.exe
[202/245] Linking CXX executable a4_enh2_rules.exe
[203/245] Linking CXX executable a4_ui3_save_ux_runtime.exe
[204/245] Linking CXX executable a4_polish3_keyboard_light_runtime.exe
[205/245] Linking CXX executable a4_enh2_preservation_runtime.exe
[206/245] Linking CXX executable a4_end1_endgame_scene.exe
[207/245] Linking CXX executable a4_parity1_runtime.exe
[208/245] Linking CXX executable a4_end1_ending_runtime.exe
[209/245] Linking CXX executable a4_ui4_presentation_runtime.exe
[210/245] Linking CXX executable a4_ui4_console_runtime.exe
[211/245] Linking CXX executable a3_05_audio_mute.exe
[212/245] Linking CXX executable a3_hf9_refuge_cadence.exe
[213/245] Linking CXX executable batch14_zstats_model_tests.exe
[214/245] Linking CXX executable a3_hf5_dialogue_pacer.exe
[215/245] Linking CXX executable a3_hf6_shrine_key_wait_pacer.exe
[216/245] Linking CXX executable a3_hf4_load_transient_runtime.exe
[217/245] Linking CXX executable a3_hf7_ritual_fx.exe
[218/245] Linking CXX executable a3_hf8_sacrifice_burst_runtime.exe
[219/245] Linking CXX executable a3_hf10_mix_parity_runtime.exe
[220/245] Linking CXX executable batch4_group_b_tests.exe
[221/245] Linking CXX executable batch19_command_char_regression.exe
[222/245] Linking CXX executable a4_rc3_dungeon_music_runtime.exe
[223/245] Linking CXX executable batch4_group_a_tests.exe
[224/245] Linking CXX executable a3_hf7_ritual_fx_runtime.exe
[225/245] Linking CXX executable batch7b_tests.exe
[226/245] Linking CXX executable batch18_well_ceremony_regression.exe
[227/245] Linking CXX executable a3_hf5_dialogue_pacing_runtime.exe
[228/245] Linking CXX executable batch15_sacrifice_tests.exe
[229/245] Linking CXX executable a4_parity2_mani_not_dead.exe
[230/245] Linking CXX executable a4_parity2_d86_dungeon_digit_runtime.exe
[231/245] Linking CXX executable batch5_tests.exe
[232/245] Linking CXX executable a3_hf6_shrine_key_wait_runtime.exe
[233/245] Linking CXX executable batch3_group_c_tests.exe
[234/245] Linking CXX executable batch3_group_b_tests.exe
[235/245] Linking CXX executable batch14_zstats_runtime_regression.exe
[236/245] Linking CXX executable batch13_tests.exe
[237/245] Linking CXX executable a3_05_audio_controls.exe
[238/245] Linking CXX executable batch3_group_a_tests.exe
[239/245] Linking CXX executable a3_hf9_refuge_cadence_runtime.exe
[240/245] Linking CXX executable batch12_combat_field_tests.exe
[241/245] Linking CXX executable a4_ui4_moongate_runtime.exe
[242/245] Linking CXX executable batch17_theft_watchdog_tests.exe
[243/245] Linking CXX executable batch19_command_char_tests.exe
[244/245] Linking CXX executable batch45b_tests.exe
[245/245] Linking CXX executable blackthorn_scene_tests.exe
BUILD rc=0
