⎯⎯⎯⎯⎯⎯ Failed Tests 11 ⎯⎯⎯⎯⎯⎯⎯
 FAIL  tests/a4-parity2-d88-combat-clock.test.ts > D-88 the combat clock: one minute per ten unit activations (COMBAT 0x0C64-0x0C76) > 9 activations: no minute; the 10th: +1 minute, the counter back t
AssertionError: expected [ '12:30', undefined, 50 ] to deeply equal [ '12:30', 9, 50 ]
 FAIL  tests/a4-parity2-d88-combat-clock.test.ts > D-88 the combat clock: one minute per ten unit activations (COMBAT 0x0C64-0x0C76) > the tick is at the START of the 10th activation: before that unit
AssertionError: expected '12:30' to be '12:31' // Object.is equality
 FAIL  tests/a4-parity2-d88-combat-clock.test.ts > D-88 the combat clock: one minute per ten unit activations (COMBAT 0x0C64-0x0C76) > 11 / 19 / 20 / 21 / 30 activations: 12:31 / 12:31 / 12:32 / 12:32
AssertionError: expected { n: 11, at: '12:30', …(1) } to deeply equal { n: 11, at: '12:31', counter: 1 }
 FAIL  tests/a4-parity2-d88-combat-clock.test.ts > D-88 the combat clock: one minute per ten unit activations (COMBAT 0x0C64-0x0C76) > the counter is NOT combat-local: it survives a fight, so the next
AssertionError: expected [ '12:30', undefined ] to deeply equal [ '12:30', 9 ]
 FAIL  tests/a4-parity2-d88-combat-clock.test.ts > D-88 the combat clock: one minute per ten unit activations (COMBAT 0x0C64-0x0C76) > equality with 8-bit wrap: a loaded 255 wraps to 0 with no tick, a
AssertionError: expected [ '12:30', 255 ] to deeply equal [ '12:30', +0 ]
 FAIL  tests/a4-parity2-d88-combat-clock.test.ts > D-88 the combat clock: one minute per ten unit activations (COMBAT 0x0C64-0x0C76) > a minute rollover and an hour rollover: 12:59 -> 13:00 (prevHour 
AssertionError: expected [ '12:59', 12, 50, 5 ] to deeply equal [ '13:00', 12, 49, 4 ]
 FAIL  tests/a4-parity2-d88-combat-clock.test.ts > D-88 the combat clock: one minute per ten unit activations (COMBAT 0x0C64-0x0C76) > no meal, no starvation, no poison, no turn counter inside a fight
AssertionError: expected '8:55' to be '9:05' // Object.is equality
 FAIL  tests/a4-parity2-d88-combat-clock.test.ts > D-88 the combat clock: one minute per ten unit activations (COMBAT 0x0C64-0x0C76) > an hour crossed by a tick is charged iff the LAST advance before 
AssertionError: expected [ '5:59', 5 ] to deeply equal [ '6:00', 5 ]
 FAIL  tests/a4-parity2-d88-combat-clock.test.ts > D-88 the combat clock: one minute per ten unit activations (COMBAT 0x0C64-0x0C76) > Time Stop 'T': the tick only snapshots prevHour (a pending flank 
AssertionError: expected [ '5:59', 4, 50 ] to deeply equal [ '5:59', 5, 50 ]
 FAIL  tests/a4-parity2-d88-combat-clock.test.ts > D-88 the combat clock: one minute per ten unit activations (COMBAT 0x0C64-0x0C76) > the counter equals the activations mod 10 over a long fight (ever
AssertionError: expected undefined to be 2 // Object.is equality
 FAIL  tests/a4-parity2-d88-combat-clock.test.ts > D-88 the combat clock: one minute per ten unit activations (COMBAT 0x0C64-0x0C76) > the byte round-trips through SAVED.GAM +0x2DC and survives a save
AssertionError: expected +0 to be 7 // Object.is equality
      Tests  11 failed | 1 passed (12)
