GREEN N0: the party starts on the surface with Britannic Lands playing (overworld/Britannic Lands)
GREEN N1 control: (E)nter at Deceit's mouth opens the real dungeon session
GREEN N2 entering Deceit by the game's own command plays Halls of Doom, with no further key (dungeon/Halls of Doom)
GREEN N3 and ordinary dungeon actions keep it (dungeon/Halls of Doom)
GREEN N4 climbing out restores Britannic Lands (overworld/Britannic Lands)
GREEN N5 loading the dungeon save from the surface resumes Halls of Doom (dungeon/Halls of Doom)
GREEN T0: the party starts on the surface with Britannic Lands playing (overworld/Britannic Lands)
GREEN T1 control: Developer > Teleport > Deceit lands in the real dungeon session
GREEN T2 surface -> dungeon: Halls of Doom starts at once, while the menu is still open, exactly once (dungeon/Halls of Doom, starts +1)
GREEN T3 closing the menu and taking ordinary dungeon actions keeps it, with no restart (dungeon/Halls of Doom)
GREEN T4 dungeon -> Britannia: Britannic Lands at once (overworld/Britannic Lands)
GREEN T5 and teleporting back in plays the dungeon's song again, not the overworld's (dungeon/Halls of Doom)
GREEN T6 dungeon -> Underworld: Worlds Below (underworld/Worlds Below)
GREEN T7 Underworld -> Lord British's castle: The Missing Monarch (castle/The Missing Monarch)
GREEN T8 castle -> a City of Virtue: Villager Tarantella (cities/Villager Tarantella)
GREEN T9 a city -> Britannia: Britannic Lands (overworld/Britannic Lands)
GREEN C0: the party starts on the surface with Britannic Lands playing (overworld/Britannic Lands)
GREEN C1 teleported into Deceit: Halls of Doom (dungeon/Halls of Doom)
GREEN C2 a dungeon room fight plays the combat song (combat/Engagement and Melee)
GREEN C3 control: the party leaves the room by the board edge and is back in the dungeon
GREEN C4 leaving the battle restores the DUNGEON's song, not the surface song the party left (dungeon/Halls of Doom)
GREEN C5 and the next key leaves it there (dungeon/Halls of Doom)
GREEN S0: the party starts on the surface with Britannic Lands playing (overworld/Britannic Lands)
GREEN S1 Deceit -> Deceit -> Despise: the same effective context, so no further start_music (starts +0)
GREEN S2 Britannia -> Britannia stays Britannic Lands (overworld/Britannic Lands)
GREEN S3a: the party starts on the surface with Britannic Lands playing (overworld/Britannic Lands)
GREEN S3 from a frigate (Cap'n Johne's Hornpipe) into Deceit: Halls of Doom, not the ship's song (dungeon/Halls of Doom)
GREEN A0: the party starts on the surface with Britannic Lands playing (overworld/Britannic Lands)
GREEN A1 muted: teleport into Deceit starts nothing, and the context is the dungeon's (dungeon/)
GREEN A2 unmuting plays the destination's song, not the surface's (dungeon/Halls of Doom)
GREEN A3 Music Volume 0 %: teleport into Deceit is silent and the context is the dungeon's (dungeon/)
GREEN A4 raising the volume plays the destination's song, not the surface's (dungeon/Halls of Doom)
GREEN A5 a stock pack (no music): the teleports call neither start_music nor stop_music; the context still follows
GREEN A6 and into a dungeon: the context is the dungeon's, nothing is invented (dungeon/)
A4-RC3 dungeon music runtime: 34/34 checks
