# A4 RC5 vs RC4 section sizes (esp_idf_size on the .map files; no rebuild)
== RC4
Memory Type Usage Summary
+--------------------------------------------------------------------------------+
| Memory Type/Section | Used [bytes] | Used [%] | Remain [bytes] | Total [bytes] |
|---------------------+--------------+----------+----------------+---------------|
| Flash Code          |       716578 |          |                |               |
|    .text            |       716578 |          |                |               |
| Flash Data          |       231692 |          |                |               |
|    .rodata          |       231420 |          |                |               |
|    .appdesc         |          256 |          |                |               |
|    .tdata           |           16 |          |                |               |
| DIRAM               |       136054 |    39.81 |         205706 |        341760 |
|    .text            |        60683 |    17.76 |                |               |
|    .bss             |        53456 |    15.64 |                |               |
|    .data            |        21915 |     6.41 |                |               |
| IRAM                |        16384 |    100.0 |              0 |         16384 |
|    .text            |        15356 |    93.73 |                |               |
|    .vectors         |         1028 |     6.27 |                |               |
| RTC SLOW            |           48 |     0.59 |           8144 |          8192 |
|    .force_slow      |           36 |     0.44 |                |               |
|    .rtc_noinit      |           12 |     0.15 |                |               |
| RTC FAST            |           24 |     0.29 |           8168 |          8192 |
|    .rtc_reserved    |           24 |     0.29 |                |               |
+--------------------------------------------------------------------------------+
Total image size: 1047288 bytes (.bin may be padded larger)
== RC5
Memory Type Usage Summary
+--------------------------------------------------------------------------------+
| Memory Type/Section | Used [bytes] | Used [%] | Remain [bytes] | Total [bytes] |
|---------------------+--------------+----------+----------------+---------------|
| Flash Code          |       716574 |          |                |               |
|    .text            |       716574 |          |                |               |
| Flash Data          |       231692 |          |                |               |
|    .rodata          |       231420 |          |                |               |
|    .appdesc         |          256 |          |                |               |
|    .tdata           |           16 |          |                |               |
| DIRAM               |       136054 |    39.81 |         205706 |        341760 |
|    .text            |        60683 |    17.76 |                |               |
|    .bss             |        53456 |    15.64 |                |               |
|    .data            |        21915 |     6.41 |                |               |
| IRAM                |        16384 |    100.0 |              0 |         16384 |
|    .text            |        15356 |    93.73 |                |               |
|    .vectors         |         1028 |     6.27 |                |               |
| RTC SLOW            |           48 |     0.59 |           8144 |          8192 |
|    .force_slow      |           36 |     0.44 |                |               |
|    .rtc_noinit      |           12 |     0.15 |                |               |
| RTC FAST            |           24 |     0.29 |           8168 |          8192 |
|    .rtc_reserved    |           24 |     0.29 |                |               |
+--------------------------------------------------------------------------------+
Total image size: 1047284 bytes (.bin may be padded larger)
== diff
CURRENT   project file: "C:\Dev\OpenU5-Native\native\targets\tdeck\build-a4-rc5\openu5_tdeck.map"
REFERENCE project file: "C:\Dev\OpenU5-Native\native\targets\tdeck\build-a4-rc4\openu5_tdeck.map"
Difference is counted as CURRENT - REFERENCE, i.e. a positive number means that CURRENT is larger.
Memory Type Usage Summary
+---------------------------------------------------------------------------------+
| Memory Type/Section |  Used [bytes] | Used [%] | Remain [bytes] | Total [bytes] |
|---------------------+---------------+----------+----------------+---------------|
| Flash Code          | 716574     -4 |          |                |               |
|    .text            | 716574     -4 |          |                |               |
+---------------------------------------------------------------------------------+
Total image size: 1047284     -4 bytes (.bin may be padded larger)
Note: The reported total sizes may be smaller than those in the technical reference manual due to reserved memory and application configuration. The total flash size available for the application is not included by default, as it cannot be reliably determined due to the presence of other data like the bootloader, partition table, and application partition size.
