ninja: Entering directory `build-a4-save3'
[1/14] Building CXX object esp-idf/main/CMakeFiles/__idf_main.dir/C_/Dev/OpenU5-Native/native/core/src/frontend.cpp.obj
[2/14] Building CXX object esp-idf/main/CMakeFiles/__idf_main.dir/alpha_save.cpp.obj
[3/14] Building CXX object esp-idf/main/CMakeFiles/__idf_main.dir/alpha_runtime.cpp.obj
[4/14] Building CXX object esp-idf/main/CMakeFiles/__idf_main.dir/C_/Dev/OpenU5-Native/native/core/src/pc_save.cpp.obj
[5/14] Performing build step for 'bootloader'
[1/1] C:\WINDOWS\system32\cmd.exe /C "cd /D <repo>\native\targets\tdeck\build-a4-save3\bootloader && <home>\.espressif\python_env\idf6.1_py3.14_env\Scripts\python.exe C:/esp/v6.1/esp-idf/components/partition_table/check_sizes.py --offset 0x8000 bootloader 0x0 <repo>/native/targets/tdeck/build-a4-save3/bootloader/bootloader.bin"
Bootloader binary size 0x5850 bytes. 0x27b0 bytes (31%) free.
[6/14] No install step for 'bootloader'
[7/14] Completed 'bootloader'
[8/14] Building C object esp-idf/esp_app_format/CMakeFiles/__idf_esp_app_format.dir/esp_app_desc.c.obj
[9/14] Linking C static library esp-idf\esp_app_format\libesp_app_format.a
[10/14] Linking C static library esp-idf\main\libmain.a
[11/14] Generating esp-idf/esp_system/ld/sections.ld
Skipping linker script generation, section names unchanged
[12/14] Linking CXX executable openu5_tdeck.elf
[13/14] Generating binary image from built executable
esptool v5.4.0
Creating ESP32-S3 image...
Merged 3 ELF sections.
Successfully created ESP32-S3 image.
Generated <repo>/native/targets/tdeck/build-a4-save3/openu5_tdeck.bin
[14/14] C:\WINDOWS\system32\cmd.exe /C "cd /D <repo>\native\targets\tdeck\build-a4-save3 && <home>\.espressif\python_env\idf6.1_py3.14_env\Scripts\python.exe C:/esp/v6.1/esp-idf/components/partition_table/check_sizes.py --offset 0x8000 partition --type app <repo>/native/targets/tdeck/build-a4-save3/partition_table/partition-table.bin <repo>/native/targets/tdeck/build-a4-save3/openu5_tdeck.bin"
openu5_tdeck.bin binary size 0xf72f0 bytes. Smallest app partition is 0x100000 bytes. 0x8d10 bytes (3%) free.
Warning: The smallest app partition is nearly full (3% free space left)!
