[1/202] Building CXX object CMakeFiles/batch35_q_sleep_target.dir/C_/Dev/OpenU5-Native/native/targets/tdeck/main/alpha_runtime.cpp.obj
[2/202] Building CXX object CMakeFiles/batch44_camp_ring_entry.dir/C_/Dev/OpenU5-Native/native/targets/tdeck/main/alpha_runtime.cpp.obj
[3/202] Building CXX object CMakeFiles/batch53b_moongate_return.dir/C_/Dev/OpenU5-Native/native/targets/tdeck/main/alpha_runtime.cpp.obj
[4/202] Building CXX object CMakeFiles/batch33_cannon_npc_death.dir/C_/Dev/OpenU5-Native/native/targets/tdeck/main/alpha_runtime.cpp.obj
[5/202] Building CXX object CMakeFiles/batch34_pre_sleep_npc.dir/C_/Dev/OpenU5-Native/native/targets/tdeck/main/alpha_runtime.cpp.obj
[6/202] Building CXX object CMakeFiles/a3_01_audio_runtime.dir/C_/Dev/OpenU5-Native/native/targets/tdeck/main/alpha_runtime.cpp.obj
[7/202] Building CXX object CMakeFiles/batch43_sleep_scene.dir/C_/Dev/OpenU5-Native/native/targets/tdeck/main/alpha_runtime.cpp.obj
[8/202] Building CXX object CMakeFiles/batch24_reload_parity.dir/C_/Dev/OpenU5-Native/native/targets/tdeck/main/alpha_runtime.cpp.obj
[9/202] Building CXX object CMakeFiles/alpha_runtime_integration_regression.dir/C_/Dev/OpenU5-Native/native/targets/tdeck/main/alpha_runtime.cpp.obj
[10/202] Building CXX object CMakeFiles/batch27_alt_load.dir/C_/Dev/OpenU5-Native/native/targets/tdeck/main/alpha_runtime.cpp.obj
[11/202] Building CXX object CMakeFiles/batch53a_ending_terminal.dir/C_/Dev/OpenU5-Native/native/targets/tdeck/main/alpha_runtime.cpp.obj
[12/202] Building CXX object CMakeFiles/batch46_camp_invisibility.dir/C_/Dev/OpenU5-Native/native/targets/tdeck/main/alpha_runtime.cpp.obj
[13/202] Building CXX object CMakeFiles/batch38_camp_duration.dir/C_/Dev/OpenU5-Native/native/targets/tdeck/main/alpha_runtime.cpp.obj
[14/202] Building CXX object CMakeFiles/batch26_dungeon_save.dir/C_/Dev/OpenU5-Native/native/targets/tdeck/main/alpha_runtime.cpp.obj
[15/202] Building CXX object CMakeFiles/batch29_rest_wiring.dir/C_/Dev/OpenU5-Native/native/targets/tdeck/main/alpha_runtime.cpp.obj
[16/202] Building CXX object CMakeFiles/batch23_vault_parity.dir/C_/Dev/OpenU5-Native/native/targets/tdeck/main/alpha_runtime.cpp.obj
[17/202] Building CXX object CMakeFiles/batch37_bed_viewport.dir/C_/Dev/OpenU5-Native/native/targets/tdeck/main/alpha_runtime.cpp.obj
[18/202] Building CXX object CMakeFiles/batch53_release_blockers.dir/C_/Dev/OpenU5-Native/native/targets/tdeck/main/alpha_runtime.cpp.obj
[19/202] Building CXX object CMakeFiles/batch39_party_panel.dir/C_/Dev/OpenU5-Native/native/targets/tdeck/main/alpha_runtime.cpp.obj
[20/202] Building CXX object CMakeFiles/batch25_shard_ritual.dir/C_/Dev/OpenU5-Native/native/targets/tdeck/main/alpha_runtime.cpp.obj
[21/202] Building CXX object CMakeFiles/batch31_h165_dungeon_entry.dir/C_/Dev/OpenU5-Native/native/targets/tdeck/main/alpha_runtime.cpp.obj
[22/202] Building CXX object CMakeFiles/batch32_camp_watch.dir/C_/Dev/OpenU5-Native/native/targets/tdeck/main/alpha_runtime.cpp.obj
[23/202] Building CXX object CMakeFiles/batch42_advancement_flash.dir/C_/Dev/OpenU5-Native/native/targets/tdeck/main/alpha_runtime.cpp.obj
[24/202] Building CXX object CMakeFiles/batch41_raw_key.dir/C_/Dev/OpenU5-Native/native/targets/tdeck/main/alpha_runtime.cpp.obj
[25/202] Building CXX object CMakeFiles/batch36_camp_housekeeping.dir/C_/Dev/OpenU5-Native/native/targets/tdeck/main/alpha_runtime.cpp.obj
[26/202] Building CXX object CMakeFiles/batch51_camp_pacing.dir/C_/Dev/OpenU5-Native/native/targets/tdeck/main/alpha_runtime.cpp.obj
[27/202] Building CXX object CMakeFiles/batch28_save_validation.dir/C_/Dev/OpenU5-Native/native/targets/tdeck/main/alpha_runtime.cpp.obj
[28/202] Building CXX object CMakeFiles/batch21a_dungeon_room_regression.dir/C_/Dev/OpenU5-Native/native/targets/tdeck/main/alpha_runtime.cpp.obj
[29/202] Building CXX object CMakeFiles/batch30_sleep_parity.dir/C_/Dev/OpenU5-Native/native/targets/tdeck/main/alpha_runtime.cpp.obj
[30/202] Building CXX object CMakeFiles/batch22_basement_objects.dir/C_/Dev/OpenU5-Native/native/targets/tdeck/main/alpha_runtime.cpp.obj
[31/202] Building CXX object CMakeFiles/a4_save1_recovery_runtime.dir/C_/Dev/OpenU5-Native/native/targets/tdeck/main/alpha_save.cpp.obj
[32/202] Building CXX object CMakeFiles/a3_04g_storage_runtime.dir/C_/Dev/OpenU5-Native/native/targets/tdeck/main/alpha_save.cpp.obj
[33/202] Building CXX object CMakeFiles/a3_04e_pacing_runtime.dir/C_/Dev/OpenU5-Native/native/targets/tdeck/main/alpha_runtime.cpp.obj
[34/202] Building CXX object CMakeFiles/a3_03_sfx_runtime.dir/C_/Dev/OpenU5-Native/native/targets/tdeck/main/alpha_runtime.cpp.obj
[35/202] Building CXX object CMakeFiles/a3_04_music_runtime.dir/C_/Dev/OpenU5-Native/native/targets/tdeck/main/alpha_runtime.cpp.obj
[36/202] Building CXX object CMakeFiles/a3_04c_contention_runtime.dir/C_/Dev/OpenU5-Native/native/targets/tdeck/main/alpha_runtime.cpp.obj
[37/202] Building CXX object CMakeFiles/a3_hf1_arena_loot.dir/C_/Dev/OpenU5-Native/native/targets/tdeck/main/alpha_runtime.cpp.obj
[38/202] Building CXX object CMakeFiles/a3_04d_sd_log_runtime.dir/C_/Dev/OpenU5-Native/native/targets/tdeck/main/alpha_runtime.cpp.obj
[39/202] Building CXX object CMakeFiles/a3_02_sfx_runtime.dir/C_/Dev/OpenU5-Native/native/targets/tdeck/main/alpha_runtime.cpp.obj
[40/202] Building CXX object CMakeFiles/a3_hf2_1_dispatch_log.dir/C_/Dev/OpenU5-Native/native/targets/tdeck/main/alpha_runtime.cpp.obj
[41/202] Building CXX object CMakeFiles/a3_04b_perf_runtime.dir/C_/Dev/OpenU5-Native/native/targets/tdeck/main/alpha_runtime.cpp.obj
[42/202] Linking CXX executable ui_session_tests.exe
[43/202] Linking CXX executable display_names_tests.exe
[44/202] Linking CXX executable quest_search_tests.exe
[45/202] Linking CXX executable batch21b_chest_reset.exe
[46/202] Linking CXX executable ui_host_harness.exe
[47/202] Building CXX object CMakeFiles/a3_04f_render_runtime.dir/C_/Dev/OpenU5-Native/native/targets/tdeck/main/alpha_runtime.cpp.obj
[48/202] Building CXX object CMakeFiles/a4_save1_recovery_runtime.dir/C_/Dev/OpenU5-Native/native/targets/tdeck/main/alpha_runtime.cpp.obj
[49/202] Building CXX object CMakeFiles/a4_ui2_title_runtime.dir/C_/Dev/OpenU5-Native/native/targets/tdeck/main/alpha_runtime.cpp.obj
[50/202] Building CXX object CMakeFiles/a4_ui2_death_music_runtime.dir/C_/Dev/OpenU5-Native/native/targets/tdeck/main/alpha_runtime.cpp.obj
[51/202] Building CXX object CMakeFiles/a3_hf3_combat_hit_runtime.dir/C_/Dev/OpenU5-Native/native/targets/tdeck/main/alpha_runtime.cpp.obj
[52/202] Building CXX object CMakeFiles/a3_hf5_dialogue_pacing_runtime.dir/C_/Dev/OpenU5-Native/native/targets/tdeck/main/alpha_runtime.cpp.obj
[53/202] Linking CXX executable debug_labels_tests.exe
[54/202] Linking CXX executable ui_debug_menu_tests.exe
[55/202] Linking CXX executable measure_ui_sizes.exe
[56/202] Linking CXX executable debug_map_picker_tests.exe
[57/202] Building CXX object CMakeFiles/a3_hf2_ambient_parity.dir/C_/Dev/OpenU5-Native/native/targets/tdeck/main/alpha_runtime.cpp.obj
[58/202] Linking CXX executable debug_developer_tests.exe
[59/202] Linking CXX executable look_sign_tests.exe
[60/202] Linking CXX executable gameplay_integration_tests.exe
[61/202] Building CXX object CMakeFiles/a4_ui2_save_menu_runtime.dir/C_/Dev/OpenU5-Native/native/targets/tdeck/main/alpha_runtime.cpp.obj
[62/202] Building CXX object CMakeFiles/a3_05_audio_controls.dir/C_/Dev/OpenU5-Native/native/targets/tdeck/main/alpha_runtime.cpp.obj
[63/202] Building CXX object CMakeFiles/a4_ui1_chrome_runtime.dir/C_/Dev/OpenU5-Native/native/targets/tdeck/main/alpha_runtime.cpp.obj
[64/202] Linking CXX executable movement_flow_parity_tests.exe
[65/202] Linking CXX executable gameplay_driver.exe
[66/202] Building CXX object CMakeFiles/a3_hf8_sacrifice_burst_runtime.dir/C_/Dev/OpenU5-Native/native/targets/tdeck/main/alpha_runtime.cpp.obj
[67/202] Building CXX object CMakeFiles/a3_hf6_shrine_key_wait_runtime.dir/C_/Dev/OpenU5-Native/native/targets/tdeck/main/alpha_runtime.cpp.obj
[68/202] Building CXX object CMakeFiles/batch18_well_ceremony_regression.dir/C_/Dev/OpenU5-Native/native/targets/tdeck/main/alpha_runtime.cpp.obj
[69/202] Building CXX object CMakeFiles/a3_hf10_mix_parity_runtime.dir/C_/Dev/OpenU5-Native/native/targets/tdeck/main/alpha_runtime.cpp.obj
[70/202] Building CXX object CMakeFiles/a3_hf7_ritual_fx_runtime.dir/C_/Dev/OpenU5-Native/native/targets/tdeck/main/alpha_runtime.cpp.obj
[71/202] Linking CXX executable shop_parity_tests.exe
[72/202] Building CXX object CMakeFiles/a3_04g_storage_runtime.dir/C_/Dev/OpenU5-Native/native/targets/tdeck/main/alpha_runtime.cpp.obj
[73/202] Building CXX object CMakeFiles/a3_hf9_refuge_cadence_runtime.dir/C_/Dev/OpenU5-Native/native/targets/tdeck/main/alpha_runtime.cpp.obj
[74/202] Linking CXX executable transport_flow_parity_tests.exe
[75/202] Linking CXX executable dialogue_adapter_tests.exe
[76/202] Linking CXX executable persistence_driver.exe
[77/202] Linking CXX executable shop_adapter_tests.exe
[78/202] Linking CXX executable world_flow_parity_tests.exe
[79/202] Linking CXX executable dialogue_parity_tests.exe
[80/202] Linking CXX executable shop_flow_tests.exe
[81/202] Building CXX object CMakeFiles/a3_hf4_load_transient_runtime.dir/C_/Dev/OpenU5-Native/native/targets/tdeck/main/alpha_runtime.cpp.obj
[82/202] Linking CXX executable quest_driver.exe
[83/202] Building CXX object CMakeFiles/batch14_zstats_runtime_regression.dir/C_/Dev/OpenU5-Native/native/targets/tdeck/main/alpha_runtime.cpp.obj
[84/202] Linking CXX executable dungeon_flow_parity_tests.exe
[85/202] Linking CXX executable world_flow_adapter_tests.exe
[86/202] Linking CXX executable core_parity_tests.exe
[87/202] Linking CXX executable advanced_combat_parity_tests.exe
[88/202] Linking CXX executable magic_parity_tests.exe
[89/202] Linking CXX executable dungeon_parity_tests.exe
[90/202] Linking CXX executable combat_parity_tests.exe
[91/202] Linking CXX executable turn_parity_tests.exe
[92/202] Linking CXX executable command_parity_tests.exe
[93/202] Linking CXX executable combat_escape_regression.exe
[94/202] Linking CXX executable movement_regression.exe
[95/202] Linking CXX executable ui_mode_regression.exe
[96/202] Linking CXX executable input_regression.exe
[97/202] Linking CXX executable dungeon_input_regression.exe
[98/202] Linking CXX executable gem_view_regression.exe
[99/202] Linking CXX executable dungeon_view_regression.exe
[100/202] Linking CXX executable batch22_basement_objects.exe
[101/202] Linking CXX executable alpha_runtime_integration_regression.exe
[102/202] Linking CXX executable dungeon_art_regression.exe
[103/202] Linking CXX executable batch12b_hardware_regression.exe
[104/202] Linking CXX executable batch21a_dungeon_room_regression.exe
[105/202] Linking CXX executable travel_parity_tests.exe
[106/202] Linking CXX executable action_feedback_regression.exe
[107/202] Linking CXX executable presentation_regression.exe
[108/202] Linking CXX executable direct_troll_handoff_regression.exe
[109/202] Linking CXX executable batch23_vault_parity.exe
[110/202] Linking CXX executable batch26_dungeon_save.exe
[111/202] Linking CXX executable batch21a3_combat_active_player.exe
[112/202] Linking CXX executable dungeon_combat_regression.exe
[113/202] Linking CXX executable batch24_reload_parity.exe
[114/202] Linking CXX executable item_parity_tests.exe
[115/202] Linking CXX executable combat_loot_open_regression.exe
[116/202] Linking CXX executable batch25_shard_ritual.exe
[117/202] Linking CXX executable batch29_rest_wiring.exe
[118/202] Linking CXX executable batch30_sleep_parity.exe
[119/202] Linking CXX executable batch27_alt_load.exe
[120/202] Linking CXX executable batch28_save_validation.exe
[121/202] Building CXX object CMakeFiles/batch19_command_char_regression.dir/C_/Dev/OpenU5-Native/native/targets/tdeck/main/alpha_runtime.cpp.obj
[122/202] Linking CXX executable batch31_h165_dungeon_entry.exe
[123/202] Linking CXX executable batch35_q_sleep_target.exe
[124/202] Linking CXX executable batch32_camp_watch.exe
[125/202] Linking CXX executable batch33_cannon_npc_death.exe
[126/202] Linking CXX executable batch34_pre_sleep_npc.exe
[127/202] Linking CXX executable batch36_camp_housekeeping.exe
[128/202] Linking CXX executable batch37_bed_viewport.exe
[129/202] Linking CXX executable batch51_scene_pacing.exe
[130/202] Linking CXX executable batch39_party_panel.exe
[131/202] Linking CXX executable batch41_raw_key.exe
[132/202] Linking CXX executable batch42_advancement_flash.exe
[133/202] Linking CXX executable batch46_camp_invisibility.exe
[134/202] Linking CXX executable batch44_camp_ring_entry.exe
[135/202] Linking CXX executable batch43_sleep_scene.exe
[136/202] Linking CXX executable batch41_staged_advancement.exe
[137/202] Linking CXX executable batch40_advancement.exe
[138/202] Linking CXX executable a3_04c_contention.exe
[139/202] Linking CXX executable a3_hf1_arena_loot.exe
[140/202] Linking CXX executable batch53b_moongate_return.exe
[141/202] Linking CXX executable batch53a_ending_terminal.exe
[142/202] Linking CXX executable a3_04b_perf.exe
[143/202] Linking CXX executable a3_02_sfx_synth.exe
[144/202] Linking CXX executable a3_hf2_ambient_parity.exe
[145/202] Linking CXX executable a3_04f_render_runtime.exe
[146/202] Linking CXX executable batch38_camp_duration.exe
[147/202] Linking CXX executable batch51_camp_pacing.exe
[148/202] Linking CXX executable a3_03_sfx_inventory.exe
[149/202] Linking CXX executable a3_04_music_synth.exe
[150/202] Linking CXX executable a3_04e_pacing.exe
[151/202] Linking CXX executable a3_04a_audio_stream.exe
[152/202] Linking CXX executable a3_04d_sd_log.exe
[153/202] Linking CXX executable a3_01_audio_contract.exe
[154/202] Linking CXX executable a3_02_sfx_runtime.exe
[155/202] Linking CXX executable a3_04c_contention_runtime.exe
[156/202] Linking CXX executable batch53_release_blockers.exe
[157/202] Linking CXX executable a3_04b_perf_runtime.exe
[158/202] Linking CXX executable a3_03_sfx_runtime.exe
[159/202] Linking CXX executable a4_ui2_title_runtime.exe
[160/202] Linking CXX executable a4_ui1_chrome_runtime.exe
[161/202] Linking CXX executable a3_hf2_1_dispatch_log.exe
[162/202] Linking CXX executable a3_04_music_runtime.exe
[163/202] Linking CXX executable a3_04d_sd_log_runtime.exe
[164/202] Linking CXX executable a3_04e_pacing_runtime.exe
[165/202] Linking CXX executable a3_01_audio_runtime.exe
[166/202] Linking CXX executable a3_hf3_combat_hit_cue.exe
[167/202] Linking CXX executable a4_ui2_death_music_runtime.exe
[168/202] Linking CXX executable a3_hf3_combat_hit_runtime.exe
[169/202] Linking CXX executable a3_04g_storage_runtime.exe
[170/202] Linking CXX executable a4_ui2_save_menu_runtime.exe
[171/202] Linking CXX executable a4_save1_recovery_runtime.exe
[172/202] Linking CXX executable a3_05_audio_mute.exe
[173/202] Linking CXX executable a3_05_audio_controls.exe
[174/202] Linking CXX executable a3_hf4_load_transient_runtime.exe
[175/202] Linking CXX executable a3_hf5_dialogue_pacing_runtime.exe
[176/202] Linking CXX executable a3_hf7_ritual_fx.exe
[177/202] Linking CXX executable a3_hf6_shrine_key_wait_pacer.exe
[178/202] Linking CXX executable a3_hf9_refuge_cadence.exe
[179/202] Linking CXX executable a3_hf5_dialogue_pacer.exe
[180/202] Linking CXX executable a3_hf6_shrine_key_wait_runtime.exe
[181/202] Linking CXX executable batch19_command_char_regression.exe
[182/202] Linking CXX executable batch14_zstats_runtime_regression.exe
[183/202] Linking CXX executable a3_hf7_ritual_fx_runtime.exe
[184/202] Linking CXX executable a3_hf8_sacrifice_burst_runtime.exe
[185/202] Linking CXX executable batch4_group_b_tests.exe
[186/202] Linking CXX executable batch14_zstats_model_tests.exe
[187/202] Linking CXX executable batch18_well_ceremony_regression.exe
[188/202] Linking CXX executable a3_hf10_mix_parity_runtime.exe
[189/202] Linking CXX executable batch5_tests.exe
[190/202] Linking CXX executable a3_hf9_refuge_cadence_runtime.exe
[191/202] Linking CXX executable blackthorn_scene_tests.exe
[192/202] Linking CXX executable batch12_combat_field_tests.exe
[193/202] Linking CXX executable batch4_group_a_tests.exe
[194/202] Linking CXX executable batch17_theft_watchdog_tests.exe
[195/202] Linking CXX executable batch3_group_c_tests.exe
[196/202] Linking CXX executable batch3_group_a_tests.exe
[197/202] Linking CXX executable batch3_group_b_tests.exe
[198/202] Linking CXX executable batch13_tests.exe
[199/202] Linking CXX executable batch19_command_char_tests.exe
[200/202] Linking CXX executable batch45b_tests.exe
[201/202] Linking CXX executable batch7b_tests.exe
[202/202] Linking CXX executable batch15_sacrifice_tests.exe
build exit 0
