[1/243] Building CXX object CMakeFiles/batch24_reload_parity.dir/C_/Dev/OpenU5-Native/native/targets/tdeck/main/alpha_save_generation.cpp.obj
[2/243] Building CXX object CMakeFiles/batch25_shard_ritual.dir/C_/Dev/OpenU5-Native/native/targets/tdeck/main/alpha_save_generation.cpp.obj
[3/243] Building CXX object CMakeFiles/batch26_dungeon_save.dir/C_/Dev/OpenU5-Native/native/targets/tdeck/main/alpha_save_generation.cpp.obj
[4/243] Building CXX object CMakeFiles/batch27_alt_load.dir/C_/Dev/OpenU5-Native/native/targets/tdeck/main/alpha_save_generation.cpp.obj
[5/243] Building CXX object CMakeFiles/batch21a_dungeon_room_regression.dir/C_/Dev/OpenU5-Native/native/targets/tdeck/main/alpha_runtime.cpp.obj
[6/243] Building CXX object CMakeFiles/batch22_basement_objects.dir/C_/Dev/OpenU5-Native/native/targets/tdeck/main/alpha_runtime.cpp.obj
[7/243] Building CXX object CMakeFiles/alpha_runtime_integration_regression.dir/C_/Dev/OpenU5-Native/native/targets/tdeck/main/alpha_runtime.cpp.obj
[8/243] Building CXX object CMakeFiles/batch23_vault_parity.dir/C_/Dev/OpenU5-Native/native/targets/tdeck/main/alpha_runtime.cpp.obj
[9/243] Building CXX object CMakeFiles/batch24_reload_parity.dir/C_/Dev/OpenU5-Native/native/targets/tdeck/main/alpha_runtime.cpp.obj
[10/243] Building CXX object CMakeFiles/batch25_shard_ritual.dir/C_/Dev/OpenU5-Native/native/targets/tdeck/main/alpha_runtime.cpp.obj
[11/243] Building CXX object CMakeFiles/batch29_rest_wiring.dir/C_/Dev/OpenU5-Native/native/targets/tdeck/main/alpha_save_generation.cpp.obj
[12/243] Building CXX object CMakeFiles/batch28_save_validation.dir/C_/Dev/OpenU5-Native/native/targets/tdeck/main/alpha_save_generation.cpp.obj
[13/243] Building CXX object CMakeFiles/batch30_sleep_parity.dir/C_/Dev/OpenU5-Native/native/targets/tdeck/main/alpha_save_generation.cpp.obj
[14/243] Building CXX object CMakeFiles/batch26_dungeon_save.dir/C_/Dev/OpenU5-Native/native/targets/tdeck/main/alpha_runtime.cpp.obj
[15/243] Building CXX object CMakeFiles/batch31_h165_dungeon_entry.dir/C_/Dev/OpenU5-Native/native/targets/tdeck/main/alpha_save_generation.cpp.obj
[16/243] Building CXX object CMakeFiles/batch32_camp_watch.dir/C_/Dev/OpenU5-Native/native/targets/tdeck/main/alpha_save_generation.cpp.obj
[17/243] Building CXX object CMakeFiles/batch33_cannon_npc_death.dir/C_/Dev/OpenU5-Native/native/targets/tdeck/main/alpha_save_generation.cpp.obj
[18/243] Building CXX object CMakeFiles/batch27_alt_load.dir/C_/Dev/OpenU5-Native/native/targets/tdeck/main/alpha_runtime.cpp.obj
[19/243] Building CXX object CMakeFiles/batch34_pre_sleep_npc.dir/C_/Dev/OpenU5-Native/native/targets/tdeck/main/alpha_save_generation.cpp.obj
[20/243] Building CXX object CMakeFiles/batch29_rest_wiring.dir/C_/Dev/OpenU5-Native/native/targets/tdeck/main/alpha_runtime.cpp.obj
[21/243] Building CXX object CMakeFiles/batch28_save_validation.dir/C_/Dev/OpenU5-Native/native/targets/tdeck/main/alpha_runtime.cpp.obj
[22/243] Building CXX object CMakeFiles/batch30_sleep_parity.dir/C_/Dev/OpenU5-Native/native/targets/tdeck/main/alpha_runtime.cpp.obj
[23/243] Building CXX object CMakeFiles/batch35_q_sleep_target.dir/C_/Dev/OpenU5-Native/native/targets/tdeck/main/alpha_save_generation.cpp.obj
[24/243] Building CXX object CMakeFiles/batch36_camp_housekeeping.dir/C_/Dev/OpenU5-Native/native/targets/tdeck/main/alpha_save_generation.cpp.obj
[25/243] Building CXX object CMakeFiles/batch31_h165_dungeon_entry.dir/C_/Dev/OpenU5-Native/native/targets/tdeck/main/alpha_runtime.cpp.obj
[26/243] Building CXX object CMakeFiles/batch32_camp_watch.dir/C_/Dev/OpenU5-Native/native/targets/tdeck/main/alpha_runtime.cpp.obj
[27/243] Building CXX object CMakeFiles/batch37_bed_viewport.dir/C_/Dev/OpenU5-Native/native/targets/tdeck/main/alpha_save_generation.cpp.obj
[28/243] Building CXX object CMakeFiles/batch33_cannon_npc_death.dir/C_/Dev/OpenU5-Native/native/targets/tdeck/main/alpha_runtime.cpp.obj
[29/243] Building CXX object CMakeFiles/batch39_party_panel.dir/C_/Dev/OpenU5-Native/native/targets/tdeck/main/alpha_save_generation.cpp.obj
[30/243] Building CXX object CMakeFiles/batch41_raw_key.dir/C_/Dev/OpenU5-Native/native/targets/tdeck/main/alpha_save_generation.cpp.obj
[31/243] Building CXX object CMakeFiles/batch34_pre_sleep_npc.dir/C_/Dev/OpenU5-Native/native/targets/tdeck/main/alpha_runtime.cpp.obj
[32/243] Building CXX object CMakeFiles/batch42_advancement_flash.dir/C_/Dev/OpenU5-Native/native/targets/tdeck/main/alpha_save_generation.cpp.obj
[33/243] Building CXX object CMakeFiles/batch43_sleep_scene.dir/C_/Dev/OpenU5-Native/native/targets/tdeck/main/alpha_save_generation.cpp.obj
[34/243] Building CXX object CMakeFiles/batch35_q_sleep_target.dir/C_/Dev/OpenU5-Native/native/targets/tdeck/main/alpha_runtime.cpp.obj
[35/243] Building CXX object CMakeFiles/batch36_camp_housekeeping.dir/C_/Dev/OpenU5-Native/native/targets/tdeck/main/alpha_runtime.cpp.obj
[36/243] Building CXX object CMakeFiles/batch46_camp_invisibility.dir/C_/Dev/OpenU5-Native/native/targets/tdeck/main/alpha_save_generation.cpp.obj
[37/243] Building CXX object CMakeFiles/batch37_bed_viewport.dir/C_/Dev/OpenU5-Native/native/targets/tdeck/main/alpha_runtime.cpp.obj
[38/243] Building CXX object CMakeFiles/batch44_camp_ring_entry.dir/C_/Dev/OpenU5-Native/native/targets/tdeck/main/alpha_save_generation.cpp.obj
[39/243] Building CXX object CMakeFiles/batch39_party_panel.dir/C_/Dev/OpenU5-Native/native/targets/tdeck/main/alpha_runtime.cpp.obj
[40/243] Building CXX object CMakeFiles/batch38_camp_duration.dir/C_/Dev/OpenU5-Native/native/targets/tdeck/main/alpha_save_generation.cpp.obj
[41/243] Building CXX object CMakeFiles/batch41_raw_key.dir/C_/Dev/OpenU5-Native/native/targets/tdeck/main/alpha_runtime.cpp.obj
[42/243] Building CXX object CMakeFiles/batch51_camp_pacing.dir/C_/Dev/OpenU5-Native/native/targets/tdeck/main/alpha_save_generation.cpp.obj
[43/243] Building CXX object CMakeFiles/batch42_advancement_flash.dir/C_/Dev/OpenU5-Native/native/targets/tdeck/main/alpha_runtime.cpp.obj
[44/243] Building CXX object CMakeFiles/batch53_release_blockers.dir/C_/Dev/OpenU5-Native/native/targets/tdeck/main/alpha_save_generation.cpp.obj
[45/243] Building CXX object CMakeFiles/batch43_sleep_scene.dir/C_/Dev/OpenU5-Native/native/targets/tdeck/main/alpha_runtime.cpp.obj
[46/243] Building CXX object CMakeFiles/batch53a_ending_terminal.dir/C_/Dev/OpenU5-Native/native/targets/tdeck/main/alpha_save_generation.cpp.obj
[47/243] Building CXX object CMakeFiles/batch53b_moongate_return.dir/C_/Dev/OpenU5-Native/native/targets/tdeck/main/alpha_save_generation.cpp.obj
[48/243] Building CXX object CMakeFiles/batch46_camp_invisibility.dir/C_/Dev/OpenU5-Native/native/targets/tdeck/main/alpha_runtime.cpp.obj
[49/243] Building CXX object CMakeFiles/a3_01_audio_runtime.dir/C_/Dev/OpenU5-Native/native/targets/tdeck/main/alpha_save_generation.cpp.obj
[50/243] Building CXX object CMakeFiles/batch44_camp_ring_entry.dir/C_/Dev/OpenU5-Native/native/targets/tdeck/main/alpha_runtime.cpp.obj
[51/243] Building CXX object CMakeFiles/batch38_camp_duration.dir/C_/Dev/OpenU5-Native/native/targets/tdeck/main/alpha_runtime.cpp.obj
[52/243] Building CXX object CMakeFiles/a3_02_sfx_runtime.dir/C_/Dev/OpenU5-Native/native/targets/tdeck/main/alpha_save_generation.cpp.obj
[53/243] Building CXX object CMakeFiles/batch51_camp_pacing.dir/C_/Dev/OpenU5-Native/native/targets/tdeck/main/alpha_runtime.cpp.obj
[54/243] Building CXX object CMakeFiles/a3_03_sfx_runtime.dir/C_/Dev/OpenU5-Native/native/targets/tdeck/main/alpha_save_generation.cpp.obj
[55/243] Building CXX object CMakeFiles/batch53_release_blockers.dir/C_/Dev/OpenU5-Native/native/targets/tdeck/main/alpha_runtime.cpp.obj
[56/243] Building CXX object CMakeFiles/a3_04_music_runtime.dir/C_/Dev/OpenU5-Native/native/targets/tdeck/main/alpha_save_generation.cpp.obj
[57/243] Building CXX object CMakeFiles/batch53a_ending_terminal.dir/C_/Dev/OpenU5-Native/native/targets/tdeck/main/alpha_runtime.cpp.obj
[58/243] Building CXX object CMakeFiles/a3_04b_perf_runtime.dir/C_/Dev/OpenU5-Native/native/targets/tdeck/main/alpha_save_generation.cpp.obj
[59/243] Building CXX object CMakeFiles/batch53b_moongate_return.dir/C_/Dev/OpenU5-Native/native/targets/tdeck/main/alpha_runtime.cpp.obj
[60/243] Building CXX object CMakeFiles/a3_01_audio_runtime.dir/C_/Dev/OpenU5-Native/native/targets/tdeck/main/alpha_runtime.cpp.obj
[61/243] Building CXX object CMakeFiles/a3_04c_contention_runtime.dir/C_/Dev/OpenU5-Native/native/targets/tdeck/main/alpha_save_generation.cpp.obj
[62/243] Building CXX object CMakeFiles/a3_04d_sd_log_runtime.dir/C_/Dev/OpenU5-Native/native/targets/tdeck/main/alpha_save_generation.cpp.obj
[63/243] Building CXX object CMakeFiles/a3_04e_pacing_runtime.dir/C_/Dev/OpenU5-Native/native/targets/tdeck/main/alpha_save_generation.cpp.obj
[64/243] Building CXX object CMakeFiles/a3_02_sfx_runtime.dir/C_/Dev/OpenU5-Native/native/targets/tdeck/main/alpha_runtime.cpp.obj
[65/243] Building CXX object CMakeFiles/a3_hf1_arena_loot.dir/C_/Dev/OpenU5-Native/native/targets/tdeck/main/alpha_save_generation.cpp.obj
[66/243] Building CXX object CMakeFiles/a3_03_sfx_runtime.dir/C_/Dev/OpenU5-Native/native/targets/tdeck/main/alpha_runtime.cpp.obj
[67/243] Building CXX object CMakeFiles/a3_04_music_runtime.dir/C_/Dev/OpenU5-Native/native/targets/tdeck/main/alpha_runtime.cpp.obj
[68/243] Building CXX object CMakeFiles/a3_04b_perf_runtime.dir/C_/Dev/OpenU5-Native/native/targets/tdeck/main/alpha_runtime.cpp.obj
[69/243] Building CXX object CMakeFiles/a3_hf2_ambient_parity.dir/C_/Dev/OpenU5-Native/native/targets/tdeck/main/alpha_save_generation.cpp.obj
[70/243] Building CXX object CMakeFiles/a3_hf2_1_dispatch_log.dir/C_/Dev/OpenU5-Native/native/targets/tdeck/main/alpha_save_generation.cpp.obj
[71/243] Building CXX object CMakeFiles/a3_04c_contention_runtime.dir/C_/Dev/OpenU5-Native/native/targets/tdeck/main/alpha_runtime.cpp.obj
[72/243] Building CXX object CMakeFiles/a3_04f_render_runtime.dir/C_/Dev/OpenU5-Native/native/targets/tdeck/main/alpha_save_generation.cpp.obj
[73/243] Building CXX object CMakeFiles/a3_04d_sd_log_runtime.dir/C_/Dev/OpenU5-Native/native/targets/tdeck/main/alpha_runtime.cpp.obj
[74/243] Building CXX object CMakeFiles/a4_ui1_chrome_runtime.dir/C_/Dev/OpenU5-Native/native/targets/tdeck/main/alpha_save_generation.cpp.obj
[75/243] Building CXX object CMakeFiles/a3_04e_pacing_runtime.dir/C_/Dev/OpenU5-Native/native/targets/tdeck/main/alpha_runtime.cpp.obj
[76/243] Building CXX object CMakeFiles/a4_ui2_title_runtime.dir/C_/Dev/OpenU5-Native/native/targets/tdeck/main/alpha_save_generation.cpp.obj
[77/243] Building CXX object CMakeFiles/a3_hf1_arena_loot.dir/C_/Dev/OpenU5-Native/native/targets/tdeck/main/alpha_runtime.cpp.obj
[78/243] Building CXX object CMakeFiles/a4_ui2_death_music_runtime.dir/C_/Dev/OpenU5-Native/native/targets/tdeck/main/alpha_save_generation.cpp.obj
[79/243] Building CXX object CMakeFiles/a3_hf3_combat_hit_runtime.dir/C_/Dev/OpenU5-Native/native/targets/tdeck/main/alpha_save_generation.cpp.obj
[80/243] Building CXX object CMakeFiles/a3_hf2_ambient_parity.dir/C_/Dev/OpenU5-Native/native/targets/tdeck/main/alpha_runtime.cpp.obj
[81/243] Building CXX object CMakeFiles/a3_hf2_1_dispatch_log.dir/C_/Dev/OpenU5-Native/native/targets/tdeck/main/alpha_runtime.cpp.obj
[82/243] Building CXX object CMakeFiles/a3_05_audio_controls.dir/C_/Dev/OpenU5-Native/native/targets/tdeck/main/alpha_save_generation.cpp.obj
[83/243] Building CXX object CMakeFiles/a3_04f_render_runtime.dir/C_/Dev/OpenU5-Native/native/targets/tdeck/main/alpha_runtime.cpp.obj
[84/243] Building CXX object CMakeFiles/a3_hf4_load_transient_runtime.dir/C_/Dev/OpenU5-Native/native/targets/tdeck/main/alpha_save_generation.cpp.obj
[85/243] Building CXX object CMakeFiles/a4_ui1_chrome_runtime.dir/C_/Dev/OpenU5-Native/native/targets/tdeck/main/alpha_runtime.cpp.obj
[86/243] Building CXX object CMakeFiles/a3_hf5_dialogue_pacing_runtime.dir/C_/Dev/OpenU5-Native/native/targets/tdeck/main/alpha_save_generation.cpp.obj
[87/243] Building CXX object CMakeFiles/a4_ui2_title_runtime.dir/C_/Dev/OpenU5-Native/native/targets/tdeck/main/alpha_runtime.cpp.obj
[88/243] Building CXX object CMakeFiles/a3_hf6_shrine_key_wait_runtime.dir/C_/Dev/OpenU5-Native/native/targets/tdeck/main/alpha_save_generation.cpp.obj
[89/243] Building CXX object CMakeFiles/a4_ui2_death_music_runtime.dir/C_/Dev/OpenU5-Native/native/targets/tdeck/main/alpha_runtime.cpp.obj
[90/243] Building CXX object CMakeFiles/a3_hf7_ritual_fx_runtime.dir/C_/Dev/OpenU5-Native/native/targets/tdeck/main/alpha_save_generation.cpp.obj
[91/243] Building CXX object CMakeFiles/a3_hf3_combat_hit_runtime.dir/C_/Dev/OpenU5-Native/native/targets/tdeck/main/alpha_runtime.cpp.obj
[92/243] Building CXX object CMakeFiles/a3_hf8_sacrifice_burst_runtime.dir/C_/Dev/OpenU5-Native/native/targets/tdeck/main/alpha_save_generation.cpp.obj
[93/243] Building CXX object CMakeFiles/a3_hf9_refuge_cadence_runtime.dir/C_/Dev/OpenU5-Native/native/targets/tdeck/main/alpha_save_generation.cpp.obj
[94/243] Building CXX object CMakeFiles/a3_05_audio_controls.dir/C_/Dev/OpenU5-Native/native/targets/tdeck/main/alpha_runtime.cpp.obj
[95/243] Building CXX object CMakeFiles/a3_hf4_load_transient_runtime.dir/C_/Dev/OpenU5-Native/native/targets/tdeck/main/alpha_runtime.cpp.obj
[96/243] Building CXX object CMakeFiles/a3_hf10_mix_parity_runtime.dir/C_/Dev/OpenU5-Native/native/targets/tdeck/main/alpha_save_generation.cpp.obj
[97/243] Building CXX object CMakeFiles/a3_hf5_dialogue_pacing_runtime.dir/C_/Dev/OpenU5-Native/native/targets/tdeck/main/alpha_runtime.cpp.obj
[98/243] Building CXX object CMakeFiles/a3_hf6_shrine_key_wait_runtime.dir/C_/Dev/OpenU5-Native/native/targets/tdeck/main/alpha_runtime.cpp.obj
[99/243] Linking CXX executable ui_session_tests.exe
[100/243] Linking CXX executable display_names_tests.exe
[101/243] Building CXX object CMakeFiles/a3_hf7_ritual_fx_runtime.dir/C_/Dev/OpenU5-Native/native/targets/tdeck/main/alpha_runtime.cpp.obj
[102/243] Linking CXX executable quest_search_tests.exe
[103/243] Linking CXX executable batch21b_chest_reset.exe
[104/243] Building CXX object CMakeFiles/a3_hf8_sacrifice_burst_runtime.dir/C_/Dev/OpenU5-Native/native/targets/tdeck/main/alpha_runtime.cpp.obj
[105/243] Linking CXX executable measure_ui_sizes.exe
[106/243] Linking CXX executable debug_labels_tests.exe
[107/243] Linking CXX executable ui_host_harness.exe
[108/243] Building CXX object CMakeFiles/a3_hf9_refuge_cadence_runtime.dir/C_/Dev/OpenU5-Native/native/targets/tdeck/main/alpha_runtime.cpp.obj
[109/243] Linking CXX executable debug_map_picker_tests.exe
[110/243] Linking CXX executable debug_developer_tests.exe
[111/243] Linking CXX executable ui_debug_menu_tests.exe
[112/243] Linking CXX executable gameplay_integration_tests.exe
[113/243] Building CXX object CMakeFiles/a3_hf10_mix_parity_runtime.dir/C_/Dev/OpenU5-Native/native/targets/tdeck/main/alpha_runtime.cpp.obj
[114/243] Linking CXX executable look_sign_tests.exe
[115/243] Linking CXX executable gameplay_driver.exe
[116/243] Linking CXX executable movement_flow_parity_tests.exe
[117/243] Linking CXX executable quest_driver.exe
[118/243] Linking CXX executable shop_parity_tests.exe
[119/243] Building CXX object CMakeFiles/batch14_zstats_runtime_regression.dir/C_/Dev/OpenU5-Native/native/targets/tdeck/main/alpha_runtime.cpp.obj
[120/243] Building CXX object CMakeFiles/batch18_well_ceremony_regression.dir/C_/Dev/OpenU5-Native/native/targets/tdeck/main/alpha_runtime.cpp.obj
[121/243] Linking CXX executable persistence_driver.exe
[122/243] Linking CXX executable shop_flow_tests.exe
[123/243] Linking CXX executable dialogue_adapter_tests.exe
[124/243] Linking CXX executable shop_adapter_tests.exe
[125/243] Linking CXX executable dialogue_parity_tests.exe
[126/243] Linking CXX executable transport_flow_parity_tests.exe
[127/243] Linking CXX executable world_flow_adapter_tests.exe
[128/243] Building CXX object CMakeFiles/batch19_command_char_regression.dir/C_/Dev/OpenU5-Native/native/targets/tdeck/main/alpha_runtime.cpp.obj
[129/243] Linking CXX executable magic_parity_tests.exe
[130/243] Linking CXX executable dungeon_flow_parity_tests.exe
[131/243] Linking CXX executable dungeon_parity_tests.exe
[132/243] Linking CXX executable world_flow_parity_tests.exe
[133/243] Linking CXX executable item_parity_tests.exe
[134/243] Linking CXX executable advanced_combat_parity_tests.exe
[135/243] Linking CXX executable combat_parity_tests.exe
[136/243] Linking CXX executable command_parity_tests.exe
[137/243] Linking CXX executable movement_regression.exe
[138/243] Linking CXX executable core_parity_tests.exe
[139/243] Linking CXX executable gem_view_regression.exe
[140/243] Linking CXX executable presentation_regression.exe
[141/243] Linking CXX executable dungeon_view_regression.exe
[142/243] Linking CXX executable dungeon_art_regression.exe
[143/243] Linking CXX executable travel_parity_tests.exe
[144/243] Linking CXX executable turn_parity_tests.exe
[145/243] Linking CXX executable direct_troll_handoff_regression.exe
[146/243] Linking CXX executable combat_escape_regression.exe
[147/243] Linking CXX executable input_regression.exe
[148/243] Linking CXX executable dungeon_input_regression.exe
[149/243] Linking CXX executable batch12b_hardware_regression.exe
[150/243] Linking CXX executable dungeon_combat_regression.exe
[151/243] Linking CXX executable combat_loot_open_regression.exe
[152/243] Linking CXX executable batch21a3_combat_active_player.exe
[153/243] Linking CXX executable ui_mode_regression.exe
[154/243] Linking CXX executable action_feedback_regression.exe
[155/243] Linking CXX executable batch21a_dungeon_room_regression.exe
[156/243] Linking CXX executable alpha_runtime_integration_regression.exe
[157/243] Linking CXX executable batch23_vault_parity.exe
[158/243] Linking CXX executable batch24_reload_parity.exe
[159/243] Linking CXX executable batch25_shard_ritual.exe
[160/243] Linking CXX executable batch22_basement_objects.exe
[161/243] Linking CXX executable batch27_alt_load.exe
[162/243] Linking CXX executable batch26_dungeon_save.exe
[163/243] Linking CXX executable batch28_save_validation.exe
[164/243] Linking CXX executable batch29_rest_wiring.exe
[165/243] Linking CXX executable batch30_sleep_parity.exe
[166/243] Linking CXX executable batch36_camp_housekeeping.exe
[167/243] Linking CXX executable batch31_h165_dungeon_entry.exe
[168/243] Linking CXX executable batch34_pre_sleep_npc.exe
[169/243] Linking CXX executable batch35_q_sleep_target.exe
[170/243] Linking CXX executable batch37_bed_viewport.exe
[171/243] Linking CXX executable batch32_camp_watch.exe
[172/243] Linking CXX executable batch33_cannon_npc_death.exe
[173/243] Linking CXX executable batch39_party_panel.exe
[174/243] Linking CXX executable batch41_staged_advancement.exe
[175/243] Linking CXX executable batch40_advancement.exe
[176/243] Linking CXX executable batch41_raw_key.exe
[177/243] Linking CXX executable batch42_advancement_flash.exe
[178/243] Linking CXX executable batch46_camp_invisibility.exe
[179/243] Linking CXX executable batch44_camp_ring_entry.exe
[180/243] Linking CXX executable batch43_sleep_scene.exe
[181/243] Linking CXX executable batch38_camp_duration.exe
[182/243] Linking CXX executable batch51_scene_pacing.exe
[183/243] Linking CXX executable batch51_camp_pacing.exe
[184/243] Linking CXX executable batch53a_ending_terminal.exe
[185/243] Linking CXX executable batch53b_moongate_return.exe
[186/243] Linking CXX executable a3_02_sfx_synth.exe
[187/243] Linking CXX executable a3_03_sfx_inventory.exe
[188/243] Linking CXX executable a3_01_audio_contract.exe
[189/243] Linking CXX executable batch53_release_blockers.exe
[190/243] Linking CXX executable a3_04a_audio_stream.exe
[191/243] Linking CXX executable a3_04_music_synth.exe
[192/243] Linking CXX executable a3_04b_perf.exe
[193/243] Linking CXX executable a3_01_audio_runtime.exe
[194/243] Linking CXX executable a3_04c_contention.exe
[195/243] Linking CXX executable a3_03_sfx_runtime.exe
[196/243] Linking CXX executable a3_04c_contention_runtime.exe
[197/243] Linking CXX executable a3_04b_perf_runtime.exe
[198/243] Linking CXX executable a3_02_sfx_runtime.exe
[199/243] Linking CXX executable a3_04_music_runtime.exe
[200/243] Linking CXX executable a3_04d_sd_log.exe
[201/243] Linking CXX executable a3_04d_sd_log_runtime.exe
[202/243] Linking CXX executable a3_hf1_arena_loot.exe
[203/243] Linking CXX executable a3_04f_render_runtime.exe
[204/243] Linking CXX executable a3_hf2_ambient_parity.exe
[205/243] Linking CXX executable a3_04e_pacing.exe
[206/243] Linking CXX executable a3_hf2_1_dispatch_log.exe
[207/243] Linking CXX executable a4_ui1_chrome_runtime.exe
[208/243] Linking CXX executable a3_04e_pacing_runtime.exe
[209/243] Linking CXX executable a4_ui2_title_runtime.exe
[210/243] Linking CXX executable a3_05_audio_mute.exe
[211/243] Linking CXX executable a3_hf3_combat_hit_cue.exe
[212/243] Linking CXX executable a3_hf3_combat_hit_runtime.exe
[213/243] Linking CXX executable a4_ui2_death_music_runtime.exe
[214/243] Linking CXX executable a3_05_audio_controls.exe
[215/243] Linking CXX executable a3_hf4_load_transient_runtime.exe
[216/243] Linking CXX executable a3_hf6_shrine_key_wait_runtime.exe
[217/243] Linking CXX executable a3_hf5_dialogue_pacing_runtime.exe
[218/243] Linking CXX executable a3_hf6_shrine_key_wait_pacer.exe
[219/243] Linking CXX executable a3_hf9_refuge_cadence.exe
[220/243] Linking CXX executable a3_hf7_ritual_fx_runtime.exe
[221/243] Linking CXX executable a3_hf8_sacrifice_burst_runtime.exe
[222/243] Linking CXX executable a3_hf5_dialogue_pacer.exe
[223/243] Linking CXX executable a3_hf7_ritual_fx.exe
[224/243] Linking CXX executable a3_hf10_mix_parity_runtime.exe
[225/243] Linking CXX executable a3_hf9_refuge_cadence_runtime.exe
[226/243] Linking CXX executable batch14_zstats_runtime_regression.exe
[227/243] Linking CXX executable batch19_command_char_regression.exe
[228/243] Linking CXX executable batch18_well_ceremony_regression.exe
[229/243] Linking CXX executable batch3_group_a_tests.exe
[230/243] Linking CXX executable batch3_group_b_tests.exe
[231/243] Linking CXX executable batch3_group_c_tests.exe
[232/243] Linking CXX executable batch4_group_b_tests.exe
[233/243] Linking CXX executable batch4_group_a_tests.exe
[234/243] Linking CXX executable batch5_tests.exe
[235/243] Linking CXX executable batch7b_tests.exe
[236/243] Linking CXX executable batch13_tests.exe
[237/243] Linking CXX executable batch12_combat_field_tests.exe
[238/243] Linking CXX executable batch14_zstats_model_tests.exe
[239/243] Linking CXX executable batch15_sacrifice_tests.exe
[240/243] Linking CXX executable batch45b_tests.exe
[241/243] Linking CXX executable batch17_theft_watchdog_tests.exe
[242/243] Linking CXX executable batch19_command_char_tests.exe
[243/243] Linking CXX executable blackthorn_scene_tests.exe
