[1/203] Building CXX object CMakeFiles/batch21a_dungeon_room_regression.dir/C_/Dev/OpenU5-Native/native/targets/tdeck/main/alpha_runtime.cpp.obj
[2/203] Building CXX object CMakeFiles/batch26_dungeon_save.dir/C_/Dev/OpenU5-Native/native/targets/tdeck/main/alpha_runtime.cpp.obj
[3/203] Building CXX object CMakeFiles/batch25_shard_ritual.dir/C_/Dev/OpenU5-Native/native/targets/tdeck/main/alpha_runtime.cpp.obj
[4/203] Building CXX object CMakeFiles/alpha_runtime_integration_regression.dir/C_/Dev/OpenU5-Native/native/targets/tdeck/main/alpha_runtime.cpp.obj
[5/203] Building CXX object CMakeFiles/batch24_reload_parity.dir/C_/Dev/OpenU5-Native/native/targets/tdeck/main/alpha_runtime.cpp.obj
[6/203] Building CXX object CMakeFiles/batch27_alt_load.dir/C_/Dev/OpenU5-Native/native/targets/tdeck/main/alpha_runtime.cpp.obj
[7/203] Building CXX object CMakeFiles/batch22_basement_objects.dir/C_/Dev/OpenU5-Native/native/targets/tdeck/main/alpha_runtime.cpp.obj
[8/203] Building CXX object CMakeFiles/batch46_camp_invisibility.dir/C_/Dev/OpenU5-Native/native/targets/tdeck/main/alpha_runtime.cpp.obj
[9/203] Building CXX object CMakeFiles/batch28_save_validation.dir/C_/Dev/OpenU5-Native/native/targets/tdeck/main/alpha_runtime.cpp.obj
[10/203] Building CXX object CMakeFiles/batch33_cannon_npc_death.dir/C_/Dev/OpenU5-Native/native/targets/tdeck/main/alpha_runtime.cpp.obj
[11/203] Building CXX object CMakeFiles/batch29_rest_wiring.dir/C_/Dev/OpenU5-Native/native/targets/tdeck/main/alpha_runtime.cpp.obj
[12/203] Building CXX object CMakeFiles/batch35_q_sleep_target.dir/C_/Dev/OpenU5-Native/native/targets/tdeck/main/alpha_runtime.cpp.obj
[13/203] Building CXX object CMakeFiles/batch23_vault_parity.dir/C_/Dev/OpenU5-Native/native/targets/tdeck/main/alpha_runtime.cpp.obj
[14/203] Building CXX object CMakeFiles/batch37_bed_viewport.dir/C_/Dev/OpenU5-Native/native/targets/tdeck/main/alpha_runtime.cpp.obj
[15/203] Building CXX object CMakeFiles/a3_01_audio_runtime.dir/C_/Dev/OpenU5-Native/native/targets/tdeck/main/alpha_runtime.cpp.obj
[16/203] Building CXX object CMakeFiles/batch34_pre_sleep_npc.dir/C_/Dev/OpenU5-Native/native/targets/tdeck/main/alpha_runtime.cpp.obj
[17/203] Building CXX object CMakeFiles/batch43_sleep_scene.dir/C_/Dev/OpenU5-Native/native/targets/tdeck/main/alpha_runtime.cpp.obj
[18/203] Building CXX object CMakeFiles/batch41_raw_key.dir/C_/Dev/OpenU5-Native/native/targets/tdeck/main/alpha_runtime.cpp.obj
[19/203] Building CXX object CMakeFiles/batch44_camp_ring_entry.dir/C_/Dev/OpenU5-Native/native/targets/tdeck/main/alpha_runtime.cpp.obj
[20/203] Building CXX object CMakeFiles/batch51_camp_pacing.dir/C_/Dev/OpenU5-Native/native/targets/tdeck/main/alpha_runtime.cpp.obj
[21/203] Building CXX object CMakeFiles/batch30_sleep_parity.dir/C_/Dev/OpenU5-Native/native/targets/tdeck/main/alpha_runtime.cpp.obj
[22/203] Building CXX object CMakeFiles/batch31_h165_dungeon_entry.dir/C_/Dev/OpenU5-Native/native/targets/tdeck/main/alpha_runtime.cpp.obj
[23/203] Building CXX object CMakeFiles/batch32_camp_watch.dir/C_/Dev/OpenU5-Native/native/targets/tdeck/main/alpha_runtime.cpp.obj
[24/203] Building CXX object CMakeFiles/batch53a_ending_terminal.dir/C_/Dev/OpenU5-Native/native/targets/tdeck/main/alpha_runtime.cpp.obj
[25/203] Building CXX object CMakeFiles/batch53_release_blockers.dir/C_/Dev/OpenU5-Native/native/targets/tdeck/main/alpha_runtime.cpp.obj
[26/203] Building CXX object CMakeFiles/batch38_camp_duration.dir/C_/Dev/OpenU5-Native/native/targets/tdeck/main/alpha_runtime.cpp.obj
[27/203] Building CXX object CMakeFiles/batch53b_moongate_return.dir/C_/Dev/OpenU5-Native/native/targets/tdeck/main/alpha_runtime.cpp.obj
[28/203] Building CXX object CMakeFiles/batch36_camp_housekeeping.dir/C_/Dev/OpenU5-Native/native/targets/tdeck/main/alpha_runtime.cpp.obj
[29/203] Building CXX object CMakeFiles/batch42_advancement_flash.dir/C_/Dev/OpenU5-Native/native/targets/tdeck/main/alpha_runtime.cpp.obj
[30/203] Building CXX object CMakeFiles/batch39_party_panel.dir/C_/Dev/OpenU5-Native/native/targets/tdeck/main/alpha_runtime.cpp.obj
[31/203] Building CXX object CMakeFiles/a4_save1_recovery_runtime.dir/C_/Dev/OpenU5-Native/native/targets/tdeck/main/alpha_save.cpp.obj
[32/203] Building CXX object CMakeFiles/a3_04g_storage_runtime.dir/C_/Dev/OpenU5-Native/native/targets/tdeck/main/alpha_save.cpp.obj
[33/203] Building CXX object CMakeFiles/a3_04_music_runtime.dir/C_/Dev/OpenU5-Native/native/targets/tdeck/main/alpha_runtime.cpp.obj
[34/203] Building CXX object CMakeFiles/a3_03_sfx_runtime.dir/C_/Dev/OpenU5-Native/native/targets/tdeck/main/alpha_runtime.cpp.obj
[35/203] Building CXX object CMakeFiles/a3_02_sfx_runtime.dir/C_/Dev/OpenU5-Native/native/targets/tdeck/main/alpha_runtime.cpp.obj
[36/203] Linking CXX executable display_names_tests.exe
[37/203] Linking CXX executable ui_session_tests.exe
[38/203] Linking CXX executable quest_search_tests.exe
[39/203] Building CXX object CMakeFiles/a3_04d_sd_log_runtime.dir/C_/Dev/OpenU5-Native/native/targets/tdeck/main/alpha_runtime.cpp.obj
[40/203] Building CXX object CMakeFiles/a3_04b_perf_runtime.dir/C_/Dev/OpenU5-Native/native/targets/tdeck/main/alpha_runtime.cpp.obj
[41/203] Building CXX object CMakeFiles/a3_04f_render_runtime.dir/C_/Dev/OpenU5-Native/native/targets/tdeck/main/alpha_runtime.cpp.obj
[42/203] Building CXX object CMakeFiles/a3_04c_contention_runtime.dir/C_/Dev/OpenU5-Native/native/targets/tdeck/main/alpha_runtime.cpp.obj
[43/203] Building CXX object CMakeFiles/a4_ui1_chrome_runtime.dir/C_/Dev/OpenU5-Native/native/targets/tdeck/host_tests/a4_ui1_chrome_runtime_test.cpp.obj
[44/203] Building CXX object CMakeFiles/a3_hf2_ambient_parity.dir/C_/Dev/OpenU5-Native/native/targets/tdeck/main/alpha_runtime.cpp.obj
[45/203] Building CXX object CMakeFiles/a3_hf1_arena_loot.dir/C_/Dev/OpenU5-Native/native/targets/tdeck/main/alpha_runtime.cpp.obj
[46/203] Building CXX object CMakeFiles/a3_04e_pacing_runtime.dir/C_/Dev/OpenU5-Native/native/targets/tdeck/main/alpha_runtime.cpp.obj
[47/203] Linking CXX executable debug_labels_tests.exe
[48/203] Linking CXX executable batch21b_chest_reset.exe
[49/203] Linking CXX executable ui_host_harness.exe
[50/203] Linking CXX executable ui_debug_menu_tests.exe
[51/203] Linking CXX executable measure_ui_sizes.exe
[52/203] Linking CXX executable debug_map_picker_tests.exe
[53/203] Linking CXX executable debug_developer_tests.exe
[54/203] Building CXX object CMakeFiles/a3_hf2_1_dispatch_log.dir/C_/Dev/OpenU5-Native/native/targets/tdeck/main/alpha_runtime.cpp.obj
[55/203] Building CXX object CMakeFiles/a4_ui2_death_music_runtime.dir/C_/Dev/OpenU5-Native/native/targets/tdeck/main/alpha_runtime.cpp.obj
[56/203] Linking CXX executable gameplay_integration_tests.exe
[57/203] Linking CXX executable look_sign_tests.exe
[58/203] Building CXX object CMakeFiles/a3_05_audio_controls.dir/C_/Dev/OpenU5-Native/native/targets/tdeck/main/alpha_runtime.cpp.obj
[59/203] Building CXX object CMakeFiles/a3_hf3_combat_hit_runtime.dir/C_/Dev/OpenU5-Native/native/targets/tdeck/main/alpha_runtime.cpp.obj
[60/203] Linking CXX executable gameplay_driver.exe
[61/203] Building CXX object CMakeFiles/a3_hf8_sacrifice_burst_runtime.dir/C_/Dev/OpenU5-Native/native/targets/tdeck/main/alpha_runtime.cpp.obj
[62/203] Building CXX object CMakeFiles/a4_ui1_chrome_runtime.dir/C_/Dev/OpenU5-Native/native/targets/tdeck/main/alpha_runtime.cpp.obj
[63/203] Linking CXX executable movement_flow_parity_tests.exe
[64/203] Building CXX object CMakeFiles/a4_ui2_title_runtime.dir/C_/Dev/OpenU5-Native/native/targets/tdeck/main/alpha_runtime.cpp.obj
[65/203] Building CXX object CMakeFiles/a3_hf10_mix_parity_runtime.dir/C_/Dev/OpenU5-Native/native/targets/tdeck/main/alpha_runtime.cpp.obj
[66/203] Building CXX object CMakeFiles/a3_04g_storage_runtime.dir/C_/Dev/OpenU5-Native/native/targets/tdeck/main/alpha_runtime.cpp.obj
[67/203] Linking CXX executable shop_parity_tests.exe
[68/203] Building CXX object CMakeFiles/a3_hf9_refuge_cadence_runtime.dir/C_/Dev/OpenU5-Native/native/targets/tdeck/main/alpha_runtime.cpp.obj
[69/203] Linking CXX executable shop_adapter_tests.exe
[70/203] Linking CXX executable quest_driver.exe
[71/203] Linking CXX executable persistence_driver.exe
[72/203] Linking CXX executable dialogue_adapter_tests.exe
[73/203] Linking CXX executable dialogue_parity_tests.exe
[74/203] Linking CXX executable transport_flow_parity_tests.exe
[75/203] Linking CXX executable shop_flow_tests.exe
[76/203] Building CXX object CMakeFiles/a4_save1_recovery_runtime.dir/C_/Dev/OpenU5-Native/native/targets/tdeck/main/alpha_runtime.cpp.obj
[77/203] Linking CXX executable world_flow_adapter_tests.exe
[78/203] Building CXX object CMakeFiles/a4_ui2_save_menu_runtime.dir/C_/Dev/OpenU5-Native/native/targets/tdeck/main/alpha_runtime.cpp.obj
[79/203] Building CXX object CMakeFiles/a3_hf4_load_transient_runtime.dir/C_/Dev/OpenU5-Native/native/targets/tdeck/main/alpha_runtime.cpp.obj
[80/203] Linking CXX executable world_flow_parity_tests.exe
[81/203] Linking CXX executable dungeon_flow_parity_tests.exe
[82/203] Linking CXX executable core_parity_tests.exe
[83/203] Building CXX object CMakeFiles/batch14_zstats_runtime_regression.dir/C_/Dev/OpenU5-Native/native/targets/tdeck/main/alpha_runtime.cpp.obj
[84/203] Building CXX object CMakeFiles/a3_hf5_dialogue_pacing_runtime.dir/C_/Dev/OpenU5-Native/native/targets/tdeck/main/alpha_runtime.cpp.obj
[85/203] Linking CXX executable advanced_combat_parity_tests.exe
[86/203] Linking CXX executable combat_parity_tests.exe
[87/203] Linking CXX executable magic_parity_tests.exe
[88/203] Linking CXX executable dungeon_parity_tests.exe
[89/203] Building CXX object CMakeFiles/a3_hf6_shrine_key_wait_runtime.dir/C_/Dev/OpenU5-Native/native/targets/tdeck/main/alpha_runtime.cpp.obj
[90/203] Linking CXX executable command_parity_tests.exe
[91/203] Linking CXX executable item_parity_tests.exe
[92/203] Building CXX object CMakeFiles/a3_hf7_ritual_fx_runtime.dir/C_/Dev/OpenU5-Native/native/targets/tdeck/main/alpha_runtime.cpp.obj
[93/203] Linking CXX executable movement_regression.exe
[94/203] Linking CXX executable dungeon_input_regression.exe
[95/203] Linking CXX executable input_regression.exe
[96/203] Linking CXX executable travel_parity_tests.exe
[97/203] Linking CXX executable turn_parity_tests.exe
[98/203] Linking CXX executable ui_mode_regression.exe
[99/203] Linking CXX executable combat_escape_regression.exe
[100/203] Linking CXX executable dungeon_art_regression.exe
[101/203] Linking CXX executable dungeon_view_regression.exe
[102/203] Linking CXX executable direct_troll_handoff_regression.exe
[103/203] Linking CXX executable gem_view_regression.exe
[104/203] Linking CXX executable batch22_basement_objects.exe
[105/203] Linking CXX executable batch12b_hardware_regression.exe
[106/203] Linking CXX executable dungeon_combat_regression.exe
[107/203] Linking CXX executable presentation_regression.exe
[108/203] Linking CXX executable action_feedback_regression.exe
[109/203] Linking CXX executable combat_loot_open_regression.exe
[110/203] Linking CXX executable alpha_runtime_integration_regression.exe
[111/203] Linking CXX executable batch21a3_combat_active_player.exe
[112/203] Linking CXX executable batch21a_dungeon_room_regression.exe
[113/203] Linking CXX executable batch25_shard_ritual.exe
[114/203] Linking CXX executable batch24_reload_parity.exe
[115/203] Linking CXX executable batch26_dungeon_save.exe
[116/203] Linking CXX executable batch23_vault_parity.exe
[117/203] Linking CXX executable batch29_rest_wiring.exe
[118/203] Linking CXX executable batch28_save_validation.exe
[119/203] Linking CXX executable batch30_sleep_parity.exe
[120/203] Linking CXX executable batch31_h165_dungeon_entry.exe
[121/203] Linking CXX executable batch27_alt_load.exe
[122/203] Linking CXX executable batch33_cannon_npc_death.exe
[123/203] Linking CXX executable batch35_q_sleep_target.exe
[124/203] Linking CXX executable batch32_camp_watch.exe
[125/203] Linking CXX executable batch34_pre_sleep_npc.exe
[126/203] Linking CXX executable batch37_bed_viewport.exe
[127/203] Linking CXX executable batch36_camp_housekeeping.exe
[128/203] Linking CXX executable batch39_party_panel.exe
[129/203] Linking CXX executable batch41_raw_key.exe
[130/203] Linking CXX executable batch42_advancement_flash.exe
[131/203] Linking CXX executable batch43_sleep_scene.exe
[132/203] Linking CXX executable batch41_staged_advancement.exe
[133/203] Linking CXX executable batch40_advancement.exe
[134/203] Linking CXX executable batch51_scene_pacing.exe
[135/203] Linking CXX executable batch44_camp_ring_entry.exe
[136/203] Linking CXX executable batch46_camp_invisibility.exe
[137/203] Linking CXX executable batch38_camp_duration.exe
[138/203] Linking CXX executable batch51_camp_pacing.exe
[139/203] Linking CXX executable batch53a_ending_terminal.exe
[140/203] Linking CXX executable batch53b_moongate_return.exe
[141/203] Linking CXX executable batch53_release_blockers.exe
[142/203] Linking CXX executable a3_03_sfx_inventory.exe
[143/203] Linking CXX executable a3_01_audio_contract.exe
[144/203] Linking CXX executable a3_02_sfx_synth.exe
[145/203] Linking CXX executable a3_04_music_synth.exe
[146/203] Linking CXX executable a3_hf1_arena_loot.exe
[147/203] Linking CXX executable a3_04c_contention.exe
[148/203] Linking CXX executable a3_04b_perf.exe
[149/203] Linking CXX executable a3_hf2_ambient_parity.exe
[150/203] Linking CXX executable a3_04a_audio_stream.exe
[151/203] Linking CXX executable a3_04f_render_runtime.exe
[152/203] Linking CXX executable a3_03_sfx_runtime.exe
[153/203] Linking CXX executable a3_04d_sd_log.exe
[154/203] Linking CXX executable a3_04b_perf_runtime.exe
[155/203] Linking CXX executable a4_ui2_death_music_runtime.exe
[156/203] Linking CXX executable a3_hf3_combat_hit_cue.exe
[157/203] Linking CXX executable a3_02_sfx_runtime.exe
[158/203] Linking CXX executable a3_04e_pacing.exe
[159/203] Linking CXX executable a3_04c_contention_runtime.exe
[160/203] Linking CXX executable a3_04_music_runtime.exe
[161/203] Linking CXX executable a3_04e_pacing_runtime.exe
[162/203] Linking CXX executable a3_04d_sd_log_runtime.exe
[163/203] Linking CXX executable a3_hf2_1_dispatch_log.exe
[164/203] Linking CXX executable a3_01_audio_runtime.exe
[165/203] Linking CXX executable a3_hf3_combat_hit_runtime.exe
[166/203] Linking CXX executable a4_ui2_title_runtime.exe
[167/203] Linking CXX executable a4_ui1_chrome_runtime.exe
[168/203] Linking CXX executable a3_05_audio_mute.exe
[169/203] Linking CXX executable a4_ui2_save_menu_runtime.exe
[170/203] Linking CXX executable a3_hf6_shrine_key_wait_pacer.exe
[171/203] Linking CXX executable a3_05_audio_controls.exe
[172/203] Linking CXX executable a3_hf4_load_transient_runtime.exe
[173/203] Linking CXX executable a3_hf5_dialogue_pacing_runtime.exe
[174/203] Linking CXX executable a3_hf7_ritual_fx_runtime.exe
[175/203] Linking CXX executable a3_hf9_refuge_cadence.exe
[176/203] Linking CXX executable a3_hf7_ritual_fx.exe
[177/203] Linking CXX executable a3_hf6_shrine_key_wait_runtime.exe
[178/203] Linking CXX executable a3_hf8_sacrifice_burst_runtime.exe
[179/203] Linking CXX executable a3_hf5_dialogue_pacer.exe
[180/203] Linking CXX executable a3_hf9_refuge_cadence_runtime.exe
[181/203] Linking CXX executable a3_04g_storage_runtime.exe
[182/203] Linking CXX executable a4_save1_recovery_runtime.exe
[183/203] Linking CXX executable a3_hf10_mix_parity_runtime.exe
[184/203] Linking CXX executable batch14_zstats_model_tests.exe
[185/203] Linking CXX executable batch3_group_c_tests.exe
[186/203] Linking CXX executable batch3_group_a_tests.exe
[187/203] Linking CXX executable batch14_zstats_runtime_regression.exe
[188/203] Linking CXX executable batch3_group_b_tests.exe
[189/203] Linking CXX executable batch4_group_b_tests.exe
[190/203] Linking CXX executable batch4_group_a_tests.exe
[191/203] Linking CXX executable batch7b_tests.exe
[192/203] Linking CXX executable batch5_tests.exe
[193/203] Linking CXX executable batch13_tests.exe
[194/203] Linking CXX executable batch12_combat_field_tests.exe
[195/203] Linking CXX executable batch45b_tests.exe
[196/203] Linking CXX executable batch17_theft_watchdog_tests.exe
[197/203] Linking CXX executable batch15_sacrifice_tests.exe
[198/203] Linking CXX executable batch19_command_char_tests.exe
[199/203] Linking CXX executable blackthorn_scene_tests.exe
[200/203] Building CXX object CMakeFiles/batch19_command_char_regression.dir/C_/Dev/OpenU5-Native/native/targets/tdeck/main/alpha_runtime.cpp.obj
[201/203] Building CXX object CMakeFiles/batch18_well_ceremony_regression.dir/C_/Dev/OpenU5-Native/native/targets/tdeck/main/alpha_runtime.cpp.obj
[202/203] Linking CXX executable batch19_command_char_regression.exe
[203/203] Linking CXX executable batch18_well_ceremony_regression.exe
