M  the System Menu
GREEN M1 the rows name the actions: Resume | Save Game | Load Game | Settings | Return to Title
GREEN M2 the selected row says what it will do (Save: "Saves now; the previous save becomes the backup"; Return to Title: "Unsaved progress will be lost")
GREEN M3 the first save: the footer says "Saved." (the transcript line is kept)
GREEN M4 a save over a save says what it overwrote: "Saved. The previous save is now the backup."
GREEN M5 the notice lasts until the next key
L  Load Game
GREEN L1 two rows by age, leader and place: "Latest: Avery, Britannia" / "Backup: Avery, Iolo's Hut" (was "Generation 1/2" by slot)
GREEN L2 the selected row's date, time and party: "4-5-139 13:05, party of 2. Enter loads" / "4-5-139 12:00, party of 2. Enter loads"
GREEN L3 Enter on Backup loads that older save (back at Iolo's Hut, 12:00)
GREEN L4 Enter on Latest is Continue: the newer save (Britannia, 13:05)
GREEN L5 after a third save (the newer save now in the HIGHER slot) Latest is still the newest: "4-5-139 14:10, party of 2. Enter loads"
GREEN L6 a damaged latest save says so, and what Enter does: "Damaged: Enter loads the backup instead"
GREEN L7 ... and Enter on it loads the backup (Continue's fallback, unchanged)
GREEN L8 a damaged backup: listed damaged, and Enter says it cannot load (was a silent no-op): "That backup is damaged and cannot load"
GREEN L9 one save: "Backup: none yet", its footer explains backups, Enter says there is none
GREEN L10 an empty card: "Latest: no save yet"; Enter still reports "No valid save" (unchanged)
F  the title
GREEN F1 "Create New Character" warns that the current save becomes the backup: "New game: your current save becomes the backup"
GREEN F2 Journey Onward: "Continue | Load Game", naming the save Continue loads: "Latest save: Avery, Britannia"
GREEN F2b the subtitle is drawn whole: its bottom glyph rows (y=20..21) survive the body (108 px lit)
GREEN F3 the title's Load Game lists the same rows: "Latest: Avery, Britannia | Backup: Avery, Iolo's Hut"
GREEN F4 Back from Load Game returns to Journey Onward, on Load Game (it went to the main menu)
GREEN F5 Backup loads the older save and enters the game
Z  fit
GREEN Z1 the longest row is cut to the 36 cells Large text shows ("Latest: Shamino12, Lord British's Ca"); footers fit 50 (40)
A4-UI2 save menu runtime: 22/22 checks
