== a3_04a_hotpath_check (build-a4-ui4-hf1)
# A3-04A firmware hot-path check: C:\Dev\OpenU5-Native\native\targets\tdeck\build-a4-ui4-hf1\openu5_tdeck.elf

generate(): 483 instructions, 3 call sites: openu5::OplEmulator::Operator::envelope_step(unsigned long, unsigned char), openu5::OplEmulator::refresh_vibrato()
functions reachable from generate(): 3
    openu5::OplEmulator::Operator::envelope_step(unsigned long,     59 instructions
    openu5::OplEmulator::Operator::refresh_envelope(unsigned cha    51 instructions
    openu5::OplEmulator::refresh_vibrato()                          71 instructions

GREEN no guard, lock, allocation, log or delay is reachable from the per-sample path

== a3_04b_iram_check (build-a4-ui4-hf1)
# A3-04B firmware IRAM check: C:\Dev\OpenU5-Native\native\targets\tdeck\build-a4-ui4-hf1\openu5_tdeck.elf

functions reached from render_block(): 25
    403832a8 IRAM    20 insns  openu5::apply_gain_q15(short, unsigned short)
    403832e0 IRAM   118 insns  openu5::AudioRingPump::render_block(unsigned short, unsigned short)
    40383418 IRAM    84 insns  openu5::AudioPerfCounters::on_render(unsigned long, unsigned long, unsigned long, unsigned
    403834f8 IRAM    71 insns  openu5::OplEmulator::refresh_vibrato()
    403835c0 IRAM    59 insns  openu5::OplEmulator::Operator::envelope_step(unsigned long, unsigned char)
    4038365c IRAM    51 insns  openu5::OplEmulator::Operator::refresh_envelope(unsigned char)
    403836e4 IRAM   483 insns  openu5::OplEmulator::generate(float*, float*, unsigned int, unsigned int)
    40383bf0 IRAM   289 insns  openu5::MusicSongPlayer::render(short*, unsigned int, unsigned long, unsigned short)
    40383ef4 IRAM   147 insns  openu5::MusicSongPlayer::fill_chip(float*, float*, unsigned int, unsigned int)
    40384074 IRAM    26 insns  openu5::OplEmulator::sounding_channels() const
    403840bc IRAM    25 insns  openu5::OplVoiceAllocator::active_voices() const
    40384100 IRAM   112 insns  openu5::SpeakerVoice::fine_level()
    4038423c IRAM    74 insns  openu5::SpeakerVoice::begin_segment()
    40384310 IRAM    92 insns  openu5::SpeakerVoice::begin_iteration()
    40384418 IRAM   182 insns  openu5::SpeakerVoice::render(long*, unsigned int)
    40384608 IRAM    12 insns  openu5::(anonymous namespace)::pit_divisor(unsigned long)
    4038462c IRAM    10 insns  openu5::(anonymous namespace)::pit_phase_inc(unsigned long)
    40384648 IRAM    16 insns  openu5::speaker_noise_draw(unsigned short&, unsigned short)
    40384674 IRAM    14 insns  openu5::speaker_noise_next(unsigned short)
    4038469c IRAM    16 insns  openu5::speaker_rumble_draw(unsigned short&, unsigned short, unsigned short)
    403846c8 IRAM    71 insns  openu5::SfxPlayer::render(short*, unsigned int, unsigned short)
    420a8304 FLASH   66 insns  _ZN6openu515MusicSongPlayer15ensure_capacityEj$part$0  (allowed: once per song size: the chip buffer)
    420aaa48 FLASH   67 insns  openu5::MusicSongPlayer::dispatch(openu5::MusicEvent const&)  (allowed: per MIDI event (the voice allocator))
    420ab308 FLASH   16 insns  openu5::speaker_segment_frames(openu5::SpeakerSegment const&)  <-- FLASH on the per-sample path
    420ac160 FLASH   29 insns  openu5::SfxPlayer::start_next()  (allowed: per cue start (compile_sfx, queue))

per-sample openu5::OplEmulator::generate(float*, float*, unsigned int,  IRAM
per-sample openu5::MusicSongPlayer::render(short*, unsigned int, unsign IRAM
per-sample openu5::SfxPlayer::render(short*, unsigned int, unsigned sho IRAM

FLASH  openu5::speaker_segment_frames <- openu5::SpeakerVoice::begin_segment <- openu5::SpeakerVoice::render <- openu5::SfxPlayer::render <- openu5::AudioRingPump::render_block

RED the per-sample audio path still uses the flash cache: 1 flash function(s), 0 flash .rodata read(s), 0 banned call(s)

