# HEAD's Board / runtime with the working a4_ui1 checks
GREEN P1 the pack has an "ibm.ch" entry of 1,024 B (128 records x 8) among its 43 entries
GREEN P2 its bytes are the game's IBM.CH, byte for byte (1024 B on disk)
GREEN P3 load() puts the 1,024 font bytes in the owners (ibm_font), unchanged
GREEN P4 the firmware's identity lock names THIS pack (2042554 B)
GREEN P5 a pack without "ibm.ch" is refused by NAME at open() (ESP_ERR_NOT_FOUND, got 261)
RED C1 the right rule x=318 is whole beside the roster and status boxes after a full render (2 of 83 rows white)
RED C2 the frame band, rules and boxes are where the approved mockup puts them (1 of 18): left frame band (1,100)=0000; play-window rule, left (3,100)=07ff; play-window rule, right (180,100)=07ff; separator band (181,100)=07ff; top frame band (90,2)=07ff; frame band under the wind strip (90,182)=0000
RED C3 no #00FFFF frame is left anywhere outside the location caption and the console (2019 cyan pixels)
RED R1 the roster rows are IBM.CH at x=188: name(9) -> HP(4) status, the active member tinted as before (1013 pixels differ)
RED R2 no -> on an active member who is asleep (roster.ts: the arrow is suppressed for 'S' and 'D')
RED S1 F:246 on the left, G:411 on the right, IBM.CH at y=68 (279 pixels differ)
RED S2 the date 4-5-139 (month-day-year) with the digital time 06:40 kept on the right, IBM.CH at y=78 (234 pixels differ)
GREEN S3 the location caption ("Iolo's Hut") keeps its compact font at y=58 (######.###............)
RED S4 Movement Mode at "Lord British's Castle": the caption reads "Lord British's Ca MOVE" -- clipped to 17, one blank cell, MOVE in green (####.#########.######.)
GREEN S6 out of Movement Mode the whole name shows (####.#########.######.)
RED S5 Movement Mode at "Palace of Blackthorn": the caption reads "Palace of Blackth MOVE" -- clipped to 17, one blank cell, MOVE in green (######.##.##########..)
GREEN S7 out of Movement Mode the whole name shows (######.##.##########..)
RED B1 the sky strip's last row and the wind strip's first row are the white rule that bounds the map (0, 13 of 176)
RED B2 the sky strip is band with a black notch over the 12-cell track and the original's > < ends
RED B3 the wind strip's caption is the wind table's own text in IBM.CH, centred in the notch ("Calm  Winds", 239 pixels differ)
RED B4 a mounted dungeon captions the same bands: L3 above, Dir:  North below (50, 201 pixels differ)
RED F1 title Settings: >Settings< in the top band, white-ruled content window, row 0 in reverse video, grey footer
RED F2 moving the selection moves the reverse video (row 0 plain, row 1 inverted) and redraws exactly those two rows: 2 windows, 4864 px (Alpha 3: 2 x 304 x 8 = 4864)
RED F7 changing a value redraws that one row, still inverted: 1 window, 2432 px
RED F4 title Settings (Large): >Settings< in the top band, white-ruled content window, row 0 in reverse video, grey footer
RED F5 moving the selection moves the reverse video (Large) (row 0 plain, row 1 inverted) and redraws exactly those two rows: 2 windows, 6080 px (Alpha 3: 2 x 304 x 10 = 6080)
RED F8 changing a value redraws that one row, still inverted (Large): 1 window, 3040 px
RED F3 System Menu: >System Menu< band caption, Resume in reverse video, grey footer
RED F6 the main menu under the title art uses the same reverse-video selection (Journey Onward) and grey footer
RED G1 every scripted screen equals the recorded A4-UI1 golden (0 of 8 states; 0 recorded)
A4-UI1 chrome runtime: 8/30 checks
