[1/84] Linking CXX executable frontend_tests.exe
[2/84] Linking CXX executable display_names_tests.exe
[3/84] Linking CXX executable ui_session_tests.exe
[4/84] Linking CXX executable debug_labels_tests.exe
[5/84] Linking CXX executable batch21b_chest_reset.exe
[6/84] Linking CXX executable quest_search_tests.exe
[7/84] Linking CXX executable measure_ui_sizes.exe
[8/84] Linking CXX executable ui_host_harness.exe
[9/84] Linking CXX executable ui_debug_menu_tests.exe
[10/84] Linking CXX executable debug_map_picker_tests.exe
[11/84] Linking CXX executable debug_developer_tests.exe
[12/84] Linking CXX executable gameplay_integration_tests.exe
[13/84] Linking CXX executable look_sign_tests.exe
[14/84] Linking CXX executable gameplay_driver.exe
[15/84] Linking CXX executable movement_flow_parity_tests.exe
[16/84] Linking CXX executable quest_driver.exe
[17/84] Linking CXX executable shop_parity_tests.exe
[18/84] Linking CXX executable shop_adapter_tests.exe
[19/84] Linking CXX executable persistence_driver.exe
[20/84] Linking CXX executable shop_flow_tests.exe
[21/84] Linking CXX executable dialogue_adapter_tests.exe
[22/84] Linking CXX executable dialogue_parity_tests.exe
[23/84] Linking CXX executable transport_flow_parity_tests.exe
[24/84] Linking CXX executable world_flow_adapter_tests.exe
[25/84] Linking CXX executable dungeon_flow_parity_tests.exe
[26/84] Linking CXX executable core_parity_tests.exe
[27/84] Linking CXX executable world_flow_parity_tests.exe
[28/84] Linking CXX executable dungeon_parity_tests.exe
[29/84] Linking CXX executable advanced_combat_parity_tests.exe
[30/84] Linking CXX executable magic_parity_tests.exe
[31/84] Linking CXX executable item_parity_tests.exe
[32/84] Linking CXX executable combat_parity_tests.exe
[33/84] Linking CXX executable command_parity_tests.exe
[34/84] Linking CXX executable movement_regression.exe
[35/84] Linking CXX executable travel_parity_tests.exe
[36/84] Linking CXX executable dungeon_view_regression.exe
[37/84] Linking CXX executable presentation_regression.exe
[38/84] Linking CXX executable dungeon_art_regression.exe
[39/84] Linking CXX executable gem_view_regression.exe
[40/84] Linking CXX executable turn_parity_tests.exe
[41/84] Linking CXX executable combat_escape_regression.exe
[42/84] Linking CXX executable direct_troll_handoff_regression.exe
[43/84] Linking CXX executable combat_loot_open_regression.exe
[44/84] Linking CXX executable input_regression.exe
[45/84] Linking CXX executable dungeon_input_regression.exe
[46/84] Linking CXX executable ui_mode_regression.exe
[47/84] Linking CXX executable batch21a3_combat_active_player.exe
[48/84] Linking CXX executable dungeon_combat_regression.exe
[49/84] Linking CXX executable batch12b_hardware_regression.exe
[50/84] Linking CXX executable action_feedback_regression.exe
[51/84] Linking CXX executable alpha_runtime_integration_regression.exe
[52/84] Linking CXX executable batch21a_dungeon_room_regression.exe
[53/84] Linking CXX executable batch22_basement_objects.exe
[54/84] Linking CXX executable batch23_vault_parity.exe
[55/84] Linking CXX executable batch24_reload_parity.exe
[56/84] Linking CXX executable batch25_shard_ritual.exe
[57/84] Linking CXX executable batch26_dungeon_save.exe
[58/84] Linking CXX executable batch27_alt_load.exe
[59/84] Linking CXX executable batch28_save_validation.exe
[60/84] Linking CXX executable batch29_rest_wiring.exe
[61/84] Linking CXX executable batch30_sleep_parity.exe
[62/84] Linking CXX executable batch31_h165_dungeon_entry.exe
[63/84] Linking CXX executable batch32_camp_watch.exe
[64/84] Linking CXX executable batch33_cannon_npc_death.exe
[65/84] Linking CXX executable batch34_pre_sleep_npc.exe
[66/84] Linking CXX executable batch35_q_sleep_target.exe
[67/84] Linking CXX executable batch14_zstats_runtime_regression.exe
[68/84] Linking CXX executable batch18_well_ceremony_regression.exe
[69/84] Linking CXX executable batch19_command_char_regression.exe
[70/84] Linking CXX executable batch3_group_a_tests.exe
[71/84] Linking CXX executable batch3_group_b_tests.exe
[72/84] Linking CXX executable batch3_group_c_tests.exe
[73/84] Linking CXX executable batch4_group_a_tests.exe
[74/84] Linking CXX executable batch4_group_b_tests.exe
[75/84] Linking CXX executable batch5_tests.exe
[76/84] Linking CXX executable batch14_zstats_model_tests.exe
[77/84] Linking CXX executable batch7b_tests.exe
[78/84] Linking CXX executable batch12_combat_field_tests.exe
[79/84] Linking CXX executable batch13_tests.exe
[80/84] Linking CXX executable batch15_sacrifice_tests.exe
[81/84] Linking CXX executable batch17_theft_watchdog_tests.exe
[82/84] Linking CXX executable batch19_command_char_tests.exe
[83/84] Linking CXX executable blackthorn_scene_tests.exe
[84/84] Linking CXX executable batch45b_tests.exe
