Batch 37 H-172 raw shipped CMDS.OVL bytes
source: original/u5/ultima5/CMDS.OVL
SHA-256: 56dccb08f88957383f3dbb6765e5e86049ac6b765cef3e18a3b1da209234a258
Offsets are overlay file offsets. Branch/call semantics cross-checked with re/notes/cama-apagon-296.md and Batch 34/35 archaeology.

accepted pre-sleep loop, party status, Zzz, color-zero viewport fill: 05b4-0626
05b4: 2b f6 a0 7f 58 2a e4 50 e8 73 b5 e8 ce 93 80 3e
05c4: be 65 61 75 07 89 76 f8 e9 19 01 90 46 83 fe 10
05d4: 7c e0 89 76 f8 a0 7b 58 2a e4 89 46 fe c7 46 f8
05e4: 00 00 a0 5b 58 0b c0 74 1d 8b d0 be b3 55 8b 4e
05f4: f8 80 3c 47 75 03 c6 04 53 83 c6 20 41 8b c1 3b
0604: c2 72 ee 89 4e f8 e8 73 63 b8 1e 42 50 e8 bc 52
0614: 2b c0 50 e8 d6 44 b8 08 00 50 50 b8 b7 00 50 50
0624: e8 ff 44

sleep loop and housekeeping/snap/occupancy: 0627-0691
0627: a0 7f 58 2a e4 8b f8 8b 76 fa eb 08 90 b8 01 00
0637: 50 e8 3f 5b 8b c6 8a 0e 7f 58 2a ed 3b c1 74 4b
0647: b8 0a 00 50 e8 ae 89 8b c7 8a 0e 7f 58 2a ed 3b
0657: c1 74 0d 80 f9 14 74 05 80 f9 05 75 03 e8 b3 b4
0667: a0 7f 58 2a e4 8b f8 e8 93 84 e8 f4 64 e8 09 63
0677: e8 94 b4 a0 96 58 2a e4 50 a0 97 58 50 a0 95 58
0687: 50 e8 83 70 0b c0 74 a5 be ff ff

common wake/east-step epilogue: 0692-06e3
0692: 89 7e f6 89 76 fa 83 fe ff 75 07 b8 2a 42 50 e8
06a2: 2c 52 c7 46 f8 00 00 a0 5b 58 2a e4 0b c0 74 1d
06b2: 8b d0 be b3 55 8b 4e f8 80 3c 53 75 03 c6 04 47
06c2: 83 c6 20 41 8b c1 3b c2 72 ee 89 4e f8 8a 46 fe
06d2: a2 7b 58 fe 06 96 58 c6 06 e6 24 01 fe 06 5c 5c
06e2: e8 9b
