[I][AlphaResources] Alpha resource pack v2.0 valid: 2039545 bytes, 39 entries, payload CRC=2065ad91, expected SHA-256=434cd664b4b9, firmware_match=1
[I][AlphaResources] Loaded owners: 64 small floors, 8 dungeons, 1024 NPC records; PSRAM=1185451
[I][AlphaRuntime] PRESENTATION_DISPATCH ui=explore combat=0 dungeon=0 source=world
[I][AlphaRuntime] render 996 us reason=full-redraw animated=0 crc=e8466959
[I][AlphaRuntime] INPUT_EDGE raw=00,00,00,00,00 prev=00,00,00,00,00 matrix=0,0 physical=matrix-key edge=press mods=S0,A0,H0 printable=68 base=00 symbol=00 ui=explore emitted=character action_char=104 shortcut=none
[I][AlphaRuntime] debug teleport rebind moved=0 prior_dungeon=0 location=0 floor=0 xy=80,80 dungeon=0
[I][AlphaRuntime] UI_MODE from=explore to=number
[I][AlphaRuntime] INPUT_ROUTE action=character ui=explore gameplay_command=none
[I][AlphaRuntime] INPUT_EDGE raw=00,00,00,00,00 prev=00,00,00,00,00 matrix=0,0 physical=matrix-key edge=press mods=S0,A0,H0 printable=31 base=00 symbol=00 ui=number emitted=character action_char=49 shortcut=none
[I][AlphaRuntime] debug teleport rebind moved=0 prior_dungeon=0 location=0 floor=0 xy=80,80 dungeon=0
[I][AlphaRuntime] INPUT_ROUTE action=character ui=number gameplay_command=none
[I][AlphaRuntime] INPUT_EDGE raw=00,00,00,00,00 prev=00,00,00,00,00 matrix=0,0 physical=matrix-key edge=press mods=S0,A0,H0 printable=0d base=00 symbol=00 ui=number emitted=confirm action_char=0 shortcut=none
[I][AlphaRuntime] debug teleport rebind moved=0 prior_dungeon=0 location=0 floor=0 xy=80,80 dungeon=0
[I][AlphaRuntime] UI_MODE from=number to=yes/no
[I][AlphaRuntime] INPUT_ROUTE action=confirm ui=number gameplay_command=none
[I][AlphaRuntime] INPUT_EDGE raw=00,00,00,00,00 prev=00,00,00,00,00 matrix=0,0 physical=matrix-key edge=press mods=S0,A0,H0 printable=6e base=00 symbol=00 ui=yes/no emitted=character action_char=110 shortcut=none
[I][AlphaRuntime] combat command=11 status=awaiting response turns=0 events=8 time=21 us
[I][AlphaRuntime] debug teleport rebind moved=0 prior_dungeon=0 location=0 floor=0 xy=80,80 dungeon=0
[I][AlphaRuntime] UI_MODE from=yes/no to=key-wait
[I][AlphaRuntime] INPUT_ROUTE action=character ui=yes/no gameplay_command=11 sequence=1
GREEN a shipped-pack raw Camp reaches an apparition
[I][AlphaRuntime] PRESENTATION_DISPATCH ui=explore combat=0 dungeon=0 source=world
[I][AlphaRuntime] render 991 us reason=full-redraw animated=0 crc=e8466959
[I][AlphaRuntime] INPUT_EDGE raw=00,00,00,00,00 prev=00,00,00,00,00 matrix=0,0 physical=matrix-key edge=press mods=S0,A0,H0 printable=68 base=00 symbol=00 ui=explore emitted=character action_char=104 shortcut=none
[I][AlphaRuntime] debug teleport rebind moved=0 prior_dungeon=0 location=0 floor=0 xy=80,80 dungeon=0
[I][AlphaRuntime] UI_MODE from=explore to=number
[I][AlphaRuntime] INPUT_ROUTE action=character ui=explore gameplay_command=none
[I][AlphaRuntime] INPUT_EDGE raw=00,00,00,00,00 prev=00,00,00,00,00 matrix=0,0 physical=matrix-key edge=press mods=S0,A0,H0 printable=31 base=00 symbol=00 ui=number emitted=character action_char=49 shortcut=none
[I][AlphaRuntime] debug teleport rebind moved=0 prior_dungeon=0 location=0 floor=0 xy=80,80 dungeon=0
[I][AlphaRuntime] INPUT_ROUTE action=character ui=number gameplay_command=none
[I][AlphaRuntime] INPUT_EDGE raw=00,00,00,00,00 prev=00,00,00,00,00 matrix=0,0 physical=matrix-key edge=press mods=S0,A0,H0 printable=0d base=00 symbol=00 ui=number emitted=confirm action_char=0 shortcut=none
[I][AlphaRuntime] debug teleport rebind moved=0 prior_dungeon=0 location=0 floor=0 xy=80,80 dungeon=0
[I][AlphaRuntime] UI_MODE from=number to=yes/no
[I][AlphaRuntime] INPUT_ROUTE action=confirm ui=number gameplay_command=none
[I][AlphaRuntime] INPUT_EDGE raw=00,00,00,00,00 prev=00,00,00,00,00 matrix=0,0 physical=matrix-key edge=press mods=S0,A0,H0 printable=6e base=00 symbol=00 ui=yes/no emitted=character action_char=110 shortcut=none
[I][AlphaRuntime] combat command=11 status=awaiting response turns=0 events=8 time=4 us
[I][AlphaRuntime] debug teleport rebind moved=0 prior_dungeon=0 location=0 floor=0 xy=80,80 dungeon=0
[I][AlphaRuntime] UI_MODE from=yes/no to=key-wait
[I][AlphaRuntime] INPUT_ROUTE action=character ui=yes/no gameplay_command=11 sequence=1
GREEN first raw-key pause leaves second member old
GREEN first Hail pauses before the status redraw and leaves map untouched
[I][AlphaRuntime] INPUT_EDGE raw=00,00,00,00,00 prev=00,00,00,00,00 matrix=0,0 physical=matrix-key edge=press mods=S0,A0,H0 printable=78 base=00 symbol=00 ui=key-wait emitted=character action_char=120 shortcut=none
[I][AlphaRuntime] combat command=61 status=awaiting response turns=0 events=5 time=2 us
[I][AlphaRuntime] debug teleport rebind moved=0 prior_dungeon=0 location=0 floor=0 xy=80,80 dungeon=0
[I][AlphaRuntime] INPUT_ROUTE action=character ui=key-wait gameplay_command=61 sequence=2
GREEN one raw key releases only the first member and presents the second
GREEN first acknowledgement redraws one status panel without map redraw
[I][AlphaRuntime] INPUT_EDGE raw=00,00,00,00,00 prev=00,00,00,00,00 matrix=0,0 physical=matrix-key edge=press mods=S0,A1,H0 printable=73 base=00 symbol=00 ui=key-wait emitted=confirm action_char=0 shortcut=save
[I][AlphaRuntime] combat command=61 status=awaiting response turns=0 events=4 time=3 us
GREEN save shortcut acknowledges the second Hail without opening save
GREEN second acknowledgement redraws its panel before karma speech
[I][AlphaRuntime] INPUT_EDGE raw=00,00,00,00,00 prev=00,00,00,00,00 matrix=0,0 physical=matrix-key edge=press mods=S0,A0,H0 printable=08 base=00 symbol=00 ui=key-wait emitted=back action_char=0 shortcut=none
[I][AlphaRuntime] combat command=61 status=success turns=0 events=3 time=4 us
[I][AlphaRuntime] debug teleport rebind moved=0 prior_dungeon=0 location=0 floor=0 xy=80,80 dungeon=0
[I][AlphaRuntime] UI_MODE from=key-wait to=explore
[I][AlphaRuntime] INPUT_ROUTE action=back ui=key-wait gameplay_command=61 sequence=4
GREEN Back key acknowledges karma and returns to commands
GREEN raw-key path retains the proven XP and HP results
Batch 41 raw key: 9/9 checks
