P  the resource pack: ENDMSG / KARMA / Words of Power, and the stale-pack gate
  GREEN P1     endmsg-records.bin: the 11 ENDMSG.DAT records; record 9 is the wooden-box line
  GREEN P2     karma-records.bin: the 6 KARMA.DAT records, unquoted
  GREEN P3     words-of-power.bin: DATA.OVL 0x44AD, FALLAX .. VERAMOCOR
  RED   P4     the firmware's identity lock names THIS pack (size + payload CRC)
         endmsg-records.bin missing: open() returned 0
         karma-records.bin missing: open() returned 0
         words-of-power.bin missing: open() returned 0
  RED   P5     ** a pack missing endmsg / karma / words is rejected at open() (ESP_ERR_NOT_FOUND) **
  RED   P6     ** the Batch 51 pack (2,039,545 B, 434cd664) is rejected by this firmware **
B  the device binds every hook RB-1..RB-4 need, from the pack
  RED   B1     ** quest_world.end_record(0..10) is ENDMSG.DAT byte for byte; out of range is null **
  RED   B2     ** quest and rest karma_record(0..5) are the quoted KARMA.DAT records (H-190) **
  RED   B2b    the invented "Rest well, Avatar" line is gone
  RED   B3     ** quest_world.words is the eight Words of Power **
  RED   B4     ** quest_world.moonstones: 8 stones owned by the runtime, hydrated from INIT.GAM 0x28a **
  RED   B5     shop_services.ship / horse / reserve are bound (exercised in S)
  RED   B6     ** initialize() and the host fixture each call the same production binders once **
  RED   B7     ** neither initialize() nor the fixture assigns a quest/shop hook outside those binders **
W  Words of Power at the dungeon entrances
  GREEN W0     precondition: a walkable cell next to Deceit's entrance
  GREEN W1     new game: every seal closed; Deceit's entrance reads as the sealed tile 223
  GREEN W1b    the sealed entrance cannot be walked onto
  RED   W2     a real Word at the WRONG dungeon is uttered (quake) but opens nothing
  GREEN W3     a partial word is no Word at all
  RED   W4     ** Yell `fallax` beside Deceit: uttered, seal 33 (and only 33) opens -- case-insensitive, as the core's contains() **
         transcript since mark (W4):
           | Yell
           | 
No effect!

  RED   W5     the entrance is an entrance again
  RED   W6     the party walks onto it
  RED   W7     ** ordinary (E)nter takes the party into Deceit -- no Developer tool **
  RED   W7b    ** the save's GAM carries the opened seal as the original does: 0x32a bit 0x80, the other seven clear **
  GREEN W8     precondition: a fresh runtime starts with every seal closed
  RED   W9     ** the opened seal (GAM 0x32a bit 0x80) survives save + power cycle + load **
         Deceit: flags 00 -> 00
         Despise: flags 00 -> 00
         Destard: flags 00 -> 00
         Wrong: flags 00 -> 00
         Covetous: flags 00 -> 00
         Shame: flags 00 -> 00
         Hythloth: flags 00 -> 00
         Doom: flags 00 -> 00
  RED   W10    ** all eight Words open all eight seals, each its own bit **
  RED   W11    a second FALLAX toggles Deceit's seal shut again (quest.cpp's toggle, as the reference)
M  moongates and Vas Rel Por
  RED   M0     the runtime owns the eight moonstones
  GREEN M1     precondition: a walkable cell beside stone 1
  GREEN M2     no gate by day: the cell shows its own terrain
  RED   M3     ** at night the gate tile 0xDC is composed over the buried stone (H-191) **
  GREEN M3b    the party's own cell is not a gate
  RED   M3c    the night's gate phase is Trammel's for this day (moon-phase table bound)
  RED   M4     ** stepping onto the night gate transports the party to the active phase's stone **
         phase=3 pos=(96,102) dest=(50,37)
         transcript since mark (M4):
           | North
  GREEN M5     the gate leaves no stale tile once the night is over
  GREEN M6     (C)ast opens the spell menu
  GREEN M7     Vas Rel Por asks for the phase
  RED   M7b    ** the status line reads "To phase:" (D-53), not the aim reticle's "Aim: empty" **
  RED   M8     ** Vas Rel Por + '3' lands on moonstone 2 (H-12/H-13) **
         pos=(96,103) stone2=(38,224)
         transcript since mark (M8):
           | Cast
           | Failed!
  GREEN M9     the mixture is spent
S  shipwright and horse seller
  GREEN S0     East Britanny's shipwright opens its shop
  GREEN S1     N declines the frigate: no gold, no ship (control)
  RED   S2     ** Y buys the frigate: gold spent, a frigate (0x125, hull 99, 2 skiffs) waits at the overworld dock **
         transcript since mark (S2):
           | Shop selection unavailable
  RED   S3     "She awaits thee at the dock!"
  RED   S5     ** Y buys the skiff: 0x129 at the dock **
  RED   S6     without the gold no skiff appears (buy_ship's !ok: the shipwright throws the party out)
  GREEN S7     Paws' horse seller opens its shop
  RED   S7b    the horse seller names the price and waits for Y/N
  RED   S8     ** Y buys the horse: gold spent, a horse (0x110) stands beside the party **
         transcript since mark (S8):
  RED   S10    without the gold no horse appears ("Thou couldst not afford to feed it!")
EV the final room with the wooden box
  GREEN EV0    precondition: the game is not won
  GREEN EV1    Doom floor 6 pit -> room 15: the final arena is live
  GREEN EV2    the Avatar walks to (5,2) under the trapped soul and is absorbed
  RED   EV3    ** the final arena tears down (no COMBAT_TEARDOWN deferred) **
         transcript since mark (EV3):
           | Avatar is absorbed!
           | VICTORY!
           | Advance

           | Blocked!
           | Advance

           | Blocked!
           | Advance

           | Blocked!
           | Advance

           | Blocked!
           | Advance

           | Blocked!
           | Advance

           | Blocked!
  RED   EV4    ** game-won is set **
  RED   EV5    ** ENDMSG record 9 is read from the pack and shown exactly once **
  RED   EV6    the proclamation and the report appear once (no duplicated ending)
  GREEN EV7    input returns to the dungeon view, not the arena
  GREEN EV8    ** the next key is a normal dungeon command: no input wedge **
  RED   EV9    further input neither re-runs the ending nor clears game-won
  GREEN EV10   Alt+S still saves after the ending
  GREEN EV11   Alt+M opens and closes the System Menu over the ended game
ES the final room without the wooden box
  GREEN ES0    precondition: the game is not won
  GREEN ES1    Doom floor 6 pit -> room 15: the final arena is live
  GREEN ES2    the Avatar walks to (5,2) under the trapped soul and is absorbed
  GREEN ES3    control: without the box the stranded ending runs (it never needed ENDMSG)
K  Refuge after a party wipe, with the KARMA.DAT speech
  GREEN K0     precondition: the preset leaves the lone Avatar poisoned at 1 HP
  GREEN K1     the poison kills the Avatar and the Refuge scene runs
  RED   K2     ** the apparition speaks KARMA.DAT record 2, quoted, not the invented line (H-190) **
         transcript since mark (K2):
           | Pass
           | An unending darkness engulfs thee...
           | Thou hast found refuge.
           | No evil lives here, only peace and darkness.
           | But thy slumber is disturbed!
           | Someone shouts
           | "FORTIS FORTUNA AVENTARI"
           | There is a peal of thunder!
           | "Rest well, Avatar. Continue upon the path of virtue."
           | Strange words are intoned.
           | Vertigo...
  GREEN K3     ** the party wakes in Lord British's castle (17, floor 1, 10,10), healed **
V  Phase 7E routes (Developer teleport + the cells the checklist names)
         route 7E-A: Doom, Floor Level 6, X=4 Y=7, Use default entrance Off; face East, forward
  GREEN V0     7E-A: the Developer teleport + one step east drops the party into the final room
  RED   V0b    7E-A: four steps north, the Avatar is absorbed and the victory ending runs
         route 7E-B: Britannia X=240 Y=74 (beside Deceit's entrance 240,73); step North onto it after the Word
  GREEN V1     7E-B: the Developer teleport lands beside Deceit's sealed entrance
         route 7E-C: Britannia X=96 Y=103, Time Hour=21; the gate is at 96,102 (North of the party)
           stone 0 (Vas Rel Por '1'): 224,133
           stone 1 (Vas Rel Por '2'): 96,102
           stone 2 (Vas Rel Por '3'): 38,224
           stone 3 (Vas Rel Por '4'): 50,37
           stone 4 (Vas Rel Por '5'): 166,19
           stone 5 (Vas Rel Por '6'): 104,194
           stone 6 (Vas Rel Por '7'): 23,126
           stone 7 (Vas Rel Por '8'): 187,167
  GREEN V2     7E-C: the teleport lands beside the Britain gate
         route 7E-D: East Britanny shipwright, Time Hour=9; keeper at 7,10; stand at 8,10 and Talk toward it
  GREEN V3     7E-D: East Britanny's shipwright trades at that hour
         route 7E-D: Paws horse seller, Time Hour=9; keeper at 7,19; stand at 7,18 and Talk toward it
  GREEN V4     7E-D: Paws' horse seller trades at that hour
         route 7E-D: a ship bought in East Britanny waits at the overworld dock 79,109
         route 7E-H: Palace of Blackthorn, Floor Basement, X=8 Y=7; (S)earch North at the brazier 8,6
  GREEN V5     7E-H: the teleport lands in the jail
  RED   V6     7E-H: searching the brazier with no keys finds Gorn's keys
         transcript since mark (V6):
           | Search-
           | north
           | 
In the brazier
thou dost find
nothing of note.

         route 7E-F: Destard, Floor Level 6, X=3 Y=2, face North, forward into room 9
  GREEN V7     7E-F: that step opens Destard room 9 with a Slime/Gargoyle on the board
  GREEN V8     7E-F: the arena takes turns (no H-151 freeze)
R  moonstone state survives save / load
  RED   R0     precondition: the runtime owns the stones

batch53_release_blockers: 40/82 checks GREEN, 42 RED
