[1/55] Building CXX object CMakeFiles/openu5_core.dir/src/hud.cpp.obj
[2/55] Building CXX object CMakeFiles/openu5_core.dir/src/world_fx.cpp.obj
[3/55] Building CXX object CMakeFiles/openu5_core.dir/src/system_menu.cpp.obj
[4/55] Building CXX object CMakeFiles/openu5_core.dir/src/dungeon_encounters.cpp.obj
[5/55] Building CXX object CMakeFiles/openu5_core.dir/src/frontend.cpp.obj
[6/55] Building CXX object CMakeFiles/openu5_core.dir/src/narrative_scene.cpp.obj
[7/55] Building CXX object CMakeFiles/openu5_core.dir/src/presentation.cpp.obj
[8/55] Building CXX object CMakeFiles/openu5_core.dir/src/world_terrain.cpp.obj
[9/55] Building CXX object CMakeFiles/openu5_core.dir/src/frontend_settings.cpp.obj
[10/55] Building CXX object CMakeFiles/openu5_core.dir/src/world_commands.cpp.obj
[11/55] Building CXX object CMakeFiles/openu5_core.dir/src/world_magic.cpp.obj
[12/55] Building CXX object CMakeFiles/openu5_core.dir/src/look.cpp.obj
[13/55] Building CXX object CMakeFiles/openu5_core.dir/src/ui_session.cpp.obj
[14/55] Building CXX object CMakeFiles/openu5_core.dir/src/shrine.cpp.obj
[15/55] Building CXX object CMakeFiles/openu5_core.dir/src/quest_search.cpp.obj
[16/55] Building CXX object CMakeFiles/openu5_core.dir/src/outdoor.cpp.obj
[17/55] Building CXX object CMakeFiles/openu5_core.dir/src/blackthorn_scene.cpp.obj
[18/55] Building CXX object CMakeFiles/openu5_core.dir/src/blackthorn.cpp.obj
[19/55] Building CXX object CMakeFiles/openu5_core.dir/src/dungeon_view.cpp.obj
[20/55] Building CXX object CMakeFiles/openu5_core.dir/src/dungeon.cpp.obj
[21/55] Building CXX object CMakeFiles/openu5_core.dir/src/quest_world.cpp.obj
[22/55] Building CXX object CMakeFiles/openu5_core.dir/src/dungeon_art.cpp.obj
[23/55] Building CXX object CMakeFiles/openu5_core.dir/src/dungeon_orchestration.cpp.obj
[24/55] Building CXX object CMakeFiles/openu5_core.dir/src/gem_view.cpp.obj
[25/55] Building CXX object CMakeFiles/openu5_core.dir/src/transport.cpp.obj
[26/55] Building CXX object CMakeFiles/openu5_core.dir/src/shop_orchestration.cpp.obj
[27/55] Building CXX object CMakeFiles/openu5_core.dir/src/movement.cpp.obj
[28/55] Building CXX object CMakeFiles/openu5_core.dir/src/scripted_encounter.cpp.obj
[29/55] Building CXX object CMakeFiles/openu5_core.dir/src/transitions.cpp.obj
[30/55] Building CXX object CMakeFiles/openu5_core.dir/src/gameplay_save.cpp.obj
[31/55] Building CXX object CMakeFiles/openu5_core.dir/src/actors.cpp.obj
[32/55] Building CXX object CMakeFiles/openu5_core.dir/src/npc_path.cpp.obj
[33/55] Building CXX object CMakeFiles/openu5_core.dir/src/rest.cpp.obj
[34/55] Building CXX object CMakeFiles/openu5_core.dir/src/ui_debug_menu.cpp.obj
[35/55] Building CXX object CMakeFiles/openu5_core.dir/src/debug_labels.cpp.obj
[36/55] Building CXX object CMakeFiles/openu5_core.dir/src/debug_map_picker.cpp.obj
[37/55] Building CXX object CMakeFiles/openu5_core.dir/src/dialogue_orchestration.cpp.obj
[38/55] Building CXX object CMakeFiles/batch34_pre_sleep_npc.dir/C_/Dev/OpenU5-Native/native/targets/tdeck/host_tests/host_stubs/tdeck_board_host_stub.cpp.obj
[39/55] Building CXX object CMakeFiles/openu5_core.dir/src/debug_developer.cpp.obj
[40/55] Building CXX object CMakeFiles/batch34_pre_sleep_npc.dir/C_/Dev/OpenU5-Native/native/targets/tdeck/host_tests/alpha_runtime_host_fixture.cpp.obj
[41/55] Building CXX object CMakeFiles/openu5_core.dir/src/persistence.cpp.obj
[42/55] Building CXX object CMakeFiles/openu5_core.dir/src/save_core.cpp.obj
[43/55] Building CXX object CMakeFiles/openu5_core.dir/src/commands.cpp.obj
[44/55] Building CXX object CMakeFiles/batch34_pre_sleep_npc.dir/C_/Dev/OpenU5-Native/native/targets/tdeck/main/ui_input_adapter.cpp.obj
[45/55] Building CXX object CMakeFiles/batch34_pre_sleep_npc.dir/C_/Dev/OpenU5-Native/native/targets/tdeck/host_tests/batch34_pre_sleep_npc_test.cpp.obj
[46/55] Building CXX object CMakeFiles/batch34_pre_sleep_npc.dir/C_/Dev/OpenU5-Native/native/targets/tdeck/main/alpha_save_generation.cpp.obj
[47/55] Building CXX object CMakeFiles/batch34_pre_sleep_npc.dir/C_/Dev/OpenU5-Native/native/targets/tdeck/host_tests/host_stubs/alpha_save_memory_host_stub.cpp.obj
[48/55] Building CXX object CMakeFiles/batch34_pre_sleep_npc.dir/C_/Dev/OpenU5-Native/native/targets/tdeck/host_tests/host_stubs/device_smoke_tests_host_stub.cpp.obj
[49/55] Building CXX object CMakeFiles/batch34_pre_sleep_npc.dir/C_/Dev/OpenU5-Native/native/targets/tdeck/main/dungeon_art_cache.cpp.obj
[50/55] Building CXX object CMakeFiles/batch34_pre_sleep_npc.dir/C_/Dev/OpenU5-Native/native/targets/tdeck/main/alpha_resources.cpp.obj
[51/55] Building CXX object CMakeFiles/batch34_pre_sleep_npc.dir/C_/Dev/OpenU5-Native/native/targets/tdeck/main/native_renderer.cpp.obj
[52/55] Building CXX object CMakeFiles/openu5_core.dir/src/combat.cpp.obj
[53/55] Linking CXX static library libopenu5_core.a
[54/55] Building CXX object CMakeFiles/batch34_pre_sleep_npc.dir/C_/Dev/OpenU5-Native/native/targets/tdeck/main/alpha_runtime.cpp.obj
[55/55] Linking CXX executable batch34_pre_sleep_npc.exe
