[1/93] Building CXX object CMakeFiles/openu5_core.dir/src/rest.cpp.obj
[2/93] Building CXX object CMakeFiles/batch41_staged_advancement.dir/tests/batch41_staged_advancement_test.cpp.obj
[3/93] Linking CXX static library libopenu5_core.a
[4/93] Linking CXX executable display_names_tests.exe
[5/93] Linking CXX executable ui_session_tests.exe
[6/93] Linking CXX executable measure_ui_sizes.exe
[7/93] Linking CXX executable debug_labels_tests.exe
[8/93] Linking CXX executable quest_search_tests.exe
[9/93] Linking CXX executable frontend_tests.exe
[10/93] Linking CXX executable batch21b_chest_reset.exe
[11/93] Linking CXX executable ui_host_harness.exe
[12/93] Linking CXX executable ui_debug_menu_tests.exe
[13/93] Linking CXX executable debug_map_picker_tests.exe
[14/93] Linking CXX executable gameplay_integration_tests.exe
[15/93] Linking CXX executable debug_developer_tests.exe
[16/93] Linking CXX executable look_sign_tests.exe
[17/93] Linking CXX executable movement_flow_parity_tests.exe
[18/93] Linking CXX executable gameplay_driver.exe
[19/93] Linking CXX executable quest_driver.exe
[20/93] Linking CXX executable shop_parity_tests.exe
[21/93] Linking CXX executable shop_adapter_tests.exe
[22/93] Linking CXX executable shop_flow_tests.exe
[23/93] Linking CXX executable persistence_driver.exe
[24/93] Linking CXX executable dialogue_adapter_tests.exe
[25/93] Linking CXX executable dialogue_parity_tests.exe
[26/93] Linking CXX executable world_flow_adapter_tests.exe
[27/93] Linking CXX executable transport_flow_parity_tests.exe
[28/93] Linking CXX executable dungeon_flow_parity_tests.exe
[29/93] Linking CXX executable dungeon_parity_tests.exe
[30/93] Linking CXX executable core_parity_tests.exe
[31/93] Linking CXX executable world_flow_parity_tests.exe
[32/93] Linking CXX executable magic_parity_tests.exe
[33/93] Linking CXX executable movement_regression.exe
[34/93] Linking CXX executable advanced_combat_parity_tests.exe
[35/93] Linking CXX executable combat_parity_tests.exe
[36/93] Linking CXX executable command_parity_tests.exe
[37/93] Linking CXX executable item_parity_tests.exe
[38/93] Linking CXX executable travel_parity_tests.exe
[39/93] Linking CXX executable turn_parity_tests.exe
[40/93] Linking CXX executable dungeon_view_regression.exe
[41/93] Linking CXX executable dungeon_art_regression.exe
[42/93] Linking CXX executable presentation_regression.exe
[43/93] Linking CXX executable gem_view_regression.exe
[44/93] Linking CXX executable combat_escape_regression.exe
[45/93] Linking CXX executable direct_troll_handoff_regression.exe
[46/93] Linking CXX executable combat_loot_open_regression.exe
[47/93] Linking CXX executable input_regression.exe
[48/93] Linking CXX executable batch21a3_combat_active_player.exe
[49/93] Linking CXX executable dungeon_input_regression.exe
[50/93] Linking CXX executable ui_mode_regression.exe
[51/93] Linking CXX executable batch12b_hardware_regression.exe
[52/93] Linking CXX executable dungeon_combat_regression.exe
[53/93] Linking CXX executable alpha_runtime_integration_regression.exe
[54/93] Linking CXX executable action_feedback_regression.exe
[55/93] Linking CXX executable batch21a_dungeon_room_regression.exe
[56/93] Linking CXX executable batch22_basement_objects.exe
[57/93] Linking CXX executable batch23_vault_parity.exe
[58/93] Linking CXX executable batch24_reload_parity.exe
[59/93] Linking CXX executable batch25_shard_ritual.exe
[60/93] Linking CXX executable batch26_dungeon_save.exe
[61/93] Linking CXX executable batch28_save_validation.exe
[62/93] Linking CXX executable batch27_alt_load.exe
[63/93] Linking CXX executable batch30_sleep_parity.exe
[64/93] Linking CXX executable batch29_rest_wiring.exe
[65/93] Linking CXX executable batch31_h165_dungeon_entry.exe
[66/93] Linking CXX executable batch32_camp_watch.exe
[67/93] Linking CXX executable batch33_cannon_npc_death.exe
[68/93] Linking CXX executable batch34_pre_sleep_npc.exe
[69/93] Linking CXX executable batch35_q_sleep_target.exe
[70/93] Linking CXX executable batch36_camp_housekeeping.exe
[71/93] Linking CXX executable batch37_bed_viewport.exe
[72/93] Linking CXX executable batch39_party_panel.exe
[73/93] Linking CXX executable batch40_advancement.exe
[74/93] Linking CXX executable batch38_camp_duration.exe
[75/93] Linking CXX executable batch41_staged_advancement.exe
[76/93] Linking CXX executable batch18_well_ceremony_regression.exe
[77/93] Linking CXX executable batch14_zstats_runtime_regression.exe
[78/93] Linking CXX executable batch19_command_char_regression.exe
[79/93] Linking CXX executable batch3_group_b_tests.exe
[80/93] Linking CXX executable batch3_group_a_tests.exe
[81/93] Linking CXX executable batch3_group_c_tests.exe
[82/93] Linking CXX executable batch4_group_a_tests.exe
[83/93] Linking CXX executable batch4_group_b_tests.exe
[84/93] Linking CXX executable batch14_zstats_model_tests.exe
[85/93] Linking CXX executable batch7b_tests.exe
[86/93] Linking CXX executable batch5_tests.exe
[87/93] Linking CXX executable batch12_combat_field_tests.exe
[88/93] Linking CXX executable batch13_tests.exe
[89/93] Linking CXX executable batch17_theft_watchdog_tests.exe
[90/93] Linking CXX executable batch15_sacrifice_tests.exe
[91/93] Linking CXX executable batch19_command_char_tests.exe
[92/93] Linking CXX executable batch45b_tests.exe
[93/93] Linking CXX executable blackthorn_scene_tests.exe
