[1/80] Building CXX object CMakeFiles/openu5_core.dir/src/hud.cpp.obj
[2/80] Building CXX object CMakeFiles/openu5_core.dir/src/intro_view.cpp.obj
[3/80] Building CXX object CMakeFiles/openu5_core.dir/src/frontend.cpp.obj
[4/80] Building CXX object CMakeFiles/openu5_core.dir/src/system_menu.cpp.obj
[5/80] Building CXX object CMakeFiles/openu5_core.dir/src/display_names.cpp.obj
[6/80] Building CXX object CMakeFiles/openu5_core.dir/src/frontend_settings.cpp.obj
[7/80] Building CXX object CMakeFiles/openu5_core.dir/src/poison_tick.cpp.obj
[8/80] Building CXX object CMakeFiles/openu5_core.dir/src/world_fx.cpp.obj
[9/80] Building CXX object CMakeFiles/openu5_core.dir/src/presentation.cpp.obj
[10/80] Building CXX object CMakeFiles/openu5_core.dir/src/dungeon_encounters.cpp.obj
[11/80] Building CXX object CMakeFiles/openu5_core.dir/src/narrative_scene.cpp.obj
[12/80] Building CXX object CMakeFiles/openu5_core.dir/src/ui_session.cpp.obj
[13/80] Building CXX object CMakeFiles/openu5_core.dir/src/world_terrain.cpp.obj
[14/80] Building CXX object CMakeFiles/openu5_core.dir/src/look.cpp.obj
[15/80] Building CXX object CMakeFiles/openu5_core.dir/src/world_commands.cpp.obj
[16/80] Building CXX object CMakeFiles/openu5_core.dir/src/command_char.cpp.obj
[17/80] Building CXX object CMakeFiles/openu5_core.dir/src/world_magic.cpp.obj
[18/80] Building CXX object CMakeFiles/openu5_core.dir/src/shrine.cpp.obj
[19/80] Building CXX object CMakeFiles/openu5_core.dir/src/outdoor.cpp.obj
[20/80] Building CXX object CMakeFiles/openu5_core.dir/src/gameplay_save.cpp.obj
[21/80] Building CXX object CMakeFiles/openu5_core.dir/src/quest.cpp.obj
[22/80] Building CXX object CMakeFiles/openu5_core.dir/src/quest_world.cpp.obj
[23/80] Building CXX object CMakeFiles/openu5_core.dir/src/blackthorn_scene.cpp.obj
[24/80] Building CXX object CMakeFiles/openu5_core.dir/src/quest_search.cpp.obj
[25/80] Building CXX object CMakeFiles/openu5_core.dir/src/blackthorn.cpp.obj
[26/80] Building CXX object CMakeFiles/openu5_core.dir/src/shops.cpp.obj
[27/80] Building CXX object CMakeFiles/openu5_core.dir/src/shop_orchestration.cpp.obj
[28/80] Building CXX object CMakeFiles/openu5_core.dir/src/save_json.cpp.obj
[29/80] Building CXX object CMakeFiles/openu5_core.dir/src/dungeon.cpp.obj
[30/80] Building CXX object CMakeFiles/openu5_core.dir/src/dungeon_view.cpp.obj
[31/80] Building CXX object CMakeFiles/openu5_core.dir/src/persistence.cpp.obj
[32/80] Building CXX object CMakeFiles/openu5_core.dir/src/save_core.cpp.obj
[33/80] Building CXX object CMakeFiles/openu5_core.dir/src/dungeon_orchestration.cpp.obj
[34/80] Building CXX object CMakeFiles/openu5_core.dir/src/gem_view.cpp.obj
[35/80] Building CXX object CMakeFiles/openu5_core.dir/src/dungeon_art.cpp.obj
[36/80] Building CXX object CMakeFiles/openu5_core.dir/src/transport.cpp.obj
[37/80] Building CXX object CMakeFiles/openu5_core.dir/src/rng.cpp.obj
[38/80] Building CXX object CMakeFiles/openu5_core.dir/src/loot.cpp.obj
[39/80] Building CXX object CMakeFiles/openu5_core.dir/src/time.cpp.obj
[40/80] Building CXX object CMakeFiles/openu5_core.dir/src/state.cpp.obj
[41/80] Building CXX object CMakeFiles/openu5_core.dir/src/scripted_encounter.cpp.obj
[42/80] Building CXX object CMakeFiles/openu5_core.dir/src/world.cpp.obj
[43/80] Building CXX object CMakeFiles/openu5_core.dir/src/movement.cpp.obj
[44/80] Building CXX object CMakeFiles/openu5_core.dir/src/turn.cpp.obj
[45/80] Building CXX object CMakeFiles/openu5_core.dir/src/actors.cpp.obj
[46/80] Building CXX object CMakeFiles/openu5_core.dir/src/npc_path.cpp.obj
[47/80] Building CXX object CMakeFiles/openu5_core.dir/src/pathfind.cpp.obj
[48/80] Building CXX object CMakeFiles/openu5_core.dir/src/transitions.cpp.obj
[49/80] Building CXX object CMakeFiles/openu5_core.dir/src/inventory_picker.cpp.obj
[50/80] Building CXX object CMakeFiles/openu5_core.dir/src/inventory.cpp.obj
[51/80] Building CXX object CMakeFiles/openu5_core.dir/src/zstats.cpp.obj
[52/80] Building CXX object CMakeFiles/openu5_core.dir/src/rest.cpp.obj
[53/80] Building CXX object CMakeFiles/openu5_core.dir/src/commands.cpp.obj
[54/80] Building CXX object CMakeFiles/openu5_core.dir/src/magic.cpp.obj
[55/80] Building CXX object CMakeFiles/openu5_core.dir/src/combat.cpp.obj
[56/80] Building CXX object CMakeFiles/openu5_core.dir/src/dialogue_effects.cpp.obj
[57/80] Building CXX object CMakeFiles/openu5_core.dir/src/dialogue_orchestration.cpp.obj
[58/80] Building CXX object CMakeFiles/openu5_core.dir/src/dialogue.cpp.obj
[59/80] Building CXX object CMakeFiles/openu5_core.dir/src/ui_debug_menu.cpp.obj
[60/80] Building CXX object CMakeFiles/openu5_core.dir/src/debug_labels.cpp.obj
[61/80] Building CXX object CMakeFiles/openu5_core.dir/src/debug_map_picker.cpp.obj
[62/80] Building CXX object CMakeFiles/openu5_core.dir/src/debug_developer.cpp.obj
[63/80] Building CXX object CMakeFiles/batch33_cannon_npc_death.dir/C_/Dev/OpenU5-Native/native/targets/tdeck/host_tests/host_stubs/tdeck_board_host_stub.cpp.obj
[64/80] Building CXX object CMakeFiles/batch33_cannon_npc_death.dir/C_/Dev/OpenU5-Native/native/targets/tdeck/host_tests/batch33_cannon_npc_death_test.cpp.obj
[65/80] Building CXX object CMakeFiles/batch33_cannon_npc_death.dir/C_/Dev/OpenU5-Native/native/targets/tdeck/host_tests/alpha_runtime_host_fixture.cpp.obj
[66/80] Linking CXX static library libopenu5_core.a
[67/80] Building CXX object CMakeFiles/batch33_cannon_npc_death.dir/C_/Dev/OpenU5-Native/native/targets/tdeck/host_tests/host_stubs/tdeck_input_host_stub.cpp.obj
[68/80] Building CXX object CMakeFiles/batch33_cannon_npc_death.dir/C_/Dev/OpenU5-Native/native/targets/tdeck/main/ui_input_adapter.cpp.obj
[69/80] Building CXX object CMakeFiles/batch33_cannon_npc_death.dir/C_/Dev/OpenU5-Native/native/targets/tdeck/host_tests/host_stubs/alpha_save_memory_host_stub.cpp.obj
[70/80] Building CXX object CMakeFiles/batch33_cannon_npc_death.dir/C_/Dev/OpenU5-Native/native/targets/tdeck/main/input_controller.cpp.obj
[71/80] Building CXX object CMakeFiles/batch33_cannon_npc_death.dir/C_/Dev/OpenU5-Native/native/targets/tdeck/main/keyboard_matrix.cpp.obj
[72/80] Building CXX object CMakeFiles/batch33_cannon_npc_death.dir/C_/Dev/OpenU5-Native/native/targets/tdeck/main/alpha_save_generation.cpp.obj
[73/80] Building CXX object CMakeFiles/batch33_cannon_npc_death.dir/C_/Dev/OpenU5-Native/native/targets/tdeck/main/alpha_resources.cpp.obj
[74/80] Building CXX object CMakeFiles/batch33_cannon_npc_death.dir/C_/Dev/OpenU5-Native/native/targets/tdeck/main/asset_pack.cpp.obj
[75/80] Building CXX object CMakeFiles/batch33_cannon_npc_death.dir/C_/Dev/OpenU5-Native/native/targets/tdeck/main/alpha_runtime.cpp.obj
[76/80] Building CXX object CMakeFiles/batch33_cannon_npc_death.dir/C_/Dev/OpenU5-Native/native/targets/tdeck/main/dungeon_art_cache.cpp.obj
[77/80] Building CXX object CMakeFiles/batch33_cannon_npc_death.dir/C_/Dev/OpenU5-Native/native/targets/tdeck/main/alpha_dialogue.cpp.obj
[78/80] Building CXX object CMakeFiles/batch33_cannon_npc_death.dir/C_/Dev/OpenU5-Native/native/targets/tdeck/main/native_renderer.cpp.obj
[79/80] Building CXX object CMakeFiles/batch33_cannon_npc_death.dir/C_/Dev/OpenU5-Native/native/targets/tdeck/host_tests/host_stubs/device_smoke_tests_host_stub.cpp.obj
[80/80] Linking CXX executable batch33_cannon_npc_death.exe
