[1/97] Building CXX object CMakeFiles/openu5_core.dir/src/presentation.cpp.obj
[2/97] Linking CXX static library libopenu5_core.a
[3/97] Linking CXX executable display_names_tests.exe
[4/97] Linking CXX executable ui_session_tests.exe
[5/97] Linking CXX executable quest_search_tests.exe
[6/97] Linking CXX executable frontend_tests.exe
[7/97] Linking CXX executable debug_labels_tests.exe
[8/97] Linking CXX executable batch21b_chest_reset.exe
[9/97] Linking CXX executable measure_ui_sizes.exe
[10/97] Linking CXX executable ui_host_harness.exe
[11/97] Linking CXX executable ui_debug_menu_tests.exe
[12/97] Linking CXX executable debug_map_picker_tests.exe
[13/97] Linking CXX executable debug_developer_tests.exe
[14/97] Linking CXX executable gameplay_integration_tests.exe
[15/97] Linking CXX executable look_sign_tests.exe
[16/97] Linking CXX executable movement_flow_parity_tests.exe
[17/97] Linking CXX executable gameplay_driver.exe
[18/97] Linking CXX executable quest_driver.exe
[19/97] Linking CXX executable shop_parity_tests.exe
[20/97] Linking CXX executable shop_adapter_tests.exe
[21/97] Linking CXX executable shop_flow_tests.exe
[22/97] Linking CXX executable persistence_driver.exe
[23/97] Linking CXX executable dialogue_adapter_tests.exe
[24/97] Linking CXX executable transport_flow_parity_tests.exe
[25/97] Linking CXX executable dialogue_parity_tests.exe
[26/97] Linking CXX executable world_flow_adapter_tests.exe
[27/97] Linking CXX executable dungeon_flow_parity_tests.exe
[28/97] Linking CXX executable dungeon_parity_tests.exe
[29/97] Linking CXX executable world_flow_parity_tests.exe
[30/97] Linking CXX executable advanced_combat_parity_tests.exe
[31/97] Linking CXX executable magic_parity_tests.exe
[32/97] Linking CXX executable core_parity_tests.exe
[33/97] Linking CXX executable combat_parity_tests.exe
[34/97] Linking CXX executable item_parity_tests.exe
[35/97] Linking CXX executable command_parity_tests.exe
[36/97] Linking CXX executable movement_regression.exe
[37/97] Linking CXX executable turn_parity_tests.exe
[38/97] Linking CXX executable travel_parity_tests.exe
[39/97] Linking CXX executable presentation_regression.exe
[40/97] Linking CXX executable dungeon_view_regression.exe
[41/97] Linking CXX executable dungeon_art_regression.exe
[42/97] Linking CXX executable gem_view_regression.exe
[43/97] Linking CXX executable combat_escape_regression.exe
[44/97] Linking CXX executable direct_troll_handoff_regression.exe
[45/97] Linking CXX executable combat_loot_open_regression.exe
[46/97] Linking CXX executable input_regression.exe
[47/97] Linking CXX executable batch21a3_combat_active_player.exe
[48/97] Linking CXX executable dungeon_input_regression.exe
[49/97] Linking CXX executable dungeon_combat_regression.exe
[50/97] Linking CXX executable ui_mode_regression.exe
[51/97] Linking CXX executable batch12b_hardware_regression.exe
[52/97] Linking CXX executable action_feedback_regression.exe
[53/97] Linking CXX executable alpha_runtime_integration_regression.exe
[54/97] Linking CXX executable batch21a_dungeon_room_regression.exe
[55/97] Linking CXX executable batch22_basement_objects.exe
[56/97] Linking CXX executable batch23_vault_parity.exe
[57/97] Linking CXX executable batch24_reload_parity.exe
[58/97] Linking CXX executable batch25_shard_ritual.exe
[59/97] Linking CXX executable batch26_dungeon_save.exe
[60/97] Linking CXX executable batch27_alt_load.exe
[61/97] Linking CXX executable batch28_save_validation.exe
[62/97] Linking CXX executable batch29_rest_wiring.exe
[63/97] Linking CXX executable batch30_sleep_parity.exe
[64/97] Linking CXX executable batch31_h165_dungeon_entry.exe
[65/97] Linking CXX executable batch32_camp_watch.exe
[66/97] Linking CXX executable batch34_pre_sleep_npc.exe
[67/97] Linking CXX executable batch33_cannon_npc_death.exe
[68/97] Linking CXX executable batch35_q_sleep_target.exe
[69/97] Linking CXX executable batch36_camp_housekeeping.exe
[70/97] Linking CXX executable batch37_bed_viewport.exe
[71/97] Linking CXX executable batch39_party_panel.exe
[72/97] Linking CXX executable batch41_raw_key.exe
[73/97] Linking CXX executable batch42_advancement_flash.exe
[74/97] Linking CXX executable batch43_sleep_scene.exe
[75/97] Linking CXX executable batch46_camp_invisibility.exe
[76/97] Linking CXX executable batch44_camp_ring_entry.exe
[77/97] Linking CXX executable batch40_advancement.exe
[78/97] Linking CXX executable batch41_staged_advancement.exe
[79/97] Linking CXX executable batch38_camp_duration.exe
[80/97] Linking CXX executable batch14_zstats_runtime_regression.exe
[81/97] Linking CXX executable batch18_well_ceremony_regression.exe
[82/97] Linking CXX executable batch19_command_char_regression.exe
[83/97] Linking CXX executable batch3_group_b_tests.exe
[84/97] Linking CXX executable batch3_group_a_tests.exe
[85/97] Linking CXX executable batch3_group_c_tests.exe
[86/97] Linking CXX executable batch4_group_a_tests.exe
[87/97] Linking CXX executable batch5_tests.exe
[88/97] Linking CXX executable batch4_group_b_tests.exe
[89/97] Linking CXX executable batch14_zstats_model_tests.exe
[90/97] Linking CXX executable batch7b_tests.exe
[91/97] Linking CXX executable batch12_combat_field_tests.exe
[92/97] Linking CXX executable batch13_tests.exe
[93/97] Linking CXX executable batch15_sacrifice_tests.exe
[94/97] Linking CXX executable batch17_theft_watchdog_tests.exe
[95/97] Linking CXX executable batch19_command_char_tests.exe
[96/97] Linking CXX executable batch45b_tests.exe
[97/97] Linking CXX executable blackthorn_scene_tests.exe
