[1/52] Building CXX object CMakeFiles/openu5_core.dir/src/hud.cpp.obj
[2/52] Building CXX object CMakeFiles/openu5_core.dir/src/system_menu.cpp.obj
[3/52] Building CXX object CMakeFiles/openu5_core.dir/src/frontend.cpp.obj
[4/52] Building CXX object CMakeFiles/openu5_core.dir/src/world_fx.cpp.obj
[5/52] Building CXX object CMakeFiles/openu5_core.dir/src/frontend_settings.cpp.obj
[6/52] Building CXX object CMakeFiles/openu5_core.dir/src/presentation.cpp.obj
[7/52] Building CXX object CMakeFiles/openu5_core.dir/src/dungeon_encounters.cpp.obj
[8/52] Building CXX object CMakeFiles/openu5_core.dir/src/narrative_scene.cpp.obj
[9/52] Building CXX object CMakeFiles/openu5_core.dir/src/ui_session.cpp.obj
[10/52] Building CXX object CMakeFiles/openu5_core.dir/src/world_terrain.cpp.obj
[11/52] Building CXX object CMakeFiles/openu5_core.dir/src/world_commands.cpp.obj
[12/52] Building CXX object CMakeFiles/openu5_core.dir/src/look.cpp.obj
[13/52] Building CXX object CMakeFiles/openu5_core.dir/src/world_magic.cpp.obj
[14/52] Building CXX object CMakeFiles/openu5_core.dir/src/shrine.cpp.obj
[15/52] Building CXX object CMakeFiles/openu5_core.dir/src/outdoor.cpp.obj
[16/52] Building CXX object CMakeFiles/openu5_core.dir/src/gameplay_save.cpp.obj
[17/52] Building CXX object CMakeFiles/openu5_core.dir/src/quest_world.cpp.obj
[18/52] Building CXX object CMakeFiles/openu5_core.dir/src/quest_search.cpp.obj
[19/52] Building CXX object CMakeFiles/openu5_core.dir/src/blackthorn_scene.cpp.obj
[20/52] Building CXX object CMakeFiles/openu5_core.dir/src/dungeon.cpp.obj
[21/52] Building CXX object CMakeFiles/openu5_core.dir/src/blackthorn.cpp.obj
[22/52] Building CXX object CMakeFiles/openu5_core.dir/src/dungeon_view.cpp.obj
[23/52] Building CXX object CMakeFiles/openu5_core.dir/src/dungeon_art.cpp.obj
[24/52] Building CXX object CMakeFiles/openu5_core.dir/src/dungeon_orchestration.cpp.obj
[25/52] Building CXX object CMakeFiles/openu5_core.dir/src/shop_orchestration.cpp.obj
[26/52] Building CXX object CMakeFiles/openu5_core.dir/src/gem_view.cpp.obj
[27/52] Building CXX object CMakeFiles/openu5_core.dir/src/transport.cpp.obj
[28/52] Building CXX object CMakeFiles/openu5_core.dir/src/movement.cpp.obj
[29/52] Building CXX object CMakeFiles/openu5_core.dir/src/scripted_encounter.cpp.obj
[30/52] Building CXX object CMakeFiles/openu5_core.dir/src/transitions.cpp.obj
[31/52] Building CXX object CMakeFiles/openu5_core.dir/src/rest.cpp.obj
[32/52] Building CXX object CMakeFiles/openu5_core.dir/src/dialogue_orchestration.cpp.obj
[33/52] Building CXX object CMakeFiles/openu5_core.dir/src/commands.cpp.obj
[34/52] Building CXX object CMakeFiles/openu5_core.dir/src/ui_debug_menu.cpp.obj
[35/52] Building CXX object CMakeFiles/openu5_core.dir/src/debug_labels.cpp.obj
[36/52] Building CXX object CMakeFiles/openu5_core.dir/src/combat.cpp.obj
[37/52] Building CXX object CMakeFiles/openu5_core.dir/src/debug_map_picker.cpp.obj
[38/52] Building CXX object CMakeFiles/openu5_core.dir/src/debug_developer.cpp.obj
[39/52] Linking CXX static library libopenu5_core.a
[40/52] Building CXX object CMakeFiles/batch39_party_panel.dir/C_/Dev/OpenU5-Native/native/targets/tdeck/host_tests/host_stubs/batch37_board_capture_stub.cpp.obj
[41/52] Building CXX object CMakeFiles/batch39_party_panel.dir/C_/Dev/OpenU5-Native/native/targets/tdeck/host_tests/alpha_runtime_host_fixture.cpp.obj
[42/52] Building CXX object CMakeFiles/batch39_party_panel.dir/C_/Dev/OpenU5-Native/native/targets/tdeck/host_tests/batch39_party_panel_test.cpp.obj
[43/52] Building CXX object CMakeFiles/batch39_party_panel.dir/C_/Dev/OpenU5-Native/native/targets/tdeck/main/ui_input_adapter.cpp.obj
[44/52] Building CXX object CMakeFiles/batch39_party_panel.dir/C_/Dev/OpenU5-Native/native/targets/tdeck/main/input_controller.cpp.obj
[45/52] Building CXX object CMakeFiles/batch39_party_panel.dir/C_/Dev/OpenU5-Native/native/targets/tdeck/host_tests/host_stubs/alpha_save_memory_host_stub.cpp.obj
[46/52] Building CXX object CMakeFiles/batch39_party_panel.dir/C_/Dev/OpenU5-Native/native/targets/tdeck/main/alpha_save_generation.cpp.obj
[47/52] Building CXX object CMakeFiles/batch39_party_panel.dir/C_/Dev/OpenU5-Native/native/targets/tdeck/main/native_renderer.cpp.obj
[48/52] Building CXX object CMakeFiles/batch39_party_panel.dir/C_/Dev/OpenU5-Native/native/targets/tdeck/main/alpha_resources.cpp.obj
[49/52] Building CXX object CMakeFiles/batch39_party_panel.dir/C_/Dev/OpenU5-Native/native/targets/tdeck/host_tests/host_stubs/device_smoke_tests_host_stub.cpp.obj
[50/52] Building CXX object CMakeFiles/batch39_party_panel.dir/C_/Dev/OpenU5-Native/native/targets/tdeck/main/dungeon_art_cache.cpp.obj
[51/52] Building CXX object CMakeFiles/batch39_party_panel.dir/C_/Dev/OpenU5-Native/native/targets/tdeck/main/alpha_runtime.cpp.obj
[52/52] Linking CXX executable batch39_party_panel.exe
