[1/76] Building CXX object CMakeFiles/openu5_core.dir/src/hud.cpp.obj
[2/76] Building CXX object CMakeFiles/openu5_core.dir/src/display_names.cpp.obj
[3/76] Building CXX object CMakeFiles/openu5_core.dir/src/world_fx.cpp.obj
[4/76] Building CXX object CMakeFiles/openu5_core.dir/src/poison_tick.cpp.obj
[5/76] Building CXX object CMakeFiles/openu5_core.dir/src/intro_view.cpp.obj
[6/76] Building CXX object CMakeFiles/openu5_core.dir/src/system_menu.cpp.obj
[7/76] Building CXX object CMakeFiles/openu5_core.dir/src/frontend.cpp.obj
[8/76] Building CXX object CMakeFiles/openu5_core.dir/src/dungeon_encounters.cpp.obj
[9/76] Building CXX object CMakeFiles/openu5_core.dir/src/presentation.cpp.obj
[10/76] Building CXX object CMakeFiles/openu5_core.dir/src/narrative_scene.cpp.obj
[11/76] Building CXX object CMakeFiles/openu5_core.dir/src/command_char.cpp.obj
[12/76] Building CXX object CMakeFiles/openu5_core.dir/src/frontend_settings.cpp.obj
[13/76] Building CXX object CMakeFiles/openu5_core.dir/src/world_terrain.cpp.obj
[14/76] Building CXX object CMakeFiles/openu5_core.dir/src/ui_session.cpp.obj
[15/76] Building CXX object CMakeFiles/openu5_core.dir/src/world_commands.cpp.obj
[16/76] Building CXX object CMakeFiles/openu5_core.dir/src/look.cpp.obj
[17/76] Building CXX object CMakeFiles/openu5_core.dir/src/world_magic.cpp.obj
[18/76] Building CXX object CMakeFiles/openu5_core.dir/src/shrine.cpp.obj
[19/76] Building CXX object CMakeFiles/openu5_core.dir/src/outdoor.cpp.obj
[20/76] Building CXX object CMakeFiles/openu5_core.dir/src/quest.cpp.obj
[21/76] Building CXX object CMakeFiles/openu5_core.dir/src/blackthorn_scene.cpp.obj
[22/76] Building CXX object CMakeFiles/openu5_core.dir/src/quest_world.cpp.obj
[23/76] Building CXX object CMakeFiles/openu5_core.dir/src/gameplay_save.cpp.obj
[24/76] Building CXX object CMakeFiles/openu5_core.dir/src/quest_search.cpp.obj
[25/76] Building CXX object CMakeFiles/openu5_core.dir/src/blackthorn.cpp.obj
[26/76] Building CXX object CMakeFiles/openu5_core.dir/src/dungeon.cpp.obj
[27/76] Building CXX object CMakeFiles/openu5_core.dir/src/dungeon_view.cpp.obj
[28/76] Building CXX object CMakeFiles/openu5_core.dir/src/shops.cpp.obj
[29/76] Building CXX object CMakeFiles/openu5_core.dir/src/gem_view.cpp.obj
[30/76] Building CXX object CMakeFiles/openu5_core.dir/src/dungeon_art.cpp.obj
[31/76] Building CXX object CMakeFiles/openu5_core.dir/src/shop_orchestration.cpp.obj
[32/76] Building CXX object CMakeFiles/openu5_core.dir/src/transport.cpp.obj
[33/76] Building CXX object CMakeFiles/openu5_core.dir/src/dungeon_orchestration.cpp.obj
[34/76] Building CXX object CMakeFiles/openu5_core.dir/src/rng.cpp.obj
[35/76] Building CXX object CMakeFiles/openu5_core.dir/src/time.cpp.obj
[36/76] Building CXX object CMakeFiles/openu5_core.dir/src/state.cpp.obj
[37/76] Building CXX object CMakeFiles/openu5_core.dir/src/world.cpp.obj
[38/76] Building CXX object CMakeFiles/openu5_core.dir/src/scripted_encounter.cpp.obj
[39/76] Building CXX object CMakeFiles/openu5_core.dir/src/loot.cpp.obj
[40/76] Building CXX object CMakeFiles/openu5_core.dir/src/save_json.cpp.obj
[41/76] Building CXX object CMakeFiles/openu5_core.dir/src/movement.cpp.obj
[42/76] Building CXX object CMakeFiles/openu5_core.dir/src/save_core.cpp.obj
[43/76] Building CXX object CMakeFiles/openu5_core.dir/src/transitions.cpp.obj
[44/76] Building CXX object CMakeFiles/openu5_core.dir/src/turn.cpp.obj
[45/76] Building CXX object CMakeFiles/openu5_core.dir/src/pathfind.cpp.obj
[46/76] Building CXX object CMakeFiles/openu5_core.dir/src/actors.cpp.obj
[47/76] Building CXX object CMakeFiles/openu5_core.dir/src/persistence.cpp.obj
[48/76] Building CXX object CMakeFiles/openu5_core.dir/src/inventory_picker.cpp.obj
[49/76] Building CXX object CMakeFiles/openu5_core.dir/src/npc_path.cpp.obj
[50/76] Building CXX object CMakeFiles/openu5_core.dir/src/inventory.cpp.obj
[51/76] Building CXX object CMakeFiles/openu5_core.dir/src/zstats.cpp.obj
[52/76] Building CXX object CMakeFiles/openu5_core.dir/src/magic.cpp.obj
[53/76] Building CXX object CMakeFiles/openu5_core.dir/src/rest.cpp.obj
[54/76] Building CXX object CMakeFiles/openu5_core.dir/src/dialogue_effects.cpp.obj
[55/76] Building CXX object CMakeFiles/openu5_core.dir/src/commands.cpp.obj
[56/76] Building CXX object CMakeFiles/openu5_core.dir/src/dialogue_orchestration.cpp.obj
[57/76] Building CXX object CMakeFiles/batch34_pre_sleep_npc.dir/C_/Dev/OpenU5-Native/native/targets/tdeck/host_tests/host_stubs/tdeck_board_host_stub.cpp.obj
[58/76] Building CXX object CMakeFiles/batch34_pre_sleep_npc.dir/C_/Dev/OpenU5-Native/native/targets/tdeck/host_tests/host_stubs/tdeck_input_host_stub.cpp.obj
[59/76] Building CXX object CMakeFiles/openu5_core.dir/src/dialogue.cpp.obj
[60/76] Building CXX object CMakeFiles/batch34_pre_sleep_npc.dir/C_/Dev/OpenU5-Native/native/targets/tdeck/main/ui_input_adapter.cpp.obj
[61/76] Building CXX object CMakeFiles/openu5_core.dir/src/combat.cpp.obj
[62/76] Building CXX object CMakeFiles/batch34_pre_sleep_npc.dir/C_/Dev/OpenU5-Native/native/targets/tdeck/main/input_controller.cpp.obj
[63/76] Building CXX object CMakeFiles/batch34_pre_sleep_npc.dir/C_/Dev/OpenU5-Native/native/targets/tdeck/host_tests/alpha_runtime_host_fixture.cpp.obj
[64/76] Building CXX object CMakeFiles/batch34_pre_sleep_npc.dir/C_/Dev/OpenU5-Native/native/targets/tdeck/main/keyboard_matrix.cpp.obj
[65/76] Building CXX object CMakeFiles/batch34_pre_sleep_npc.dir/C_/Dev/OpenU5-Native/native/targets/tdeck/host_tests/batch34_pre_sleep_npc_test.cpp.obj
[66/76] Linking CXX static library libopenu5_core.a
[67/76] Building CXX object CMakeFiles/batch34_pre_sleep_npc.dir/C_/Dev/OpenU5-Native/native/targets/tdeck/host_tests/host_stubs/alpha_save_memory_host_stub.cpp.obj
[68/76] Building CXX object CMakeFiles/batch34_pre_sleep_npc.dir/C_/Dev/OpenU5-Native/native/targets/tdeck/main/alpha_save_generation.cpp.obj
[69/76] Building CXX object CMakeFiles/batch34_pre_sleep_npc.dir/C_/Dev/OpenU5-Native/native/targets/tdeck/main/alpha_dialogue.cpp.obj
[70/76] Building CXX object CMakeFiles/batch34_pre_sleep_npc.dir/C_/Dev/OpenU5-Native/native/targets/tdeck/main/native_renderer.cpp.obj
[71/76] Building CXX object CMakeFiles/batch34_pre_sleep_npc.dir/C_/Dev/OpenU5-Native/native/targets/tdeck/main/alpha_resources.cpp.obj
[72/76] Building CXX object CMakeFiles/batch34_pre_sleep_npc.dir/C_/Dev/OpenU5-Native/native/targets/tdeck/main/asset_pack.cpp.obj
[73/76] Building CXX object CMakeFiles/batch34_pre_sleep_npc.dir/C_/Dev/OpenU5-Native/native/targets/tdeck/host_tests/host_stubs/device_smoke_tests_host_stub.cpp.obj
[74/76] Building CXX object CMakeFiles/batch34_pre_sleep_npc.dir/C_/Dev/OpenU5-Native/native/targets/tdeck/main/dungeon_art_cache.cpp.obj
[75/76] Building CXX object CMakeFiles/batch34_pre_sleep_npc.dir/C_/Dev/OpenU5-Native/native/targets/tdeck/main/alpha_runtime.cpp.obj
[76/76] Linking CXX executable batch34_pre_sleep_npc.exe
