[1/122] Building CXX object CMakeFiles/openu5_core.dir/src/rest.cpp.obj
[2/122] Linking CXX static library libopenu5_core.a
[3/122] Building CXX object CMakeFiles/batch21a_dungeon_room_regression.dir/C_/Dev/OpenU5-Native/native/targets/tdeck/main/alpha_runtime.cpp.obj
[4/122] Building CXX object CMakeFiles/batch22_basement_objects.dir/C_/Dev/OpenU5-Native/native/targets/tdeck/main/alpha_runtime.cpp.obj
[5/122] Building CXX object CMakeFiles/batch23_vault_parity.dir/C_/Dev/OpenU5-Native/native/targets/tdeck/main/alpha_runtime.cpp.obj
[6/122] Building CXX object CMakeFiles/alpha_runtime_integration_regression.dir/C_/Dev/OpenU5-Native/native/targets/tdeck/main/alpha_runtime.cpp.obj
[7/122] Building CXX object CMakeFiles/batch25_shard_ritual.dir/C_/Dev/OpenU5-Native/native/targets/tdeck/main/alpha_runtime.cpp.obj
[8/122] Building CXX object CMakeFiles/batch26_dungeon_save.dir/C_/Dev/OpenU5-Native/native/targets/tdeck/main/alpha_runtime.cpp.obj
[9/122] Building CXX object CMakeFiles/batch24_reload_parity.dir/C_/Dev/OpenU5-Native/native/targets/tdeck/main/alpha_runtime.cpp.obj
[10/122] Building CXX object CMakeFiles/batch27_alt_load.dir/C_/Dev/OpenU5-Native/native/targets/tdeck/main/alpha_runtime.cpp.obj
[11/122] Building CXX object CMakeFiles/batch28_save_validation.dir/C_/Dev/OpenU5-Native/native/targets/tdeck/main/alpha_runtime.cpp.obj
[12/122] Building CXX object CMakeFiles/batch29_rest_wiring.dir/C_/Dev/OpenU5-Native/native/targets/tdeck/main/alpha_runtime.cpp.obj
[13/122] Building CXX object CMakeFiles/batch30_sleep_parity.dir/C_/Dev/OpenU5-Native/native/targets/tdeck/main/alpha_runtime.cpp.obj
[14/122] Building CXX object CMakeFiles/batch34_pre_sleep_npc.dir/C_/Dev/OpenU5-Native/native/targets/tdeck/main/alpha_runtime.cpp.obj
[15/122] Building CXX object CMakeFiles/batch33_cannon_npc_death.dir/C_/Dev/OpenU5-Native/native/targets/tdeck/main/alpha_runtime.cpp.obj
[16/122] Building CXX object CMakeFiles/batch31_h165_dungeon_entry.dir/C_/Dev/OpenU5-Native/native/targets/tdeck/main/alpha_runtime.cpp.obj
[17/122] Building CXX object CMakeFiles/batch32_camp_watch.dir/C_/Dev/OpenU5-Native/native/targets/tdeck/main/alpha_runtime.cpp.obj
[18/122] Building CXX object CMakeFiles/batch35_q_sleep_target.dir/C_/Dev/OpenU5-Native/native/targets/tdeck/main/alpha_runtime.cpp.obj
[19/122] Building CXX object CMakeFiles/batch43_sleep_scene.dir/C_/Dev/OpenU5-Native/native/targets/tdeck/host_tests/batch43_sleep_scene_test.cpp.obj
[20/122] Building CXX object CMakeFiles/batch36_camp_housekeeping.dir/C_/Dev/OpenU5-Native/native/targets/tdeck/main/alpha_runtime.cpp.obj
[21/122] Building CXX object CMakeFiles/batch37_bed_viewport.dir/C_/Dev/OpenU5-Native/native/targets/tdeck/main/alpha_runtime.cpp.obj
[22/122] Building CXX object CMakeFiles/batch41_raw_key.dir/C_/Dev/OpenU5-Native/native/targets/tdeck/main/alpha_runtime.cpp.obj
[23/122] Building CXX object CMakeFiles/batch39_party_panel.dir/C_/Dev/OpenU5-Native/native/targets/tdeck/main/alpha_runtime.cpp.obj
[24/122] Building CXX object CMakeFiles/batch42_advancement_flash.dir/C_/Dev/OpenU5-Native/native/targets/tdeck/main/alpha_runtime.cpp.obj
[25/122] Building CXX object CMakeFiles/batch43_sleep_scene.dir/C_/Dev/OpenU5-Native/native/targets/tdeck/main/alpha_runtime.cpp.obj
[26/122] Linking CXX executable display_names_tests.exe
[27/122] Linking CXX executable ui_session_tests.exe
[28/122] Linking CXX executable frontend_tests.exe
[29/122] Linking CXX executable quest_search_tests.exe
[30/122] Linking CXX executable debug_labels_tests.exe
[31/122] Linking CXX executable batch21b_chest_reset.exe
[32/122] Linking CXX executable measure_ui_sizes.exe
[33/122] Building CXX object CMakeFiles/batch38_camp_duration.dir/C_/Dev/OpenU5-Native/native/targets/tdeck/main/alpha_runtime.cpp.obj
[34/122] Linking CXX executable ui_host_harness.exe
[35/122] Building CXX object CMakeFiles/batch14_zstats_runtime_regression.dir/C_/Dev/OpenU5-Native/native/targets/tdeck/main/alpha_runtime.cpp.obj
[36/122] Linking CXX executable ui_debug_menu_tests.exe
[37/122] Linking CXX executable debug_map_picker_tests.exe
[38/122] Linking CXX executable debug_developer_tests.exe
[39/122] Linking CXX executable look_sign_tests.exe
[40/122] Linking CXX executable gameplay_integration_tests.exe
[41/122] Linking CXX executable gameplay_driver.exe
[42/122] Linking CXX executable movement_flow_parity_tests.exe
[43/122] Linking CXX executable shop_parity_tests.exe
[44/122] Linking CXX executable shop_flow_tests.exe
[45/122] Linking CXX executable shop_adapter_tests.exe
[46/122] Linking CXX executable quest_driver.exe
[47/122] Building CXX object CMakeFiles/batch18_well_ceremony_regression.dir/C_/Dev/OpenU5-Native/native/targets/tdeck/main/alpha_runtime.cpp.obj
[48/122] Building CXX object CMakeFiles/batch19_command_char_regression.dir/C_/Dev/OpenU5-Native/native/targets/tdeck/main/alpha_runtime.cpp.obj
[49/122] Linking CXX executable persistence_driver.exe
[50/122] Linking CXX executable dialogue_adapter_tests.exe
[51/122] Linking CXX executable dialogue_parity_tests.exe
[52/122] Linking CXX executable transport_flow_parity_tests.exe
[53/122] Linking CXX executable dungeon_parity_tests.exe
[54/122] Linking CXX executable world_flow_adapter_tests.exe
[55/122] Linking CXX executable dungeon_flow_parity_tests.exe
[56/122] Linking CXX executable world_flow_parity_tests.exe
[57/122] Linking CXX executable advanced_combat_parity_tests.exe
[58/122] Linking CXX executable magic_parity_tests.exe
[59/122] Linking CXX executable core_parity_tests.exe
[60/122] Linking CXX executable movement_regression.exe
[61/122] Linking CXX executable combat_parity_tests.exe
[62/122] Linking CXX executable item_parity_tests.exe
[63/122] Linking CXX executable travel_parity_tests.exe
[64/122] Linking CXX executable command_parity_tests.exe
[65/122] Linking CXX executable turn_parity_tests.exe
[66/122] Linking CXX executable dungeon_view_regression.exe
[67/122] Linking CXX executable presentation_regression.exe
[68/122] Linking CXX executable dungeon_art_regression.exe
[69/122] Linking CXX executable gem_view_regression.exe
[70/122] Linking CXX executable input_regression.exe
[71/122] Linking CXX executable combat_escape_regression.exe
[72/122] Linking CXX executable dungeon_input_regression.exe
[73/122] Linking CXX executable combat_loot_open_regression.exe
[74/122] Linking CXX executable direct_troll_handoff_regression.exe
[75/122] Linking CXX executable batch21a3_combat_active_player.exe
[76/122] Linking CXX executable ui_mode_regression.exe
[77/122] Linking CXX executable dungeon_combat_regression.exe
[78/122] Linking CXX executable action_feedback_regression.exe
[79/122] Linking CXX executable batch12b_hardware_regression.exe
[80/122] Linking CXX executable alpha_runtime_integration_regression.exe
[81/122] Linking CXX executable batch21a_dungeon_room_regression.exe
[82/122] Linking CXX executable batch22_basement_objects.exe
[83/122] Linking CXX executable batch23_vault_parity.exe
[84/122] Linking CXX executable batch25_shard_ritual.exe
[85/122] Linking CXX executable batch24_reload_parity.exe
[86/122] Linking CXX executable batch26_dungeon_save.exe
[87/122] Linking CXX executable batch27_alt_load.exe
[88/122] Linking CXX executable batch28_save_validation.exe
[89/122] Linking CXX executable batch29_rest_wiring.exe
[90/122] Linking CXX executable batch31_h165_dungeon_entry.exe
[91/122] Linking CXX executable batch30_sleep_parity.exe
[92/122] Linking CXX executable batch32_camp_watch.exe
[93/122] Linking CXX executable batch33_cannon_npc_death.exe
[94/122] Linking CXX executable batch34_pre_sleep_npc.exe
[95/122] Linking CXX executable batch35_q_sleep_target.exe
[96/122] Linking CXX executable batch36_camp_housekeeping.exe
[97/122] Linking CXX executable batch37_bed_viewport.exe
[98/122] Linking CXX executable batch39_party_panel.exe
[99/122] Linking CXX executable batch41_raw_key.exe
[100/122] Linking CXX executable batch42_advancement_flash.exe
[101/122] Linking CXX executable batch43_sleep_scene.exe
[102/122] Linking CXX executable batch40_advancement.exe
[103/122] Linking CXX executable batch41_staged_advancement.exe
[104/122] Linking CXX executable batch38_camp_duration.exe
[105/122] Linking CXX executable batch14_zstats_runtime_regression.exe
[106/122] Linking CXX executable batch18_well_ceremony_regression.exe
[107/122] Linking CXX executable batch19_command_char_regression.exe
[108/122] Linking CXX executable batch3_group_b_tests.exe
[109/122] Linking CXX executable batch3_group_a_tests.exe
[110/122] Linking CXX executable batch3_group_c_tests.exe
[111/122] Linking CXX executable batch14_zstats_model_tests.exe
[112/122] Linking CXX executable batch4_group_a_tests.exe
[113/122] Linking CXX executable batch4_group_b_tests.exe
[114/122] Linking CXX executable batch5_tests.exe
[115/122] Linking CXX executable batch7b_tests.exe
[116/122] Linking CXX executable batch12_combat_field_tests.exe
[117/122] Linking CXX executable batch13_tests.exe
[118/122] Linking CXX executable batch17_theft_watchdog_tests.exe
[119/122] Linking CXX executable batch15_sacrifice_tests.exe
[120/122] Linking CXX executable batch19_command_char_tests.exe
[121/122] Linking CXX executable batch45b_tests.exe
[122/122] Linking CXX executable blackthorn_scene_tests.exe
