Batch 45 direct original-byte scheduled NPC/bed evidence
OVL offsets are file offsets; EXE offsets are MZ image offsets.

NPC.OVL: bytes=4912 sha256=f1491fb52f685183baf0f5176845105e82e2f31109e7f1f3b7587f98b295151d
TOWN.OVL: bytes=6256 sha256=0deb3ef891e538cd3a53700e43ede2cda6372e4298fbff11ca8310ad2acce062
ULTIMA.EXE: bytes=36592 sha256=e904215f43f45080b499a6de683dddce6f3b0466f25bdce067388ea50a7ac5b0
LOOKOBJ.OVL: bytes=4560 sha256=91eb595670f8a94a91b43e9912a5755cdc40aac991231d29425c6eedd1eacd57

--- NPC.OVL 0938-09d0 ---
0938: 55                   push bp
0939: 8bec                 mov bp, sp
093b: 83ec0a               sub sp, 0xa
093e: 57                   push di
093f: 56                   push si
0940: bfffff               mov di, 0xffff
0943: 8b4606               mov ax, word ptr [bp + 6]
0946: b104                 mov cl, 4
0948: d3e0                 shl ax, cl
094a: 8946f6               mov word ptr [bp - 0xa], ax
094d: 055e5f               add ax, 0x5f5e
0950: 8946fa               mov word ptr [bp - 6], ax
0953: 8b46f6               mov ax, word ptr [bp - 0xa]
0956: 055e5d               add ax, 0x5d5e
0959: 8946fe               mov word ptr [bp - 2], ax
095c: c746fc0000           mov word ptr [bp - 4], 0
0961: 8b76fa               mov si, word ptr [bp - 6]
0964: 8b5efc               mov bx, word ptr [bp - 4]
0967: 035efe               add bx, word ptr [bp - 2]
096a: 8a470c               mov al, byte ptr [bx + 0xc]
096d: 2ae4                 sub ah, ah
096f: 3b4604               cmp ax, word ptr [bp + 4]
0972: 7403                 je 0x977
0974: e9b500               jmp 0xa2c
0977: ff7606               push word ptr [bp + 6]
097a: ff7604               push word ptr [bp + 4]
097d: e86009               call 0x12e0
0980: 8bf8                 mov di, ax
0982: 397c0e               cmp word ptr [si + 0xe], di
0985: 7545                 jne 0x9cc
0987: c7040100             mov word ptr [si], 1
098b: 897ef8               mov word ptr [bp - 8], di
098e: 83ffff               cmp di, -1
0991: 7e2b                 jle 0x9be
0993: 8bf7                 mov si, di
0995: 0376fe               add si, word ptr [bp - 2]
0998: 8b5efa               mov bx, word ptr [bp - 6]
099b: 8a4403               mov al, byte ptr [si + 3]
099e: 2ae4                 sub ah, ah
09a0: 394702               cmp word ptr [bx + 2], ax
09a3: 7519                 jne 0x9be
09a5: 8a4406               mov al, byte ptr [si + 6]
09a8: 394704               cmp word ptr [bx + 4], ax
09ab: 7511                 jne 0x9be
09ad: 8a4409               mov al, byte ptr [si + 9]
09b0: 394706               cmp word ptr [bx + 6], ax
09b3: 7509                 jne 0x9be
09b5: c746f80000           mov word ptr [bp - 8], 0
09ba: c7070100             mov word ptr [bx], 1
09be: 837ef8ff             cmp word ptr [bp - 8], -1
09c2: 7578                 jne 0xa3c
09c4: c746f80000           mov word ptr [bp - 8], 0
09c9: eb74                 jmp 0xa3f
09cb: 90                   nop
09cc: a09558               mov al, byte ptr [0x5895]

--- NPC.OVL 12e0-1330 ---
12e0: 55                   push bp
12e1: 8bec                 mov bp, sp
12e3: 56                   push si
12e4: 57                   push di
12e5: 1e                   push ds
12e6: 8d365e5d             lea si, [0x5d5e]
12ea: 8b4606               mov ax, word ptr [bp + 6]
12ed: b104                 mov cl, 4
12ef: d3e0                 shl ax, cl
12f1: 03f0                 add si, ax
12f3: 83c60c               add si, 0xc
12f6: 8b4604               mov ax, word ptr [bp + 4]
12f9: 8ae0                 mov ah, al
12fb: 8bd8                 mov bx, ax
12fd: 2a04                 sub al, byte ptr [si]
12ff: 2a6401               sub ah, byte ptr [si + 1]
1302: 2a5c02               sub bl, byte ptr [si + 2]
1305: 2a7c03               sub bh, byte ptr [si + 3]
1308: 33d2                 xor dx, dx
130a: 3ac4                 cmp al, ah
130c: 7603                 jbe 0x1311
130e: 8ac4                 mov al, ah
1310: 42                   inc dx
1311: 3ac3                 cmp al, bl
1313: 7605                 jbe 0x131a
1315: 8ac3                 mov al, bl
1317: ba0200               mov dx, 2
131a: 3ac7                 cmp al, bh
131c: 7603                 jbe 0x1321
131e: ba0100               mov dx, 1
1321: 8bc2                 mov ax, dx
1323: 1f                   pop ds
1324: 5f                   pop di
1325: 5e                   pop si
1326: 5d                   pop bp
1327: c20400               ret 4
132a: 0000                 add byte ptr [bx + si], al
132c: 0000                 add byte ptr [bx + si], al
132e: 0000                 add byte ptr [bx + si], al

--- TOWN.OVL 16c9-1726 ---
16c9: 80bc9e6500           cmp byte ptr [si + 0x659e], 0
16ce: 7440                 je 0x1710
16d0: 56                   push si
16d1: a07f58               mov al, byte ptr [0x587f]
16d4: 2ae4                 sub ah, ah
16d6: 50                   push ax
16d7: e88ce2               call 0xfffff966
16da: 8946fc               mov word ptr [bp - 4], ax
16dd: 8bc7                 mov ax, di
16df: 0346fc               add ax, word ptr [bp - 4]
16e2: 8946f6               mov word ptr [bp - 0xa], ax
16e5: 56                   push si
16e6: 8bd8                 mov bx, ax
16e8: 8a87615d             mov al, byte ptr [bx + 0x5d61]
16ec: 2ae4                 sub ah, ah
16ee: 50                   push ax
16ef: 8a87645d             mov al, byte ptr [bx + 0x5d64]
16f3: 50                   push ax
16f4: 8a87675d             mov al, byte ptr [bx + 0x5d67]
16f8: 50                   push ax
16f9: e82a00               call 0x1726
16fc: c7855e5f0100         mov word ptr [di + 0x5f5e], 1
1702: 8b46fc               mov ax, word ptr [bp - 4]
1705: 89856c5f             mov word ptr [di + 0x5f6c], ax
1709: 8b5ef8               mov bx, word ptr [bp - 8]
170c: c707ffff             mov word ptr [bx], 0xffff
1710: 83c710               add di, 0x10
1713: 8346f802             add word ptr [bp - 8], 2
1717: 46                   inc si
1718: 83fe20               cmp si, 0x20
171b: 7cac                 jl 0x16c9
171d: 8976fe               mov word ptr [bp - 2], si
1720: 5e                   pop si
1721: 5f                   pop di
1722: 8be5                 mov sp, bp
1724: 5d                   pop bp
1725: c3                   ret

--- TOWN.OVL 1726-185a ---
1726: 55                   push bp
1727: 8bec                 mov bp, sp
1729: 83ec06               sub sp, 6
172c: 56                   push si
172d: 8b5e0a               mov bx, word ptr [bp + 0xa]
1730: 80bf9e6500           cmp byte ptr [bx + 0x659e], 0
1735: 7503                 jne 0x173a
1737: e92001               jmp 0x185a
173a: 8bc3                 mov ax, bx
173c: b104                 mov cl, 4
173e: d3e0                 shl ax, cl
1740: 055e5f               add ax, 0x5f5e
1743: 8946fe               mov word ptr [bp - 2], ax
1746: a09558               mov al, byte ptr [0x5895]
1749: 2ae4                 sub ah, ah
174b: 394604               cmp word ptr [bp + 4], ax
174e: 741c                 je 0x176c
1750: 8b5efe               mov bx, word ptr [bp - 2]
1753: 837f0c00             cmp word ptr [bx + 0xc], 0
1757: 7413                 je 0x176c
1759: 8b5f0c               mov bx, word ptr [bx + 0xc]
175c: b103                 mov cl, 3
175e: d3e3                 shl bx, cl
1760: 88a75a5c             mov byte ptr [bx + 0x5c5a], ah
1764: 8b5efe               mov bx, word ptr [bp - 2]
1767: c7470c0000           mov word ptr [bx + 0xc], 0
176c: a09558               mov al, byte ptr [0x5895]
176f: 2ae4                 sub ah, ah
1771: 394604               cmp word ptr [bp + 4], ax
1774: 7403                 je 0x1779
1776: e99400               jmp 0x180d
1779: 8b5efe               mov bx, word ptr [bp - 2]
177c: 837f0c00             cmp word ptr [bx + 0xc], 0
1780: 7403                 je 0x1785
1782: e98800               jmp 0x180d
1785: e88c9f               call 0xffffb714
1788: 8946fc               mov word ptr [bp - 4], ax
178b: 8b5e0a               mov bx, word ptr [bp + 0xa]
178e: 80bf9e6501           cmp byte ptr [bx + 0x659e], 1
1793: 7507                 jne 0x179c
1795: c746fa1e00           mov word ptr [bp - 6], 0x1e
179a: eb3d                 jmp 0x17d9
179c: 8a1e9358             mov bl, byte ptr [0x5893]
17a0: 2aff                 sub bh, bh
17a2: d1e3                 shl bx, 1
17a4: d1e3                 shl bx, 1
17a6: 8b87c228             mov ax, word ptr [bx + 0x28c2]
17aa: 8b97c428             mov dx, word ptr [bx + 0x28c4]
17ae: b90100               mov cx, 1
17b1: 2bdb                 sub bx, bx
17b3: 8bf1                 mov si, cx
17b5: 8a4e0a               mov cl, byte ptr [bp + 0xa]
17b8: 0ac9                 or cl, cl
17ba: 7408                 je 0x17c4
17bc: d1e6                 shl si, 1
17be: d1d3                 rcl bx, 1
17c0: fec9                 dec cl
17c2: 75f8                 jne 0x17bc
17c4: 23c6                 and ax, si
17c6: 23d3                 and dx, bx
17c8: 0bd0                 or dx, ax
17ca: 7408                 je 0x17d4
17cc: c746faff00           mov word ptr [bp - 6], 0xff
17d1: eb06                 jmp 0x17d9
17d3: 90                   nop
17d4: c746fa0000           mov word ptr [bp - 6], 0
17d9: 8b5e0a               mov bx, word ptr [bp + 0xa]
17dc: 8a879e65             mov al, byte ptr [bx + 0x659e]
17e0: 2ae4                 sub ah, ah
17e2: 8bf0                 mov si, ax
17e4: 56                   push si
17e5: 56                   push si
17e6: ff7608               push word ptr [bp + 8]
17e9: ff7606               push word ptr [bp + 6]
17ec: ff7604               push word ptr [bp + 4]
17ef: ff76fa               push word ptr [bp - 6]
17f2: ff76fc               push word ptr [bp - 4]
17f5: e8aca0               call 0xffffb8a4
17f8: 8b5efc               mov bx, word ptr [bp - 4]
17fb: b103                 mov cl, 3
17fd: d3e3                 shl bx, cl
17ff: c687605c00           mov byte ptr [bx + 0x5c60], 0
1804: 8b5efe               mov bx, word ptr [bp - 2]
1807: 8b46fc               mov ax, word ptr [bp - 4]
180a: 89470c               mov word ptr [bx + 0xc], ax
180d: a09558               mov al, byte ptr [0x5895]
1810: 2ae4                 sub ah, ah
1812: 394604               cmp word ptr [bp + 4], ax
1815: 752a                 jne 0x1841
1817: 8b5efe               mov bx, word ptr [bp - 2]
181a: 837f0c00             cmp word ptr [bx + 0xc], 0
181e: 7421                 je 0x1841
1820: 8b470c               mov ax, word ptr [bx + 0xc]
1823: 8946fc               mov word ptr [bp - 4], ax
1826: 8bf0                 mov si, ax
1828: b103                 mov cl, 3
182a: d3e6                 shl si, cl
182c: 8a4608               mov al, byte ptr [bp + 8]
182f: 88845c5c             mov byte ptr [si + 0x5c5c], al
1833: 8a4606               mov al, byte ptr [bp + 6]
1836: 88845d5c             mov byte ptr [si + 0x5c5d], al
183a: 8a4604               mov al, byte ptr [bp + 4]
183d: 88845e5c             mov byte ptr [si + 0x5c5e], al
1841: 8b5efe               mov bx, word ptr [bp - 2]
1844: 8b4608               mov ax, word ptr [bp + 8]
1847: 894702               mov word ptr [bx + 2], ax
184a: 8b4606               mov ax, word ptr [bp + 6]
184d: 894704               mov word ptr [bx + 4], ax
1850: 8b4604               mov ax, word ptr [bp + 4]
1853: 894706               mov word ptr [bx + 6], ax
1856: c7070100             mov word ptr [bx], 1

--- ULTIMA.EXE 5394-5601 ---
5394: 55                   push bp
5395: 8bec                 mov bp, sp
5397: 83ec32               sub sp, 0x32
539a: 57                   push di
539b: 56                   push si
539c: 803e935880           cmp byte ptr [0x5893], 0x80
53a1: 7203                 jb 0x53a6
53a3: e98400               jmp 0x542a
53a6: a09658               mov al, byte ptr [0x5896]
53a9: a25c5c               mov byte ptr [0x5c5c], al
53ac: a09758               mov al, byte ptr [0x5897]
53af: a25d5c               mov byte ptr [0x5c5d], al
53b2: a09558               mov al, byte ptr [0x5895]
53b5: a25e5c               mov byte ptr [0x5c5e], al
53b8: a07c58               mov al, byte ptr [0x587c]
53bb: a25a5c               mov byte ptr [0x5c5a], al
53be: a25b5c               mov byte ptr [0x5c5b], al
53c1: c746f40000           mov word ptr [bp - 0xc], 0
53c6: c746ee0000           mov word ptr [bp - 0x12], 0
53cb: 2bf6                 sub si, si
53cd: 8b7eee               mov di, word ptr [bp - 0x12]
53d0: 897ef0               mov word ptr [bp - 0x10], di
53d3: 8b5ef0               mov bx, word ptr [bp - 0x10]
53d6: 80b802abdd           cmp byte ptr [bx + si - 0x54fe], 0xdd
53db: 7517                 jne 0x53f4
53dd: 56                   push si
53de: ff76f4               push word ptr [bp - 0xc]
53e1: e80c1c               call 0x6ff0
53e4: 3d0500               cmp ax, 5
53e7: 7e0b                 jle 0x53f4
53e9: 8b5ef0               mov bx, word ptr [bp - 0x10]
53ec: c68002ab1c           mov byte ptr [bx + si - 0x54fe], 0x1c
53f1: eb21                 jmp 0x5414
53f3: 90                   nop
53f4: 8bdf                 mov bx, di
53f6: 03de                 add bx, si
53f8: 80bf02ab1c           cmp byte ptr [bx - 0x54fe], 0x1c
53fd: 7515                 jne 0x5414
53ff: 56                   push si
5400: ff76f4               push word ptr [bp - 0xc]
5403: e8ea1b               call 0x6ff0
5406: 3d0500               cmp ax, 5
5409: 7f09                 jg 0x5414
540b: 8bdf                 mov bx, di
540d: 03de                 add bx, si
540f: c68702abdd           mov byte ptr [bx - 0x54fe], 0xdd
5414: 46                   inc si
5415: 83fe0b               cmp si, 0xb
5418: 7cb9                 jl 0x53d3
541a: 8976f6               mov word ptr [bp - 0xa], si
541d: 8346ee20             add word ptr [bp - 0x12], 0x20
5421: ff46f4               inc word ptr [bp - 0xc]
5424: 837ef40b             cmp word ptr [bp - 0xc], 0xb
5428: 7ca1                 jl 0x53cb
542a: c746f61f00           mov word ptr [bp - 0xa], 0x1f
542f: c746ee525d           mov word ptr [bp - 0x12], 0x5d52
5434: c746f0545d           mov word ptr [bp - 0x10], 0x5d54
5439: c746f2555d           mov word ptr [bp - 0xe], 0x5d55
543e: c746ec565d           mov word ptr [bp - 0x14], 0x5d56
5443: c746ea535d           mov word ptr [bp - 0x16], 0x5d53
5448: be525d               mov si, 0x5d52
544b: c746e6535d           mov word ptr [bp - 0x1a], 0x5d53
5450: bf535d               mov di, 0x5d53
5453: 897ee2               mov word ptr [bp - 0x1e], di
5456: 8976e0               mov word ptr [bp - 0x20], si
5459: 897ede               mov word ptr [bp - 0x22], di
545c: 897edc               mov word ptr [bp - 0x24], di
545f: 897eda               mov word ptr [bp - 0x26], di
5462: 8b5eee               mov bx, word ptr [bp - 0x12]
5465: 803f00               cmp byte ptr [bx], 0
5468: 7503                 jne 0x546d
546a: e99401               jmp 0x5601
546d: 8b5ef0               mov bx, word ptr [bp - 0x10]
5470: 8a07                 mov al, byte ptr [bx]
5472: 8846fe               mov byte ptr [bp - 2], al
5475: 8846fa               mov byte ptr [bp - 6], al
5478: 8b5ef2               mov bx, word ptr [bp - 0xe]
547b: 8a07                 mov al, byte ptr [bx]
547d: 8846fc               mov byte ptr [bp - 4], al
5480: 8846f8               mov byte ptr [bp - 8], al
5483: 803e935880           cmp byte ptr [0x5893], 0x80
5488: 732f                 jae 0x54b9
548a: a09658               mov al, byte ptr [0x5896]
548d: 2c05                 sub al, 5
548f: 2846fa               sub byte ptr [bp - 6], al
5492: a09758               mov al, byte ptr [0x5897]
5495: 2c05                 sub al, 5
5497: 2846f8               sub byte ptr [bp - 8], al
549a: 8b5eec               mov bx, word ptr [bp - 0x14]
549d: a09558               mov al, byte ptr [0x5895]
54a0: 3807                 cmp byte ptr [bx], al
54a2: 7403                 je 0x54a7
54a4: e95a01               jmp 0x5601
54a7: 807efa0a             cmp byte ptr [bp - 6], 0xa
54ab: 7603                 jbe 0x54b0
54ad: e95101               jmp 0x5601
54b0: 807ef80a             cmp byte ptr [bp - 8], 0xa
54b4: 7603                 jbe 0x54b9
54b6: e94801               jmp 0x5601
54b9: 8b5eea               mov bx, word ptr [bp - 0x16]
54bc: 803f00               cmp byte ptr [bx], 0
54bf: 7503                 jne 0x54c4
54c1: e93d01               jmp 0x5601
54c4: 8a5ef8               mov bl, byte ptr [bp - 8]
54c7: 2aff                 sub bh, bh
54c9: b105                 mov cl, 5
54cb: d3e3                 shl bx, cl
54cd: 8a46fa               mov al, byte ptr [bp - 6]
54d0: 2ae4                 sub ah, ah
54d2: 03d8                 add bx, ax
54d4: 80bf02abff           cmp byte ptr [bx - 0x54fe], 0xff
54d9: 7503                 jne 0x54de
54db: e92301               jmp 0x5601
54de: 8a5ef8               mov bl, byte ptr [bp - 8]
54e1: 2aff                 sub bh, bh
54e3: d3e3                 shl bx, cl
54e5: 03d8                 add bx, ax
54e7: 80bf02ab87           cmp byte ptr [bx - 0x54fe], 0x87
54ec: 7503                 jne 0x54f1
54ee: e91001               jmp 0x5601
54f1: 8a04                 mov al, byte ptr [si]
54f3: 24fc                 and al, 0xfc
54f5: 3ce8                 cmp al, 0xe8
54f7: 740a                 je 0x5503
54f9: 803c1e               cmp byte ptr [si], 0x1e
54fc: 7405                 je 0x5503
54fe: 803c1f               cmp byte ptr [si], 0x1f
5501: 7547                 jne 0x554a
5503: 8a5ef8               mov bl, byte ptr [bp - 8]
5506: 2aff                 sub bh, bh
5508: b105                 mov cl, 5
550a: d3e3                 shl bx, cl
550c: 8a46fa               mov al, byte ptr [bp - 6]
550f: 2ae4                 sub ah, ah
5511: 03d8                 add bx, ax
5513: 38a702ab             cmp byte ptr [bx - 0x54fe], ah
5517: 7503                 jne 0x551c
5519: e9e500               jmp 0x5601
551c: 8946d8               mov word ptr [bp - 0x28], ax
551f: 8a46f8               mov al, byte ptr [bp - 8]
5522: 8946d6               mov word ptr [bp - 0x2a], ax
5525: 8b5ee6               mov bx, word ptr [bp - 0x1a]
5528: 8a07                 mov al, byte ptr [bx]
552a: 8b5ed6               mov bx, word ptr [bp - 0x2a]
552d: b104                 mov cl, 4
552f: d3e3                 shl bx, cl
5531: 035ed8               add bx, word ptr [bp - 0x28]
5534: 888764ac             mov byte ptr [bx - 0x539c], al
5538: 8b5ed6               mov bx, word ptr [bp - 0x2a]
553b: b105                 mov cl, 5
553d: d3e3                 shl bx, cl
553f: 035ed8               add bx, word ptr [bp - 0x28]
5542: 88a702ab             mov byte ptr [bx - 0x54fe], ah
5546: e9b800               jmp 0x5601
5549: 90                   nop
554a: 803d1d               cmp byte ptr [di], 0x1d
554d: 7405                 je 0x5554
554f: 803d1e               cmp byte ptr [di], 0x1e
5552: 752e                 jne 0x5582
5554: 8a46fa               mov al, byte ptr [bp - 6]
5557: 2ae4                 sub ah, ah
5559: 8946d4               mov word ptr [bp - 0x2c], ax
555c: 8a46f8               mov al, byte ptr [bp - 8]
555f: 8946d2               mov word ptr [bp - 0x2e], ax
5562: 8b5ee2               mov bx, word ptr [bp - 0x1e]
5565: 8a07                 mov al, byte ptr [bx]
5567: 8b5ed2               mov bx, word ptr [bp - 0x2e]
556a: b104                 mov cl, 4
556c: d3e3                 shl bx, cl
556e: 035ed4               add bx, word ptr [bp - 0x2c]
5571: 888764ac             mov byte ptr [bx - 0x539c], al
5575: 8b5ed2               mov bx, word ptr [bp - 0x2e]
5578: b105                 mov cl, 5
557a: d3e3                 shl bx, cl
557c: 035ed4               add bx, word ptr [bp - 0x2c]
557f: ebc1                 jmp 0x5542
5581: 90                   nop
5582: 8b5ee0               mov bx, word ptr [bp - 0x20]
5585: 803f5c               cmp byte ptr [bx], 0x5c
5588: 755c                 jne 0x55e6
558a: 8a5ef8               mov bl, byte ptr [bp - 8]
558d: 2aff                 sub bh, bh
558f: b105                 mov cl, 5
5591: d3e3                 shl bx, cl
5593: 8a46fa               mov al, byte ptr [bp - 6]
5596: 2ae4                 sub ah, ah
5598: 03d8                 add bx, ax
559a: 80bf02ab92           cmp byte ptr [bx - 0x54fe], 0x92
559f: 7529                 jne 0x55ca
55a1: 8946d0               mov word ptr [bp - 0x30], ax
55a4: 8a46f8               mov al, byte ptr [bp - 8]
55a7: 8946ce               mov word ptr [bp - 0x32], ax
55aa: 8b5ede               mov bx, word ptr [bp - 0x22]
55ad: 8a07                 mov al, byte ptr [bx]
55af: 8b5ece               mov bx, word ptr [bp - 0x32]
55b2: b104                 mov cl, 4
55b4: d3e3                 shl bx, cl
55b6: 035ed0               add bx, word ptr [bp - 0x30]
55b9: 888764ac             mov byte ptr [bx - 0x539c], al
55bd: 8b5ece               mov bx, word ptr [bp - 0x32]
55c0: b105                 mov cl, 5
55c2: d3e3                 shl bx, cl
55c4: 035ed0               add bx, word ptr [bp - 0x30]
55c7: e978ff               jmp 0x5542
55ca: 8a46fa               mov al, byte ptr [bp - 6]
55cd: 2ae4                 sub ah, ah
55cf: 50                   push ax
55d0: 8a46f8               mov al, byte ptr [bp - 8]
55d3: 50                   push ax
55d4: 8a46fe               mov al, byte ptr [bp - 2]
55d7: 50                   push ax
55d8: 8a46fc               mov al, byte ptr [bp - 4]
55db: 50                   push ax
55dc: 8b5edc               mov bx, word ptr [bp - 0x24]
55df: 8a07                 mov al, byte ptr [bx]
55e1: 2d0800               sub ax, 8
55e4: eb17                 jmp 0x55fd
55e6: 8a46fa               mov al, byte ptr [bp - 6]
55e9: 2ae4                 sub ah, ah
55eb: 50                   push ax
55ec: 8a46f8               mov al, byte ptr [bp - 8]
55ef: 50                   push ax
55f0: 8a46fe               mov al, byte ptr [bp - 2]
55f3: 50                   push ax
55f4: 8a46fc               mov al, byte ptr [bp - 4]
55f7: 50                   push ax
55f8: 8b5eda               mov bx, word ptr [bp - 0x26]
55fb: 8a07                 mov al, byte ptr [bx]
55fd: 50                   push ax
55fe: e8b7fb               call 0x51b8

--- LOOKOBJ.OVL 0000-0040 ---
0000: 55                   push bp
0001: 8bec                 mov bp, sp
0003: 81ec8200             sub sp, 0x82
0007: c746fe0000           mov word ptr [bp - 2], 0
000c: b8f871               mov ax, 0x71f8
000f: 50                   push ax
0010: 8d46fe               lea ax, [bp - 2]
0013: 50                   push ax
0014: b80200               mov ax, 2
0017: 50                   push ax
0018: 8b4604               mov ax, word ptr [bp + 4]
001b: d1e0                 shl ax, 1
001d: 50                   push ax
001e: e8bd82               call 0xffff82de
0021: b80272               mov ax, 0x7202
0024: 50                   push ax
0025: 8d867eff             lea ax, [bp - 0x82]
0029: 50                   push ax
002a: b88000               mov ax, 0x80
002d: 50                   push ax
002e: ff76fe               push word ptr [bp - 2]
0031: e8aa82               call 0xffff82de
0034: 8d867eff             lea ax, [bp - 0x82]
0038: 50                   push ax
0039: e88475               call 0x75c0
003c: 8be5                 mov sp, bp
003e: 5d                   pop bp

--- LOOKOBJ.OVL 09c4-0a56 ---
09c4: ff76fa               push word ptr [bp - 6]
09c7: 50                   push ax
09c8: e8a797               call 0xffffa172
09cb: 8bd8                 mov bx, ax
09cd: 8a07                 mov al, byte ptr [bx]
09cf: 2ae4                 sub ah, ah
09d1: 8946fe               mov word ptr [bp - 2], ax
09d4: ff76fa               push word ptr [bp - 6]
09d7: ff76f8               push word ptr [bp - 8]
09da: a09558               mov al, byte ptr [0x5895]
09dd: 50                   push ax
09de: e81d8a               call 0xffff93fe
09e1: 8946fc               mov word ptr [bp - 4], ax
09e4: 837efe29             cmp word ptr [bp - 2], 0x29
09e8: 7556                 jne 0xa40
09ea: e80b9d               call 0xffffa6f8
09ed: 8946f6               mov word ptr [bp - 0xa], ax
09f0: 40                   inc ax
09f1: 7503                 jne 0x9f6
09f3: e9a200               jmp 0xa98
09f6: b80100               mov ax, 1
09f9: 50                   push ax
09fa: b81e00               mov ax, 0x1e
09fd: 50                   push ax
09fe: e80174               call 0x7e02
0a01: 8b5ef6               mov bx, word ptr [bp - 0xa]
0a04: b105                 mov cl, 5
0a06: d3e3                 shl bx, cl
0a08: 8a8fb655             mov cl, byte ptr [bx + 0x55b6]
0a0c: 2aed                 sub ch, ch
0a0e: 3bc8                 cmp cx, ax
0a10: 7718                 ja 0xa2a
0a12: b8fa74               mov ax, 0x74fa
0a15: 50                   push ax
0a16: e8a76b               call 0x75c0
0a19: ff76f6               push word ptr [bp - 0xa]
0a1c: b80100               mov ax, 1
0a1f: 50                   push ax
0a20: e89f7d               call 0x87c2
0a23: e84a7c               call 0x8670
0a26: eb70                 jmp 0xa98
0a28: 90                   nop
0a29: 90                   nop
0a2a: b80a75               mov ax, 0x750a
0a2d: 50                   push ax
0a2e: e88f6b               call 0x75c0
0a31: a09658               mov al, byte ptr [0x5896]
0a34: 2ae4                 sub ah, ah
0a36: 50                   push ax
0a37: a09758               mov al, byte ptr [0x5897]
0a3a: 50                   push ax
0a3b: e8be06               call 0x10fc
0a3e: eb58                 jmp 0xa98
0a40: b81c75               mov ax, 0x751c
0a43: 50                   push ax
0a44: e8796b               call 0x75c0
0a47: 837efc00             cmp word ptr [bp - 4], 0
0a4b: 7409                 je 0xa56
0a4d: ff76fc               push word ptr [bp - 4]
0a50: e851fc               call 0x6a4
0a53: eb43                 jmp 0xa98
0a55: 90                   nop


--- shipped data witnesses ---
CASTLE.NPC: bytes=4608 sha256=6327fbbc9934a020400fa8cc6ba4e56e17dc5f4734589da1d2e48c5eb34e2a1b
LOOK2.DAT: bytes=3622 sha256=a4b99c7d8495552068599ce7a4b0df3811cad99ff0c8ecbdfaf115ac46409f1b
CASTLE.NPC location=17 slot=1 schedule=000000111109071c1a00000013060d0f type=70 dialog=00
CASTLE.NPC location=17 slot=13 schedule=000000090b0907171a000000170b0f11 type=5c dialog=01
LOOK2.DAT tile=15c directory_byte_offset=2b8 text_offset=0c2f text=b'a minstrel'
LOOK2.DAT tile=170 directory_byte_offset=2e0 text_offset=0c56 text=b'a guard'
