Batch 39 H-174 direct original bytes and decoded call sites
CMDS.OVL SHA-256: 56dccb08f88957383f3dbb6765e5e86049ac6b765cef3e18a3b1da209234a258
ULTIMA.EXE SHA-256: e904215f43f45080b499a6de683dddce6f3b0466f25bdce067388ea50a7ac5b0
ULTIMA.EXE DOS MZ header 0x800 bytes; CS offset n is file offset n+0x800.

CMDS.OVL bed-entry and tick calls (overlay offsets):
05e6: a0 5b 58             mov al, byte ptr [0x585b]
05e9: 0b c0                or ax, ax
05eb: 74 1d                je 0x60a
05ed: 8b d0                mov dx, ax
05ef: be b3 55             mov si, 0x55b3
05f2: 8b 4e f8             mov cx, word ptr [bp - 8]
05f5: 80 3c 47             cmp byte ptr [si], 0x47
05f8: 75 03                jne 0x5fd
05fa: c6 04 53             mov byte ptr [si], 0x53
05fd: 83 c6 20             add si, 0x20
0600: 41                   inc cx
0601: 8b c1                mov ax, cx
0603: 3b c2                cmp ax, dx
0605: 72 ee                jb 0x5f5
0607: 89 4e f8             mov word ptr [bp - 8], cx
060a: e8 73 63             call 0x6980
060d: b8 1e 42             mov ax, 0x421e
0610: 50                   push ax
0611: e8 bc 52             call 0x58d0
0614: 2b c0                sub ax, ax
0616: 50                   push ax
0617: e8 d6 44             call 0x4af0
061a: b8 08 00             mov ax, 8
061d: 50                   push ax
061e: 50                   push ax
061f: b8 b7 00             mov ax, 0xb7
0622: 50                   push ax
0623: 50                   push ax
0624: e8 ff 44             call 0x4b26
0627: a0 7f 58             mov al, byte ptr [0x587f]
062a: 2a e4                sub ah, ah
062c: 8b f8                mov di, ax
062e: 8b 76 fa             mov si, word ptr [bp - 6]
0631: eb 08                jmp 0x63b
0633: 90                   nop
0634: b8 01 00             mov ax, 1
0637: 50                   push ax
0638: e8 3f 5b             call 0x617a
063b: 8b c6                mov ax, si
063d: 8a 0e 7f 58          mov cl, byte ptr [0x587f]
0641: 2a ed                sub ch, ch
0643: 3b c1                cmp ax, cx
0645: 74 4b                je 0x692
0647: b8 0a 00             mov ax, 0xa
064a: 50                   push ax
064b: e8 ae 89             call 0xffff8ffc
064e: 8b c7                mov ax, di
0650: 8a 0e 7f 58          mov cl, byte ptr [0x587f]
0654: 2a ed                sub ch, ch
0656: 3b c1                cmp ax, cx
0658: 74 0d                je 0x667
065a: 80 f9 14             cmp cl, 0x14
065d: 74 05                je 0x664
065f: 80 f9 05             cmp cl, 5
0662: 75 03                jne 0x667
0664: e8 b3 b4             call 0xffffbb1a
0667: a0 7f 58             mov al, byte ptr [0x587f]
066a: 2a e4                sub ah, ah
066c: 8b f8                mov di, ax
066e: e8 93 84             call 0xffff8b04
0671: e8 f4 64             call 0x6b68
0674: e8 09 63             call 0x6980
0677: e8 94 b4             call 0xffffbb0e
067a: a0 96 58             mov al, byte ptr [0x5896]
067d: 2a e4                sub ah, ah
067f: 50                   push ax
0680: a0 97 58             mov al, byte ptr [0x5897]
0683: 50                   push ax
0684: a0 95 58             mov al, byte ptr [0x5895]
0687: 50                   push ax

ULTIMA.EXE status row (CS 0x2726..0x2881):
2726: 55                   push bp
2727: 8b ec                mov bp, sp
2729: 83 ec 08             sub sp, 8
272c: 56                   push si
272d: 2b c0                sub ax, ax
272f: 50                   push ax
2730: ff 76 04             push word ptr [bp + 4]
2733: e8 bc f4             call 0x1bf2
2736: a0 5b 58             mov al, byte ptr [0x585b]
2739: 2a e4                sub ah, ah
273b: 39 46 04             cmp word ptr [bp + 4], ax
273e: 72 18                jb 0x2758
2740: c7 46 fc 0f 00       mov word ptr [bp - 4], 0xf
2745: be 0f 00             mov si, 0xf
2748: b8 20 00             mov ax, 0x20
274b: 50                   push ax
274c: e8 6b ef             call 0x16ba
274f: 4e                   dec si
2750: 75 03                jne 0x2755
2752: e9 28 01             jmp 0x287d
2755: eb f1                jmp 0x2748
2757: 90                   nop
2758: a0 9e 58             mov al, byte ptr [0x589e]
275b: 2a e4                sub ah, ah
275d: b1 03                mov cl, 3
275f: d3 e0                shl ax, cl
2761: 05 14 ba             add ax, 0xba14
2764: 89 46 fe             mov word ptr [bp - 2], ax
2767: 80 3e 93 58 7f       cmp byte ptr [0x5893], 0x7f
276c: 76 20                jbe 0x278e
276e: 80 3e 9e 58 ff       cmp byte ptr [0x589e], 0xff
2773: 74 19                je 0x278e
2775: 8b d8                mov bx, ax
2777: f6 47 02 80          test byte ptr [bx + 2], 0x80
277b: 74 11                je 0x278e
277d: 8a 47 03             mov al, byte ptr [bx + 3]
2780: 2a e4                sub ah, ah
2782: 3b 46 04             cmp ax, word ptr [bp + 4]
2785: 75 07                jne 0x278e
2787: b8 fd 00             mov ax, 0xfd
278a: 50                   push ax
278b: e8 2c ef             call 0x16ba
278e: 8b 46 04             mov ax, word ptr [bp + 4]
2791: b1 05                mov cl, 5
2793: d3 e0                shl ax, cl
2795: 05 a8 55             add ax, 0x55a8
2798: 89 46 f8             mov word ptr [bp - 8], ax
279b: 50                   push ax
279c: e8 b1 f0             call 0x1850
279f: ff 76 f8             push word ptr [bp - 8]
27a2: e8 c7 f9             call 0x216c
27a5: 89 46 fc             mov word ptr [bp - 4], ax
27a8: 3d 09 00             cmp ax, 9
27ab: 7d 15                jge 0x27c2
27ad: b8 09 00             mov ax, 9
27b0: 2b 46 fc             sub ax, word ptr [bp - 4]
27b3: 8b f0                mov si, ax
27b5: 01 76 fc             add word ptr [bp - 4], si
27b8: b8 20 00             mov ax, 0x20
27bb: 50                   push ax
27bc: e8 fb ee             call 0x16ba
27bf: 4e                   dec si
27c0: 75 f6                jne 0x27b8
27c2: a0 7b 58             mov al, byte ptr [0x587b]
27c5: 2a e4                sub ah, ah
27c7: 39 46 04             cmp word ptr [bp + 4], ax
27ca: 75 2a                jne 0x27f6
27cc: 8b 5e 04             mov bx, word ptr [bp + 4]
27cf: b1 05                mov cl, 5
27d1: d3 e3                shl bx, cl
27d3: 8a 87 b3 55          mov al, byte ptr [bx + 0x55b3]
27d7: 88 46 f8             mov byte ptr [bp - 8], al
27da: 3c 44                cmp al, 0x44
27dc: 74 0a                je 0x27e8
27de: 3c 53                cmp al, 0x53
27e0: 74 06                je 0x27e8
27e2: b8 1a 00             mov ax, 0x1a
27e5: eb 12                jmp 0x27f9
27e7: 90                   nop
27e8: b8 20 00             mov ax, 0x20
27eb: 50                   push ax
27ec: e8 cb ee             call 0x16ba
27ef: c6 06 7b 58 ff       mov byte ptr [0x587b], 0xff
27f4: eb 07                jmp 0x27fd
27f6: b8 20 00             mov ax, 0x20
27f9: 50                   push ax
27fa: e8 bd ee             call 0x16ba
27fd: 8b 5e 04             mov bx, word ptr [bp + 4]
2800: b1 05                mov cl, 5
2802: d3 e3                shl bx, cl
2804: ff b7 b8 55          push word ptr [bx + 0x55b8]
2808: b8 04 00             mov ax, 4
280b: 50                   push ax
280c: b8 20 00             mov ax, 0x20
280f: 50                   push ax
2810: e8 2b f2             call 0x1a3e
2813: 80 3e 93 58 7f       cmp byte ptr [0x5893], 0x7f
2818: 76 52                jbe 0x286c
281a: 8b 76 04             mov si, word ptr [bp + 4]
281d: b1 03                mov cl, 3
281f: d3 e6                shl si, cl
2821: 8a 84 16 ba          mov al, byte ptr [si - 0x45ea]
2825: 24 e1                and al, 0xe1
2827: 3c 81                cmp al, 0x81
2829: 75 11                jne 0x283c
282b: 8a 84 17 ba          mov al, byte ptr [si - 0x45e9]
282f: 2a e4                sub ah, ah
2831: 3b 46 04             cmp ax, word ptr [bp + 4]
2834: 75 06                jne 0x283c
2836: b8 43 00             mov ax, 0x43
2839: eb 0e                jmp 0x2849
283b: 90                   nop
283c: 8b 5e 04             mov bx, word ptr [bp + 4]
283f: b1 05                mov cl, 5
2841: d3 e3                shl bx, cl
2843: 8a 87 b3 55          mov al, byte ptr [bx + 0x55b3]
2847: 2a e4                sub ah, ah
2849: 50                   push ax
284a: e8 6d ee             call 0x16ba
284d: 80 3e 9e 58 ff       cmp byte ptr [0x589e], 0xff
2852: 74 29                je 0x287d
2854: 8b 5e fe             mov bx, word ptr [bp - 2]
2857: f6 47 02 80          test byte ptr [bx + 2], 0x80
285b: 74 20                je 0x287d
285d: 8a 47 03             mov al, byte ptr [bx + 3]
2860: 2a e4                sub ah, ah
2862: 3b 46 04             cmp ax, word ptr [bp + 4]
2865: 75 16                jne 0x287d
2867: b8 fd 00             mov ax, 0xfd
286a: eb 0d                jmp 0x2879
286c: 8b 5e 04             mov bx, word ptr [bp + 4]
286f: b1 05                mov cl, 5
2871: d3 e3                shl bx, cl
2873: 8a 87 b3 55          mov al, byte ptr [bx + 0x55b3]
2877: 2a e4                sub ah, ah
2879: 50                   push ax
287a: e8 3d ee             call 0x16ba
287d: 5e                   pop si
287e: 8b e5                mov sp, bp
2880: 5d                   pop bp

ULTIMA.EXE status panel (CS 0x2900..0x2a26):
2900: 55                   push bp
2901: 8b ec                mov bp, sp
2903: 83 ec 02             sub sp, 2
2906: 56                   push si
2907: b8 01 00             mov ax, 1
290a: 50                   push ax
290b: e8 86 f2             call 0x1b94
290e: 2b f6                sub si, si
2910: 56                   push si
2911: e8 12 fe             call 0x2726
2914: 46                   inc si
2915: 83 fe 06             cmp si, 6
2918: 7c f6                jl 0x2910
291a: 89 76 fe             mov word ptr [bp - 2], si
291d: 2b c0                sub ax, ax
291f: 50                   push ax
2920: b8 07 00             mov ax, 7
2923: 50                   push ax
2924: e8 cb f2             call 0x1bf2
2927: b8 ba 54             mov ax, 0x54ba
292a: 50                   push ax
292b: e8 22 ef             call 0x1850
292e: ff 36 a8 57          push word ptr [0x57a8]
2932: b8 01 00             mov ax, 1
2935: 50                   push ax
2936: b8 20 00             mov ax, 0x20
2939: 50                   push ax
293a: e8 01 f1             call 0x1a3e
293d: eb 08                jmp 0x2947
293f: 90                   nop
2940: b8 20 00             mov ax, 0x20
2943: 50                   push ax
2944: e8 73 ed             call 0x16ba
2947: e8 c8 f5             call 0x1f12
294a: 3d 08 00             cmp ax, 8
294d: 7c f1                jl 0x2940
294f: 80 3e 93 58 80       cmp byte ptr [0x5893], 0x80
2954: 73 32                jae 0x2988
2956: a0 7c 58             mov al, byte ptr [0x587c]
2959: 24 f8                and al, 0xf8
295b: 3c 20                cmp al, 0x20
295d: 75 29                jne 0x2988
295f: b8 bd 54             mov ax, 0x54bd
2962: 50                   push ax
2963: e8 ea ee             call 0x1850
2966: a0 5f 5c             mov al, byte ptr [0x5c5f]
2969: 2a e4                sub ah, ah
296b: 50                   push ax
296c: b8 01 00             mov ax, 1
296f: 50                   push ax
2970: b8 20 00             mov ax, 0x20
2973: 50                   push ax
2974: e8 c7 f0             call 0x1a3e
2977: 80 3e 5f 5c 0a       cmp byte ptr [0x5c5f], 0xa
297c: 73 0d                jae 0x298b
297e: b8 20 00             mov ax, 0x20
2981: 50                   push ax
2982: e8 35 ed             call 0x16ba
2985: eb 04                jmp 0x298b
2987: 90                   nop
2988: e8 f9 fe             call 0x2884
298b: b8 c3 54             mov ax, 0x54c3
298e: 50                   push ax
298f: e8 be ee             call 0x1850
2992: 80 3e 7d 58 0a       cmp byte ptr [0x587d], 0xa
2997: 73 0e                jae 0x29a7
2999: 80 3e 7e 58 0a       cmp byte ptr [0x587e], 0xa
299e: 73 07                jae 0x29a7
29a0: b8 20 00             mov ax, 0x20
29a3: 50                   push ax
29a4: e8 13 ed             call 0x16ba
29a7: a0 7d 58             mov al, byte ptr [0x587d]
29aa: 2a e4                sub ah, ah
29ac: 50                   push ax
29ad: b8 01 00             mov ax, 1
29b0: 50                   push ax
29b1: b8 20 00             mov ax, 0x20
29b4: 50                   push ax
29b5: e8 86 f0             call 0x1a3e
29b8: b8 2d 00             mov ax, 0x2d
29bb: 50                   push ax
29bc: e8 fb ec             call 0x16ba
29bf: a0 7e 58             mov al, byte ptr [0x587e]
29c2: 2a e4                sub ah, ah
29c4: 50                   push ax
29c5: b8 01 00             mov ax, 1
29c8: 50                   push ax
29c9: b8 20 00             mov ax, 0x20
29cc: 50                   push ax
29cd: e8 6e f0             call 0x1a3e
29d0: b8 2d 00             mov ax, 0x2d
29d3: 50                   push ax
29d4: e8 e3 ec             call 0x16ba
29d7: ff 36 74 58          push word ptr [0x5874]
29db: b8 03 00             mov ax, 3
29de: 50                   push ax
29df: b8 30 00             mov ax, 0x30
29e2: 50                   push ax
29e3: e8 58 f0             call 0x1a3e
29e6: eb 07                jmp 0x29ef
29e8: b8 20 00             mov ax, 0x20
29eb: 50                   push ax
29ec: e8 cb ec             call 0x16ba
29ef: e8 20 f5             call 0x1f12
29f2: 3d 0f 00             cmp ax, 0xf
29f5: 7c f1                jl 0x29e8
29f7: b8 06 00             mov ax, 6
29fa: 50                   push ax
29fb: 50                   push ax
29fc: e8 f3 f1             call 0x1bf2
29ff: 80 3e 7a 58 00       cmp byte ptr [0x587a], 0
2a04: 74 12                je 0x2a18
2a06: e8 21 22             call 0x4c2a
2a09: a0 7a 58             mov al, byte ptr [0x587a]
2a0c: 2a e4                sub ah, ah
2a0e: 50                   push ax
2a0f: e8 a8 ec             call 0x16ba
2a12: e8 b9 22             call 0x4cce
2a15: eb 04                jmp 0x2a1b
2a17: 90                   nop
2a18: e8 21 25             call 0x4f3c
2a1b: b8 02 00             mov ax, 2
2a1e: 50                   push ax
2a1f: e8 72 f1             call 0x1b94
2a22: 5e                   pop si
2a23: 8b e5                mov sp, bp
2a25: 5d                   pop bp
2a26: c3                   ret
