[1/81] Building CXX object CMakeFiles/openu5_core.dir/src/hud.cpp.obj
[2/81] Building CXX object CMakeFiles/openu5_core.dir/src/intro_view.cpp.obj
[3/81] Building CXX object CMakeFiles/openu5_core.dir/src/system_menu.cpp.obj
[4/81] Building CXX object CMakeFiles/openu5_core.dir/src/display_names.cpp.obj
[5/81] Building CXX object CMakeFiles/openu5_core.dir/src/world_fx.cpp.obj
[6/81] Building CXX object CMakeFiles/openu5_core.dir/src/poison_tick.cpp.obj
[7/81] Building CXX object CMakeFiles/openu5_core.dir/src/scene_timing.cpp.obj
[8/81] Building CXX object CMakeFiles/openu5_core.dir/src/dungeon_encounters.cpp.obj
[9/81] Building CXX object CMakeFiles/openu5_core.dir/src/command_char.cpp.obj
[10/81] Building CXX object CMakeFiles/openu5_core.dir/src/frontend.cpp.obj
[11/81] Building CXX object CMakeFiles/openu5_core.dir/src/narrative_scene.cpp.obj
[12/81] Building CXX object CMakeFiles/openu5_core.dir/src/presentation.cpp.obj
[13/81] Building CXX object CMakeFiles/openu5_core.dir/src/dungeon_view.cpp.obj
[14/81] Building CXX object CMakeFiles/openu5_core.dir/src/rng.cpp.obj
[15/81] Building CXX object CMakeFiles/openu5_core.dir/src/transport.cpp.obj
[16/81] Building CXX object CMakeFiles/openu5_core.dir/src/gem_view.cpp.obj
[17/81] Building CXX object CMakeFiles/openu5_core.dir/src/world_terrain.cpp.obj
[18/81] Building CXX object CMakeFiles/openu5_core.dir/src/time.cpp.obj
[19/81] Building CXX object CMakeFiles/openu5_core.dir/src/dungeon_art.cpp.obj
[20/81] Building CXX object CMakeFiles/openu5_core.dir/src/loot.cpp.obj
[21/81] Building CXX object CMakeFiles/openu5_core.dir/src/world_commands.cpp.obj
[22/81] Building CXX object CMakeFiles/openu5_core.dir/src/shrine.cpp.obj
[23/81] Building CXX object CMakeFiles/openu5_core.dir/src/world_magic.cpp.obj
[24/81] Building CXX object CMakeFiles/openu5_core.dir/src/scripted_encounter.cpp.obj
[25/81] Building CXX object CMakeFiles/openu5_core.dir/src/world.cpp.obj
[26/81] Building CXX object CMakeFiles/openu5_core.dir/src/dungeon.cpp.obj
[27/81] Building CXX object CMakeFiles/openu5_core.dir/src/state.cpp.obj
[28/81] Building CXX object CMakeFiles/openu5_core.dir/src/dungeon_orchestration.cpp.obj
[29/81] Building CXX object CMakeFiles/openu5_core.dir/src/look.cpp.obj
[30/81] Building CXX object CMakeFiles/openu5_core.dir/src/shops.cpp.obj
[31/81] Building CXX object CMakeFiles/openu5_core.dir/src/quest_search.cpp.obj
[32/81] Building CXX object CMakeFiles/openu5_core.dir/src/frontend_settings.cpp.obj
[33/81] Building CXX object CMakeFiles/openu5_core.dir/src/inventory_picker.cpp.obj
[34/81] Building CXX object CMakeFiles/openu5_core.dir/src/outdoor.cpp.obj
[35/81] Building CXX object CMakeFiles/openu5_core.dir/src/blackthorn_scene.cpp.obj
[36/81] Building CXX object CMakeFiles/openu5_core.dir/src/movement.cpp.obj
[37/81] Building CXX object CMakeFiles/openu5_core.dir/src/ui_session.cpp.obj
[38/81] Building CXX object CMakeFiles/openu5_core.dir/src/transitions.cpp.obj
[39/81] Building CXX object CMakeFiles/openu5_core.dir/src/quest.cpp.obj
[40/81] Building CXX object CMakeFiles/openu5_core.dir/src/pathfind.cpp.obj
[41/81] Building CXX object CMakeFiles/openu5_core.dir/src/inventory.cpp.obj
[42/81] Building CXX object CMakeFiles/openu5_core.dir/src/actors.cpp.obj
[43/81] Building CXX object CMakeFiles/openu5_core.dir/src/turn.cpp.obj
[44/81] Building CXX object CMakeFiles/openu5_core.dir/src/magic.cpp.obj
[45/81] Building CXX object CMakeFiles/openu5_core.dir/src/zstats.cpp.obj
[46/81] Building CXX object CMakeFiles/openu5_core.dir/src/blackthorn.cpp.obj
[47/81] Building CXX object CMakeFiles/openu5_core.dir/src/npc_path.cpp.obj
[48/81] Building CXX object CMakeFiles/batch53_release_blockers.dir/C_/Dev/OpenU5-Native/native/targets/tdeck/host_tests/host_stubs/tdeck_input_host_stub.cpp.obj
[49/81] Building CXX object CMakeFiles/openu5_core.dir/src/debug_labels.cpp.obj
[50/81] Building CXX object CMakeFiles/batch53_release_blockers.dir/C_/Dev/OpenU5-Native/native/targets/tdeck/main/input_controller.cpp.obj
[51/81] Building CXX object CMakeFiles/openu5_core.dir/src/quest_world.cpp.obj
[52/81] Building CXX object CMakeFiles/openu5_core.dir/src/rest.cpp.obj
[53/81] Building CXX object CMakeFiles/batch53_release_blockers.dir/C_/Dev/OpenU5-Native/native/targets/tdeck/host_tests/host_stubs/tdeck_board_host_stub.cpp.obj
[54/81] Building CXX object CMakeFiles/batch53_release_blockers.dir/C_/Dev/OpenU5-Native/native/targets/tdeck/main/ui_input_adapter.cpp.obj
[55/81] Building CXX object CMakeFiles/openu5_core.dir/src/ui_debug_menu.cpp.obj
[56/81] Building CXX object CMakeFiles/openu5_core.dir/src/dialogue_effects.cpp.obj
[57/81] Building CXX object CMakeFiles/openu5_core.dir/src/debug_map_picker.cpp.obj
[58/81] Building CXX object CMakeFiles/openu5_core.dir/src/shop_orchestration.cpp.obj
[59/81] Building CXX object CMakeFiles/batch53_release_blockers.dir/C_/Dev/OpenU5-Native/native/targets/tdeck/main/keyboard_matrix.cpp.obj
[60/81] Building CXX object CMakeFiles/openu5_core.dir/src/dialogue_orchestration.cpp.obj
[61/81] Building CXX object CMakeFiles/batch53_release_blockers.dir/C_/Dev/OpenU5-Native/native/targets/tdeck/host_tests/alpha_runtime_host_fixture.cpp.obj
[62/81] Building CXX object CMakeFiles/openu5_core.dir/src/debug_developer.cpp.obj
[63/81] Building CXX object CMakeFiles/batch53_release_blockers.dir/C_/Dev/OpenU5-Native/native/targets/tdeck/host_tests/host_stubs/device_smoke_tests_host_stub.cpp.obj
[64/81] Building CXX object CMakeFiles/openu5_core.dir/src/save_json.cpp.obj
[65/81] Building CXX object CMakeFiles/batch53_release_blockers.dir/C_/Dev/OpenU5-Native/native/targets/tdeck/host_tests/host_stubs/alpha_save_memory_host_stub.cpp.obj
[66/81] Building CXX object CMakeFiles/batch53_release_blockers.dir/C_/Dev/OpenU5-Native/native/targets/tdeck/main/alpha_save_generation.cpp.obj
[67/81] Building CXX object CMakeFiles/batch53_release_blockers.dir/C_/Dev/OpenU5-Native/native/targets/tdeck/main/asset_pack.cpp.obj
[68/81] Building CXX object CMakeFiles/batch53_release_blockers.dir/C_/Dev/OpenU5-Native/native/targets/tdeck/main/alpha_resources.cpp.obj
[69/81] Building CXX object CMakeFiles/batch53_release_blockers.dir/C_/Dev/OpenU5-Native/native/targets/tdeck/main/alpha_dialogue.cpp.obj
[70/81] Building CXX object CMakeFiles/batch53_release_blockers.dir/C_/Dev/OpenU5-Native/native/targets/tdeck/main/dungeon_art_cache.cpp.obj
[71/81] Building CXX object CMakeFiles/batch53_release_blockers.dir/C_/Dev/OpenU5-Native/native/targets/tdeck/main/native_renderer.cpp.obj
[72/81] Building CXX object CMakeFiles/openu5_core.dir/src/commands.cpp.obj
[73/81] Building CXX object CMakeFiles/openu5_core.dir/src/dialogue.cpp.obj
[74/81] Building CXX object CMakeFiles/openu5_core.dir/src/gameplay_save.cpp.obj
[75/81] Building CXX object CMakeFiles/openu5_core.dir/src/save_core.cpp.obj
[76/81] Building CXX object CMakeFiles/openu5_core.dir/src/persistence.cpp.obj
[77/81] Building CXX object CMakeFiles/batch53_release_blockers.dir/C_/Dev/OpenU5-Native/native/targets/tdeck/host_tests/batch53_release_blockers_test.cpp.obj
[78/81] Building CXX object CMakeFiles/openu5_core.dir/src/combat.cpp.obj
[79/81] Linking CXX static library libopenu5_core.a
[80/81] Building CXX object CMakeFiles/batch53_release_blockers.dir/C_/Dev/OpenU5-Native/native/targets/tdeck/main/alpha_runtime.cpp.obj
[81/81] Linking CXX executable batch53_release_blockers.exe
