[1/48] Building CXX object CMakeFiles/openu5_core.dir/src/rng.cpp.obj
[2/48] Building CXX object CMakeFiles/openu5_core.dir/src/transport.cpp.obj
[3/48] Building CXX object CMakeFiles/openu5_core.dir/src/dungeon_view.cpp.obj
[4/48] Building CXX object CMakeFiles/openu5_core.dir/src/time.cpp.obj
[5/48] Building CXX object CMakeFiles/openu5_core.dir/src/gem_view.cpp.obj
[6/48] Building CXX object CMakeFiles/openu5_core.dir/src/dungeon_art.cpp.obj
[7/48] Building CXX object CMakeFiles/openu5_core.dir/src/state.cpp.obj
[8/48] Building CXX object CMakeFiles/openu5_core.dir/src/loot.cpp.obj
[9/48] Building CXX object CMakeFiles/openu5_core.dir/src/scripted_encounter.cpp.obj
[10/48] Building CXX object CMakeFiles/openu5_core.dir/src/world.cpp.obj
[11/48] Building CXX object CMakeFiles/openu5_core.dir/src/movement.cpp.obj
[12/48] Building CXX object CMakeFiles/openu5_core.dir/src/transitions.cpp.obj
[13/48] Building CXX object CMakeFiles/openu5_core.dir/src/pathfind.cpp.obj
[14/48] Building CXX object CMakeFiles/openu5_core.dir/src/inventory_picker.cpp.obj
[15/48] Building CXX object CMakeFiles/openu5_core.dir/src/actors.cpp.obj
[16/48] Building CXX object CMakeFiles/openu5_core.dir/src/inventory.cpp.obj
[17/48] Building CXX object CMakeFiles/openu5_core.dir/src/turn.cpp.obj
[18/48] Building CXX object CMakeFiles/openu5_core.dir/src/npc_path.cpp.obj
[19/48] Building CXX object CMakeFiles/openu5_core.dir/src/zstats.cpp.obj
[20/48] Building CXX object CMakeFiles/openu5_core.dir/src/magic.cpp.obj
[21/48] Building CXX object CMakeFiles/openu5_core.dir/src/rest.cpp.obj
[22/48] Building CXX object CMakeFiles/openu5_core.dir/src/dialogue_effects.cpp.obj
[23/48] Building CXX object CMakeFiles/openu5_core.dir/src/quest_world.cpp.obj
[24/48] Building CXX object CMakeFiles/openu5_core.dir/src/debug_map_picker.cpp.obj
[25/48] Building CXX object CMakeFiles/openu5_core.dir/src/ui_debug_menu.cpp.obj
[26/48] Building CXX object CMakeFiles/openu5_core.dir/src/debug_labels.cpp.obj
[27/48] Building CXX object CMakeFiles/openu5_core.dir/src/dialogue_orchestration.cpp.obj
[28/48] Building CXX object CMakeFiles/batch22_basement_objects.dir/C_/Dev/OpenU5-Native/native/targets/tdeck/host_tests/host_stubs/tdeck_board_host_stub.cpp.obj
[29/48] Building CXX object CMakeFiles/batch22_basement_objects.dir/C_/Dev/OpenU5-Native/native/targets/tdeck/host_tests/host_stubs/tdeck_input_host_stub.cpp.obj
[30/48] Building CXX object CMakeFiles/openu5_core.dir/src/commands.cpp.obj
[31/48] Building CXX object CMakeFiles/batch22_basement_objects.dir/C_/Dev/OpenU5-Native/native/targets/tdeck/host_tests/alpha_runtime_host_fixture.cpp.obj
[32/48] Building CXX object CMakeFiles/openu5_core.dir/src/debug_developer.cpp.obj
[33/48] Building CXX object CMakeFiles/batch22_basement_objects.dir/C_/Dev/OpenU5-Native/native/targets/tdeck/main/ui_input_adapter.cpp.obj
[34/48] Building CXX object CMakeFiles/batch22_basement_objects.dir/C_/Dev/OpenU5-Native/native/targets/tdeck/main/input_controller.cpp.obj
[35/48] Building CXX object CMakeFiles/batch22_basement_objects.dir/C_/Dev/OpenU5-Native/native/targets/tdeck/host_tests/host_stubs/alpha_save_host_stub.cpp.obj
[36/48] Building CXX object CMakeFiles/batch22_basement_objects.dir/C_/Dev/OpenU5-Native/native/targets/tdeck/main/keyboard_matrix.cpp.obj
[37/48] Building CXX object CMakeFiles/batch22_basement_objects.dir/C_/Dev/OpenU5-Native/native/targets/tdeck/host_tests/batch22_basement_objects_test.cpp.obj
[38/48] Building CXX object CMakeFiles/openu5_core.dir/src/dialogue.cpp.obj
[39/48] Building CXX object CMakeFiles/batch22_basement_objects.dir/C_/Dev/OpenU5-Native/native/targets/tdeck/main/asset_pack.cpp.obj
[40/48] Building CXX object CMakeFiles/batch22_basement_objects.dir/C_/Dev/OpenU5-Native/native/targets/tdeck/main/dungeon_art_cache.cpp.obj
[41/48] Building CXX object CMakeFiles/batch22_basement_objects.dir/C_/Dev/OpenU5-Native/native/targets/tdeck/main/alpha_resources.cpp.obj
[42/48] Building CXX object CMakeFiles/batch22_basement_objects.dir/C_/Dev/OpenU5-Native/native/targets/tdeck/main/alpha_dialogue.cpp.obj
[43/48] Building CXX object CMakeFiles/batch22_basement_objects.dir/C_/Dev/OpenU5-Native/native/targets/tdeck/host_tests/host_stubs/device_smoke_tests_host_stub.cpp.obj
[44/48] Building CXX object CMakeFiles/batch22_basement_objects.dir/C_/Dev/OpenU5-Native/native/targets/tdeck/main/native_renderer.cpp.obj
[45/48] Building CXX object CMakeFiles/openu5_core.dir/src/combat.cpp.obj
[46/48] Linking CXX static library libopenu5_core.a
[47/48] Building CXX object CMakeFiles/batch22_basement_objects.dir/C_/Dev/OpenU5-Native/native/targets/tdeck/main/alpha_runtime.cpp.obj
[48/48] Linking CXX executable batch22_basement_objects.exe
