# Batch 51 timing-primitive census (a0 = [bp+4] ... a4 = [bp+0xc])
== ULTIMA.EXE kernel (direct calls)
  ULTIMA.EXE   1b1c KBD_FLUSH       a0..=ds,di,si,bp
  ULTIMA.EXE   1b84 DELAY_TICKS(n)  a0..=1
  ULTIMA.EXE   1d7e KBD_FLUSH       a0..=ds
  ULTIMA.EXE   22d7 DELAY_CAL       a0..=word ptr [bp + 4],1
  ULTIMA.EXE   2a4a RECT_XOR        a0..=ax,0x137,ax,0xc0
  ULTIMA.EXE   2a68 NOISE_BURST     a0..=0x7d0,0x640,0xa
  ULTIMA.EXE   2dca GETKEY          a0..=
  ULTIMA.EXE   2fe3 NOISE_BURST     a0..=0x1f4,0xbb8,0x28,si,bp
  ULTIMA.EXE   355a NOISE_BURST     a0..=0x7d0,0xbb8,0xa
  ULTIMA.EXE   35c9 NOISE_BURST     a0..=0x1f4,0xbb8,0x28
  ULTIMA.EXE   35de NOISE_BURST     a0..=0x7d0,0xbb8,0xa
  ULTIMA.EXE   3618 GETKEY          a0..=
  ULTIMA.EXE   3b0e DELAY_TICKS(n)  a0..=1
  ULTIMA.EXE   3b30 GETKEY          a0..=si,di,bp
  ULTIMA.EXE   3bc3 GETKEY          a0..=si,di,bp
  ULTIMA.EXE   3dbc GETKEY          a0..=
  ULTIMA.EXE   3e42 GETKEY          a0..=
  ULTIMA.EXE   428b TONE_SWEEP      a0..=0xfff6,0x4e20,0x7d0,1,0xc2c
  ULTIMA.EXE   42be NOISE_BURST     a0..=0x2710,0x3c,0x14
  ULTIMA.EXE   42fb TONE_SWEEP      a0..=0xfff6,0x4e20,0x7d0,1,word ptr [bx + 0x6a34]
  ULTIMA.EXE   434a NOISE_BURST     a0..=0x3e8,0x19,1
  ULTIMA.EXE   4355 DELAY_CAL       a0..=0x14,1
  ULTIMA.EXE   4364 NOISE_BURST     a0..=0x5dc,0x19,1
  ULTIMA.EXE   438b TONE_SWEEP      a0..=6,0x12c,0x2a30,1,0x11f8
  ULTIMA.EXE   43a5 TONE_SWEEP      a0..=3,0x12c,0x5460,1,0x17d4
  ULTIMA.EXE   43e3 DELAY_CAL       a0..=word ptr [bp + 6],1
  ULTIMA.EXE   48ce RUN_N_FRAMES(n) a0..=1
  ULTIMA.EXE   48e5 TONE_SWEEP      a0..=2,0x7d0,0x7530,1,0x170c
  ULTIMA.EXE   48fe FIZZLE_IN       a0..=ax,5,0xdc
  ULTIMA.EXE   490a RUN_N_FRAMES(n) a0..=1
  ULTIMA.EXE   4924 DELAY_TICKS(n)  a0..=2
  ULTIMA.EXE   6221 TONE_SWEEP      a0..=ax,1,0xfde8,1,0xfd2
== BLCKTHRN.OVL base=a290 known_hits=86
  BLCKTHRN.OVL 0021 RUN_N_FRAMES(n) a0..=2
  BLCKTHRN.OVL 00ff RUN_N_FRAMES(n) a0..=ax
  BLCKTHRN.OVL 03cd RUN_N_FRAMES(n) a0..=0xa
  BLCKTHRN.OVL 03e3 TONE_SWEEP      a0..=ax,si,0xc8,1,0xa50
  BLCKTHRN.OVL 0405 TONE_SWEEP      a0..=ax,si,0xc8,1,0xa50
  BLCKTHRN.OVL 04f6 GETKEY          a0..=
  BLCKTHRN.OVL 0510 GETKEY          a0..=
  BLCKTHRN.OVL 053f GETKEY          a0..=
  BLCKTHRN.OVL 0676 RUN_N_FRAMES(n) a0..=2
  BLCKTHRN.OVL 06a7 DELAY_TICKS(n)  a0..=5
  BLCKTHRN.OVL 06d9 DELAY_TICKS(n)  a0..=5
  BLCKTHRN.OVL 07d5 RUN_N_FRAMES(n) a0..=0x10
  BLCKTHRN.OVL 07e3 RUN_N_FRAMES(n) a0..=0x32
  BLCKTHRN.OVL 083f TONE_SWEEP      a0..=5,0x64,0x32c8,1,0xaf0
  BLCKTHRN.OVL 0860 FIZZLE_IN       a0..=ax,5,0x178
  BLCKTHRN.OVL 087c RUN_N_FRAMES(n) a0..=8
  BLCKTHRN.OVL 0894 GETKEY          a0..=
  BLCKTHRN.OVL 08cd GETKEY          a0..=
  BLCKTHRN.OVL 0946 DELAY_TICKS(n)  a0..=0xa
  BLCKTHRN.OVL 098c RECT_DISSOLVE   a0..=ax,0xb7,ax,8
  BLCKTHRN.OVL 09dd DELAY_TICKS(n)  a0..=0xe
  BLCKTHRN.OVL 09eb DELAY_TICKS(n)  a0..=0x1c
  BLCKTHRN.OVL 0a34 TONE_SWEEP      a0..=word ptr [si],word ptr [bx],word ptr [bx],1,word ptr [di]
  BLCKTHRN.OVL 0a56 DELAY_TICKS(n)  a0..=6
  BLCKTHRN.OVL 0a7c FIZZLE_IN       a0..=7,2,0x5e
  BLCKTHRN.OVL 0a90 DELAY_TICKS(n)  a0..=4
  BLCKTHRN.OVL 0aae FIZZLE_IN       a0..=7,8,0x5f
  BLCKTHRN.OVL 0ac2 DELAY_TICKS(n)  a0..=4
  BLCKTHRN.OVL 0af5 FIZZLE_IN       a0..=2,5,0x174
  BLCKTHRN.OVL 0b3e GETKEY          a0..=
  BLCKTHRN.OVL 0b4c DELAY_TICKS(n)  a0..=4
  BLCKTHRN.OVL 0b8d TONE_SWEEP      a0..=2,0x7d0,0x7530,1,ax
  BLCKTHRN.OVL 0bc1 DELAY_TICKS(n)  a0..=4
  BLCKTHRN.OVL 0bfa RECT_DISSOLVE   a0..=ax,0xb7,ax,8
== CAST.OVL base=bf80 known_hits=91
  CAST.OVL     0593 FIZZLE_IN       a0..=word ptr [0x5878],word ptr [0x5876],word ptr [bp - 0xe]
  CAST.OVL     0d06 GETKEY          a0..=
  CAST.OVL     0d85 TONE_SWEEP      a0..=2,0x3e8,0x6d60,1,0x2648
  CAST.OVL     0e6e TONE_SWEEP      a0..=2,0x3e8,0x6d60,1,0x2648
  CAST.OVL     15f0 TONE_SWEEP      a0..=ax,si,0xc8,1,0xa50
  CAST.OVL     1620 TONE_SWEEP      a0..=ax,si,0xc8,1,0xa50
  CAST.OVL     1678 RUN_N_FRAMES(n) a0..=7
  CAST.OVL     16aa RUN_N_FRAMES(n) a0..=3
  CAST.OVL     198f TONE_SWEEP      a0..=1,0x1388,0xc350,1,0x1450
  CAST.OVL     19e0 NOISE_BURST     a0..=0x7d0,0xbb8,0xa
  CAST.OVL     1fbc NOISE_BURST     a0..=0x2bc,word ptr [bp - 0x108],0x320
== CAST2.OVL base=e1e0 known_hits=113
  CAST2.OVL    001d NOISE_BURST     a0..=0x2bc,ax,0x320,si,di
  CAST2.OVL    0031 RECT_XOR        a0..=ax,0xb7,ax,8
  CAST2.OVL    0056 TONE_SWEEP      a0..=word ptr [si + 0x4b2c],word ptr [si + 0x4b08],di,1,word ptr [si + 0x4af6]
  CAST2.OVL    006d TONE_SWEEP      a0..=ax,word ptr [si + 0x4b1a],di,1,word ptr [si + 0x4af6]
  CAST2.OVL    007a RECT_XOR        a0..=ax,0xb7,ax,8
  CAST2.OVL    0094 TONE_SWEEP      a0..=1,0x12c,0xfde8,1,0x1180
  CAST2.OVL    00f0 GETKEY          a0..=si,di,bp
  CAST2.OVL    0347 GETKEY          a0..=
  CAST2.OVL    04b4 DELAY_TICKS(n)  a0..=1
  CAST2.OVL    0560 TONE_SWEEP      a0..=5,0x1f4,0x2ee0,1,0xac8
  CAST2.OVL    058a FIZZLE_IN       a0..=word ptr [0x5878],word ptr [0x5876],0x1d8
  CAST2.OVL    09b7 RUN_N_FRAMES(n) a0..=0xa
  CAST2.OVL    09f2 RUN_N_FRAMES(n) a0..=6
  CAST2.OVL    0a4f RUN_N_FRAMES(n) a0..=0xc
  CAST2.OVL    0a9b GETKEY          a0..=
  CAST2.OVL    0abc GETKEY          a0..=
  CAST2.OVL    0aed TONE_SWEEP      a0..=word ptr [si],word ptr [bx],word ptr [bx],1,word ptr [di]
  CAST2.OVL    0b6a GETKEY          a0..=
  CAST2.OVL    0bcd RECT_XOR        a0..=ax,0xb7,ax,8
  CAST2.OVL    0be3 TONE_SWEEP      a0..=ax,si,0xc8,1,0xa8c
  CAST2.OVL    0c05 TONE_SWEEP      a0..=ax,si,0xc8,1,0xa8c
  CAST2.OVL    0c41 RECT_XOR        a0..=ax,0xb7,ax,8
  CAST2.OVL    0c57 TONE_SWEEP      a0..=ax,si,0x96,1,0xc1c
  CAST2.OVL    0c79 TONE_SWEEP      a0..=ax,si,0x96,1,0xc1c
  CAST2.OVL    0d1a RUN_N_FRAMES(n) a0..=0xa
  CAST2.OVL    0d2b GETKEY          a0..=si,bp
  CAST2.OVL    0d35 GETKEY          a0..=
  CAST2.OVL    0d3f GETKEY          a0..=
  CAST2.OVL    0d9f GETKEY          a0..=
  CAST2.OVL    0dbd RECT_XOR        a0..=ax,0xb7,ax,8
  CAST2.OVL    0dd4 RECT_XOR        a0..=ax,0xb7,ax,8
  CAST2.OVL    0deb RECT_XOR        a0..=ax,0xb7,ax,8
  CAST2.OVL    0df8 GETKEY          a0..=
  CAST2.OVL    0e16 GETKEY          a0..=
  CAST2.OVL    0e2d GETKEY          a0..=
  CAST2.OVL    0e44 GETKEY          a0..=
  CAST2.OVL    0e5b GETKEY          a0..=
  CAST2.OVL    0e68 RUN_N_FRAMES(n) a0..=1
  CAST2.OVL    0e72 RUN_N_FRAMES(n) a0..=4
  CAST2.OVL    1081 RUN_N_FRAMES(n) a0..=1
  CAST2.OVL    10c3 RUN_N_FRAMES(n) a0..=0xa
  CAST2.OVL    110b GETKEY          a0..=
== CMDS.OVL base=bf80 known_hits=117
  CMDS.OVL     018c RUN_N_FRAMES(n) a0..=0x34
  CMDS.OVL     031f DELAY_TICKS(n)  a0..=1
  CMDS.OVL     0570 GETKEY          a0..=
  CMDS.OVL     0638 DELAY_TICKS(n)  a0..=1
  CMDS.OVL     11b2 TONE_SWEEP      a0..=2,0x7d0,0x7530,1,0x28a0
  CMDS.OVL     11d2 FIZZLE_IN       a0..=3,5,0x1fc
  CMDS.OVL     1993 GETKEY          a0..=
  CMDS.OVL     1b93 DELAY_TICKS(n)  a0..=0xa
  CMDS.OVL     1b9c RUN_N_FRAMES(n) a0..=0xa
== COMBAT.OVL base=a290 known_hits=60
  COMBAT.OVL   07f1 NOISE_BURST     a0..=0x1f4,0xbb8,0x28
  COMBAT.OVL   0838 GETKEY          a0..=
  COMBAT.OVL   0958 TONE_SWEEP      a0..=2,0x3e8,0x6d60,1,0x2648
  COMBAT.OVL   17d8 FIZZLE_IN       a0..=di,si,ax
  COMBAT.OVL   1cbf NOISE_BURST     a0..=0x258,0x1b58,1
== COMSUBS.OVL base=e1e0 known_hits=48
  COMSUBS.OVL  01b1 TONE_SWEEP      a0..=2,0x3e8,0x7530,1,0xc1c
  COMSUBS.OVL  02cb TONE_SWEEP      a0..=0xf,0x3e8,0x1388,1,0xac8
  COMSUBS.OVL  02fa FIZZLE_IN       a0..=word ptr [0x5878],word ptr [0x5876],0x1d8
  COMSUBS.OVL  03f6 RUN_N_FRAMES(n) a0..=4
  COMSUBS.OVL  063d GETKEY          a0..=
  COMSUBS.OVL  06de NOISE_BURST     a0..=0x2bc,ax,0x320
  COMSUBS.OVL  13d9 DELAY_CAL       a0..=0x28,1
== DATA.OVL base=81d0 known_hits=0
== DNGLOOK.OVL base=a290 known_hits=22
  DNGLOOK.OVL  01f0 GETKEY          a0..=
== DUNGEON.OVL base=81d0 known_hits=73
  DUNGEON.OVL  0496 RECT_XOR        a0..=ax,0xb7,ax,8
  DUNGEON.OVL  049d DELAY_TICKS(n)  a0..=1
  DUNGEON.OVL  04aa RECT_XOR        a0..=ax,0xb7,ax,8
  DUNGEON.OVL  04b9 NOISE_BURST     a0..=0x4e20,0x1f4,1
  DUNGEON.OVL  0717 GETKEY          a0..=
  DUNGEON.OVL  099e NOISE_BURST     a0..=0xdac,0x32,1
  DUNGEON.OVL  0a30 NOISE_BURST     a0..=0xdac,0x32,1
  DUNGEON.OVL  0c33 DELAY_TICKS(n)  a0..=2
  DUNGEON.OVL  103c NOISE_BURST     a0..=0x4e20,ax,1
  DUNGEON.OVL  1eb0 GETKEY          a0..=
== ENDGAME.OVL base=a290 known_hits=68
  ENDGAME.OVL  004b RECT_DISSOLVE   a0..=0xc7,0x13f,ax,ax
  ENDGAME.OVL  0502 RUN_N_FRAMES(n) a0..=2
  ENDGAME.OVL  050c RUN_N_FRAMES(n) a0..=3
  ENDGAME.OVL  063d RUN_N_FRAMES(n) a0..=1
  ENDGAME.OVL  06f6 RUN_N_FRAMES(n) a0..=0x28
  ENDGAME.OVL  0778 RECT_XOR        a0..=ax,0xb7,ax,8
  ENDGAME.OVL  078f TONE_SWEEP      a0..=1,0x1388,0x9c40,1,0x2260
  ENDGAME.OVL  07cb RUN_N_FRAMES(n) a0..=1
  ENDGAME.OVL  0830 RUN_N_FRAMES(n) a0..=0x28
  ENDGAME.OVL  0848 GETKEY          a0..=
  ENDGAME.OVL  0852 GETKEY          a0..=
  ENDGAME.OVL  088b GETKEY          a0..=
  ENDGAME.OVL  08d0 RUN_N_FRAMES(n) a0..=8
  ENDGAME.OVL  08f8 RUN_N_FRAMES(n) a0..=4
  ENDGAME.OVL  0922 RUN_N_FRAMES(n) a0..=0x28
  ENDGAME.OVL  092c GETKEY          a0..=
  ENDGAME.OVL  0936 GETKEY          a0..=
  ENDGAME.OVL  0940 GETKEY          a0..=
  ENDGAME.OVL  094a GETKEY          a0..=
  ENDGAME.OVL  0954 GETKEY          a0..=
  ENDGAME.OVL  095e GETKEY          a0..=
  ENDGAME.OVL  0970 GETKEY          a0..=
  ENDGAME.OVL  0987 TONE_SWEEP      a0..=1,0x2710,0xc350,1,0x1450
  ENDGAME.OVL  09a0 RUN_N_FRAMES(n) a0..=1
  ENDGAME.OVL  09b2 RUN_N_FRAMES(n) a0..=4
  ENDGAME.OVL  09d4 RUN_N_FRAMES(n) a0..=1
  ENDGAME.OVL  0a0d RUN_N_FRAMES(n) a0..=1
  ENDGAME.OVL  0a30 RUN_N_FRAMES(n) a0..=1
  ENDGAME.OVL  0a81 RUN_N_FRAMES(n) a0..=0x28
== FLAMES.OVL base=81d0 known_hits=0
== FONT.OVL base=e1e0 known_hits=15
  FONT.OVL     03b4 DELAY_TICKS(n)  a0..=1
  FONT.OVL     03ca NOISE_BURST     a0..=0x2710,0x3c,0x14
  FONT.OVL     0730 FIZZLE_IN       a0..=ax,ax,ax
  FONT.OVL     0795 FIZZLE_IN       a0..=ax,bx,ax
  FONT.OVL     088d NOISE_BURST     a0..=0xfa0,0x4b0,1
== INTRO.OVL base=81d0 known_hits=0
== LOOKOBJ.OVL base=a290 known_hits=42
  LOOKOBJ.OVL  0058 GETKEY          a0..=
  LOOKOBJ.OVL  0129 NOISE_BURST     a0..=0x7d0,0xbb8,0xa
  LOOKOBJ.OVL  07a6 GETKEY          a0..=
  LOOKOBJ.OVL  11b3 RECT_XOR        a0..=ax,ax,word ptr [0x5878],word ptr [0x5876]
== MAINOUT.OVL base=81d0 known_hits=101
  MAINOUT.OVL  00ce RUN_N_FRAMES(n) a0..=1
  MAINOUT.OVL  0300 NOISE_BURST     a0..=0x12c,0x7d0,0x64
  MAINOUT.OVL  06a4 RUN_N_FRAMES(n) a0..=1
  MAINOUT.OVL  06dc GETKEY          a0..=
  MAINOUT.OVL  0b4f GETKEY          a0..=
  MAINOUT.OVL  0c78 RUN_N_FRAMES(n) a0..=1
  MAINOUT.OVL  1b86 GETKEY          a0..=
  MAINOUT.OVL  1c19 RUN_N_FRAMES(n) a0..=0xa
  MAINOUT.OVL  1c5a RUN_N_FRAMES(n) a0..=5
== NPC.OVL base=a290 known_hits=5
== OUTSUBS.OVL base=a290 known_hits=44
  OUTSUBS.OVL  0475 RUN_N_FRAMES(n) a0..=1
  OUTSUBS.OVL  04a5 RUN_N_FRAMES(n) a0..=1
  OUTSUBS.OVL  04f7 RUN_N_FRAMES(n) a0..=2
  OUTSUBS.OVL  067b TONE_SWEEP      a0..=6,0x9c4,0x2710,1,0xa3c
  OUTSUBS.OVL  0698 TONE_SWEEP      a0..=0xd,0xc8,0x1388,1,word ptr [si]
  OUTSUBS.OVL  06c2 FIZZLE_IN       a0..=ax,5,0x174
  OUTSUBS.OVL  0792 GETKEY          a0..=
  OUTSUBS.OVL  087f RUN_N_FRAMES(n) a0..=1
  OUTSUBS.OVL  0896 TONE_SWEEP      a0..=0xd,0xc8,0x1388,1,0x157c
  OUTSUBS.OVL  08aa RECT_XOR        a0..=ax,0xb7,ax,8
  OUTSUBS.OVL  08c1 TONE_SWEEP      a0..=1,0x9c4,0xea60,1,0x157c
  OUTSUBS.OVL  08d5 RUN_N_FRAMES(n) a0..=1
  OUTSUBS.OVL  0961 GETKEY          a0..=
  OUTSUBS.OVL  097e FIZZLE_IN       a0..=ax,5,ax
  OUTSUBS.OVL  098d RUN_N_FRAMES(n) a0..=1
== SHOPPES.OVL base=a290 known_hits=155
  SHOPPES.OVL  0287 GETKEY          a0..=si,bp
  SHOPPES.OVL  033d GETKEY          a0..=
  SHOPPES.OVL  0429 GETKEY          a0..=
  SHOPPES.OVL  04b6 GETKEY          a0..=
  SHOPPES.OVL  0557 GETKEY          a0..=
  SHOPPES.OVL  05eb GETKEY          a0..=
  SHOPPES.OVL  06e1 GETKEY          a0..=
  SHOPPES.OVL  0772 GETKEY          a0..=
  SHOPPES.OVL  08d1 GETKEY          a0..=
  SHOPPES.OVL  0906 GETKEY          a0..=
  SHOPPES.OVL  0a3a GETKEY          a0..=
  SHOPPES.OVL  0a73 GETKEY          a0..=
  SHOPPES.OVL  0b8b GETKEY          a0..=
  SHOPPES.OVL  0f0c GETKEY          a0..=
  SHOPPES.OVL  1090 GETKEY          a0..=
  SHOPPES.OVL  12c3 GETKEY          a0..=
  SHOPPES.OVL  12ec GETKEY          a0..=
  SHOPPES.OVL  13c1 RECT_XOR        a0..=ax,0xb7,ax,8
  SHOPPES.OVL  13d8 TONE_SWEEP      a0..=1,0x1388,0x57e4,1,0x100e
  SHOPPES.OVL  13ef TONE_SWEEP      a0..=0xffff,0x6b6c,0x57e4,1,0x100e
  SHOPPES.OVL  1403 RECT_XOR        a0..=ax,0xb7,ax,8
  SHOPPES.OVL  1417 TONE_SWEEP      a0..=ax,1,0x9c40,1,0x11b2
  SHOPPES.OVL  142b TONE_SWEEP      a0..=0xffff,ax,0x9c40,1,0x11b2
  SHOPPES.OVL  1438 RECT_XOR        a0..=ax,0xb7,ax,8
  SHOPPES.OVL  144f TONE_SWEEP      a0..=2,1,0x4650,1,0x8fc
  SHOPPES.OVL  1466 TONE_SWEEP      a0..=0xfffe,0x8ca0,0x4650,1,0x8fc
  SHOPPES.OVL  1478 GETKEY          a0..=
  SHOPPES.OVL  1510 GETKEY          a0..=
  SHOPPES.OVL  1550 GETKEY          a0..=
== SHOPPES2.OVL base=e1e0 known_hits=104
  SHOPPES2.OVL 0230 GETKEY          a0..=
  SHOPPES2.OVL 02c8 GETKEY          a0..=
  SHOPPES2.OVL 05c9 GETKEY          a0..=
  SHOPPES2.OVL 0688 GETKEY          a0..=
  SHOPPES2.OVL 06dd GETKEY          a0..=
  SHOPPES2.OVL 07a1 GETKEY          a0..=
  SHOPPES2.OVL 087c GETKEY          a0..=
  SHOPPES2.OVL 08cc GETKEY          a0..=
  SHOPPES2.OVL 0910 GETKEY          a0..=
  SHOPPES2.OVL 0998 GETKEY          a0..=
  SHOPPES2.OVL 0a34 GETKEY          a0..=
  SHOPPES2.OVL 0ad4 GETKEY          a0..=
== SHOPPES3.OVL base=e1e0 known_hits=55
  SHOPPES3.OVL 014c RUN_N_FRAMES(n) a0..=0xa
  SHOPPES3.OVL 01ce RUN_N_FRAMES(n) a0..=1
  SHOPPES3.OVL 065a RECT_XOR        a0..=ax,0x131,di,0xc6
  SHOPPES3.OVL 0660 GETKEY          a0..=
  SHOPPES3.OVL 0695 RECT_XOR        a0..=ax,0x131,di,0xc6
  SHOPPES3.OVL 06bd RECT_XOR        a0..=ax,0x131,di,0xc6
  SHOPPES3.OVL 092b GETKEY          a0..=
  SHOPPES3.OVL 09ab GETKEY          a0..=
== SJOG.OVL base=bf80 known_hits=129
  SJOG.OVL     0094 GETKEY          a0..=
  SJOG.OVL     0237 NOISE_BURST     a0..=0x1f4,0xbb8,0x28
  SJOG.OVL     08af RECT_DISSOLVE   a0..=ax,0xb7,ax,8
  SJOG.OVL     1dab GETKEY          a0..=
  SJOG.OVL     2218 TONE_SWEEP      a0..=2,0x3e8,0x7530,1,0xc1c
== TALK.OVL base=bf80 known_hits=60
  TALK.OVL     00b9 GETKEY          a0..=
  TALK.OVL     0824 GETKEY          a0..=si,di,bp
  TALK.OVL     0af0 DELAY_TICKS(n)  a0..=1
  TALK.OVL     0faa DELAY_TICKS(n)  a0..=1
  TALK.OVL     1010 GETKEY          a0..=
== TOWN.OVL base=81d0 known_hits=71
  TOWN.OVL     07ac GETKEY          a0..=
  TOWN.OVL     0a75 NOISE_BURST     a0..=si,0x78,0x28
  TOWN.OVL     0dec GETKEY          a0..=
  TOWN.OVL     0e6d TONE_SWEEP      a0..=0xfffc,0x4e20,0xfa0,1,word ptr [bx + 0x2746]
  TOWN.OVL     0fc6 DELAY_CAL       a0..=0x28,1
  TOWN.OVL     101e NOISE_BURST     a0..=0x1f4,0xbb8,0x28
  TOWN.OVL     11e9 TONE_SWEEP      a0..=1,0x7d0,0xea60,1,0x19c8
  TOWN.OVL     12e6 GETKEY          a0..=
  TOWN.OVL     14d3 GETKEY          a0..=
== ZSTATS.OVL base=e1e0 known_hits=77
  ZSTATS.OVL   073f GETKEY          a0..=
  ZSTATS.OVL   07da GETKEY          a0..=
  ZSTATS.OVL   0b66 GETKEY          a0..=
  ZSTATS.OVL   107e GETKEY          a0..=
