Batch 21A.2 -- authored Deceit (33) floor 7 door cluster
Authored front/side slice widths (dungeon_art.cpp kDungeonWallDims):
  side  door   depth0..3 = 24/32/16/8   at X left 16/40/72/88, right 152/120/104/96
  front door   depth0..3 = 80/56/24/8   centred pair spans 96-w .. 96+w

==================================================================
CASE A+B  -- the hardware view: front door r12 (0,4), ring-0 SIDE DOOR r10 (1,3),
             and r14 (0,5) lateral to the FRONTAL door
  party (1,4) floor 7 facing West   underfoot 0x00 Nothing
  ring 0 cell (1,4)=Nothing     | L (1,5)=Nothing     | R (1,3)=Room
  ring 1 cell (0,4)=Room        | L (0,5)=Room        | R (0,3)=Wall
  ring 2 cell (7,4)=Room        | L (7,5)=Room        | R (7,3)=Nothing
  --- plan: 3 ops, lit=1, wall_variant=3 (DNG3) ---
  #   depth side   family                image destX  width  covers
  0   0     left   side open passage     16    16     24     16..40
  1   0     right  SIDE DOOR             4     152    24     152..176  (mirrored)
  2   1     pair   FRONT door            13    40     56     40..152  (centred PAIR)

==================================================================
CASE A    -- front door r14 (0,5); r12 (0,4) is lateral to the FRONTAL door
  party (1,5) floor 7 facing West   underfoot 0x00 Nothing
  ring 0 cell (1,5)=Nothing     | L (1,6)=Wall        | R (1,4)=Nothing
  ring 1 cell (0,5)=Room        | L (0,6)=Wall        | R (0,4)=Room
  ring 2 cell (7,5)=Room        | L (7,6)=Nothing     | R (7,4)=Room
  --- plan: 3 ops, lit=1, wall_variant=3 (DNG3) ---
  #   depth side   family                image destX  width  covers
  0   0     left   side plain wall       0     16     24     16..40
  1   0     right  side open passage     16    152    24     152..176  (mirrored)
  2   1     pair   FRONT door            13    40     56     40..152  (centred PAIR)

==================================================================
CASE A    -- front door r11 (7,4); r12 (0,4) lateral to it across the x-wrap
  party (7,3) floor 7 facing South   underfoot 0x00 Nothing
  ring 0 cell (7,3)=Nothing     | L (0,3)=Wall        | R (6,3)=Nothing
  ring 1 cell (7,4)=Room        | L (0,4)=Room        | R (6,4)=Wall
  ring 2 cell (7,5)=Room        | L (0,5)=Room        | R (6,5)=Wall
  --- plan: 3 ops, lit=1, wall_variant=3 (DNG3) ---
  #   depth side   family                image destX  width  covers
  0   0     left   side plain wall       0     16     24     16..40
  1   0     right  side open passage     16    152    24     152..176  (mirrored)
  2   1     pair   FRONT door            13    40     56     40..152  (centred PAIR)

==================================================================
CASE A    -- front door r13 (7,5); r14 (0,5) lateral to it across the x-wrap
  party (7,6) floor 7 facing North   underfoot 0x00 Nothing
  ring 0 cell (7,6)=Nothing     | L (6,6)=Wall        | R (0,6)=Wall
  ring 1 cell (7,5)=Room        | L (6,5)=Wall        | R (0,5)=Room
  ring 2 cell (7,4)=Room        | L (6,4)=Wall        | R (0,4)=Room
  --- plan: 3 ops, lit=1, wall_variant=3 (DNG3) ---
  #   depth side   family                image destX  width  covers
  0   0     left   side plain wall       0     16     24     16..40
  1   0     right  side plain wall       0     152    24     152..176  (mirrored)
  2   1     pair   FRONT door            13    40     56     40..152  (centred PAIR)

==================================================================
CASE B    -- front door r10 (1,3); r12 (0,4) is a ring-0 SIDE DOOR beside the party
  party (1,4) floor 7 facing North   underfoot 0x00 Nothing
  ring 0 cell (1,4)=Nothing     | L (0,4)=Room        | R (2,4)=Wall
  ring 1 cell (1,3)=Room        | L (0,3)=Wall        | R (2,3)=Wall
  ring 2 cell (1,2)=Wall        | L (0,2)=Wall        | R (2,2)=Wall
  --- plan: 3 ops, lit=1, wall_variant=3 (DNG3) ---
  #   depth side   family                image destX  width  covers
  0   0     left   SIDE DOOR             4     16     24     16..40
  1   0     right  side plain wall       0     152    24     152..176  (mirrored)
  2   1     pair   FRONT door            13    40     56     40..152  (centred PAIR)

==================================================================
CONTROL   -- open corridor ahead; both door neighbours are ring-0 side slices
  party (1,4) floor 7 facing South   underfoot 0x00 Nothing
  ring 0 cell (1,4)=Nothing     | L (2,4)=Wall        | R (0,4)=Room
  ring 1 cell (1,5)=Nothing     | L (2,5)=Wall        | R (0,5)=Room
  ring 2 cell (1,6)=Wall        | L (2,6)=Wall        | R (0,6)=Wall
  --- plan: 5 ops, lit=1, wall_variant=3 (DNG3) ---
  #   depth side   family                image destX  width  covers
  0   0     left   side plain wall       0     16     24     16..40
  1   0     right  SIDE DOOR             4     152    24     152..176  (mirrored)
  2   1     left   side plain wall       1     40     32     40..72
  3   1     right  SIDE DOOR             5     120    32     120..152  (mirrored)
  4   2     pair   FRONT plain dead end  10    72     24     72..120  (centred PAIR)
