Test project C:/Dev/OpenU5-Native/native/core/build-batch42
    Start 66: batch42_advancement_flash
1/1 Test #66: batch42_advancement_flash ........***Failed    0.15 sec
[I][AlphaResources] Alpha resource pack v2.0 valid: 2039545 bytes, 39 entries, payload CRC=2065ad91, expected SHA-256=434cd664b4b9, firmware_match=1
[I][AlphaResources] Loaded owners: 64 small floors, 8 dungeons, 1024 NPC records; PSRAM=1185451
GREEN shipped CampFire south formation is in the viewport
[I][AlphaRuntime] PRESENTATION_DISPATCH ui=explore combat=0 dungeon=0 source=world
[I][AlphaRuntime] render 1034 us reason=full-redraw animated=0 crc=f7f740f8
[I][AlphaRuntime] INPUT_EDGE raw=00,00,00,00,00 prev=00,00,00,00,00 matrix=0,0 physical=matrix-key edge=press mods=S0,A0,H0 printable=68 base=00 symbol=00 ui=explore emitted=character action_char=104 shortcut=none
[I][AlphaRuntime] debug teleport rebind moved=0 prior_dungeon=0 location=0 floor=0 xy=80,80 dungeon=0
[I][AlphaRuntime] UI_MODE from=explore to=number
[I][AlphaRuntime] INPUT_ROUTE action=character ui=explore gameplay_command=none
[I][AlphaRuntime] INPUT_EDGE raw=00,00,00,00,00 prev=00,00,00,00,00 matrix=0,0 physical=matrix-key edge=press mods=S0,A0,H0 printable=31 base=00 symbol=00 ui=number emitted=character action_char=49 shortcut=none
[I][AlphaRuntime] debug teleport rebind moved=0 prior_dungeon=0 location=0 floor=0 xy=80,80 dungeon=0
[I][AlphaRuntime] INPUT_ROUTE action=character ui=number gameplay_command=none
[I][AlphaRuntime] INPUT_EDGE raw=00,00,00,00,00 prev=00,00,00,00,00 matrix=0,0 physical=matrix-key edge=press mods=S0,A0,H0 printable=0d base=00 symbol=00 ui=number emitted=confirm action_char=0 shortcut=none
[I][AlphaRuntime] debug teleport rebind moved=0 prior_dungeon=0 location=0 floor=0 xy=80,80 dungeon=0
[I][AlphaRuntime] UI_MODE from=number to=yes/no
[I][AlphaRuntime] INPUT_ROUTE action=confirm ui=number gameplay_command=none
[I][AlphaRuntime] INPUT_EDGE raw=00,00,00,00,00 prev=00,00,00,00,00 matrix=0,0 physical=matrix-key edge=press mods=S0,A0,H0 printable=6e base=00 symbol=00 ui=yes/no emitted=character action_char=110 shortcut=none
[I][AlphaRuntime] combat command=11 status=awaiting response turns=0 events=8 time=57 us
[I][AlphaRuntime] debug teleport rebind moved=0 prior_dungeon=0 location=0 floor=0 xy=80,80 dungeon=0
[I][AlphaRuntime] UI_MODE from=yes/no to=key-wait
[I][AlphaRuntime] INPUT_ROUTE action=character ui=yes/no gameplay_command=11 sequence=1
GREEN raw Camp reaches the apparition
[I][AlphaRuntime] PRESENTATION_DISPATCH ui=explore combat=0 dungeon=0 source=world
[I][AlphaRuntime] render 1008 us reason=full-redraw animated=0 crc=f7f740f8
[I][AlphaRuntime] INPUT_EDGE raw=00,00,00,00,00 prev=00,00,00,00,00 matrix=0,0 physical=matrix-key edge=press mods=S0,A0,H0 printable=68 base=00 symbol=00 ui=explore emitted=character action_char=104 shortcut=none
[I][AlphaRuntime] debug teleport rebind moved=0 prior_dungeon=0 location=0 floor=0 xy=80,80 dungeon=0
[I][AlphaRuntime] UI_MODE from=explore to=number
[I][AlphaRuntime] INPUT_ROUTE action=character ui=explore gameplay_command=none
[I][AlphaRuntime] INPUT_EDGE raw=00,00,00,00,00 prev=00,00,00,00,00 matrix=0,0 physical=matrix-key edge=press mods=S0,A0,H0 printable=31 base=00 symbol=00 ui=number emitted=character action_char=49 shortcut=none
[I][AlphaRuntime] debug teleport rebind moved=0 prior_dungeon=0 location=0 floor=0 xy=80,80 dungeon=0
[I][AlphaRuntime] INPUT_ROUTE action=character ui=number gameplay_command=none
[I][AlphaRuntime] INPUT_EDGE raw=00,00,00,00,00 prev=00,00,00,00,00 matrix=0,0 physical=matrix-key edge=press mods=S0,A0,H0 printable=0d base=00 symbol=00 ui=number emitted=confirm action_char=0 shortcut=none
[I][AlphaRuntime] debug teleport rebind moved=0 prior_dungeon=0 location=0 floor=0 xy=80,80 dungeon=0
[I][AlphaRuntime] UI_MODE from=number to=yes/no
[I][AlphaRuntime] INPUT_ROUTE action=confirm ui=number gameplay_command=none
[I][AlphaRuntime] INPUT_EDGE raw=00,00,00,00,00 prev=00,00,00,00,00 matrix=0,0 physical=matrix-key edge=press mods=S0,A0,H0 printable=6e base=00 symbol=00 ui=yes/no emitted=character action_char=110 shortcut=none
[I][AlphaRuntime] combat command=11 status=awaiting response turns=0 events=8 time=4 us
[I][AlphaRuntime] debug teleport rebind moved=0 prior_dungeon=0 location=0 floor=0 xy=80,80 dungeon=0
[I][AlphaRuntime] UI_MODE from=yes/no to=key-wait
[I][AlphaRuntime] INPUT_ROUTE action=character ui=yes/no gameplay_command=11 sequence=1
GREEN first Hail holds later member unchanged
RED Camp presents scene, standing tile, XOR and restored frames before Hail
GREEN visual actor placement leaves world coordinates untouched
[I][AlphaRuntime] INPUT_EDGE raw=00,00,00,00,00 prev=00,00,00,00,00 matrix=0,0 physical=matrix-key edge=press mods=S0,A0,H0 printable=78 base=00 symbol=00 ui=key-wait emitted=character action_char=120 shortcut=none
[I][AlphaRuntime] combat command=61 status=awaiting response turns=0 events=5 time=5 us
[I][AlphaRuntime] debug teleport rebind moved=0 prior_dungeon=0 location=0 floor=0 xy=80,80 dungeon=0
[I][AlphaRuntime] INPUT_ROUTE action=character ui=key-wait gameplay_command=61 sequence=2
GREEN acknowledgement redraws panel then advances the next member
RED second member has its own standing, XOR and restore frames
Batch 42 visual: 5/7 checks


0% tests passed, 1 tests failed out of 1

Total Test time (real) =   0.16 sec

The following tests FAILED:
	 66 - batch42_advancement_flash (Failed)
Errors while running CTest
