[I][AlphaResources] Alpha resource pack v2.0 valid: 2039545 bytes, 39 entries, payload CRC=2065ad91, expected SHA-256=434cd664b4b9, firmware_match=1
[I][AlphaResources] Loaded owners: 64 small floors, 8 dungeons, 1024 NPC records; PSRAM=1185451
[I][AlphaRuntime] PRESENTATION_DISPATCH ui=explore combat=0 dungeon=0 source=world
[I][AlphaRuntime] render 1026 us reason=full-redraw animated=0 crc=f7f740f8
[I][AlphaRuntime] INPUT_EDGE raw=00,00,00,00,00 prev=00,00,00,00,00 matrix=0,0 physical=matrix-key edge=press mods=S0,A0,H0 printable=68 base=00 symbol=00 ui=explore emitted=character action_char=104 shortcut=none
[I][AlphaRuntime] debug teleport rebind moved=0 prior_dungeon=0 location=0 floor=0 xy=80,80 dungeon=0
[I][AlphaRuntime] UI_MODE from=explore to=number
[I][AlphaRuntime] INPUT_ROUTE action=character ui=explore gameplay_command=none
[I][AlphaRuntime] INPUT_EDGE raw=00,00,00,00,00 prev=00,00,00,00,00 matrix=0,0 physical=matrix-key edge=press mods=S0,A0,H0 printable=31 base=00 symbol=00 ui=number emitted=character action_char=49 shortcut=none
[I][AlphaRuntime] debug teleport rebind moved=0 prior_dungeon=0 location=0 floor=0 xy=80,80 dungeon=0
[I][AlphaRuntime] INPUT_ROUTE action=character ui=number gameplay_command=none
[I][AlphaRuntime] INPUT_EDGE raw=00,00,00,00,00 prev=00,00,00,00,00 matrix=0,0 physical=matrix-key edge=press mods=S0,A0,H0 printable=0d base=00 symbol=00 ui=number emitted=confirm action_char=0 shortcut=none
[I][AlphaRuntime] debug teleport rebind moved=0 prior_dungeon=0 location=0 floor=0 xy=80,80 dungeon=0
[I][AlphaRuntime] UI_MODE from=number to=yes/no
[I][AlphaRuntime] INPUT_ROUTE action=confirm ui=number gameplay_command=none
[I][AlphaRuntime] INPUT_EDGE raw=00,00,00,00,00 prev=00,00,00,00,00 matrix=0,0 physical=matrix-key edge=press mods=S0,A0,H0 printable=6e base=00 symbol=00 ui=yes/no emitted=character action_char=110 shortcut=none
[I][AlphaRuntime] combat command=11 status=success turns=0 events=3 time=34 us
[I][AlphaRuntime] debug teleport rebind moved=0 prior_dungeon=0 location=0 floor=0 xy=80,80 dungeon=0
[I][AlphaRuntime] UI_MODE from=yes/no to=explore
[I][AlphaRuntime] INPUT_ROUTE action=character ui=yes/no gameplay_command=11 sequence=1
[I][AlphaRuntime] PRESENTATION_DISPATCH ui=explore combat=0 dungeon=0 source=world
[I][AlphaRuntime] render 1022 us reason=full-redraw animated=0 crc=f7f740f8
[I][AlphaRuntime] INPUT_EDGE raw=00,00,00,00,00 prev=00,00,00,00,00 matrix=0,0 physical=matrix-key edge=press mods=S0,A0,H0 printable=68 base=00 symbol=00 ui=explore emitted=character action_char=104 shortcut=none
[I][AlphaRuntime] debug teleport rebind moved=0 prior_dungeon=0 location=0 floor=0 xy=80,80 dungeon=0
[I][AlphaRuntime] UI_MODE from=explore to=number
[I][AlphaRuntime] INPUT_ROUTE action=character ui=explore gameplay_command=none
[I][AlphaRuntime] INPUT_EDGE raw=00,00,00,00,00 prev=00,00,00,00,00 matrix=0,0 physical=matrix-key edge=press mods=S0,A0,H0 printable=31 base=00 symbol=00 ui=number emitted=character action_char=49 shortcut=none
[I][AlphaRuntime] debug teleport rebind moved=0 prior_dungeon=0 location=0 floor=0 xy=80,80 dungeon=0
[I][AlphaRuntime] INPUT_ROUTE action=character ui=number gameplay_command=none
[I][AlphaRuntime] INPUT_EDGE raw=00,00,00,00,00 prev=00,00,00,00,00 matrix=0,0 physical=matrix-key edge=press mods=S0,A0,H0 printable=0d base=00 symbol=00 ui=number emitted=confirm action_char=0 shortcut=none
[I][AlphaRuntime] debug teleport rebind moved=0 prior_dungeon=0 location=0 floor=0 xy=80,80 dungeon=0
[I][AlphaRuntime] UI_MODE from=number to=yes/no
[I][AlphaRuntime] INPUT_ROUTE action=confirm ui=number gameplay_command=none
[I][AlphaRuntime] INPUT_EDGE raw=00,00,00,00,00 prev=00,00,00,00,00 matrix=0,0 physical=matrix-key edge=press mods=S0,A0,H0 printable=6e base=00 symbol=00 ui=yes/no emitted=character action_char=110 shortcut=none
[I][AlphaRuntime] combat command=11 status=success turns=0 events=3 time=4 us
[I][AlphaRuntime] debug teleport rebind moved=0 prior_dungeon=0 location=0 floor=0 xy=80,80 dungeon=0
[I][AlphaRuntime] UI_MODE from=yes/no to=explore
[I][AlphaRuntime] INPUT_ROUTE action=character ui=yes/no gameplay_command=11 sequence=1
[I][AlphaRuntime] PRESENTATION_DISPATCH ui=explore combat=0 dungeon=0 source=world
[I][AlphaRuntime] render 1037 us reason=full-redraw animated=0 crc=f7f740f8
[I][AlphaRuntime] INPUT_EDGE raw=00,00,00,00,00 prev=00,00,00,00,00 matrix=0,0 physical=matrix-key edge=press mods=S0,A0,H0 printable=68 base=00 symbol=00 ui=explore emitted=character action_char=104 shortcut=none
[I][AlphaRuntime] debug teleport rebind moved=0 prior_dungeon=0 location=0 floor=0 xy=80,80 dungeon=0
[I][AlphaRuntime] UI_MODE from=explore to=number
[I][AlphaRuntime] INPUT_ROUTE action=character ui=explore gameplay_command=none
[I][AlphaRuntime] INPUT_EDGE raw=00,00,00,00,00 prev=00,00,00,00,00 matrix=0,0 physical=matrix-key edge=press mods=S0,A0,H0 printable=31 base=00 symbol=00 ui=number emitted=character action_char=49 shortcut=none
[I][AlphaRuntime] debug teleport rebind moved=0 prior_dungeon=0 location=0 floor=0 xy=80,80 dungeon=0
[I][AlphaRuntime] INPUT_ROUTE action=character ui=number gameplay_command=none
[I][AlphaRuntime] INPUT_EDGE raw=00,00,00,00,00 prev=00,00,00,00,00 matrix=0,0 physical=matrix-key edge=press mods=S0,A0,H0 printable=0d base=00 symbol=00 ui=number emitted=confirm action_char=0 shortcut=none
[I][AlphaRuntime] debug teleport rebind moved=0 prior_dungeon=0 location=0 floor=0 xy=80,80 dungeon=0
[I][AlphaRuntime] UI_MODE from=number to=yes/no
[I][AlphaRuntime] INPUT_ROUTE action=confirm ui=number gameplay_command=none
[I][AlphaRuntime] INPUT_EDGE raw=00,00,00,00,00 prev=00,00,00,00,00 matrix=0,0 physical=matrix-key edge=press mods=S0,A0,H0 printable=6e base=00 symbol=00 ui=yes/no emitted=character action_char=110 shortcut=none
[I][AlphaRuntime] combat command=11 status=success turns=0 events=3 time=16 us
[I][AlphaRuntime] debug teleport rebind moved=0 prior_dungeon=0 location=0 floor=0 xy=80,80 dungeon=0
[I][AlphaRuntime] UI_MODE from=yes/no to=explore
[I][AlphaRuntime] INPUT_ROUTE action=character ui=yes/no gameplay_command=11 sequence=1
[I][AlphaRuntime] PRESENTATION_DISPATCH ui=explore combat=0 dungeon=0 source=world
[I][AlphaRuntime] render 1020 us reason=full-redraw animated=0 crc=f7f740f8
[I][AlphaRuntime] INPUT_EDGE raw=00,00,00,00,00 prev=00,00,00,00,00 matrix=0,0 physical=matrix-key edge=press mods=S0,A0,H0 printable=68 base=00 symbol=00 ui=explore emitted=character action_char=104 shortcut=none
[I][AlphaRuntime] debug teleport rebind moved=0 prior_dungeon=0 location=0 floor=0 xy=80,80 dungeon=0
[I][AlphaRuntime] UI_MODE from=explore to=number
[I][AlphaRuntime] INPUT_ROUTE action=character ui=explore gameplay_command=none
[I][AlphaRuntime] INPUT_EDGE raw=00,00,00,00,00 prev=00,00,00,00,00 matrix=0,0 physical=matrix-key edge=press mods=S0,A0,H0 printable=31 base=00 symbol=00 ui=number emitted=character action_char=49 shortcut=none
[I][AlphaRuntime] debug teleport rebind moved=0 prior_dungeon=0 location=0 floor=0 xy=80,80 dungeon=0
[I][AlphaRuntime] INPUT_ROUTE action=character ui=number gameplay_command=none
[I][AlphaRuntime] INPUT_EDGE raw=00,00,00,00,00 prev=00,00,00,00,00 matrix=0,0 physical=matrix-key edge=press mods=S0,A0,H0 printable=0d base=00 symbol=00 ui=number emitted=confirm action_char=0 shortcut=none
[I][AlphaRuntime] debug teleport rebind moved=0 prior_dungeon=0 location=0 floor=0 xy=80,80 dungeon=0
[I][AlphaRuntime] UI_MODE from=number to=yes/no
[I][AlphaRuntime] INPUT_ROUTE action=confirm ui=number gameplay_command=none
[I][AlphaRuntime] INPUT_EDGE raw=00,00,00,00,00 prev=00,00,00,00,00 matrix=0,0 physical=matrix-key edge=press mods=S0,A0,H0 printable=6e base=00 symbol=00 ui=yes/no emitted=character action_char=110 shortcut=none
[I][AlphaRuntime] combat command=11 status=success turns=0 events=3 time=3 us
[I][AlphaRuntime] debug teleport rebind moved=0 prior_dungeon=0 location=0 floor=0 xy=80,80 dungeon=0
[I][AlphaRuntime] UI_MODE from=yes/no to=explore
[I][AlphaRuntime] INPUT_ROUTE action=character ui=yes/no gameplay_command=11 sequence=1
[I][AlphaRuntime] PRESENTATION_DISPATCH ui=explore combat=0 dungeon=0 source=world
[I][AlphaRuntime] render 1052 us reason=full-redraw animated=0 crc=f7f740f8
[I][AlphaRuntime] INPUT_EDGE raw=00,00,00,00,00 prev=00,00,00,00,00 matrix=0,0 physical=matrix-key edge=press mods=S0,A0,H0 printable=68 base=00 symbol=00 ui=explore emitted=character action_char=104 shortcut=none
[I][AlphaRuntime] debug teleport rebind moved=0 prior_dungeon=0 location=0 floor=0 xy=80,80 dungeon=0
[I][AlphaRuntime] UI_MODE from=explore to=number
[I][AlphaRuntime] INPUT_ROUTE action=character ui=explore gameplay_command=none
[I][AlphaRuntime] INPUT_EDGE raw=00,00,00,00,00 prev=00,00,00,00,00 matrix=0,0 physical=matrix-key edge=press mods=S0,A0,H0 printable=31 base=00 symbol=00 ui=number emitted=character action_char=49 shortcut=none
[I][AlphaRuntime] debug teleport rebind moved=0 prior_dungeon=0 location=0 floor=0 xy=80,80 dungeon=0
[I][AlphaRuntime] INPUT_ROUTE action=character ui=number gameplay_command=none
[I][AlphaRuntime] INPUT_EDGE raw=00,00,00,00,00 prev=00,00,00,00,00 matrix=0,0 physical=matrix-key edge=press mods=S0,A0,H0 printable=0d base=00 symbol=00 ui=number emitted=confirm action_char=0 shortcut=none
[I][AlphaRuntime] debug teleport rebind moved=0 prior_dungeon=0 location=0 floor=0 xy=80,80 dungeon=0
[I][AlphaRuntime] UI_MODE from=number to=yes/no
[I][AlphaRuntime] INPUT_ROUTE action=confirm ui=number gameplay_command=none
[I][AlphaRuntime] INPUT_EDGE raw=00,00,00,00,00 prev=00,00,00,00,00 matrix=0,0 physical=matrix-key edge=press mods=S0,A0,H0 printable=6e base=00 symbol=00 ui=yes/no emitted=character action_char=110 shortcut=none
[I][AlphaRuntime] combat command=11 status=success turns=0 events=3 time=3 us
[I][AlphaRuntime] debug teleport rebind moved=0 prior_dungeon=0 location=0 floor=0 xy=80,80 dungeon=0
[I][AlphaRuntime] UI_MODE from=yes/no to=explore
[I][AlphaRuntime] INPUT_ROUTE action=character ui=yes/no gameplay_command=11 sequence=1
[I][AlphaRuntime] PRESENTATION_DISPATCH ui=explore combat=0 dungeon=0 source=world
[I][AlphaRuntime] render 1033 us reason=full-redraw animated=0 crc=f7f740f8
[I][AlphaRuntime] INPUT_EDGE raw=00,00,00,00,00 prev=00,00,00,00,00 matrix=0,0 physical=matrix-key edge=press mods=S0,A0,H0 printable=68 base=00 symbol=00 ui=explore emitted=character action_char=104 shortcut=none
[I][AlphaRuntime] debug teleport rebind moved=0 prior_dungeon=0 location=0 floor=0 xy=80,80 dungeon=0
[I][AlphaRuntime] UI_MODE from=explore to=number
[I][AlphaRuntime] INPUT_ROUTE action=character ui=explore gameplay_command=none
[I][AlphaRuntime] INPUT_EDGE raw=00,00,00,00,00 prev=00,00,00,00,00 matrix=0,0 physical=matrix-key edge=press mods=S0,A0,H0 printable=31 base=00 symbol=00 ui=number emitted=character action_char=49 shortcut=none
[I][AlphaRuntime] debug teleport rebind moved=0 prior_dungeon=0 location=0 floor=0 xy=80,80 dungeon=0
[I][AlphaRuntime] INPUT_ROUTE action=character ui=number gameplay_command=none
[I][AlphaRuntime] INPUT_EDGE raw=00,00,00,00,00 prev=00,00,00,00,00 matrix=0,0 physical=matrix-key edge=press mods=S0,A0,H0 printable=0d base=00 symbol=00 ui=number emitted=confirm action_char=0 shortcut=none
[I][AlphaRuntime] debug teleport rebind moved=0 prior_dungeon=0 location=0 floor=0 xy=80,80 dungeon=0
[I][AlphaRuntime] UI_MODE from=number to=yes/no
[I][AlphaRuntime] INPUT_ROUTE action=confirm ui=number gameplay_command=none
[I][AlphaRuntime] INPUT_EDGE raw=00,00,00,00,00 prev=00,00,00,00,00 matrix=0,0 physical=matrix-key edge=press mods=S0,A0,H0 printable=6e base=00 symbol=00 ui=yes/no emitted=character action_char=110 shortcut=none
[I][AlphaRuntime] combat command=11 status=success turns=0 events=3 time=4 us
[I][AlphaRuntime] debug teleport rebind moved=0 prior_dungeon=0 location=0 floor=0 xy=80,80 dungeon=0
[I][AlphaRuntime] UI_MODE from=yes/no to=explore
[I][AlphaRuntime] INPUT_ROUTE action=character ui=yes/no gameplay_command=11 sequence=1
[I][AlphaRuntime] PRESENTATION_DISPATCH ui=explore combat=0 dungeon=0 source=world
[I][AlphaRuntime] render 994 us reason=full-redraw animated=0 crc=f7f740f8
[I][AlphaRuntime] INPUT_EDGE raw=00,00,00,00,00 prev=00,00,00,00,00 matrix=0,0 physical=matrix-key edge=press mods=S0,A0,H0 printable=68 base=00 symbol=00 ui=explore emitted=character action_char=104 shortcut=none
[I][AlphaRuntime] debug teleport rebind moved=0 prior_dungeon=0 location=0 floor=0 xy=80,80 dungeon=0
[I][AlphaRuntime] UI_MODE from=explore to=number
[I][AlphaRuntime] INPUT_ROUTE action=character ui=explore gameplay_command=none
[I][AlphaRuntime] INPUT_EDGE raw=00,00,00,00,00 prev=00,00,00,00,00 matrix=0,0 physical=matrix-key edge=press mods=S0,A0,H0 printable=31 base=00 symbol=00 ui=number emitted=character action_char=49 shortcut=none
[I][AlphaRuntime] debug teleport rebind moved=0 prior_dungeon=0 location=0 floor=0 xy=80,80 dungeon=0
[I][AlphaRuntime] INPUT_ROUTE action=character ui=number gameplay_command=none
[I][AlphaRuntime] INPUT_EDGE raw=00,00,00,00,00 prev=00,00,00,00,00 matrix=0,0 physical=matrix-key edge=press mods=S0,A0,H0 printable=0d base=00 symbol=00 ui=number emitted=confirm action_char=0 shortcut=none
[I][AlphaRuntime] debug teleport rebind moved=0 prior_dungeon=0 location=0 floor=0 xy=80,80 dungeon=0
[I][AlphaRuntime] UI_MODE from=number to=yes/no
[I][AlphaRuntime] INPUT_ROUTE action=confirm ui=number gameplay_command=none
[I][AlphaRuntime] INPUT_EDGE raw=00,00,00,00,00 prev=00,00,00,00,00 matrix=0,0 physical=matrix-key edge=press mods=S0,A0,H0 printable=6e base=00 symbol=00 ui=yes/no emitted=character action_char=110 shortcut=none
[I][AlphaRuntime] combat command=11 status=success turns=0 events=3 time=3 us
[I][AlphaRuntime] debug teleport rebind moved=0 prior_dungeon=0 location=0 floor=0 xy=80,80 dungeon=0
[I][AlphaRuntime] UI_MODE from=yes/no to=explore
[I][AlphaRuntime] INPUT_ROUTE action=character ui=yes/no gameplay_command=11 sequence=1
[I][AlphaRuntime] PRESENTATION_DISPATCH ui=explore combat=0 dungeon=0 source=world
[I][AlphaRuntime] render 1012 us reason=full-redraw animated=0 crc=f7f740f8
[I][AlphaRuntime] INPUT_EDGE raw=00,00,00,00,00 prev=00,00,00,00,00 matrix=0,0 physical=matrix-key edge=press mods=S0,A0,H0 printable=68 base=00 symbol=00 ui=explore emitted=character action_char=104 shortcut=none
[I][AlphaRuntime] debug teleport rebind moved=0 prior_dungeon=0 location=0 floor=0 xy=80,80 dungeon=0
[I][AlphaRuntime] UI_MODE from=explore to=number
[I][AlphaRuntime] INPUT_ROUTE action=character ui=explore gameplay_command=none
[I][AlphaRuntime] INPUT_EDGE raw=00,00,00,00,00 prev=00,00,00,00,00 matrix=0,0 physical=matrix-key edge=press mods=S0,A0,H0 printable=31 base=00 symbol=00 ui=number emitted=character action_char=49 shortcut=none
[I][AlphaRuntime] debug teleport rebind moved=0 prior_dungeon=0 location=0 floor=0 xy=80,80 dungeon=0
[I][AlphaRuntime] INPUT_ROUTE action=character ui=number gameplay_command=none
[I][AlphaRuntime] INPUT_EDGE raw=00,00,00,00,00 prev=00,00,00,00,00 matrix=0,0 physical=matrix-key edge=press mods=S0,A0,H0 printable=0d base=00 symbol=00 ui=number emitted=confirm action_char=0 shortcut=none
[I][AlphaRuntime] debug teleport rebind moved=0 prior_dungeon=0 location=0 floor=0 xy=80,80 dungeon=0
[I][AlphaRuntime] UI_MODE from=number to=yes/no
[I][AlphaRuntime] INPUT_ROUTE action=confirm ui=number gameplay_command=none
[I][AlphaRuntime] INPUT_EDGE raw=00,00,00,00,00 prev=00,00,00,00,00 matrix=0,0 physical=matrix-key edge=press mods=S0,A0,H0 printable=6e base=00 symbol=00 ui=yes/no emitted=character action_char=110 shortcut=none
[I][AlphaRuntime] combat command=11 status=success turns=0 events=3 time=5 us
[I][AlphaRuntime] debug teleport rebind moved=0 prior_dungeon=0 location=0 floor=0 xy=80,80 dungeon=0
[I][AlphaRuntime] UI_MODE from=yes/no to=explore
[I][AlphaRuntime] INPUT_ROUTE action=character ui=yes/no gameplay_command=11 sequence=1
[I][AlphaRuntime] PRESENTATION_DISPATCH ui=explore combat=0 dungeon=0 source=world
[I][AlphaRuntime] render 1000 us reason=full-redraw animated=0 crc=f7f740f8
[I][AlphaRuntime] INPUT_EDGE raw=00,00,00,00,00 prev=00,00,00,00,00 matrix=0,0 physical=matrix-key edge=press mods=S0,A0,H0 printable=68 base=00 symbol=00 ui=explore emitted=character action_char=104 shortcut=none
[I][AlphaRuntime] debug teleport rebind moved=0 prior_dungeon=0 location=0 floor=0 xy=80,80 dungeon=0
[I][AlphaRuntime] UI_MODE from=explore to=number
[I][AlphaRuntime] INPUT_ROUTE action=character ui=explore gameplay_command=none
[I][AlphaRuntime] INPUT_EDGE raw=00,00,00,00,00 prev=00,00,00,00,00 matrix=0,0 physical=matrix-key edge=press mods=S0,A0,H0 printable=31 base=00 symbol=00 ui=number emitted=character action_char=49 shortcut=none
[I][AlphaRuntime] debug teleport rebind moved=0 prior_dungeon=0 location=0 floor=0 xy=80,80 dungeon=0
[I][AlphaRuntime] INPUT_ROUTE action=character ui=number gameplay_command=none
[I][AlphaRuntime] INPUT_EDGE raw=00,00,00,00,00 prev=00,00,00,00,00 matrix=0,0 physical=matrix-key edge=press mods=S0,A0,H0 printable=0d base=00 symbol=00 ui=number emitted=confirm action_char=0 shortcut=none
[I][AlphaRuntime] debug teleport rebind moved=0 prior_dungeon=0 location=0 floor=0 xy=80,80 dungeon=0
[I][AlphaRuntime] UI_MODE from=number to=yes/no
[I][AlphaRuntime] INPUT_ROUTE action=confirm ui=number gameplay_command=none
[I][AlphaRuntime] INPUT_EDGE raw=00,00,00,00,00 prev=00,00,00,00,00 matrix=0,0 physical=matrix-key edge=press mods=S0,A0,H0 printable=6e base=00 symbol=00 ui=yes/no emitted=character action_char=110 shortcut=none
[I][AlphaRuntime] combat command=11 status=success turns=0 events=3 time=3 us
[I][AlphaRuntime] debug teleport rebind moved=0 prior_dungeon=0 location=0 floor=0 xy=80,80 dungeon=0
[I][AlphaRuntime] UI_MODE from=yes/no to=explore
[I][AlphaRuntime] INPUT_ROUTE action=character ui=yes/no gameplay_command=11 sequence=1
[I][AlphaRuntime] PRESENTATION_DISPATCH ui=explore combat=0 dungeon=0 source=world
[I][AlphaRuntime] render 1008 us reason=full-redraw animated=0 crc=f7f740f8
[I][AlphaRuntime] INPUT_EDGE raw=00,00,00,00,00 prev=00,00,00,00,00 matrix=0,0 physical=matrix-key edge=press mods=S0,A0,H0 printable=68 base=00 symbol=00 ui=explore emitted=character action_char=104 shortcut=none
[I][AlphaRuntime] debug teleport rebind moved=0 prior_dungeon=0 location=0 floor=0 xy=80,80 dungeon=0
[I][AlphaRuntime] UI_MODE from=explore to=number
[I][AlphaRuntime] INPUT_ROUTE action=character ui=explore gameplay_command=none
[I][AlphaRuntime] INPUT_EDGE raw=00,00,00,00,00 prev=00,00,00,00,00 matrix=0,0 physical=matrix-key edge=press mods=S0,A0,H0 printable=31 base=00 symbol=00 ui=number emitted=character action_char=49 shortcut=none
[I][AlphaRuntime] debug teleport rebind moved=0 prior_dungeon=0 location=0 floor=0 xy=80,80 dungeon=0
[I][AlphaRuntime] INPUT_ROUTE action=character ui=number gameplay_command=none
[I][AlphaRuntime] INPUT_EDGE raw=00,00,00,00,00 prev=00,00,00,00,00 matrix=0,0 physical=matrix-key edge=press mods=S0,A0,H0 printable=0d base=00 symbol=00 ui=number emitted=confirm action_char=0 shortcut=none
[I][AlphaRuntime] debug teleport rebind moved=0 prior_dungeon=0 location=0 floor=0 xy=80,80 dungeon=0
[I][AlphaRuntime] UI_MODE from=number to=yes/no
[I][AlphaRuntime] INPUT_ROUTE action=confirm ui=number gameplay_command=none
[I][AlphaRuntime] INPUT_EDGE raw=00,00,00,00,00 prev=00,00,00,00,00 matrix=0,0 physical=matrix-key edge=press mods=S0,A0,H0 printable=6e base=00 symbol=00 ui=yes/no emitted=character action_char=110 shortcut=none
[I][AlphaRuntime] combat command=11 status=success turns=0 events=3 time=4 us
[I][AlphaRuntime] debug teleport rebind moved=0 prior_dungeon=0 location=0 floor=0 xy=80,80 dungeon=0
[I][AlphaRuntime] UI_MODE from=yes/no to=explore
[I][AlphaRuntime] INPUT_ROUTE action=character ui=yes/no gameplay_command=11 sequence=1
[I][AlphaRuntime] PRESENTATION_DISPATCH ui=explore combat=0 dungeon=0 source=world
[I][AlphaRuntime] render 993 us reason=full-redraw animated=0 crc=f7f740f8
[I][AlphaRuntime] INPUT_EDGE raw=00,00,00,00,00 prev=00,00,00,00,00 matrix=0,0 physical=matrix-key edge=press mods=S0,A0,H0 printable=68 base=00 symbol=00 ui=explore emitted=character action_char=104 shortcut=none
[I][AlphaRuntime] debug teleport rebind moved=0 prior_dungeon=0 location=0 floor=0 xy=80,80 dungeon=0
[I][AlphaRuntime] UI_MODE from=explore to=number
[I][AlphaRuntime] INPUT_ROUTE action=character ui=explore gameplay_command=none
[I][AlphaRuntime] INPUT_EDGE raw=00,00,00,00,00 prev=00,00,00,00,00 matrix=0,0 physical=matrix-key edge=press mods=S0,A0,H0 printable=31 base=00 symbol=00 ui=number emitted=character action_char=49 shortcut=none
[I][AlphaRuntime] debug teleport rebind moved=0 prior_dungeon=0 location=0 floor=0 xy=80,80 dungeon=0
[I][AlphaRuntime] INPUT_ROUTE action=character ui=number gameplay_command=none
[I][AlphaRuntime] INPUT_EDGE raw=00,00,00,00,00 prev=00,00,00,00,00 matrix=0,0 physical=matrix-key edge=press mods=S0,A0,H0 printable=0d base=00 symbol=00 ui=number emitted=confirm action_char=0 shortcut=none
[I][AlphaRuntime] debug teleport rebind moved=0 prior_dungeon=0 location=0 floor=0 xy=80,80 dungeon=0
[I][AlphaRuntime] UI_MODE from=number to=yes/no
[I][AlphaRuntime] INPUT_ROUTE action=confirm ui=number gameplay_command=none
[I][AlphaRuntime] INPUT_EDGE raw=00,00,00,00,00 prev=00,00,00,00,00 matrix=0,0 physical=matrix-key edge=press mods=S0,A0,H0 printable=6e base=00 symbol=00 ui=yes/no emitted=character action_char=110 shortcut=none
[I][AlphaRuntime] combat command=11 status=success turns=0 events=3 time=3 us
[I][AlphaRuntime] debug teleport rebind moved=0 prior_dungeon=0 location=0 floor=0 xy=80,80 dungeon=0
[I][AlphaRuntime] UI_MODE from=yes/no to=explore
[I][AlphaRuntime] INPUT_ROUTE action=character ui=yes/no gameplay_command=11 sequence=1
[I][AlphaRuntime] PRESENTATION_DISPATCH ui=explore combat=0 dungeon=0 source=world
[I][AlphaRuntime] render 1013 us reason=full-redraw animated=0 crc=f7f740f8
[I][AlphaRuntime] INPUT_EDGE raw=00,00,00,00,00 prev=00,00,00,00,00 matrix=0,0 physical=matrix-key edge=press mods=S0,A0,H0 printable=68 base=00 symbol=00 ui=explore emitted=character action_char=104 shortcut=none
[I][AlphaRuntime] debug teleport rebind moved=0 prior_dungeon=0 location=0 floor=0 xy=80,80 dungeon=0
[I][AlphaRuntime] UI_MODE from=explore to=number
[I][AlphaRuntime] INPUT_ROUTE action=character ui=explore gameplay_command=none
[I][AlphaRuntime] INPUT_EDGE raw=00,00,00,00,00 prev=00,00,00,00,00 matrix=0,0 physical=matrix-key edge=press mods=S0,A0,H0 printable=31 base=00 symbol=00 ui=number emitted=character action_char=49 shortcut=none
[I][AlphaRuntime] debug teleport rebind moved=0 prior_dungeon=0 location=0 floor=0 xy=80,80 dungeon=0
[I][AlphaRuntime] INPUT_ROUTE action=character ui=number gameplay_command=none
[I][AlphaRuntime] INPUT_EDGE raw=00,00,00,00,00 prev=00,00,00,00,00 matrix=0,0 physical=matrix-key edge=press mods=S0,A0,H0 printable=0d base=00 symbol=00 ui=number emitted=confirm action_char=0 shortcut=none
[I][AlphaRuntime] debug teleport rebind moved=0 prior_dungeon=0 location=0 floor=0 xy=80,80 dungeon=0
[I][AlphaRuntime] UI_MODE from=number to=yes/no
[I][AlphaRuntime] INPUT_ROUTE action=confirm ui=number gameplay_command=none
[I][AlphaRuntime] INPUT_EDGE raw=00,00,00,00,00 prev=00,00,00,00,00 matrix=0,0 physical=matrix-key edge=press mods=S0,A0,H0 printable=6e base=00 symbol=00 ui=yes/no emitted=character action_char=110 shortcut=none
[I][AlphaRuntime] combat command=11 status=success turns=0 events=3 time=5 us
[I][AlphaRuntime] debug teleport rebind moved=0 prior_dungeon=0 location=0 floor=0 xy=80,80 dungeon=0
[I][AlphaRuntime] UI_MODE from=yes/no to=explore
[I][AlphaRuntime] INPUT_ROUTE action=character ui=yes/no gameplay_command=11 sequence=1
[I][AlphaRuntime] PRESENTATION_DISPATCH ui=explore combat=0 dungeon=0 source=world
[I][AlphaRuntime] render 1032 us reason=full-redraw animated=0 crc=f7f740f8
[I][AlphaRuntime] INPUT_EDGE raw=00,00,00,00,00 prev=00,00,00,00,00 matrix=0,0 physical=matrix-key edge=press mods=S0,A0,H0 printable=68 base=00 symbol=00 ui=explore emitted=character action_char=104 shortcut=none
[I][AlphaRuntime] debug teleport rebind moved=0 prior_dungeon=0 location=0 floor=0 xy=80,80 dungeon=0
[I][AlphaRuntime] UI_MODE from=explore to=number
[I][AlphaRuntime] INPUT_ROUTE action=character ui=explore gameplay_command=none
[I][AlphaRuntime] INPUT_EDGE raw=00,00,00,00,00 prev=00,00,00,00,00 matrix=0,0 physical=matrix-key edge=press mods=S0,A0,H0 printable=31 base=00 symbol=00 ui=number emitted=character action_char=49 shortcut=none
[I][AlphaRuntime] debug teleport rebind moved=0 prior_dungeon=0 location=0 floor=0 xy=80,80 dungeon=0
[I][AlphaRuntime] INPUT_ROUTE action=character ui=number gameplay_command=none
[I][AlphaRuntime] INPUT_EDGE raw=00,00,00,00,00 prev=00,00,00,00,00 matrix=0,0 physical=matrix-key edge=press mods=S0,A0,H0 printable=0d base=00 symbol=00 ui=number emitted=confirm action_char=0 shortcut=none
[I][AlphaRuntime] debug teleport rebind moved=0 prior_dungeon=0 location=0 floor=0 xy=80,80 dungeon=0
[I][AlphaRuntime] UI_MODE from=number to=yes/no
[I][AlphaRuntime] INPUT_ROUTE action=confirm ui=number gameplay_command=none
[I][AlphaRuntime] INPUT_EDGE raw=00,00,00,00,00 prev=00,00,00,00,00 matrix=0,0 physical=matrix-key edge=press mods=S0,A0,H0 printable=6e base=00 symbol=00 ui=yes/no emitted=character action_char=110 shortcut=none
[I][AlphaRuntime] combat command=11 status=success turns=0 events=3 time=4 us
[I][AlphaRuntime] debug teleport rebind moved=0 prior_dungeon=0 location=0 floor=0 xy=80,80 dungeon=0
[I][AlphaRuntime] UI_MODE from=yes/no to=explore
[I][AlphaRuntime] INPUT_ROUTE action=character ui=yes/no gameplay_command=11 sequence=1
[I][AlphaRuntime] PRESENTATION_DISPATCH ui=explore combat=0 dungeon=0 source=world
[I][AlphaRuntime] render 999 us reason=full-redraw animated=0 crc=f7f740f8
[I][AlphaRuntime] INPUT_EDGE raw=00,00,00,00,00 prev=00,00,00,00,00 matrix=0,0 physical=matrix-key edge=press mods=S0,A0,H0 printable=68 base=00 symbol=00 ui=explore emitted=character action_char=104 shortcut=none
[I][AlphaRuntime] debug teleport rebind moved=0 prior_dungeon=0 location=0 floor=0 xy=80,80 dungeon=0
[I][AlphaRuntime] UI_MODE from=explore to=number
[I][AlphaRuntime] INPUT_ROUTE action=character ui=explore gameplay_command=none
[I][AlphaRuntime] INPUT_EDGE raw=00,00,00,00,00 prev=00,00,00,00,00 matrix=0,0 physical=matrix-key edge=press mods=S0,A0,H0 printable=31 base=00 symbol=00 ui=number emitted=character action_char=49 shortcut=none
[I][AlphaRuntime] debug teleport rebind moved=0 prior_dungeon=0 location=0 floor=0 xy=80,80 dungeon=0
[I][AlphaRuntime] INPUT_ROUTE action=character ui=number gameplay_command=none
[I][AlphaRuntime] INPUT_EDGE raw=00,00,00,00,00 prev=00,00,00,00,00 matrix=0,0 physical=matrix-key edge=press mods=S0,A0,H0 printable=0d base=00 symbol=00 ui=number emitted=confirm action_char=0 shortcut=none
[I][AlphaRuntime] debug teleport rebind moved=0 prior_dungeon=0 location=0 floor=0 xy=80,80 dungeon=0
[I][AlphaRuntime] UI_MODE from=number to=yes/no
[I][AlphaRuntime] INPUT_ROUTE action=confirm ui=number gameplay_command=none
[I][AlphaRuntime] INPUT_EDGE raw=00,00,00,00,00 prev=00,00,00,00,00 matrix=0,0 physical=matrix-key edge=press mods=S0,A0,H0 printable=6e base=00 symbol=00 ui=yes/no emitted=character action_char=110 shortcut=none
[I][AlphaRuntime] combat command=11 status=success turns=0 events=3 time=4 us
[I][AlphaRuntime] debug teleport rebind moved=0 prior_dungeon=0 location=0 floor=0 xy=80,80 dungeon=0
[I][AlphaRuntime] UI_MODE from=yes/no to=explore
[I][AlphaRuntime] INPUT_ROUTE action=character ui=yes/no gameplay_command=11 sequence=1
[I][AlphaRuntime] PRESENTATION_DISPATCH ui=explore combat=0 dungeon=0 source=world
[I][AlphaRuntime] render 1038 us reason=full-redraw animated=0 crc=f7f740f8
[I][AlphaRuntime] INPUT_EDGE raw=00,00,00,00,00 prev=00,00,00,00,00 matrix=0,0 physical=matrix-key edge=press mods=S0,A0,H0 printable=68 base=00 symbol=00 ui=explore emitted=character action_char=104 shortcut=none
[I][AlphaRuntime] debug teleport rebind moved=0 prior_dungeon=0 location=0 floor=0 xy=80,80 dungeon=0
[I][AlphaRuntime] UI_MODE from=explore to=number
[I][AlphaRuntime] INPUT_ROUTE action=character ui=explore gameplay_command=none
[I][AlphaRuntime] INPUT_EDGE raw=00,00,00,00,00 prev=00,00,00,00,00 matrix=0,0 physical=matrix-key edge=press mods=S0,A0,H0 printable=31 base=00 symbol=00 ui=number emitted=character action_char=49 shortcut=none
[I][AlphaRuntime] debug teleport rebind moved=0 prior_dungeon=0 location=0 floor=0 xy=80,80 dungeon=0
[I][AlphaRuntime] INPUT_ROUTE action=character ui=number gameplay_command=none
[I][AlphaRuntime] INPUT_EDGE raw=00,00,00,00,00 prev=00,00,00,00,00 matrix=0,0 physical=matrix-key edge=press mods=S0,A0,H0 printable=0d base=00 symbol=00 ui=number emitted=confirm action_char=0 shortcut=none
[I][AlphaRuntime] debug teleport rebind moved=0 prior_dungeon=0 location=0 floor=0 xy=80,80 dungeon=0
[I][AlphaRuntime] UI_MODE from=number to=yes/no
[I][AlphaRuntime] INPUT_ROUTE action=confirm ui=number gameplay_command=none
[I][AlphaRuntime] INPUT_EDGE raw=00,00,00,00,00 prev=00,00,00,00,00 matrix=0,0 physical=matrix-key edge=press mods=S0,A0,H0 printable=6e base=00 symbol=00 ui=yes/no emitted=character action_char=110 shortcut=none
[I][AlphaRuntime] combat command=11 status=success turns=0 events=3 time=6 us
[I][AlphaRuntime] debug teleport rebind moved=0 prior_dungeon=0 location=0 floor=0 xy=80,80 dungeon=0
[I][AlphaRuntime] UI_MODE from=yes/no to=explore
[I][AlphaRuntime] INPUT_ROUTE action=character ui=yes/no gameplay_command=11 sequence=1
[I][AlphaRuntime] PRESENTATION_DISPATCH ui=explore combat=0 dungeon=0 source=world
[I][AlphaRuntime] render 993 us reason=full-redraw animated=0 crc=f7f740f8
[I][AlphaRuntime] INPUT_EDGE raw=00,00,00,00,00 prev=00,00,00,00,00 matrix=0,0 physical=matrix-key edge=press mods=S0,A0,H0 printable=68 base=00 symbol=00 ui=explore emitted=character action_char=104 shortcut=none
[I][AlphaRuntime] debug teleport rebind moved=0 prior_dungeon=0 location=0 floor=0 xy=80,80 dungeon=0
[I][AlphaRuntime] UI_MODE from=explore to=number
[I][AlphaRuntime] INPUT_ROUTE action=character ui=explore gameplay_command=none
[I][AlphaRuntime] INPUT_EDGE raw=00,00,00,00,00 prev=00,00,00,00,00 matrix=0,0 physical=matrix-key edge=press mods=S0,A0,H0 printable=31 base=00 symbol=00 ui=number emitted=character action_char=49 shortcut=none
[I][AlphaRuntime] debug teleport rebind moved=0 prior_dungeon=0 location=0 floor=0 xy=80,80 dungeon=0
[I][AlphaRuntime] INPUT_ROUTE action=character ui=number gameplay_command=none
[I][AlphaRuntime] INPUT_EDGE raw=00,00,00,00,00 prev=00,00,00,00,00 matrix=0,0 physical=matrix-key edge=press mods=S0,A0,H0 printable=0d base=00 symbol=00 ui=number emitted=confirm action_char=0 shortcut=none
[I][AlphaRuntime] debug teleport rebind moved=0 prior_dungeon=0 location=0 floor=0 xy=80,80 dungeon=0
[I][AlphaRuntime] UI_MODE from=number to=yes/no
[I][AlphaRuntime] INPUT_ROUTE action=confirm ui=number gameplay_command=none
[I][AlphaRuntime] INPUT_EDGE raw=00,00,00,00,00 prev=00,00,00,00,00 matrix=0,0 physical=matrix-key edge=press mods=S0,A0,H0 printable=6e base=00 symbol=00 ui=yes/no emitted=character action_char=110 shortcut=none
[I][AlphaRuntime] combat command=11 status=success turns=0 events=3 time=4 us
[I][AlphaRuntime] debug teleport rebind moved=0 prior_dungeon=0 location=0 floor=0 xy=80,80 dungeon=0
[I][AlphaRuntime] UI_MODE from=yes/no to=explore
[I][AlphaRuntime] INPUT_ROUTE action=character ui=yes/no gameplay_command=11 sequence=1
[I][AlphaRuntime] PRESENTATION_DISPATCH ui=explore combat=0 dungeon=0 source=world
[I][AlphaRuntime] render 1041 us reason=full-redraw animated=0 crc=f7f740f8
[I][AlphaRuntime] INPUT_EDGE raw=00,00,00,00,00 prev=00,00,00,00,00 matrix=0,0 physical=matrix-key edge=press mods=S0,A0,H0 printable=68 base=00 symbol=00 ui=explore emitted=character action_char=104 shortcut=none
[I][AlphaRuntime] debug teleport rebind moved=0 prior_dungeon=0 location=0 floor=0 xy=80,80 dungeon=0
[I][AlphaRuntime] UI_MODE from=explore to=number
[I][AlphaRuntime] INPUT_ROUTE action=character ui=explore gameplay_command=none
[I][AlphaRuntime] INPUT_EDGE raw=00,00,00,00,00 prev=00,00,00,00,00 matrix=0,0 physical=matrix-key edge=press mods=S0,A0,H0 printable=31 base=00 symbol=00 ui=number emitted=character action_char=49 shortcut=none
[I][AlphaRuntime] debug teleport rebind moved=0 prior_dungeon=0 location=0 floor=0 xy=80,80 dungeon=0
[I][AlphaRuntime] INPUT_ROUTE action=character ui=number gameplay_command=none
[I][AlphaRuntime] INPUT_EDGE raw=00,00,00,00,00 prev=00,00,00,00,00 matrix=0,0 physical=matrix-key edge=press mods=S0,A0,H0 printable=0d base=00 symbol=00 ui=number emitted=confirm action_char=0 shortcut=none
[I][AlphaRuntime] debug teleport rebind moved=0 prior_dungeon=0 location=0 floor=0 xy=80,80 dungeon=0
[I][AlphaRuntime] UI_MODE from=number to=yes/no
[I][AlphaRuntime] INPUT_ROUTE action=confirm ui=number gameplay_command=none
[I][AlphaRuntime] INPUT_EDGE raw=00,00,00,00,00 prev=00,00,00,00,00 matrix=0,0 physical=matrix-key edge=press mods=S0,A0,H0 printable=6e base=00 symbol=00 ui=yes/no emitted=character action_char=110 shortcut=none
[I][AlphaRuntime] combat command=11 status=success turns=0 events=3 time=6 us
[I][AlphaRuntime] debug teleport rebind moved=0 prior_dungeon=0 location=0 floor=0 xy=80,80 dungeon=0
[I][AlphaRuntime] UI_MODE from=yes/no to=explore
[I][AlphaRuntime] INPUT_ROUTE action=character ui=yes/no gameplay_command=11 sequence=1
[I][AlphaRuntime] PRESENTATION_DISPATCH ui=explore combat=0 dungeon=0 source=world
[I][AlphaRuntime] render 1009 us reason=full-redraw animated=0 crc=f7f740f8
[I][AlphaRuntime] INPUT_EDGE raw=00,00,00,00,00 prev=00,00,00,00,00 matrix=0,0 physical=matrix-key edge=press mods=S0,A0,H0 printable=68 base=00 symbol=00 ui=explore emitted=character action_char=104 shortcut=none
[I][AlphaRuntime] debug teleport rebind moved=0 prior_dungeon=0 location=0 floor=0 xy=80,80 dungeon=0
[I][AlphaRuntime] UI_MODE from=explore to=number
[I][AlphaRuntime] INPUT_ROUTE action=character ui=explore gameplay_command=none
[I][AlphaRuntime] INPUT_EDGE raw=00,00,00,00,00 prev=00,00,00,00,00 matrix=0,0 physical=matrix-key edge=press mods=S0,A0,H0 printable=31 base=00 symbol=00 ui=number emitted=character action_char=49 shortcut=none
[I][AlphaRuntime] debug teleport rebind moved=0 prior_dungeon=0 location=0 floor=0 xy=80,80 dungeon=0
[I][AlphaRuntime] INPUT_ROUTE action=character ui=number gameplay_command=none
[I][AlphaRuntime] INPUT_EDGE raw=00,00,00,00,00 prev=00,00,00,00,00 matrix=0,0 physical=matrix-key edge=press mods=S0,A0,H0 printable=0d base=00 symbol=00 ui=number emitted=confirm action_char=0 shortcut=none
[I][AlphaRuntime] debug teleport rebind moved=0 prior_dungeon=0 location=0 floor=0 xy=80,80 dungeon=0
[I][AlphaRuntime] UI_MODE from=number to=yes/no
[I][AlphaRuntime] INPUT_ROUTE action=confirm ui=number gameplay_command=none
[I][AlphaRuntime] INPUT_EDGE raw=00,00,00,00,00 prev=00,00,00,00,00 matrix=0,0 physical=matrix-key edge=press mods=S0,A0,H0 printable=6e base=00 symbol=00 ui=yes/no emitted=character action_char=110 shortcut=none
[I][AlphaRuntime] combat command=11 status=success turns=0 events=3 time=4 us
[I][AlphaRuntime] debug teleport rebind moved=0 prior_dungeon=0 location=0 floor=0 xy=80,80 dungeon=0
[I][AlphaRuntime] UI_MODE from=yes/no to=explore
[I][AlphaRuntime] INPUT_ROUTE action=character ui=yes/no gameplay_command=11 sequence=1
[I][AlphaRuntime] PRESENTATION_DISPATCH ui=explore combat=0 dungeon=0 source=world
[I][AlphaRuntime] render 1028 us reason=full-redraw animated=0 crc=f7f740f8
[I][AlphaRuntime] INPUT_EDGE raw=00,00,00,00,00 prev=00,00,00,00,00 matrix=0,0 physical=matrix-key edge=press mods=S0,A0,H0 printable=68 base=00 symbol=00 ui=explore emitted=character action_char=104 shortcut=none
[I][AlphaRuntime] debug teleport rebind moved=0 prior_dungeon=0 location=0 floor=0 xy=80,80 dungeon=0
[I][AlphaRuntime] UI_MODE from=explore to=number
[I][AlphaRuntime] INPUT_ROUTE action=character ui=explore gameplay_command=none
[I][AlphaRuntime] INPUT_EDGE raw=00,00,00,00,00 prev=00,00,00,00,00 matrix=0,0 physical=matrix-key edge=press mods=S0,A0,H0 printable=31 base=00 symbol=00 ui=number emitted=character action_char=49 shortcut=none
[I][AlphaRuntime] debug teleport rebind moved=0 prior_dungeon=0 location=0 floor=0 xy=80,80 dungeon=0
[I][AlphaRuntime] INPUT_ROUTE action=character ui=number gameplay_command=none
[I][AlphaRuntime] INPUT_EDGE raw=00,00,00,00,00 prev=00,00,00,00,00 matrix=0,0 physical=matrix-key edge=press mods=S0,A0,H0 printable=0d base=00 symbol=00 ui=number emitted=confirm action_char=0 shortcut=none
[I][AlphaRuntime] debug teleport rebind moved=0 prior_dungeon=0 location=0 floor=0 xy=80,80 dungeon=0
[I][AlphaRuntime] UI_MODE from=number to=yes/no
[I][AlphaRuntime] INPUT_ROUTE action=confirm ui=number gameplay_command=none
[I][AlphaRuntime] INPUT_EDGE raw=00,00,00,00,00 prev=00,00,00,00,00 matrix=0,0 physical=matrix-key edge=press mods=S0,A0,H0 printable=6e base=00 symbol=00 ui=yes/no emitted=character action_char=110 shortcut=none
[I][AlphaRuntime] combat command=11 status=success turns=0 events=3 time=4 us
[I][AlphaRuntime] debug teleport rebind moved=0 prior_dungeon=0 location=0 floor=0 xy=80,80 dungeon=0
[I][AlphaRuntime] UI_MODE from=yes/no to=explore
[I][AlphaRuntime] INPUT_ROUTE action=character ui=yes/no gameplay_command=11 sequence=1
[I][AlphaRuntime] PRESENTATION_DISPATCH ui=explore combat=0 dungeon=0 source=world
[I][AlphaRuntime] render 993 us reason=full-redraw animated=0 crc=f7f740f8
[I][AlphaRuntime] INPUT_EDGE raw=00,00,00,00,00 prev=00,00,00,00,00 matrix=0,0 physical=matrix-key edge=press mods=S0,A0,H0 printable=68 base=00 symbol=00 ui=explore emitted=character action_char=104 shortcut=none
[I][AlphaRuntime] debug teleport rebind moved=0 prior_dungeon=0 location=0 floor=0 xy=80,80 dungeon=0
[I][AlphaRuntime] UI_MODE from=explore to=number
[I][AlphaRuntime] INPUT_ROUTE action=character ui=explore gameplay_command=none
[I][AlphaRuntime] INPUT_EDGE raw=00,00,00,00,00 prev=00,00,00,00,00 matrix=0,0 physical=matrix-key edge=press mods=S0,A0,H0 printable=31 base=00 symbol=00 ui=number emitted=character action_char=49 shortcut=none
[I][AlphaRuntime] debug teleport rebind moved=0 prior_dungeon=0 location=0 floor=0 xy=80,80 dungeon=0
[I][AlphaRuntime] INPUT_ROUTE action=character ui=number gameplay_command=none
[I][AlphaRuntime] INPUT_EDGE raw=00,00,00,00,00 prev=00,00,00,00,00 matrix=0,0 physical=matrix-key edge=press mods=S0,A0,H0 printable=0d base=00 symbol=00 ui=number emitted=confirm action_char=0 shortcut=none
[I][AlphaRuntime] debug teleport rebind moved=0 prior_dungeon=0 location=0 floor=0 xy=80,80 dungeon=0
[I][AlphaRuntime] UI_MODE from=number to=yes/no
[I][AlphaRuntime] INPUT_ROUTE action=confirm ui=number gameplay_command=none
[I][AlphaRuntime] INPUT_EDGE raw=00,00,00,00,00 prev=00,00,00,00,00 matrix=0,0 physical=matrix-key edge=press mods=S0,A0,H0 printable=6e base=00 symbol=00 ui=yes/no emitted=character action_char=110 shortcut=none
[I][AlphaRuntime] PRESENTATION_DISPATCH ui=explore combat=0 dungeon=0 source=camp-scene
[I][AlphaRuntime] render 1013 us reason=full-redraw animated=0 crc=5c8c9141
[I][AlphaRuntime] PRESENTATION_DISPATCH ui=explore combat=0 dungeon=0 source=camp-scene
[I][AlphaRuntime] render 1070 us reason=full-redraw animated=0 crc=0a871cac
[I][AlphaRuntime] PRESENTATION_DISPATCH ui=explore combat=0 dungeon=0 source=camp-scene
[I][AlphaRuntime] render 1181 us reason=full-redraw animated=0 crc=af444690
[I][AlphaRuntime] PRESENTATION_DISPATCH ui=explore combat=0 dungeon=0 source=camp-scene
[I][AlphaRuntime] render 1040 us reason=full-redraw animated=0 crc=0a871cac
[I][AlphaRuntime] combat command=11 status=awaiting response turns=0 events=12 time=4332 us
[I][AlphaRuntime] debug teleport rebind moved=0 prior_dungeon=0 location=0 floor=0 xy=80,80 dungeon=0
[I][AlphaRuntime] UI_MODE from=yes/no to=key-wait
[I][AlphaRuntime] INPUT_ROUTE action=character ui=yes/no gameplay_command=11 sequence=1
GREEN deterministic hit and missed-gate Camp seeds
[I][AlphaRuntime] PRESENTATION_DISPATCH ui=explore combat=0 dungeon=0 source=world
[I][AlphaRuntime] render 993 us reason=full-redraw animated=0 crc=f7f740f8
[I][AlphaRuntime] INPUT_EDGE raw=00,00,00,00,00 prev=00,00,00,00,00 matrix=0,0 physical=matrix-key edge=press mods=S0,A0,H0 printable=68 base=00 symbol=00 ui=explore emitted=character action_char=104 shortcut=none
[I][AlphaRuntime] debug teleport rebind moved=0 prior_dungeon=0 location=0 floor=0 xy=80,80 dungeon=0
[I][AlphaRuntime] UI_MODE from=explore to=number
[I][AlphaRuntime] INPUT_ROUTE action=character ui=explore gameplay_command=none
[I][AlphaRuntime] INPUT_EDGE raw=00,00,00,00,00 prev=00,00,00,00,00 matrix=0,0 physical=matrix-key edge=press mods=S0,A0,H0 printable=31 base=00 symbol=00 ui=number emitted=character action_char=49 shortcut=none
[I][AlphaRuntime] debug teleport rebind moved=0 prior_dungeon=0 location=0 floor=0 xy=80,80 dungeon=0
[I][AlphaRuntime] INPUT_ROUTE action=character ui=number gameplay_command=none
[I][AlphaRuntime] INPUT_EDGE raw=00,00,00,00,00 prev=00,00,00,00,00 matrix=0,0 physical=matrix-key edge=press mods=S0,A0,H0 printable=0d base=00 symbol=00 ui=number emitted=confirm action_char=0 shortcut=none
[I][AlphaRuntime] debug teleport rebind moved=0 prior_dungeon=0 location=0 floor=0 xy=80,80 dungeon=0
[I][AlphaRuntime] UI_MODE from=number to=yes/no
[I][AlphaRuntime] INPUT_ROUTE action=confirm ui=number gameplay_command=none
[I][AlphaRuntime] INPUT_EDGE raw=00,00,00,00,00 prev=00,00,00,00,00 matrix=0,0 physical=matrix-key edge=press mods=S0,A0,H0 printable=6e base=00 symbol=00 ui=yes/no emitted=character action_char=110 shortcut=none
[I][AlphaRuntime] PRESENTATION_DISPATCH ui=explore combat=0 dungeon=0 source=camp-scene
[I][AlphaRuntime] render 983 us reason=full-redraw animated=0 crc=5c8c9141
[I][AlphaRuntime] PRESENTATION_DISPATCH ui=explore combat=0 dungeon=0 source=camp-scene
[I][AlphaRuntime] render 980 us reason=full-redraw animated=0 crc=0a871cac
[I][AlphaRuntime] PRESENTATION_DISPATCH ui=explore combat=0 dungeon=0 source=camp-scene
[I][AlphaRuntime] render 1166 us reason=full-redraw animated=0 crc=af444690
[I][AlphaRuntime] PRESENTATION_DISPATCH ui=explore combat=0 dungeon=0 source=camp-scene
[I][AlphaRuntime] render 1033 us reason=full-redraw animated=0 crc=0a871cac
[I][AlphaRuntime] combat command=11 status=awaiting response turns=0 events=12 time=4184 us
[I][AlphaRuntime] debug teleport rebind moved=0 prior_dungeon=0 location=0 floor=0 xy=80,80 dungeon=0
[I][AlphaRuntime] UI_MODE from=yes/no to=key-wait
[I][AlphaRuntime] INPUT_ROUTE action=character ui=yes/no gameplay_command=11 sequence=1
GREEN first Hail still stages advancement
RED sleep scene precedes apparition and standing/XOR frames
GREEN pre-apparition CampFire shows sleeping living members
RED sleep scene has empty dead cell and no apparition
RED sleep scene presents S in the party panel
GREEN scene does not move the world party
[I][AlphaRuntime] PRESENTATION_DISPATCH ui=explore combat=0 dungeon=0 source=world
[I][AlphaRuntime] render 1013 us reason=full-redraw animated=0 crc=f7f740f8
[I][AlphaRuntime] INPUT_EDGE raw=00,00,00,00,00 prev=00,00,00,00,00 matrix=0,0 physical=matrix-key edge=press mods=S0,A0,H0 printable=68 base=00 symbol=00 ui=explore emitted=character action_char=104 shortcut=none
[I][AlphaRuntime] debug teleport rebind moved=0 prior_dungeon=0 location=0 floor=0 xy=80,80 dungeon=0
[I][AlphaRuntime] UI_MODE from=explore to=number
[I][AlphaRuntime] INPUT_ROUTE action=character ui=explore gameplay_command=none
[I][AlphaRuntime] INPUT_EDGE raw=00,00,00,00,00 prev=00,00,00,00,00 matrix=0,0 physical=matrix-key edge=press mods=S0,A0,H0 printable=31 base=00 symbol=00 ui=number emitted=character action_char=49 shortcut=none
[I][AlphaRuntime] debug teleport rebind moved=0 prior_dungeon=0 location=0 floor=0 xy=80,80 dungeon=0
[I][AlphaRuntime] INPUT_ROUTE action=character ui=number gameplay_command=none
[I][AlphaRuntime] INPUT_EDGE raw=00,00,00,00,00 prev=00,00,00,00,00 matrix=0,0 physical=matrix-key edge=press mods=S0,A0,H0 printable=0d base=00 symbol=00 ui=number emitted=confirm action_char=0 shortcut=none
[I][AlphaRuntime] debug teleport rebind moved=0 prior_dungeon=0 location=0 floor=0 xy=80,80 dungeon=0
[I][AlphaRuntime] UI_MODE from=number to=yes/no
[I][AlphaRuntime] INPUT_ROUTE action=confirm ui=number gameplay_command=none
[I][AlphaRuntime] INPUT_EDGE raw=00,00,00,00,00 prev=00,00,00,00,00 matrix=0,0 physical=matrix-key edge=press mods=S0,A0,H0 printable=6e base=00 symbol=00 ui=yes/no emitted=character action_char=110 shortcut=none
[I][AlphaRuntime] combat command=11 status=success turns=0 events=3 time=5 us
[I][AlphaRuntime] debug teleport rebind moved=0 prior_dungeon=0 location=0 floor=0 xy=80,80 dungeon=0
[I][AlphaRuntime] UI_MODE from=yes/no to=explore
[I][AlphaRuntime] INPUT_ROUTE action=character ui=yes/no gameplay_command=11 sequence=1
GREEN missed gate completes Camp without advancement
RED missed gate still displays the pre-apparition sleep scene
GREEN missed gate restores roster and world position
RED scene exit restores the ordinary world viewport
RNG hit=20 miss=66
Batch 43 sleep scene: 6/11 checks
