Fresh independent disassembly of shipped original bytes (2026-09-24)
ULTIMA.EXE 0x4402-0x44b5
4402: 55                   push bp
4403: 8bec                 mov bp, sp
4405: 83ec04               sub sp, 4
4408: 803e93587f           cmp byte ptr [0x5893], 0x7f
440d: 7611                 jbe 0x4420
440f: 8b4604               mov ax, word ptr [bp + 4]
4412: b105                 mov cl, 5
4414: d3e0                 shl ax, cl
4416: 034606               add ax, word ptr [bp + 6]
4419: 0514ad               add ax, 0xad14
441c: e98c00               jmp 0x44ab
441f: 90                   nop
4420: 803e935800           cmp byte ptr [0x5893], 0
4425: 7557                 jne 0x447e
4427: 8b4606               mov ax, word ptr [bp + 6]
442a: 8a0e9b58             mov cl, byte ptr [0x589b]
442e: 2aed                 sub ch, ch
4430: 2bc1                 sub ax, cx
4432: 251f00               and ax, 0x1f
4435: 894606               mov word ptr [bp + 6], ax
4438: 8b4604               mov ax, word ptr [bp + 4]
443b: 8a0e9c58             mov cl, byte ptr [0x589c]
443f: 2bc1                 sub ax, cx
4441: 251f00               and ax, 0x1f
4444: 894604               mov word ptr [bp + 4], ax
4447: c746fc0000           mov word ptr [bp - 4], 0
444c: 3d0f00               cmp ax, 0xf
444f: 7e09                 jle 0x445a
4451: c746fc0200           mov word ptr [bp - 4], 2
4456: 836e0410             sub word ptr [bp + 4], 0x10
445a: 837e060f             cmp word ptr [bp + 6], 0xf
445e: 7e07                 jle 0x4467
4460: ff46fc               inc word ptr [bp - 4]
4463: 836e0610             sub word ptr [bp + 6], 0x10
4467: 8a66fc               mov ah, byte ptr [bp - 4]
446a: 2ac0                 sub al, al
446c: 8b5604               mov dx, word ptr [bp + 4]
446f: b104                 mov cl, 4
4471: d3e2                 shl dx, cl
4473: 03c2                 add ax, dx
4475: 034606               add ax, word ptr [bp + 6]
4478: 050866               add ax, 0x6608
447b: eb2e                 jmp 0x44ab
447d: 90                   nop
447e: 837e0600             cmp word ptr [bp + 6], 0
4482: 7c12                 jl 0x4496
4484: 837e0400             cmp word ptr [bp + 4], 0
4488: 7c0c                 jl 0x4496
448a: 837e061f             cmp word ptr [bp + 6], 0x1f
448e: 7f06                 jg 0x4496
4490: 837e041f             cmp word ptr [bp + 4], 0x1f
4494: 7e08                 jle 0x449e
4496: c746fe076a           mov word ptr [bp - 2], 0x6a07
449b: eb11                 jmp 0x44ae
449d: 90                   nop
449e: 8b4604               mov ax, word ptr [bp + 4]
44a1: b105                 mov cl, 5
44a3: d3e0                 shl ax, cl
44a5: 034606               add ax, word ptr [bp + 6]
44a8: 050866               add ax, 0x6608
44ab: 8946fe               mov word ptr [bp - 2], ax
44ae: 8b46fe               mov ax, word ptr [bp - 2]
44b1: 8be5                 mov sp, bp
44b3: 5d                   pop bp
ULTIMA.EXE 0x51b8-0x5394
51b8: 55                   push bp
51b9: 8bec                 mov bp, sp
51bb: 83ec02               sub sp, 2
51be: 56                   push si
51bf: 837e041c             cmp word ptr [bp + 4], 0x1c
51c3: 7424                 je 0x51e9
51c5: 837e0412             cmp word ptr [bp + 4], 0x12
51c9: 7c06                 jl 0x51d1
51cb: 837e0416             cmp word ptr [bp + 4], 0x16
51cf: 7c18                 jl 0x51e9
51d1: 837e0440             cmp word ptr [bp + 4], 0x40
51d5: 7d12                 jge 0x51e9
51d7: 837e0428             cmp word ptr [bp + 4], 0x28
51db: 7d03                 jge 0x51e0
51dd: e99001               jmp 0x5370
51e0: 837e042c             cmp word ptr [bp + 4], 0x2c
51e4: 7c03                 jl 0x51e9
51e6: e98701               jmp 0x5370
51e9: ff7608               push word ptr [bp + 8]
51ec: ff7606               push word ptr [bp + 6]
51ef: e810f2               call 0x4402
51f2: 8bd8                 mov bx, ax
51f4: 8a07                 mov al, byte ptr [bx]
51f6: 2ae4                 sub ah, ah
51f8: 8946fe               mov word ptr [bp - 2], ax
51fb: 3dec00               cmp ax, 0xec
51fe: 7503                 jne 0x5203
5200: e98a01               jmp 0x538d
5203: 3d0a00               cmp ax, 0xa
5206: 7503                 jne 0x520b
5208: e98201               jmp 0x538d
520b: 3d5700               cmp ax, 0x57
520e: 7512                 jne 0x5222
5210: 8b760a               mov si, word ptr [bp + 0xa]
5213: b105                 mov cl, 5
5215: d3e6                 shl si, cl
5217: 8b5e0c               mov bx, word ptr [bp + 0xc]
521a: c68002ab38           mov byte ptr [bx + si - 0x54fe], 0x38
521f: e96b01               jmp 0x538d
5222: 837efe6a             cmp word ptr [bp - 2], 0x6a
5226: 7406                 je 0x522e
5228: 837efe6b             cmp word ptr [bp - 2], 0x6b
522c: 751c                 jne 0x524a
522e: 8a4604               mov al, byte ptr [bp + 4]
5231: 24f0                 and al, 0xf0
5233: 3c80                 cmp al, 0x80
5235: 7503                 jne 0x523a
5237: e95301               jmp 0x538d
523a: 8a4604               mov al, byte ptr [bp + 4]
523d: 24fc                 and al, 0xfc
523f: 3c28                 cmp al, 0x28
5241: 7403                 je 0x5246
5243: e92a01               jmp 0x5370
5246: e94401               jmp 0x538d
5249: 90                   nop
524a: 817e048000           cmp word ptr [bp + 4], 0x80
524f: 7c03                 jl 0x5254
5251: e91c01               jmp 0x5370
5254: 8b46fe               mov ax, word ptr [bp - 2]
5257: 3d9200               cmp ax, 0x92
525a: 744e                 je 0x52aa
525c: 7e03                 jle 0x5261
525e: e9b900               jmp 0x531a
5261: 3d8400               cmp ax, 0x84
5264: 7410                 je 0x5276
5266: 3d8500               cmp ax, 0x85
5269: 7415                 je 0x5280
526b: 3d9000               cmp ax, 0x90
526e: 746a                 je 0x52da
5270: 3d9100               cmp ax, 0x91
5273: e9b400               jmp 0x532a
5276: e827ff               call 0x51a0
5279: 056000               add ax, 0x60
527c: e98100               jmp 0x5300
527f: 90                   nop
5280: e81dff               call 0x51a0
5283: 056400               add ax, 0x64
5286: eb78                 jmp 0x5300
5288: 90                   nop
5289: 90                   nop
528a: c746041700           mov word ptr [bp + 4], 0x17
528f: e9de00               jmp 0x5370
5292: c746041800           mov word ptr [bp + 4], 0x18
5297: e9d600               jmp 0x5370
529a: c746041a00           mov word ptr [bp + 4], 0x1a
529f: e9ce00               jmp 0x5370
52a2: e8fbfe               call 0x51a0
52a5: 053c00               add ax, 0x3c
52a8: eb56                 jmp 0x5300
52aa: 8b7606               mov si, word ptr [bp + 6]
52ad: 46                   inc si
52ae: ff7608               push word ptr [bp + 8]
52b1: 56                   push si
52b2: e84df1               call 0x4402
52b5: 8bd8                 mov bx, ax
52b7: 803f9a               cmp byte ptr [bx], 0x9a
52ba: 740e                 je 0x52ca
52bc: ff7608               push word ptr [bp + 8]
52bf: 56                   push si
52c0: e83ff1               call 0x4402
52c3: 8bd8                 mov bx, ax
52c5: 803f9c               cmp byte ptr [bx], 0x9c
52c8: 7508                 jne 0x52d2
52ca: e8d3fe               call 0x51a0
52cd: 053400               add ax, 0x34
52d0: eb2e                 jmp 0x5300
52d2: c746043200           mov word ptr [bp + 4], 0x32
52d7: e99600               jmp 0x5370
52da: 8b7606               mov si, word ptr [bp + 6]
52dd: 4e                   dec si
52de: ff7608               push word ptr [bp + 8]
52e1: 56                   push si
52e2: e81df1               call 0x4402
52e5: 8bd8                 mov bx, ax
52e7: 803f9b               cmp byte ptr [bx], 0x9b
52ea: 740e                 je 0x52fa
52ec: ff7608               push word ptr [bp + 8]
52ef: 56                   push si
52f0: e80ff1               call 0x4402
52f3: 8bd8                 mov bx, ax
52f5: 803f9c               cmp byte ptr [bx], 0x9c
52f8: 750c                 jne 0x5306
52fa: e8a3fe               call 0x51a0
52fd: 053800               add ax, 0x38
5300: 894604               mov word ptr [bp + 4], ax
5303: eb6b                 jmp 0x5370
5305: 90                   nop
5306: c746043000           mov word ptr [bp + 4], 0x30
530b: eb63                 jmp 0x5370
530d: 90                   nop
530e: 8b46fe               mov ax, word ptr [bp - 2]
5311: 250300               and ax, 3
5314: 053000               add ax, 0x30
5317: ebe7                 jmp 0x5300
5319: 90                   nop
531a: 3d9e00               cmp ax, 0x9e
531d: 7f37                 jg 0x5356
531f: 3d9d00               cmp ax, 0x9d
5322: 7c03                 jl 0x5327
5324: e97bff               jmp 0x52a2
5327: 3d9300               cmp ax, 0x93
532a: 74e2                 je 0x530e
532c: ff7608               push word ptr [bp + 8]
532f: 8b4606               mov ax, word ptr [bp + 6]
5332: 48                   dec ax
5333: 50                   push ax
5334: e8cbf0               call 0x4402
5337: 8bd8                 mov bx, ax
5339: 803f9d               cmp byte ptr [bx], 0x9d
533c: 7532                 jne 0x5370
533e: 837e0a00             cmp word ptr [bp + 0xa], 0
5342: 742c                 je 0x5370
5344: 8b760a               mov si, word ptr [bp + 0xa]
5347: b105                 mov cl, 5
5349: d3e6                 shl si, cl
534b: 8b5e0c               mov bx, word ptr [bp + 0xc]
534e: c680e2aa9e           mov byte ptr [bx + si - 0x551e], 0x9e
5353: eb1b                 jmp 0x5370
5355: 90                   nop
5356: 3dab00               cmp ax, 0xab
5359: 7503                 jne 0x535e
535b: e93cff               jmp 0x529a
535e: 3dc800               cmp ax, 0xc8
5361: 7503                 jne 0x5366
5363: e924ff               jmp 0x528a
5366: 3dc900               cmp ax, 0xc9
5369: 7503                 jne 0x536e
536b: e924ff               jmp 0x5292
536e: ebbc                 jmp 0x532c
5370: 8b760a               mov si, word ptr [bp + 0xa]
5373: b104                 mov cl, 4
5375: d3e6                 shl si, cl
5377: 8b5e0c               mov bx, word ptr [bp + 0xc]
537a: 8a4604               mov al, byte ptr [bp + 4]
537d: 888064ac             mov byte ptr [bx + si - 0x539c], al
5381: 8b760a               mov si, word ptr [bp + 0xa]
5384: b105                 mov cl, 5
5386: d3e6                 shl si, cl
5388: c68002ab00           mov byte ptr [bx + si - 0x54fe], 0
538d: 5e                   pop si
538e: 8be5                 mov sp, bp
5390: 5d                   pop bp
5391: c20a00               ret 0xa
ULTIMA.EXE 0x5394-0x5645
5394: 55                   push bp
5395: 8bec                 mov bp, sp
5397: 83ec32               sub sp, 0x32
539a: 57                   push di
539b: 56                   push si
539c: 803e935880           cmp byte ptr [0x5893], 0x80
53a1: 7203                 jb 0x53a6
53a3: e98400               jmp 0x542a
53a6: a09658               mov al, byte ptr [0x5896]
53a9: a25c5c               mov byte ptr [0x5c5c], al
53ac: a09758               mov al, byte ptr [0x5897]
53af: a25d5c               mov byte ptr [0x5c5d], al
53b2: a09558               mov al, byte ptr [0x5895]
53b5: a25e5c               mov byte ptr [0x5c5e], al
53b8: a07c58               mov al, byte ptr [0x587c]
53bb: a25a5c               mov byte ptr [0x5c5a], al
53be: a25b5c               mov byte ptr [0x5c5b], al
53c1: c746f40000           mov word ptr [bp - 0xc], 0
53c6: c746ee0000           mov word ptr [bp - 0x12], 0
53cb: 2bf6                 sub si, si
53cd: 8b7eee               mov di, word ptr [bp - 0x12]
53d0: 897ef0               mov word ptr [bp - 0x10], di
53d3: 8b5ef0               mov bx, word ptr [bp - 0x10]
53d6: 80b802abdd           cmp byte ptr [bx + si - 0x54fe], 0xdd
53db: 7517                 jne 0x53f4
53dd: 56                   push si
53de: ff76f4               push word ptr [bp - 0xc]
53e1: e80c1c               call 0x6ff0
53e4: 3d0500               cmp ax, 5
53e7: 7e0b                 jle 0x53f4
53e9: 8b5ef0               mov bx, word ptr [bp - 0x10]
53ec: c68002ab1c           mov byte ptr [bx + si - 0x54fe], 0x1c
53f1: eb21                 jmp 0x5414
53f3: 90                   nop
53f4: 8bdf                 mov bx, di
53f6: 03de                 add bx, si
53f8: 80bf02ab1c           cmp byte ptr [bx - 0x54fe], 0x1c
53fd: 7515                 jne 0x5414
53ff: 56                   push si
5400: ff76f4               push word ptr [bp - 0xc]
5403: e8ea1b               call 0x6ff0
5406: 3d0500               cmp ax, 5
5409: 7f09                 jg 0x5414
540b: 8bdf                 mov bx, di
540d: 03de                 add bx, si
540f: c68702abdd           mov byte ptr [bx - 0x54fe], 0xdd
5414: 46                   inc si
5415: 83fe0b               cmp si, 0xb
5418: 7cb9                 jl 0x53d3
541a: 8976f6               mov word ptr [bp - 0xa], si
541d: 8346ee20             add word ptr [bp - 0x12], 0x20
5421: ff46f4               inc word ptr [bp - 0xc]
5424: 837ef40b             cmp word ptr [bp - 0xc], 0xb
5428: 7ca1                 jl 0x53cb
542a: c746f61f00           mov word ptr [bp - 0xa], 0x1f
542f: c746ee525d           mov word ptr [bp - 0x12], 0x5d52
5434: c746f0545d           mov word ptr [bp - 0x10], 0x5d54
5439: c746f2555d           mov word ptr [bp - 0xe], 0x5d55
543e: c746ec565d           mov word ptr [bp - 0x14], 0x5d56
5443: c746ea535d           mov word ptr [bp - 0x16], 0x5d53
5448: be525d               mov si, 0x5d52
544b: c746e6535d           mov word ptr [bp - 0x1a], 0x5d53
5450: bf535d               mov di, 0x5d53
5453: 897ee2               mov word ptr [bp - 0x1e], di
5456: 8976e0               mov word ptr [bp - 0x20], si
5459: 897ede               mov word ptr [bp - 0x22], di
545c: 897edc               mov word ptr [bp - 0x24], di
545f: 897eda               mov word ptr [bp - 0x26], di
5462: 8b5eee               mov bx, word ptr [bp - 0x12]
5465: 803f00               cmp byte ptr [bx], 0
5468: 7503                 jne 0x546d
546a: e99401               jmp 0x5601
546d: 8b5ef0               mov bx, word ptr [bp - 0x10]
5470: 8a07                 mov al, byte ptr [bx]
5472: 8846fe               mov byte ptr [bp - 2], al
5475: 8846fa               mov byte ptr [bp - 6], al
5478: 8b5ef2               mov bx, word ptr [bp - 0xe]
547b: 8a07                 mov al, byte ptr [bx]
547d: 8846fc               mov byte ptr [bp - 4], al
5480: 8846f8               mov byte ptr [bp - 8], al
5483: 803e935880           cmp byte ptr [0x5893], 0x80
5488: 732f                 jae 0x54b9
548a: a09658               mov al, byte ptr [0x5896]
548d: 2c05                 sub al, 5
548f: 2846fa               sub byte ptr [bp - 6], al
5492: a09758               mov al, byte ptr [0x5897]
5495: 2c05                 sub al, 5
5497: 2846f8               sub byte ptr [bp - 8], al
549a: 8b5eec               mov bx, word ptr [bp - 0x14]
549d: a09558               mov al, byte ptr [0x5895]
54a0: 3807                 cmp byte ptr [bx], al
54a2: 7403                 je 0x54a7
54a4: e95a01               jmp 0x5601
54a7: 807efa0a             cmp byte ptr [bp - 6], 0xa
54ab: 7603                 jbe 0x54b0
54ad: e95101               jmp 0x5601
54b0: 807ef80a             cmp byte ptr [bp - 8], 0xa
54b4: 7603                 jbe 0x54b9
54b6: e94801               jmp 0x5601
54b9: 8b5eea               mov bx, word ptr [bp - 0x16]
54bc: 803f00               cmp byte ptr [bx], 0
54bf: 7503                 jne 0x54c4
54c1: e93d01               jmp 0x5601
54c4: 8a5ef8               mov bl, byte ptr [bp - 8]
54c7: 2aff                 sub bh, bh
54c9: b105                 mov cl, 5
54cb: d3e3                 shl bx, cl
54cd: 8a46fa               mov al, byte ptr [bp - 6]
54d0: 2ae4                 sub ah, ah
54d2: 03d8                 add bx, ax
54d4: 80bf02abff           cmp byte ptr [bx - 0x54fe], 0xff
54d9: 7503                 jne 0x54de
54db: e92301               jmp 0x5601
54de: 8a5ef8               mov bl, byte ptr [bp - 8]
54e1: 2aff                 sub bh, bh
54e3: d3e3                 shl bx, cl
54e5: 03d8                 add bx, ax
54e7: 80bf02ab87           cmp byte ptr [bx - 0x54fe], 0x87
54ec: 7503                 jne 0x54f1
54ee: e91001               jmp 0x5601
54f1: 8a04                 mov al, byte ptr [si]
54f3: 24fc                 and al, 0xfc
54f5: 3ce8                 cmp al, 0xe8
54f7: 740a                 je 0x5503
54f9: 803c1e               cmp byte ptr [si], 0x1e
54fc: 7405                 je 0x5503
54fe: 803c1f               cmp byte ptr [si], 0x1f
5501: 7547                 jne 0x554a
5503: 8a5ef8               mov bl, byte ptr [bp - 8]
5506: 2aff                 sub bh, bh
5508: b105                 mov cl, 5
550a: d3e3                 shl bx, cl
550c: 8a46fa               mov al, byte ptr [bp - 6]
550f: 2ae4                 sub ah, ah
5511: 03d8                 add bx, ax
5513: 38a702ab             cmp byte ptr [bx - 0x54fe], ah
5517: 7503                 jne 0x551c
5519: e9e500               jmp 0x5601
551c: 8946d8               mov word ptr [bp - 0x28], ax
551f: 8a46f8               mov al, byte ptr [bp - 8]
5522: 8946d6               mov word ptr [bp - 0x2a], ax
5525: 8b5ee6               mov bx, word ptr [bp - 0x1a]
5528: 8a07                 mov al, byte ptr [bx]
552a: 8b5ed6               mov bx, word ptr [bp - 0x2a]
552d: b104                 mov cl, 4
552f: d3e3                 shl bx, cl
5531: 035ed8               add bx, word ptr [bp - 0x28]
5534: 888764ac             mov byte ptr [bx - 0x539c], al
5538: 8b5ed6               mov bx, word ptr [bp - 0x2a]
553b: b105                 mov cl, 5
553d: d3e3                 shl bx, cl
553f: 035ed8               add bx, word ptr [bp - 0x28]
5542: 88a702ab             mov byte ptr [bx - 0x54fe], ah
5546: e9b800               jmp 0x5601
5549: 90                   nop
554a: 803d1d               cmp byte ptr [di], 0x1d
554d: 7405                 je 0x5554
554f: 803d1e               cmp byte ptr [di], 0x1e
5552: 752e                 jne 0x5582
5554: 8a46fa               mov al, byte ptr [bp - 6]
5557: 2ae4                 sub ah, ah
5559: 8946d4               mov word ptr [bp - 0x2c], ax
555c: 8a46f8               mov al, byte ptr [bp - 8]
555f: 8946d2               mov word ptr [bp - 0x2e], ax
5562: 8b5ee2               mov bx, word ptr [bp - 0x1e]
5565: 8a07                 mov al, byte ptr [bx]
5567: 8b5ed2               mov bx, word ptr [bp - 0x2e]
556a: b104                 mov cl, 4
556c: d3e3                 shl bx, cl
556e: 035ed4               add bx, word ptr [bp - 0x2c]
5571: 888764ac             mov byte ptr [bx - 0x539c], al
5575: 8b5ed2               mov bx, word ptr [bp - 0x2e]
5578: b105                 mov cl, 5
557a: d3e3                 shl bx, cl
557c: 035ed4               add bx, word ptr [bp - 0x2c]
557f: ebc1                 jmp 0x5542
5581: 90                   nop
5582: 8b5ee0               mov bx, word ptr [bp - 0x20]
5585: 803f5c               cmp byte ptr [bx], 0x5c
5588: 755c                 jne 0x55e6
558a: 8a5ef8               mov bl, byte ptr [bp - 8]
558d: 2aff                 sub bh, bh
558f: b105                 mov cl, 5
5591: d3e3                 shl bx, cl
5593: 8a46fa               mov al, byte ptr [bp - 6]
5596: 2ae4                 sub ah, ah
5598: 03d8                 add bx, ax
559a: 80bf02ab92           cmp byte ptr [bx - 0x54fe], 0x92
559f: 7529                 jne 0x55ca
55a1: 8946d0               mov word ptr [bp - 0x30], ax
55a4: 8a46f8               mov al, byte ptr [bp - 8]
55a7: 8946ce               mov word ptr [bp - 0x32], ax
55aa: 8b5ede               mov bx, word ptr [bp - 0x22]
55ad: 8a07                 mov al, byte ptr [bx]
55af: 8b5ece               mov bx, word ptr [bp - 0x32]
55b2: b104                 mov cl, 4
55b4: d3e3                 shl bx, cl
55b6: 035ed0               add bx, word ptr [bp - 0x30]
55b9: 888764ac             mov byte ptr [bx - 0x539c], al
55bd: 8b5ece               mov bx, word ptr [bp - 0x32]
55c0: b105                 mov cl, 5
55c2: d3e3                 shl bx, cl
55c4: 035ed0               add bx, word ptr [bp - 0x30]
55c7: e978ff               jmp 0x5542
55ca: 8a46fa               mov al, byte ptr [bp - 6]
55cd: 2ae4                 sub ah, ah
55cf: 50                   push ax
55d0: 8a46f8               mov al, byte ptr [bp - 8]
55d3: 50                   push ax
55d4: 8a46fe               mov al, byte ptr [bp - 2]
55d7: 50                   push ax
55d8: 8a46fc               mov al, byte ptr [bp - 4]
55db: 50                   push ax
55dc: 8b5edc               mov bx, word ptr [bp - 0x24]
55df: 8a07                 mov al, byte ptr [bx]
55e1: 2d0800               sub ax, 8
55e4: eb17                 jmp 0x55fd
55e6: 8a46fa               mov al, byte ptr [bp - 6]
55e9: 2ae4                 sub ah, ah
55eb: 50                   push ax
55ec: 8a46f8               mov al, byte ptr [bp - 8]
55ef: 50                   push ax
55f0: 8a46fe               mov al, byte ptr [bp - 2]
55f3: 50                   push ax
55f4: 8a46fc               mov al, byte ptr [bp - 4]
55f7: 50                   push ax
55f8: 8b5eda               mov bx, word ptr [bp - 0x26]
55fb: 8a07                 mov al, byte ptr [bx]
55fd: 50                   push ax
55fe: e8b7fb               call 0x51b8
5601: 836eee08             sub word ptr [bp - 0x12], 8
5605: 836ef008             sub word ptr [bp - 0x10], 8
5609: 836ef208             sub word ptr [bp - 0xe], 8
560d: 836eec08             sub word ptr [bp - 0x14], 8
5611: 836eea08             sub word ptr [bp - 0x16], 8
5615: 83ee08               sub si, 8
5618: 836ee608             sub word ptr [bp - 0x1a], 8
561c: 83ef08               sub di, 8
561f: 836ee208             sub word ptr [bp - 0x1e], 8
5623: 836ee008             sub word ptr [bp - 0x20], 8
5627: 836ede08             sub word ptr [bp - 0x22], 8
562b: 836edc08             sub word ptr [bp - 0x24], 8
562f: 836eda08             sub word ptr [bp - 0x26], 8
5633: ff4ef6               dec word ptr [bp - 0xa]
5636: 817eda5b5c           cmp word ptr [bp - 0x26], 0x5c5b
563b: 7203                 jb 0x5640
563d: e922fe               jmp 0x5462
5640: 5e                   pop si
5641: 5f                   pop di
5642: 8be5                 mov sp, bp
5644: 5d                   pop bp
ULTIMA.EXE 0x3a74-0x3aac
3a74: 55                   push bp
3a75: 8bec                 mov bp, sp
3a77: 56                   push si
3a78: 8b7604               mov si, word ptr [bp + 4]
3a7b: b103                 mov cl, 3
3a7d: d3e6                 shl si, cl
3a7f: 8a4610               mov al, byte ptr [bp + 0x10]
3a82: 88845a5c             mov byte ptr [si + 0x5c5a], al
3a86: 8a460e               mov al, byte ptr [bp + 0xe]
3a89: 88845b5c             mov byte ptr [si + 0x5c5b], al
3a8d: 8a460c               mov al, byte ptr [bp + 0xc]
3a90: 88845c5c             mov byte ptr [si + 0x5c5c], al
3a94: 8a460a               mov al, byte ptr [bp + 0xa]
3a97: 88845d5c             mov byte ptr [si + 0x5c5d], al
3a9b: 8a4608               mov al, byte ptr [bp + 8]
3a9e: 88845e5c             mov byte ptr [si + 0x5c5e], al
3aa2: 8a4606               mov al, byte ptr [bp + 6]
3aa5: 88845f5c             mov byte ptr [si + 0x5c5f], al
3aa9: 5e                   pop si
3aaa: 5d                   pop bp
TOWN.OVL 0x16c9-0x171c
16c9: 80bc9e6500           cmp byte ptr [si + 0x659e], 0
16ce: 7440                 je 0x1710
16d0: 56                   push si
16d1: a07f58               mov al, byte ptr [0x587f]
16d4: 2ae4                 sub ah, ah
16d6: 50                   push ax
16d7: e88ce2               call 0xfffff966
16da: 8946fc               mov word ptr [bp - 4], ax
16dd: 8bc7                 mov ax, di
16df: 0346fc               add ax, word ptr [bp - 4]
16e2: 8946f6               mov word ptr [bp - 0xa], ax
16e5: 56                   push si
16e6: 8bd8                 mov bx, ax
16e8: 8a87615d             mov al, byte ptr [bx + 0x5d61]
16ec: 2ae4                 sub ah, ah
16ee: 50                   push ax
16ef: 8a87645d             mov al, byte ptr [bx + 0x5d64]
16f3: 50                   push ax
16f4: 8a87675d             mov al, byte ptr [bx + 0x5d67]
16f8: 50                   push ax
16f9: e82a00               call 0x1726
16fc: c7855e5f0100         mov word ptr [di + 0x5f5e], 1
1702: 8b46fc               mov ax, word ptr [bp - 4]
1705: 89856c5f             mov word ptr [di + 0x5f6c], ax
1709: 8b5ef8               mov bx, word ptr [bp - 8]
170c: c707ffff             mov word ptr [bx], 0xffff
1710: 83c710               add di, 0x10
1713: 8346f802             add word ptr [bp - 8], 2
1717: 46                   inc si
1718: 83fe20               cmp si, 0x20
TOWN.OVL 0x1726-0x185a
1726: 55                   push bp
1727: 8bec                 mov bp, sp
1729: 83ec06               sub sp, 6
172c: 56                   push si
172d: 8b5e0a               mov bx, word ptr [bp + 0xa]
1730: 80bf9e6500           cmp byte ptr [bx + 0x659e], 0
1735: 7503                 jne 0x173a
1737: e92001               jmp 0x185a
173a: 8bc3                 mov ax, bx
173c: b104                 mov cl, 4
173e: d3e0                 shl ax, cl
1740: 055e5f               add ax, 0x5f5e
1743: 8946fe               mov word ptr [bp - 2], ax
1746: a09558               mov al, byte ptr [0x5895]
1749: 2ae4                 sub ah, ah
174b: 394604               cmp word ptr [bp + 4], ax
174e: 741c                 je 0x176c
1750: 8b5efe               mov bx, word ptr [bp - 2]
1753: 837f0c00             cmp word ptr [bx + 0xc], 0
1757: 7413                 je 0x176c
1759: 8b5f0c               mov bx, word ptr [bx + 0xc]
175c: b103                 mov cl, 3
175e: d3e3                 shl bx, cl
1760: 88a75a5c             mov byte ptr [bx + 0x5c5a], ah
1764: 8b5efe               mov bx, word ptr [bp - 2]
1767: c7470c0000           mov word ptr [bx + 0xc], 0
176c: a09558               mov al, byte ptr [0x5895]
176f: 2ae4                 sub ah, ah
1771: 394604               cmp word ptr [bp + 4], ax
1774: 7403                 je 0x1779
1776: e99400               jmp 0x180d
1779: 8b5efe               mov bx, word ptr [bp - 2]
177c: 837f0c00             cmp word ptr [bx + 0xc], 0
1780: 7403                 je 0x1785
1782: e98800               jmp 0x180d
1785: e88c9f               call 0xffffb714
1788: 8946fc               mov word ptr [bp - 4], ax
178b: 8b5e0a               mov bx, word ptr [bp + 0xa]
178e: 80bf9e6501           cmp byte ptr [bx + 0x659e], 1
1793: 7507                 jne 0x179c
1795: c746fa1e00           mov word ptr [bp - 6], 0x1e
179a: eb3d                 jmp 0x17d9
179c: 8a1e9358             mov bl, byte ptr [0x5893]
17a0: 2aff                 sub bh, bh
17a2: d1e3                 shl bx, 1
17a4: d1e3                 shl bx, 1
17a6: 8b87c228             mov ax, word ptr [bx + 0x28c2]
17aa: 8b97c428             mov dx, word ptr [bx + 0x28c4]
17ae: b90100               mov cx, 1
17b1: 2bdb                 sub bx, bx
17b3: 8bf1                 mov si, cx
17b5: 8a4e0a               mov cl, byte ptr [bp + 0xa]
17b8: 0ac9                 or cl, cl
17ba: 7408                 je 0x17c4
17bc: d1e6                 shl si, 1
17be: d1d3                 rcl bx, 1
17c0: fec9                 dec cl
17c2: 75f8                 jne 0x17bc
17c4: 23c6                 and ax, si
17c6: 23d3                 and dx, bx
17c8: 0bd0                 or dx, ax
17ca: 7408                 je 0x17d4
17cc: c746faff00           mov word ptr [bp - 6], 0xff
17d1: eb06                 jmp 0x17d9
17d3: 90                   nop
17d4: c746fa0000           mov word ptr [bp - 6], 0
17d9: 8b5e0a               mov bx, word ptr [bp + 0xa]
17dc: 8a879e65             mov al, byte ptr [bx + 0x659e]
17e0: 2ae4                 sub ah, ah
17e2: 8bf0                 mov si, ax
17e4: 56                   push si
17e5: 56                   push si
17e6: ff7608               push word ptr [bp + 8]
17e9: ff7606               push word ptr [bp + 6]
17ec: ff7604               push word ptr [bp + 4]
17ef: ff76fa               push word ptr [bp - 6]
17f2: ff76fc               push word ptr [bp - 4]
17f5: e8aca0               call 0xffffb8a4
17f8: 8b5efc               mov bx, word ptr [bp - 4]
17fb: b103                 mov cl, 3
17fd: d3e3                 shl bx, cl
17ff: c687605c00           mov byte ptr [bx + 0x5c60], 0
1804: 8b5efe               mov bx, word ptr [bp - 2]
1807: 8b46fc               mov ax, word ptr [bp - 4]
180a: 89470c               mov word ptr [bx + 0xc], ax
180d: a09558               mov al, byte ptr [0x5895]
1810: 2ae4                 sub ah, ah
1812: 394604               cmp word ptr [bp + 4], ax
1815: 752a                 jne 0x1841
1817: 8b5efe               mov bx, word ptr [bp - 2]
181a: 837f0c00             cmp word ptr [bx + 0xc], 0
181e: 7421                 je 0x1841
1820: 8b470c               mov ax, word ptr [bx + 0xc]
1823: 8946fc               mov word ptr [bp - 4], ax
1826: 8bf0                 mov si, ax
1828: b103                 mov cl, 3
182a: d3e6                 shl si, cl
182c: 8a4608               mov al, byte ptr [bp + 8]
182f: 88845c5c             mov byte ptr [si + 0x5c5c], al
1833: 8a4606               mov al, byte ptr [bp + 6]
1836: 88845d5c             mov byte ptr [si + 0x5c5d], al
183a: 8a4604               mov al, byte ptr [bp + 4]
183d: 88845e5c             mov byte ptr [si + 0x5c5e], al
1841: 8b5efe               mov bx, word ptr [bp - 2]
1844: 8b4608               mov ax, word ptr [bp + 8]
1847: 894702               mov word ptr [bx + 2], ax
184a: 8b4606               mov ax, word ptr [bp + 6]
184d: 894704               mov word ptr [bx + 4], ax
1850: 8b4604               mov ax, word ptr [bp + 4]
1853: 894706               mov word ptr [bx + 6], ax
1856: c7070100             mov word ptr [bx], 1
FONT.OVL 0x02a2-0x02f9
02a2: 55                   push bp
02a3: 8bec                 mov bp, sp
02a5: 83ec02               sub sp, 2
02a8: 56                   push si
02a9: 8b7604               mov si, word ptr [bp + 4]
02ac: b105                 mov cl, 5
02ae: d3e6                 shl si, cl
02b0: 8b5e06               mov bx, word ptr [bp + 6]
02b3: 8a800866             mov al, byte ptr [bx + si + 0x6608]
02b7: 8846fe               mov byte ptr [bp - 2], al
02ba: 0ac0                 or al, al
02bc: 7410                 je 0x2ce
02be: 8ad8                 mov bl, al
02c0: 2aff                 sub bh, bh
02c2: 8a871eb1             mov al, byte ptr [bx - 0x4ee2]
02c6: 2ae4                 sub ah, ah
02c8: 50                   push ax
02c9: ff7606               push word ptr [bp + 6]
02cc: eb1c                 jmp 0x2ea
02ce: 8b7604               mov si, word ptr [bp + 4]
02d1: b105                 mov cl, 5
02d3: d3e6                 shl si, cl
02d5: 8b5e06               mov bx, word ptr [bp + 6]
02d8: 8a808866             mov al, byte ptr [bx + si + 0x6688]
02dc: 8846fe               mov byte ptr [bp - 2], al
02df: 3c16                 cmp al, 0x16
02e1: 7411                 je 0x2f4
02e3: 2ae4                 sub ah, ah
02e5: 80c401               add ah, 1
02e8: 50                   push ax
02e9: 53                   push bx
02ea: 8b4604               mov ax, word ptr [bp + 4]
02ed: 050700               add ax, 7
02f0: 50                   push ax
02f1: e80c2c               call 0x2f00
02f4: 5e                   pop si
02f5: 8be5                 mov sp, bp
02f7: 5d                   pop bp
